[0.486s] Invoking command in '/home/yanji/robot_screwing/src/mj_sim': CONDA_PROMPT_MODIFIER=(screwrobot) PYTHONPATH=/home/yanji/robot_screwing/build/mj_sim/prefix_override:/usr/lib/python3/dist-packages/colcon_core/task/python/colcon_distutils_commands:/home/yanji/robot_screwing/install/mj_sim/lib/python3.8/site-packages:${PYTHONPATH} /usr/bin/python3 -W ignore:setup.py install is deprecated -W ignore:easy_install command is deprecated setup.py egg_info --egg-base ../../build/mj_sim build --build-base /home/yanji/robot_screwing/build/mj_sim/build install --record /home/yanji/robot_screwing/build/mj_sim/install.log --install-scripts $base/lib/mj_sim --single-version-externally-managed install_data
[0.582s] running egg_info
[0.582s] writing ../../build/mj_sim/mj_sim.egg-info/PKG-INFO
[0.582s] writing dependency_links to ../../build/mj_sim/mj_sim.egg-info/dependency_links.txt
[0.582s] writing entry points to ../../build/mj_sim/mj_sim.egg-info/entry_points.txt
[0.582s] writing requirements to ../../build/mj_sim/mj_sim.egg-info/requires.txt
[0.582s] writing top-level names to ../../build/mj_sim/mj_sim.egg-info/top_level.txt
[0.598s] reading manifest file '../../build/mj_sim/mj_sim.egg-info/SOURCES.txt'
[0.599s] writing manifest file '../../build/mj_sim/mj_sim.egg-info/SOURCES.txt'
[0.599s] running build
[0.599s] running build_py
[0.599s] copying mj_sim/mpc_optimizer_withgp_pose.py -> /home/yanji/robot_screwing/build/mj_sim/build/lib/mj_sim
[0.599s] copying mj_sim/robot_sim_env_test.py -> /home/yanji/robot_screwing/build/mj_sim/build/lib/mj_sim
[0.599s] copying mj_sim/trajectory_planner.py -> /home/yanji/robot_screwing/build/mj_sim/build/lib/mj_sim
[0.599s] copying mj_sim/mpc_node_withgp_pose.py -> /home/yanji/robot_screwing/build/mj_sim/build/lib/mj_sim
[0.600s] running install
[0.600s] running install_lib
[0.600s] copying /home/yanji/robot_screwing/build/mj_sim/build/lib/mj_sim/mpc_optimizer_withgp_pose.py -> /home/yanji/robot_screwing/install/mj_sim/lib/python3.8/site-packages/mj_sim
[0.600s] copying /home/yanji/robot_screwing/build/mj_sim/build/lib/mj_sim/robot_sim_env_test.py -> /home/yanji/robot_screwing/install/mj_sim/lib/python3.8/site-packages/mj_sim
[0.600s] copying /home/yanji/robot_screwing/build/mj_sim/build/lib/mj_sim/trajectory_planner.py -> /home/yanji/robot_screwing/install/mj_sim/lib/python3.8/site-packages/mj_sim
[0.600s] copying /home/yanji/robot_screwing/build/mj_sim/build/lib/mj_sim/mpc_node_withgp_pose.py -> /home/yanji/robot_screwing/install/mj_sim/lib/python3.8/site-packages/mj_sim
[0.601s] byte-compiling /home/yanji/robot_screwing/install/mj_sim/lib/python3.8/site-packages/mj_sim/mpc_optimizer_withgp_pose.py to mpc_optimizer_withgp_pose.cpython-38.pyc
[0.602s] byte-compiling /home/yanji/robot_screwing/install/mj_sim/lib/python3.8/site-packages/mj_sim/robot_sim_env_test.py to robot_sim_env_test.cpython-38.pyc
[0.604s] byte-compiling /home/yanji/robot_screwing/install/mj_sim/lib/python3.8/site-packages/mj_sim/trajectory_planner.py to trajectory_planner.cpython-38.pyc
[0.605s] byte-compiling /home/yanji/robot_screwing/install/mj_sim/lib/python3.8/site-packages/mj_sim/mpc_node_withgp_pose.py to mpc_node_withgp_pose.cpython-38.pyc
[0.606s] running install_data
[0.606s] running install_egg_info
[0.607s] removing '/home/yanji/robot_screwing/install/mj_sim/lib/python3.8/site-packages/mj_sim-0.0.0-py3.8.egg-info' (and everything under it)
[0.607s] Copying ../../build/mj_sim/mj_sim.egg-info to /home/yanji/robot_screwing/install/mj_sim/lib/python3.8/site-packages/mj_sim-0.0.0-py3.8.egg-info
[0.607s] running install_scripts
[0.615s] Installing mpc_node script to /home/yanji/robot_screwing/install/mj_sim/lib/mj_sim
[0.615s] Installing robot_sim_env script to /home/yanji/robot_screwing/install/mj_sim/lib/mj_sim
[0.615s] writing list of installed files to '/home/yanji/robot_screwing/build/mj_sim/install.log'
[0.625s] Invoked command in '/home/yanji/robot_screwing/src/mj_sim' returned '0': CONDA_PROMPT_MODIFIER=(screwrobot) PYTHONPATH=/home/yanji/robot_screwing/build/mj_sim/prefix_override:/usr/lib/python3/dist-packages/colcon_core/task/python/colcon_distutils_commands:/home/yanji/robot_screwing/install/mj_sim/lib/python3.8/site-packages:${PYTHONPATH} /usr/bin/python3 -W ignore:setup.py install is deprecated -W ignore:easy_install command is deprecated setup.py egg_info --egg-base ../../build/mj_sim build --build-base /home/yanji/robot_screwing/build/mj_sim/build install --record /home/yanji/robot_screwing/build/mj_sim/install.log --install-scripts $base/lib/mj_sim --single-version-externally-managed install_data
