[ 25%] Built target SERVO_MOTOR
[ 50%] Built target SCREWING_TOOL
[35m[1mScanning dependencies of target right_arm_control[0m
[ 75%] Built target task_control_screw
[ 87%] [32mBuilding CXX object CMakeFiles/right_arm_control.dir/src/right_arm_control.cpp.o[0m
/home/yanji/robot_screwing/src/screw_robot_control/src/right_arm_control.cpp: In function ‘int main(int, char**)’:
/home/yanji/robot_screwing/src/screw_robot_control/src/right_arm_control.cpp:814:17: error: ‘cout’ was not declared in this scope; did you mean ‘std::cout’?
  814 |                 cout << " linear search time is "<< duration.count()<<" ms" << endl;
      |                 ^~~~
      |                 std::cout
In file included from /opt/ros/foxy/include/rclcpp/executor.hpp:22,
                 from /opt/ros/foxy/include/rclcpp/executors/multi_threaded_executor.hpp:26,
                 from /opt/ros/foxy/include/rclcpp/executors.hpp:21,
                 from /opt/ros/foxy/include/rclcpp/rclcpp.hpp:146,
                 from /home/yanji/robot_screwing/src/screw_robot_control/include/screw_robot_control/jaka/right_arm_control.hpp:11,
                 from /home/yanji/robot_screwing/src/screw_robot_control/src/right_arm_control.cpp:1:
/usr/include/c++/13/iostream:63:18: note: ‘std::cout’ declared here
   63 |   extern ostream cout;          ///< Linked to standard output
      |                  ^~~~
/home/yanji/robot_screwing/src/screw_robot_control/src/right_arm_control.cpp:814:80: error: ‘endl’ was not declared in this scope; did you mean ‘std::endl’?
  814 |                 cout << " linear search time is "<< duration.count()<<" ms" << endl;
      |                                                                                ^~~~
      |                                                                                std::endl
In file included from /usr/include/c++/13/istream:41,
                 from /usr/include/c++/13/sstream:40,
                 from /usr/include/c++/13/complex:45,
                 from /home/yanji/anaconda3/envs/screwrobot/include/eigen3/Eigen/Core:50,
                 from /home/yanji/anaconda3/envs/screwrobot/include/eigen3/Eigen/Dense:1,
                 from /home/yanji/robot_screwing/src/screw_robot_control/include/screw_robot_control/jaka/right_arm_control.hpp:5:
/usr/include/c++/13/ostream:735:5: note: ‘std::endl’ declared here
  735 |     endl(basic_ostream<_CharT, _Traits>& __os)
      |     ^~~~
make[2]: *** [CMakeFiles/right_arm_control.dir/build.make:63：CMakeFiles/right_arm_control.dir/src/right_arm_control.cpp.o] 错误 1
make[1]: *** [CMakeFiles/Makefile2:113：CMakeFiles/right_arm_control.dir/all] 错误 2
make: *** [Makefile:141：all] 错误 2
