[0.006s] Invoking command in '/home/yanji/robot_screwing/build/screw_robot_control': CMAKE_PREFIX_PATH=/home/yanji/robot_screwing/install/robot_msgs:/home/yanji/robot_screwing/install/screw_robot_control:/home/yanji/robot_screwing/install/real_robot:/home/yanji/robot_screwing/install/mj_sim:/opt/ros/foxy CONDA_PROMPT_MODIFIER=(screwrobot) LD_LIBRARY_PATH=/home/yanji/robot_screwing/install/robot_msgs/lib:/lib/x86_64-linux-gnu:/usr/lib/x86_64-linux-gnu:/home/yanji/robot_screwing/install/screw_robot_control/lib:/opt/ros/foxy/opt/yaml_cpp_vendor/lib:/opt/ros/foxy/opt/rviz_ogre_vendor/lib:/opt/ros/foxy/lib/x86_64-linux-gnu:/opt/ros/foxy/lib:/lib/x86_64-linux-gnu:/usr/lib/x86_64-linux-gnu:/usr/local/cuda/lib64:/usr/local/cuda/lib64 /usr/bin/cmake --build /home/yanji/robot_screwing/build/screw_robot_control -- -j24 -l24
[0.030s] [ 25%] Built target SERVO_MOTOR
[0.044s] [ 50%] Built target SCREWING_TOOL
[0.050s] [35m[1mScanning dependencies of target right_arm_control[0m
[0.058s] [ 75%] Built target task_control_screw
[0.072s] [ 87%] [32mBuilding CXX object CMakeFiles/right_arm_control.dir/src/right_arm_control.cpp.o[0m
[3.004s] /home/yanji/robot_screwing/src/screw_robot_control/src/right_arm_control.cpp: In function ‘int main(int, char**)’:
[3.004s] /home/yanji/robot_screwing/src/screw_robot_control/src/right_arm_control.cpp:814:17: error: ‘cout’ was not declared in this scope; did you mean ‘std::cout’?
[3.004s]   814 |                 cout << " linear search time is "<< duration.count()<<" ms" << endl;
[3.004s]       |                 ^~~~
[3.004s]       |                 std::cout
[3.004s] In file included from /opt/ros/foxy/include/rclcpp/executor.hpp:22,
[3.004s]                  from /opt/ros/foxy/include/rclcpp/executors/multi_threaded_executor.hpp:26,
[3.004s]                  from /opt/ros/foxy/include/rclcpp/executors.hpp:21,
[3.004s]                  from /opt/ros/foxy/include/rclcpp/rclcpp.hpp:146,
[3.004s]                  from /home/yanji/robot_screwing/src/screw_robot_control/include/screw_robot_control/jaka/right_arm_control.hpp:11,
[3.004s]                  from /home/yanji/robot_screwing/src/screw_robot_control/src/right_arm_control.cpp:1:
[3.004s] /usr/include/c++/13/iostream:63:18: note: ‘std::cout’ declared here
[3.004s]    63 |   extern ostream cout;          ///< Linked to standard output
[3.004s]       |                  ^~~~
[3.004s] /home/yanji/robot_screwing/src/screw_robot_control/src/right_arm_control.cpp:814:80: error: ‘endl’ was not declared in this scope; did you mean ‘std::endl’?
[3.004s]   814 |                 cout << " linear search time is "<< duration.count()<<" ms" << endl;
[3.004s]       |                                                                                ^~~~
[3.004s]       |                                                                                std::endl
[3.004s] In file included from /usr/include/c++/13/istream:41,
[3.004s]                  from /usr/include/c++/13/sstream:40,
[3.004s]                  from /usr/include/c++/13/complex:45,
[3.004s]                  from /home/yanji/anaconda3/envs/screwrobot/include/eigen3/Eigen/Core:50,
[3.005s]                  from /home/yanji/anaconda3/envs/screwrobot/include/eigen3/Eigen/Dense:1,
[3.005s]                  from /home/yanji/robot_screwing/src/screw_robot_control/include/screw_robot_control/jaka/right_arm_control.hpp:5:
[3.005s] /usr/include/c++/13/ostream:735:5: note: ‘std::endl’ declared here
[3.005s]   735 |     endl(basic_ostream<_CharT, _Traits>& __os)
[3.005s]       |     ^~~~
[3.005s] make[2]: *** [CMakeFiles/right_arm_control.dir/build.make:63：CMakeFiles/right_arm_control.dir/src/right_arm_control.cpp.o] 错误 1
[3.005s] make[1]: *** [CMakeFiles/Makefile2:113：CMakeFiles/right_arm_control.dir/all] 错误 2
[3.005s] make: *** [Makefile:141：all] 错误 2
[3.006s] Invoked command in '/home/yanji/robot_screwing/build/screw_robot_control' returned '2': CMAKE_PREFIX_PATH=/home/yanji/robot_screwing/install/robot_msgs:/home/yanji/robot_screwing/install/screw_robot_control:/home/yanji/robot_screwing/install/real_robot:/home/yanji/robot_screwing/install/mj_sim:/opt/ros/foxy CONDA_PROMPT_MODIFIER=(screwrobot) LD_LIBRARY_PATH=/home/yanji/robot_screwing/install/robot_msgs/lib:/lib/x86_64-linux-gnu:/usr/lib/x86_64-linux-gnu:/home/yanji/robot_screwing/install/screw_robot_control/lib:/opt/ros/foxy/opt/yaml_cpp_vendor/lib:/opt/ros/foxy/opt/rviz_ogre_vendor/lib:/opt/ros/foxy/lib/x86_64-linux-gnu:/opt/ros/foxy/lib:/lib/x86_64-linux-gnu:/usr/lib/x86_64-linux-gnu:/usr/local/cuda/lib64:/usr/local/cuda/lib64 /usr/bin/cmake --build /home/yanji/robot_screwing/build/screw_robot_control -- -j24 -l24
