[0.099s] DEBUG:colcon:Command line arguments: ['/usr/bin/colcon', 'build']
[0.099s] DEBUG:colcon:Parsed command line arguments: Namespace(allow_overriding=[], ament_cmake_args=None, base_paths=['.'], build_base='build', catkin_cmake_args=None, catkin_skip_building_tests=False, cmake_args=None, cmake_clean_cache=False, cmake_clean_first=False, cmake_force_configure=False, cmake_target=None, cmake_target_skip_unavailable=False, continue_on_error=False, event_handlers=None, executor='parallel', ignore_user_meta=False, install_base='install', log_base=None, log_level=None, main=<bound method BuildVerb.main of <colcon_core.verb.build.BuildVerb object at 0x7f7cd7c81e20>>, merge_install=False, metas=['./colcon.meta'], packages_above=None, packages_above_and_dependencies=None, packages_above_depth=None, packages_end=None, packages_ignore=None, packages_ignore_regex=None, packages_select=None, packages_select_build_failed=False, packages_select_by_dep=None, packages_select_regex=None, packages_select_test_failures=False, packages_skip=None, packages_skip_build_finished=False, packages_skip_by_dep=None, packages_skip_regex=None, packages_skip_test_passed=False, packages_skip_up_to=None, packages_start=None, packages_up_to=None, packages_up_to_regex=None, parallel_workers=24, paths=None, symlink_install=False, test_result_base=None, verb_extension=<colcon_core.verb.build.BuildVerb object at 0x7f7cd7c81e20>, verb_name='build', verb_parser=<colcon_defaults.argument_parser.defaults.DefaultArgumentsDecorator object at 0x7f7cd7b87820>)
[0.170s] Level 1:colcon.colcon_core.package_discovery:discover_packages(colcon_meta) check parameters
[0.170s] Level 1:colcon.colcon_core.package_discovery:discover_packages(recursive) check parameters
[0.170s] Level 1:colcon.colcon_core.package_discovery:discover_packages(ignore) check parameters
[0.170s] Level 1:colcon.colcon_core.package_discovery:discover_packages(path) check parameters
[0.170s] Level 1:colcon.colcon_core.package_discovery:discover_packages(colcon_meta) discover
[0.170s] Level 1:colcon.colcon_core.package_discovery:discover_packages(recursive) discover
[0.170s] INFO:colcon.colcon_core.package_discovery:Crawling recursively for packages in '/home/yanji/robot_screwing'
[0.170s] Level 1:colcon.colcon_core.package_identification:_identify(.) by extensions ['ignore', 'ignore_ament_install']
[0.170s] Level 1:colcon.colcon_core.package_identification:_identify(.) by extension 'ignore'
[0.170s] Level 1:colcon.colcon_core.package_identification:_identify(.) by extension 'ignore_ament_install'
[0.170s] Level 1:colcon.colcon_core.package_identification:_identify(.) by extensions ['colcon_pkg']
[0.170s] Level 1:colcon.colcon_core.package_identification:_identify(.) by extension 'colcon_pkg'
[0.170s] Level 1:colcon.colcon_core.package_identification:_identify(.) by extensions ['colcon_meta']
[0.170s] Level 1:colcon.colcon_core.package_identification:_identify(.) by extension 'colcon_meta'
[0.170s] Level 1:colcon.colcon_core.package_identification:_identify(.) by extensions ['ros']
[0.170s] Level 1:colcon.colcon_core.package_identification:_identify(.) by extension 'ros'
[0.184s] Level 1:colcon.colcon_core.package_identification:_identify(.) by extensions ['cmake', 'python']
[0.184s] Level 1:colcon.colcon_core.package_identification:_identify(.) by extension 'cmake'
[0.184s] Level 1:colcon.colcon_core.package_identification:_identify(.) by extension 'python'
[0.184s] Level 1:colcon.colcon_core.package_identification:_identify(.) by extensions ['python_setup_py']
[0.184s] Level 1:colcon.colcon_core.package_identification:_identify(.) by extension 'python_setup_py'
[0.185s] Level 1:colcon.colcon_core.package_identification:_identify(build) by extensions ['ignore', 'ignore_ament_install']
[0.185s] Level 1:colcon.colcon_core.package_identification:_identify(build) by extension 'ignore'
[0.185s] Level 1:colcon.colcon_core.package_identification:_identify(build) ignored
[0.185s] Level 1:colcon.colcon_core.package_identification:_identify(install) by extensions ['ignore', 'ignore_ament_install']
[0.185s] Level 1:colcon.colcon_core.package_identification:_identify(install) by extension 'ignore'
[0.185s] Level 1:colcon.colcon_core.package_identification:_identify(install) ignored
[0.185s] Level 1:colcon.colcon_core.package_identification:_identify(log) by extensions ['ignore', 'ignore_ament_install']
[0.185s] Level 1:colcon.colcon_core.package_identification:_identify(log) by extension 'ignore'
[0.185s] Level 1:colcon.colcon_core.package_identification:_identify(log) ignored
[0.185s] Level 1:colcon.colcon_core.package_identification:_identify(src) by extensions ['ignore', 'ignore_ament_install']
[0.185s] Level 1:colcon.colcon_core.package_identification:_identify(src) by extension 'ignore'
[0.185s] Level 1:colcon.colcon_core.package_identification:_identify(src) by extension 'ignore_ament_install'
[0.185s] Level 1:colcon.colcon_core.package_identification:_identify(src) by extensions ['colcon_pkg']
[0.185s] Level 1:colcon.colcon_core.package_identification:_identify(src) by extension 'colcon_pkg'
[0.185s] Level 1:colcon.colcon_core.package_identification:_identify(src) by extensions ['colcon_meta']
[0.185s] Level 1:colcon.colcon_core.package_identification:_identify(src) by extension 'colcon_meta'
[0.185s] Level 1:colcon.colcon_core.package_identification:_identify(src) by extensions ['ros']
[0.185s] Level 1:colcon.colcon_core.package_identification:_identify(src) by extension 'ros'
[0.185s] Level 1:colcon.colcon_core.package_identification:_identify(src) by extensions ['cmake', 'python']
[0.185s] Level 1:colcon.colcon_core.package_identification:_identify(src) by extension 'cmake'
[0.185s] Level 1:colcon.colcon_core.package_identification:_identify(src) by extension 'python'
[0.185s] Level 1:colcon.colcon_core.package_identification:_identify(src) by extensions ['python_setup_py']
[0.185s] Level 1:colcon.colcon_core.package_identification:_identify(src) by extension 'python_setup_py'
[0.185s] Level 1:colcon.colcon_core.package_identification:_identify(src/build) by extensions ['ignore', 'ignore_ament_install']
[0.185s] Level 1:colcon.colcon_core.package_identification:_identify(src/build) by extension 'ignore'
[0.185s] Level 1:colcon.colcon_core.package_identification:_identify(src/build) ignored
[0.185s] Level 1:colcon.colcon_core.package_identification:_identify(src/install) by extensions ['ignore', 'ignore_ament_install']
[0.185s] Level 1:colcon.colcon_core.package_identification:_identify(src/install) by extension 'ignore'
[0.185s] Level 1:colcon.colcon_core.package_identification:_identify(src/install) ignored
[0.185s] Level 1:colcon.colcon_core.package_identification:_identify(src/log) by extensions ['ignore', 'ignore_ament_install']
[0.185s] Level 1:colcon.colcon_core.package_identification:_identify(src/log) by extension 'ignore'
[0.186s] Level 1:colcon.colcon_core.package_identification:_identify(src/log) ignored
[0.186s] Level 1:colcon.colcon_core.package_identification:_identify(src/mj_sim) by extensions ['ignore', 'ignore_ament_install']
[0.186s] Level 1:colcon.colcon_core.package_identification:_identify(src/mj_sim) by extension 'ignore'
[0.186s] Level 1:colcon.colcon_core.package_identification:_identify(src/mj_sim) by extension 'ignore_ament_install'
[0.186s] Level 1:colcon.colcon_core.package_identification:_identify(src/mj_sim) by extensions ['colcon_pkg']
[0.186s] Level 1:colcon.colcon_core.package_identification:_identify(src/mj_sim) by extension 'colcon_pkg'
[0.186s] Level 1:colcon.colcon_core.package_identification:_identify(src/mj_sim) by extensions ['colcon_meta']
[0.186s] Level 1:colcon.colcon_core.package_identification:_identify(src/mj_sim) by extension 'colcon_meta'
[0.186s] Level 1:colcon.colcon_core.package_identification:_identify(src/mj_sim) by extensions ['ros']
[0.186s] Level 1:colcon.colcon_core.package_identification:_identify(src/mj_sim) by extension 'ros'
[0.187s] DEBUG:colcon.colcon_core.package_identification:Package 'src/mj_sim' with type 'ros.ament_python' and name 'mj_sim'
[0.187s] Level 1:colcon.colcon_core.package_identification:_identify(src/real_robot) by extensions ['ignore', 'ignore_ament_install']
[0.187s] Level 1:colcon.colcon_core.package_identification:_identify(src/real_robot) by extension 'ignore'
[0.187s] Level 1:colcon.colcon_core.package_identification:_identify(src/real_robot) by extension 'ignore_ament_install'
[0.187s] Level 1:colcon.colcon_core.package_identification:_identify(src/real_robot) by extensions ['colcon_pkg']
[0.187s] Level 1:colcon.colcon_core.package_identification:_identify(src/real_robot) by extension 'colcon_pkg'
[0.187s] Level 1:colcon.colcon_core.package_identification:_identify(src/real_robot) by extensions ['colcon_meta']
[0.187s] Level 1:colcon.colcon_core.package_identification:_identify(src/real_robot) by extension 'colcon_meta'
[0.187s] Level 1:colcon.colcon_core.package_identification:_identify(src/real_robot) by extensions ['ros']
[0.187s] Level 1:colcon.colcon_core.package_identification:_identify(src/real_robot) by extension 'ros'
[0.187s] DEBUG:colcon.colcon_core.package_identification:Package 'src/real_robot' with type 'ros.ament_python' and name 'real_robot'
[0.187s] Level 1:colcon.colcon_core.package_identification:_identify(src/robot_msgs) by extensions ['ignore', 'ignore_ament_install']
[0.188s] Level 1:colcon.colcon_core.package_identification:_identify(src/robot_msgs) by extension 'ignore'
[0.188s] Level 1:colcon.colcon_core.package_identification:_identify(src/robot_msgs) by extension 'ignore_ament_install'
[0.188s] Level 1:colcon.colcon_core.package_identification:_identify(src/robot_msgs) by extensions ['colcon_pkg']
[0.188s] Level 1:colcon.colcon_core.package_identification:_identify(src/robot_msgs) by extension 'colcon_pkg'
[0.188s] Level 1:colcon.colcon_core.package_identification:_identify(src/robot_msgs) by extensions ['colcon_meta']
[0.188s] Level 1:colcon.colcon_core.package_identification:_identify(src/robot_msgs) by extension 'colcon_meta'
[0.188s] Level 1:colcon.colcon_core.package_identification:_identify(src/robot_msgs) by extensions ['ros']
[0.188s] Level 1:colcon.colcon_core.package_identification:_identify(src/robot_msgs) by extension 'ros'
[0.188s] DEBUG:colcon.colcon_core.package_identification:Package 'src/robot_msgs' with type 'ros.ament_cmake' and name 'robot_msgs'
[0.188s] Level 1:colcon.colcon_core.package_identification:_identify(src/screw_robot_control) by extensions ['ignore', 'ignore_ament_install']
[0.188s] Level 1:colcon.colcon_core.package_identification:_identify(src/screw_robot_control) by extension 'ignore'
[0.188s] Level 1:colcon.colcon_core.package_identification:_identify(src/screw_robot_control) by extension 'ignore_ament_install'
[0.188s] Level 1:colcon.colcon_core.package_identification:_identify(src/screw_robot_control) by extensions ['colcon_pkg']
[0.188s] Level 1:colcon.colcon_core.package_identification:_identify(src/screw_robot_control) by extension 'colcon_pkg'
[0.188s] Level 1:colcon.colcon_core.package_identification:_identify(src/screw_robot_control) by extensions ['colcon_meta']
[0.188s] Level 1:colcon.colcon_core.package_identification:_identify(src/screw_robot_control) by extension 'colcon_meta'
[0.188s] Level 1:colcon.colcon_core.package_identification:_identify(src/screw_robot_control) by extensions ['ros']
[0.188s] Level 1:colcon.colcon_core.package_identification:_identify(src/screw_robot_control) by extension 'ros'
[0.189s] DEBUG:colcon.colcon_core.package_identification:Package 'src/screw_robot_control' with type 'ros.ament_cmake' and name 'screw_robot_control'
[0.189s] Level 1:colcon.colcon_core.package_discovery:discover_packages(recursive) using defaults
[0.189s] Level 1:colcon.colcon_core.package_discovery:discover_packages(ignore) discover
[0.189s] Level 1:colcon.colcon_core.package_discovery:discover_packages(ignore) using defaults
[0.189s] Level 1:colcon.colcon_core.package_discovery:discover_packages(path) discover
[0.189s] Level 1:colcon.colcon_core.package_discovery:discover_packages(path) using defaults
[0.197s] Level 1:colcon.colcon_core.package_discovery:discover_packages(prefix_path) check parameters
[0.197s] Level 1:colcon.colcon_core.package_discovery:discover_packages(prefix_path) discover
[0.197s] DEBUG:colcon.colcon_installed_package_information.package_discovery:Found 4 installed packages in /home/yanji/robot_screwing/install
[0.198s] DEBUG:colcon.colcon_installed_package_information.package_discovery:Found 260 installed packages in /opt/ros/foxy
[0.198s] Level 1:colcon.colcon_core.package_discovery:discover_packages(prefix_path) using defaults
[0.221s] Level 5:colcon.colcon_core.verb:set package 'mj_sim' build argument 'cmake_args' from command line to 'None'
[0.221s] Level 5:colcon.colcon_core.verb:set package 'mj_sim' build argument 'cmake_target' from command line to 'None'
[0.222s] Level 5:colcon.colcon_core.verb:set package 'mj_sim' build argument 'cmake_target_skip_unavailable' from command line to 'False'
[0.222s] Level 5:colcon.colcon_core.verb:set package 'mj_sim' build argument 'cmake_clean_cache' from command line to 'False'
[0.222s] Level 5:colcon.colcon_core.verb:set package 'mj_sim' build argument 'cmake_clean_first' from command line to 'False'
[0.222s] Level 5:colcon.colcon_core.verb:set package 'mj_sim' build argument 'cmake_force_configure' from command line to 'False'
[0.222s] Level 5:colcon.colcon_core.verb:set package 'mj_sim' build argument 'ament_cmake_args' from command line to 'None'
[0.222s] Level 5:colcon.colcon_core.verb:set package 'mj_sim' build argument 'catkin_cmake_args' from command line to 'None'
[0.222s] Level 5:colcon.colcon_core.verb:set package 'mj_sim' build argument 'catkin_skip_building_tests' from command line to 'False'
[0.222s] DEBUG:colcon.colcon_core.verb:Building package 'mj_sim' with the following arguments: {'ament_cmake_args': None, 'build_base': '/home/yanji/robot_screwing/build/mj_sim', 'catkin_cmake_args': None, 'catkin_skip_building_tests': False, 'cmake_args': None, 'cmake_clean_cache': False, 'cmake_clean_first': False, 'cmake_force_configure': False, 'cmake_target': None, 'cmake_target_skip_unavailable': False, 'install_base': '/home/yanji/robot_screwing/install/mj_sim', 'merge_install': False, 'path': '/home/yanji/robot_screwing/src/mj_sim', 'symlink_install': False, 'test_result_base': None}
[0.222s] Level 5:colcon.colcon_core.verb:set package 'real_robot' build argument 'cmake_args' from command line to 'None'
[0.222s] Level 5:colcon.colcon_core.verb:set package 'real_robot' build argument 'cmake_target' from command line to 'None'
[0.222s] Level 5:colcon.colcon_core.verb:set package 'real_robot' build argument 'cmake_target_skip_unavailable' from command line to 'False'
[0.222s] Level 5:colcon.colcon_core.verb:set package 'real_robot' build argument 'cmake_clean_cache' from command line to 'False'
[0.222s] Level 5:colcon.colcon_core.verb:set package 'real_robot' build argument 'cmake_clean_first' from command line to 'False'
[0.222s] Level 5:colcon.colcon_core.verb:set package 'real_robot' build argument 'cmake_force_configure' from command line to 'False'
[0.222s] Level 5:colcon.colcon_core.verb:set package 'real_robot' build argument 'ament_cmake_args' from command line to 'None'
[0.222s] Level 5:colcon.colcon_core.verb:set package 'real_robot' build argument 'catkin_cmake_args' from command line to 'None'
[0.222s] Level 5:colcon.colcon_core.verb:set package 'real_robot' build argument 'catkin_skip_building_tests' from command line to 'False'
[0.222s] DEBUG:colcon.colcon_core.verb:Building package 'real_robot' with the following arguments: {'ament_cmake_args': None, 'build_base': '/home/yanji/robot_screwing/build/real_robot', 'catkin_cmake_args': None, 'catkin_skip_building_tests': False, 'cmake_args': None, 'cmake_clean_cache': False, 'cmake_clean_first': False, 'cmake_force_configure': False, 'cmake_target': None, 'cmake_target_skip_unavailable': False, 'install_base': '/home/yanji/robot_screwing/install/real_robot', 'merge_install': False, 'path': '/home/yanji/robot_screwing/src/real_robot', 'symlink_install': False, 'test_result_base': None}
[0.222s] Level 5:colcon.colcon_core.verb:set package 'robot_msgs' build argument 'cmake_args' from command line to 'None'
[0.222s] Level 5:colcon.colcon_core.verb:set package 'robot_msgs' build argument 'cmake_target' from command line to 'None'
[0.222s] Level 5:colcon.colcon_core.verb:set package 'robot_msgs' build argument 'cmake_target_skip_unavailable' from command line to 'False'
[0.222s] Level 5:colcon.colcon_core.verb:set package 'robot_msgs' build argument 'cmake_clean_cache' from command line to 'False'
[0.222s] Level 5:colcon.colcon_core.verb:set package 'robot_msgs' build argument 'cmake_clean_first' from command line to 'False'
[0.222s] Level 5:colcon.colcon_core.verb:set package 'robot_msgs' build argument 'cmake_force_configure' from command line to 'False'
[0.222s] Level 5:colcon.colcon_core.verb:set package 'robot_msgs' build argument 'ament_cmake_args' from command line to 'None'
[0.222s] Level 5:colcon.colcon_core.verb:set package 'robot_msgs' build argument 'catkin_cmake_args' from command line to 'None'
[0.222s] Level 5:colcon.colcon_core.verb:set package 'robot_msgs' build argument 'catkin_skip_building_tests' from command line to 'False'
[0.222s] DEBUG:colcon.colcon_core.verb:Building package 'robot_msgs' with the following arguments: {'ament_cmake_args': None, 'build_base': '/home/yanji/robot_screwing/build/robot_msgs', 'catkin_cmake_args': None, 'catkin_skip_building_tests': False, 'cmake_args': None, 'cmake_clean_cache': False, 'cmake_clean_first': False, 'cmake_force_configure': False, 'cmake_target': None, 'cmake_target_skip_unavailable': False, 'install_base': '/home/yanji/robot_screwing/install/robot_msgs', 'merge_install': False, 'path': '/home/yanji/robot_screwing/src/robot_msgs', 'symlink_install': False, 'test_result_base': None}
[0.222s] Level 5:colcon.colcon_core.verb:set package 'screw_robot_control' build argument 'cmake_args' from command line to 'None'
[0.222s] Level 5:colcon.colcon_core.verb:set package 'screw_robot_control' build argument 'cmake_target' from command line to 'None'
[0.222s] Level 5:colcon.colcon_core.verb:set package 'screw_robot_control' build argument 'cmake_target_skip_unavailable' from command line to 'False'
[0.222s] Level 5:colcon.colcon_core.verb:set package 'screw_robot_control' build argument 'cmake_clean_cache' from command line to 'False'
[0.222s] Level 5:colcon.colcon_core.verb:set package 'screw_robot_control' build argument 'cmake_clean_first' from command line to 'False'
[0.222s] Level 5:colcon.colcon_core.verb:set package 'screw_robot_control' build argument 'cmake_force_configure' from command line to 'False'
[0.222s] Level 5:colcon.colcon_core.verb:set package 'screw_robot_control' build argument 'ament_cmake_args' from command line to 'None'
[0.222s] Level 5:colcon.colcon_core.verb:set package 'screw_robot_control' build argument 'catkin_cmake_args' from command line to 'None'
[0.222s] Level 5:colcon.colcon_core.verb:set package 'screw_robot_control' build argument 'catkin_skip_building_tests' from command line to 'False'
[0.222s] DEBUG:colcon.colcon_core.verb:Building package 'screw_robot_control' with the following arguments: {'ament_cmake_args': None, 'build_base': '/home/yanji/robot_screwing/build/screw_robot_control', 'catkin_cmake_args': None, 'catkin_skip_building_tests': False, 'cmake_args': None, 'cmake_clean_cache': False, 'cmake_clean_first': False, 'cmake_force_configure': False, 'cmake_target': None, 'cmake_target_skip_unavailable': False, 'install_base': '/home/yanji/robot_screwing/install/screw_robot_control', 'merge_install': False, 'path': '/home/yanji/robot_screwing/src/screw_robot_control', 'symlink_install': False, 'test_result_base': None}
[0.222s] INFO:colcon.colcon_core.executor:Executing jobs using 'parallel' executor
[0.223s] DEBUG:colcon.colcon_parallel_executor.executor.parallel:run_until_complete
[0.223s] INFO:colcon.colcon_ros.task.ament_cmake.build:Building ROS package in '/home/yanji/robot_screwing/src/robot_msgs' with build type 'ament_cmake'
[0.223s] INFO:colcon.colcon_cmake.task.cmake.build:Building CMake package in '/home/yanji/robot_screwing/src/robot_msgs'
[0.224s] INFO:colcon.colcon_core.plugin_system:Skipping extension 'colcon_core.shell.bat': Not used on non-Windows systems
[0.224s] INFO:colcon.colcon_core.shell:Skip shell extension 'powershell' for command environment: Not usable outside of PowerShell
[0.224s] DEBUG:colcon.colcon_core.shell:Skip shell extension 'dsv' for command environment
[0.226s] INFO:colcon.colcon_ros.task.ament_python.build:Building ROS package in '/home/yanji/robot_screwing/src/mj_sim' with build type 'ament_python'
[0.226s] Level 1:colcon.colcon_core.shell:create_environment_hook('mj_sim', 'ament_prefix_path')
[0.227s] INFO:colcon.colcon_core.shell:Creating environment hook '/home/yanji/robot_screwing/install/mj_sim/share/mj_sim/hook/ament_prefix_path.ps1'
[0.227s] INFO:colcon.colcon_core.shell:Creating environment descriptor '/home/yanji/robot_screwing/install/mj_sim/share/mj_sim/hook/ament_prefix_path.dsv'
[0.227s] INFO:colcon.colcon_core.shell:Creating environment hook '/home/yanji/robot_screwing/install/mj_sim/share/mj_sim/hook/ament_prefix_path.sh'
[0.227s] INFO:colcon.colcon_core.shell:Skip shell extension 'powershell' for command environment: Not usable outside of PowerShell
[0.227s] DEBUG:colcon.colcon_core.shell:Skip shell extension 'dsv' for command environment
[0.229s] INFO:colcon.colcon_ros.task.ament_python.build:Building ROS package in '/home/yanji/robot_screwing/src/real_robot' with build type 'ament_python'
[0.229s] Level 1:colcon.colcon_core.shell:create_environment_hook('real_robot', 'ament_prefix_path')
[0.229s] INFO:colcon.colcon_core.shell:Creating environment hook '/home/yanji/robot_screwing/install/real_robot/share/real_robot/hook/ament_prefix_path.ps1'
[0.230s] INFO:colcon.colcon_core.shell:Creating environment descriptor '/home/yanji/robot_screwing/install/real_robot/share/real_robot/hook/ament_prefix_path.dsv'
[0.230s] INFO:colcon.colcon_core.shell:Creating environment hook '/home/yanji/robot_screwing/install/real_robot/share/real_robot/hook/ament_prefix_path.sh'
[0.230s] INFO:colcon.colcon_core.shell:Skip shell extension 'powershell' for command environment: Not usable outside of PowerShell
[0.230s] DEBUG:colcon.colcon_core.shell:Skip shell extension 'dsv' for command environment
[0.234s] DEBUG:colcon.colcon_core.event_handler.log_command:Invoking command in '/home/yanji/robot_screwing/build/robot_msgs': CMAKE_PREFIX_PATH=${CMAKE_PREFIX_PATH}:/home/yanji/robot_screwing/install/real_robot:/home/yanji/robot_screwing/install/mj_sim:/opt/ros/foxy CONDA_PROMPT_MODIFIER=(screwrobot) /usr/bin/cmake --build /home/yanji/robot_screwing/build/robot_msgs -- -j24 -l24
[0.347s] INFO:colcon.colcon_core.task.python.build:Building Python package in '/home/yanji/robot_screwing/src/mj_sim'
[0.348s] INFO:colcon.colcon_core.shell:Skip shell extension 'powershell' for command environment: Not usable outside of PowerShell
[0.348s] DEBUG:colcon.colcon_core.shell:Skip shell extension 'dsv' for command environment
[0.458s] INFO:colcon.colcon_core.task.python.build:Building Python package in '/home/yanji/robot_screwing/src/real_robot'
[0.458s] INFO:colcon.colcon_core.shell:Skip shell extension 'powershell' for command environment: Not usable outside of PowerShell
[0.458s] DEBUG:colcon.colcon_core.shell:Skip shell extension 'dsv' for command environment
[0.463s] DEBUG:colcon.colcon_core.event_handler.log_command:Invoked command in '/home/yanji/robot_screwing/build/robot_msgs' returned '0': CMAKE_PREFIX_PATH=${CMAKE_PREFIX_PATH}:/home/yanji/robot_screwing/install/real_robot:/home/yanji/robot_screwing/install/mj_sim:/opt/ros/foxy CONDA_PROMPT_MODIFIER=(screwrobot) /usr/bin/cmake --build /home/yanji/robot_screwing/build/robot_msgs -- -j24 -l24
[0.469s] DEBUG:colcon.colcon_core.event_handler.log_command:Invoking command in '/home/yanji/robot_screwing/build/robot_msgs': CMAKE_PREFIX_PATH=${CMAKE_PREFIX_PATH}:/home/yanji/robot_screwing/install/real_robot:/home/yanji/robot_screwing/install/mj_sim:/opt/ros/foxy CONDA_PROMPT_MODIFIER=(screwrobot) /usr/bin/cmake --install /home/yanji/robot_screwing/build/robot_msgs
[0.496s] Level 1:colcon.colcon_core.environment:create_environment_scripts_only(robot_msgs)
[0.496s] DEBUG:colcon.colcon_core.event_handler.log_command:Invoked command in '/home/yanji/robot_screwing/build/robot_msgs' returned '0': CMAKE_PREFIX_PATH=${CMAKE_PREFIX_PATH}:/home/yanji/robot_screwing/install/real_robot:/home/yanji/robot_screwing/install/mj_sim:/opt/ros/foxy CONDA_PROMPT_MODIFIER=(screwrobot) /usr/bin/cmake --install /home/yanji/robot_screwing/build/robot_msgs
[0.498s] Level 1:colcon.colcon_core.environment:checking '/home/yanji/robot_screwing/install/robot_msgs' for CMake module files
[0.498s] Level 1:colcon.colcon_core.environment:checking '/home/yanji/robot_screwing/install/robot_msgs' for CMake config files
[0.499s] Level 1:colcon.colcon_core.shell:create_environment_hook('robot_msgs', 'cmake_prefix_path')
[0.499s] INFO:colcon.colcon_core.shell:Creating environment hook '/home/yanji/robot_screwing/install/robot_msgs/share/robot_msgs/hook/cmake_prefix_path.ps1'
[0.500s] INFO:colcon.colcon_core.shell:Creating environment descriptor '/home/yanji/robot_screwing/install/robot_msgs/share/robot_msgs/hook/cmake_prefix_path.dsv'
[0.500s] INFO:colcon.colcon_core.shell:Creating environment hook '/home/yanji/robot_screwing/install/robot_msgs/share/robot_msgs/hook/cmake_prefix_path.sh'
[0.500s] Level 1:colcon.colcon_core.environment:checking '/home/yanji/robot_screwing/install/robot_msgs/lib'
[0.500s] Level 1:colcon.colcon_core.shell:create_environment_hook('robot_msgs', 'ld_library_path_lib')
[0.500s] INFO:colcon.colcon_core.shell:Creating environment hook '/home/yanji/robot_screwing/install/robot_msgs/share/robot_msgs/hook/ld_library_path_lib.ps1'
[0.501s] INFO:colcon.colcon_core.shell:Creating environment descriptor '/home/yanji/robot_screwing/install/robot_msgs/share/robot_msgs/hook/ld_library_path_lib.dsv'
[0.501s] INFO:colcon.colcon_core.shell:Creating environment hook '/home/yanji/robot_screwing/install/robot_msgs/share/robot_msgs/hook/ld_library_path_lib.sh'
[0.501s] Level 1:colcon.colcon_core.environment:checking '/home/yanji/robot_screwing/install/robot_msgs/bin'
[0.501s] Level 1:colcon.colcon_core.environment:checking '/home/yanji/robot_screwing/install/robot_msgs/lib/pkgconfig/robot_msgs.pc'
[0.501s] Level 1:colcon.colcon_core.environment:checking '/home/yanji/robot_screwing/install/robot_msgs/lib/python3.8/site-packages'
[0.501s] Level 1:colcon.colcon_core.shell:create_environment_hook('robot_msgs', 'pythonpath')
[0.501s] INFO:colcon.colcon_core.shell:Creating environment hook '/home/yanji/robot_screwing/install/robot_msgs/share/robot_msgs/hook/pythonpath.ps1'
[0.501s] INFO:colcon.colcon_core.shell:Creating environment descriptor '/home/yanji/robot_screwing/install/robot_msgs/share/robot_msgs/hook/pythonpath.dsv'
[0.501s] INFO:colcon.colcon_core.shell:Creating environment hook '/home/yanji/robot_screwing/install/robot_msgs/share/robot_msgs/hook/pythonpath.sh'
[0.502s] Level 1:colcon.colcon_core.environment:checking '/home/yanji/robot_screwing/install/robot_msgs/bin'
[0.502s] INFO:colcon.colcon_core.shell:Creating package script '/home/yanji/robot_screwing/install/robot_msgs/share/robot_msgs/package.ps1'
[0.502s] INFO:colcon.colcon_core.shell:Creating package descriptor '/home/yanji/robot_screwing/install/robot_msgs/share/robot_msgs/package.dsv'
[0.502s] INFO:colcon.colcon_core.shell:Creating package script '/home/yanji/robot_screwing/install/robot_msgs/share/robot_msgs/package.sh'
[0.503s] INFO:colcon.colcon_core.shell:Creating package script '/home/yanji/robot_screwing/install/robot_msgs/share/robot_msgs/package.bash'
[0.503s] INFO:colcon.colcon_core.shell:Creating package script '/home/yanji/robot_screwing/install/robot_msgs/share/robot_msgs/package.zsh'
[0.503s] Level 1:colcon.colcon_core.environment:create_file_with_runtime_dependencies(/home/yanji/robot_screwing/install/robot_msgs/share/colcon-core/packages/robot_msgs)
[0.503s] Level 1:colcon.colcon_core.environment:create_environment_scripts_only(robot_msgs)
[0.504s] Level 1:colcon.colcon_core.environment:checking '/home/yanji/robot_screwing/install/robot_msgs' for CMake module files
[0.504s] Level 1:colcon.colcon_core.environment:checking '/home/yanji/robot_screwing/install/robot_msgs' for CMake config files
[0.504s] Level 1:colcon.colcon_core.shell:create_environment_hook('robot_msgs', 'cmake_prefix_path')
[0.504s] INFO:colcon.colcon_core.shell:Creating environment hook '/home/yanji/robot_screwing/install/robot_msgs/share/robot_msgs/hook/cmake_prefix_path.ps1'
[0.504s] INFO:colcon.colcon_core.shell:Creating environment descriptor '/home/yanji/robot_screwing/install/robot_msgs/share/robot_msgs/hook/cmake_prefix_path.dsv'
[0.504s] INFO:colcon.colcon_core.shell:Creating environment hook '/home/yanji/robot_screwing/install/robot_msgs/share/robot_msgs/hook/cmake_prefix_path.sh'
[0.505s] Level 1:colcon.colcon_core.environment:checking '/home/yanji/robot_screwing/install/robot_msgs/lib'
[0.505s] Level 1:colcon.colcon_core.shell:create_environment_hook('robot_msgs', 'ld_library_path_lib')
[0.505s] INFO:colcon.colcon_core.shell:Creating environment hook '/home/yanji/robot_screwing/install/robot_msgs/share/robot_msgs/hook/ld_library_path_lib.ps1'
[0.505s] INFO:colcon.colcon_core.shell:Creating environment descriptor '/home/yanji/robot_screwing/install/robot_msgs/share/robot_msgs/hook/ld_library_path_lib.dsv'
[0.505s] INFO:colcon.colcon_core.shell:Creating environment hook '/home/yanji/robot_screwing/install/robot_msgs/share/robot_msgs/hook/ld_library_path_lib.sh'
[0.505s] Level 1:colcon.colcon_core.environment:checking '/home/yanji/robot_screwing/install/robot_msgs/bin'
[0.505s] Level 1:colcon.colcon_core.environment:checking '/home/yanji/robot_screwing/install/robot_msgs/lib/pkgconfig/robot_msgs.pc'
[0.505s] Level 1:colcon.colcon_core.environment:checking '/home/yanji/robot_screwing/install/robot_msgs/lib/python3.8/site-packages'
[0.505s] Level 1:colcon.colcon_core.shell:create_environment_hook('robot_msgs', 'pythonpath')
[0.505s] INFO:colcon.colcon_core.shell:Creating environment hook '/home/yanji/robot_screwing/install/robot_msgs/share/robot_msgs/hook/pythonpath.ps1'
[0.505s] INFO:colcon.colcon_core.shell:Creating environment descriptor '/home/yanji/robot_screwing/install/robot_msgs/share/robot_msgs/hook/pythonpath.dsv'
[0.506s] INFO:colcon.colcon_core.shell:Creating environment hook '/home/yanji/robot_screwing/install/robot_msgs/share/robot_msgs/hook/pythonpath.sh'
[0.506s] Level 1:colcon.colcon_core.environment:checking '/home/yanji/robot_screwing/install/robot_msgs/bin'
[0.506s] INFO:colcon.colcon_core.shell:Creating package script '/home/yanji/robot_screwing/install/robot_msgs/share/robot_msgs/package.ps1'
[0.506s] INFO:colcon.colcon_core.shell:Creating package descriptor '/home/yanji/robot_screwing/install/robot_msgs/share/robot_msgs/package.dsv'
[0.506s] INFO:colcon.colcon_core.shell:Creating package script '/home/yanji/robot_screwing/install/robot_msgs/share/robot_msgs/package.sh'
[0.507s] INFO:colcon.colcon_core.shell:Creating package script '/home/yanji/robot_screwing/install/robot_msgs/share/robot_msgs/package.bash'
[0.507s] INFO:colcon.colcon_core.shell:Creating package script '/home/yanji/robot_screwing/install/robot_msgs/share/robot_msgs/package.zsh'
[0.507s] Level 1:colcon.colcon_core.environment:create_file_with_runtime_dependencies(/home/yanji/robot_screwing/install/robot_msgs/share/colcon-core/packages/robot_msgs)
[0.507s] INFO:colcon.colcon_ros.task.ament_cmake.build:Building ROS package in '/home/yanji/robot_screwing/src/screw_robot_control' with build type 'ament_cmake'
[0.507s] INFO:colcon.colcon_cmake.task.cmake.build:Building CMake package in '/home/yanji/robot_screwing/src/screw_robot_control'
[0.507s] INFO:colcon.colcon_core.shell:Skip shell extension 'powershell' for command environment: Not usable outside of PowerShell
[0.507s] DEBUG:colcon.colcon_core.shell:Skip shell extension 'dsv' for command environment
[0.513s] DEBUG:colcon.colcon_core.event_handler.log_command:Invoking command in '/home/yanji/robot_screwing/build/screw_robot_control': CMAKE_PREFIX_PATH=/home/yanji/robot_screwing/install/robot_msgs:/home/yanji/robot_screwing/install/screw_robot_control:/home/yanji/robot_screwing/install/real_robot:/home/yanji/robot_screwing/install/mj_sim:/opt/ros/foxy CONDA_PROMPT_MODIFIER=(screwrobot) LD_LIBRARY_PATH=/home/yanji/robot_screwing/install/robot_msgs/lib:/lib/x86_64-linux-gnu:/usr/lib/x86_64-linux-gnu:/home/yanji/robot_screwing/install/screw_robot_control/lib:/opt/ros/foxy/opt/yaml_cpp_vendor/lib:/opt/ros/foxy/opt/rviz_ogre_vendor/lib:/opt/ros/foxy/lib/x86_64-linux-gnu:/opt/ros/foxy/lib:/lib/x86_64-linux-gnu:/usr/lib/x86_64-linux-gnu:/usr/local/cuda/lib64:/usr/local/cuda/lib64 /usr/bin/cmake --build /home/yanji/robot_screwing/build/screw_robot_control -- -j24 -l24
[0.667s] DEBUG:colcon.colcon_core.event_handler.log_command:Invoking command in '/home/yanji/robot_screwing/src/mj_sim': CONDA_PROMPT_MODIFIER=(screwrobot) PYTHONPATH=/home/yanji/robot_screwing/build/mj_sim/prefix_override:/usr/lib/python3/dist-packages/colcon_core/task/python/colcon_distutils_commands:/home/yanji/robot_screwing/install/mj_sim/lib/python3.8/site-packages:${PYTHONPATH} /usr/bin/python3 -W ignore:setup.py install is deprecated -W ignore:easy_install command is deprecated setup.py egg_info --egg-base ../../build/mj_sim build --build-base /home/yanji/robot_screwing/build/mj_sim/build install --record /home/yanji/robot_screwing/build/mj_sim/install.log --install-scripts $base/lib/mj_sim --single-version-externally-managed install_data
[0.669s] DEBUG:colcon.colcon_core.event_handler.log_command:Invoking command in '/home/yanji/robot_screwing/src/real_robot': CONDA_PROMPT_MODIFIER=(screwrobot) PYTHONPATH=/home/yanji/robot_screwing/build/real_robot/prefix_override:/usr/lib/python3/dist-packages/colcon_core/task/python/colcon_distutils_commands:/home/yanji/robot_screwing/install/real_robot/lib/python3.8/site-packages:${PYTHONPATH} /usr/bin/python3 -W ignore:setup.py install is deprecated -W ignore:easy_install command is deprecated setup.py egg_info --egg-base ../../build/real_robot build --build-base /home/yanji/robot_screwing/build/real_robot/build install --record /home/yanji/robot_screwing/build/real_robot/install.log --install-scripts $base/lib/real_robot --single-version-externally-managed install_data
[0.801s] Level 1:colcon.colcon_core.environment:checking '/home/yanji/robot_screwing/install/real_robot' for CMake module files
[0.801s] DEBUG:colcon.colcon_core.event_handler.log_command:Invoked command in '/home/yanji/robot_screwing/src/real_robot' returned '0': CONDA_PROMPT_MODIFIER=(screwrobot) PYTHONPATH=/home/yanji/robot_screwing/build/real_robot/prefix_override:/usr/lib/python3/dist-packages/colcon_core/task/python/colcon_distutils_commands:/home/yanji/robot_screwing/install/real_robot/lib/python3.8/site-packages:${PYTHONPATH} /usr/bin/python3 -W ignore:setup.py install is deprecated -W ignore:easy_install command is deprecated setup.py egg_info --egg-base ../../build/real_robot build --build-base /home/yanji/robot_screwing/build/real_robot/build install --record /home/yanji/robot_screwing/build/real_robot/install.log --install-scripts $base/lib/real_robot --single-version-externally-managed install_data
[0.801s] Level 1:colcon.colcon_core.environment:checking '/home/yanji/robot_screwing/install/real_robot' for CMake config files
[0.802s] Level 1:colcon.colcon_core.environment:checking '/home/yanji/robot_screwing/install/real_robot/lib'
[0.802s] Level 1:colcon.colcon_core.environment:checking '/home/yanji/robot_screwing/install/real_robot/bin'
[0.802s] Level 1:colcon.colcon_core.environment:checking '/home/yanji/robot_screwing/install/real_robot/lib/pkgconfig/real_robot.pc'
[0.802s] Level 1:colcon.colcon_core.environment:checking '/home/yanji/robot_screwing/install/real_robot/lib/python3.8/site-packages'
[0.802s] Level 1:colcon.colcon_core.shell:create_environment_hook('real_robot', 'pythonpath')
[0.802s] INFO:colcon.colcon_core.shell:Creating environment hook '/home/yanji/robot_screwing/install/real_robot/share/real_robot/hook/pythonpath.ps1'
[0.802s] INFO:colcon.colcon_core.shell:Creating environment descriptor '/home/yanji/robot_screwing/install/real_robot/share/real_robot/hook/pythonpath.dsv'
[0.802s] INFO:colcon.colcon_core.shell:Creating environment hook '/home/yanji/robot_screwing/install/real_robot/share/real_robot/hook/pythonpath.sh'
[0.803s] Level 1:colcon.colcon_core.environment:checking '/home/yanji/robot_screwing/install/real_robot/bin'
[0.803s] Level 1:colcon.colcon_core.environment:create_environment_scripts_only(real_robot)
[0.803s] INFO:colcon.colcon_core.shell:Creating package script '/home/yanji/robot_screwing/install/real_robot/share/real_robot/package.ps1'
[0.803s] INFO:colcon.colcon_core.shell:Creating package descriptor '/home/yanji/robot_screwing/install/real_robot/share/real_robot/package.dsv'
[0.803s] INFO:colcon.colcon_core.shell:Creating package script '/home/yanji/robot_screwing/install/real_robot/share/real_robot/package.sh'
[0.803s] INFO:colcon.colcon_core.shell:Creating package script '/home/yanji/robot_screwing/install/real_robot/share/real_robot/package.bash'
[0.803s] INFO:colcon.colcon_core.shell:Creating package script '/home/yanji/robot_screwing/install/real_robot/share/real_robot/package.zsh'
[0.804s] Level 1:colcon.colcon_core.environment:create_file_with_runtime_dependencies(/home/yanji/robot_screwing/install/real_robot/share/colcon-core/packages/real_robot)
[0.804s] Level 1:colcon.colcon_core.environment:checking '/home/yanji/robot_screwing/install/mj_sim' for CMake module files
[0.804s] DEBUG:colcon.colcon_core.event_handler.log_command:Invoked command in '/home/yanji/robot_screwing/src/mj_sim' returned '0': CONDA_PROMPT_MODIFIER=(screwrobot) PYTHONPATH=/home/yanji/robot_screwing/build/mj_sim/prefix_override:/usr/lib/python3/dist-packages/colcon_core/task/python/colcon_distutils_commands:/home/yanji/robot_screwing/install/mj_sim/lib/python3.8/site-packages:${PYTHONPATH} /usr/bin/python3 -W ignore:setup.py install is deprecated -W ignore:easy_install command is deprecated setup.py egg_info --egg-base ../../build/mj_sim build --build-base /home/yanji/robot_screwing/build/mj_sim/build install --record /home/yanji/robot_screwing/build/mj_sim/install.log --install-scripts $base/lib/mj_sim --single-version-externally-managed install_data
[0.804s] Level 1:colcon.colcon_core.environment:checking '/home/yanji/robot_screwing/install/mj_sim' for CMake config files
[0.805s] Level 1:colcon.colcon_core.environment:checking '/home/yanji/robot_screwing/install/mj_sim/lib'
[0.805s] Level 1:colcon.colcon_core.environment:checking '/home/yanji/robot_screwing/install/mj_sim/bin'
[0.805s] Level 1:colcon.colcon_core.environment:checking '/home/yanji/robot_screwing/install/mj_sim/lib/pkgconfig/mj_sim.pc'
[0.805s] Level 1:colcon.colcon_core.environment:checking '/home/yanji/robot_screwing/install/mj_sim/lib/python3.8/site-packages'
[0.805s] Level 1:colcon.colcon_core.shell:create_environment_hook('mj_sim', 'pythonpath')
[0.805s] INFO:colcon.colcon_core.shell:Creating environment hook '/home/yanji/robot_screwing/install/mj_sim/share/mj_sim/hook/pythonpath.ps1'
[0.805s] INFO:colcon.colcon_core.shell:Creating environment descriptor '/home/yanji/robot_screwing/install/mj_sim/share/mj_sim/hook/pythonpath.dsv'
[0.805s] INFO:colcon.colcon_core.shell:Creating environment hook '/home/yanji/robot_screwing/install/mj_sim/share/mj_sim/hook/pythonpath.sh'
[0.805s] Level 1:colcon.colcon_core.environment:checking '/home/yanji/robot_screwing/install/mj_sim/bin'
[0.805s] Level 1:colcon.colcon_core.environment:create_environment_scripts_only(mj_sim)
[0.806s] INFO:colcon.colcon_core.shell:Creating package script '/home/yanji/robot_screwing/install/mj_sim/share/mj_sim/package.ps1'
[0.806s] INFO:colcon.colcon_core.shell:Creating package descriptor '/home/yanji/robot_screwing/install/mj_sim/share/mj_sim/package.dsv'
[0.806s] INFO:colcon.colcon_core.shell:Creating package script '/home/yanji/robot_screwing/install/mj_sim/share/mj_sim/package.sh'
[0.806s] INFO:colcon.colcon_core.shell:Creating package script '/home/yanji/robot_screwing/install/mj_sim/share/mj_sim/package.bash'
[0.806s] INFO:colcon.colcon_core.shell:Creating package script '/home/yanji/robot_screwing/install/mj_sim/share/mj_sim/package.zsh'
[0.806s] Level 1:colcon.colcon_core.environment:create_file_with_runtime_dependencies(/home/yanji/robot_screwing/install/mj_sim/share/colcon-core/packages/mj_sim)
[6.608s] DEBUG:colcon.colcon_core.event_handler.log_command:Invoked command in '/home/yanji/robot_screwing/build/screw_robot_control' returned '0': CMAKE_PREFIX_PATH=/home/yanji/robot_screwing/install/robot_msgs:/home/yanji/robot_screwing/install/screw_robot_control:/home/yanji/robot_screwing/install/real_robot:/home/yanji/robot_screwing/install/mj_sim:/opt/ros/foxy CONDA_PROMPT_MODIFIER=(screwrobot) LD_LIBRARY_PATH=/home/yanji/robot_screwing/install/robot_msgs/lib:/lib/x86_64-linux-gnu:/usr/lib/x86_64-linux-gnu:/home/yanji/robot_screwing/install/screw_robot_control/lib:/opt/ros/foxy/opt/yaml_cpp_vendor/lib:/opt/ros/foxy/opt/rviz_ogre_vendor/lib:/opt/ros/foxy/lib/x86_64-linux-gnu:/opt/ros/foxy/lib:/lib/x86_64-linux-gnu:/usr/lib/x86_64-linux-gnu:/usr/local/cuda/lib64:/usr/local/cuda/lib64 /usr/bin/cmake --build /home/yanji/robot_screwing/build/screw_robot_control -- -j24 -l24
[6.609s] DEBUG:colcon.colcon_core.event_handler.log_command:Invoking command in '/home/yanji/robot_screwing/build/screw_robot_control': CMAKE_PREFIX_PATH=/home/yanji/robot_screwing/install/robot_msgs:/home/yanji/robot_screwing/install/screw_robot_control:/home/yanji/robot_screwing/install/real_robot:/home/yanji/robot_screwing/install/mj_sim:/opt/ros/foxy CONDA_PROMPT_MODIFIER=(screwrobot) LD_LIBRARY_PATH=/home/yanji/robot_screwing/install/robot_msgs/lib:/lib/x86_64-linux-gnu:/usr/lib/x86_64-linux-gnu:/home/yanji/robot_screwing/install/screw_robot_control/lib:/opt/ros/foxy/opt/yaml_cpp_vendor/lib:/opt/ros/foxy/opt/rviz_ogre_vendor/lib:/opt/ros/foxy/lib/x86_64-linux-gnu:/opt/ros/foxy/lib:/lib/x86_64-linux-gnu:/usr/lib/x86_64-linux-gnu:/usr/local/cuda/lib64:/usr/local/cuda/lib64 /usr/bin/cmake --install /home/yanji/robot_screwing/build/screw_robot_control
[6.618s] Level 1:colcon.colcon_core.environment:create_environment_scripts_only(screw_robot_control)
[6.618s] Level 1:colcon.colcon_core.environment:checking '/home/yanji/robot_screwing/install/screw_robot_control' for CMake module files
[6.619s] DEBUG:colcon.colcon_core.event_handler.log_command:Invoked command in '/home/yanji/robot_screwing/build/screw_robot_control' returned '0': CMAKE_PREFIX_PATH=/home/yanji/robot_screwing/install/robot_msgs:/home/yanji/robot_screwing/install/screw_robot_control:/home/yanji/robot_screwing/install/real_robot:/home/yanji/robot_screwing/install/mj_sim:/opt/ros/foxy CONDA_PROMPT_MODIFIER=(screwrobot) LD_LIBRARY_PATH=/home/yanji/robot_screwing/install/robot_msgs/lib:/lib/x86_64-linux-gnu:/usr/lib/x86_64-linux-gnu:/home/yanji/robot_screwing/install/screw_robot_control/lib:/opt/ros/foxy/opt/yaml_cpp_vendor/lib:/opt/ros/foxy/opt/rviz_ogre_vendor/lib:/opt/ros/foxy/lib/x86_64-linux-gnu:/opt/ros/foxy/lib:/lib/x86_64-linux-gnu:/usr/lib/x86_64-linux-gnu:/usr/local/cuda/lib64:/usr/local/cuda/lib64 /usr/bin/cmake --install /home/yanji/robot_screwing/build/screw_robot_control
[6.619s] Level 1:colcon.colcon_core.environment:checking '/home/yanji/robot_screwing/install/screw_robot_control' for CMake config files
[6.619s] Level 1:colcon.colcon_core.shell:create_environment_hook('screw_robot_control', 'cmake_prefix_path')
[6.619s] INFO:colcon.colcon_core.shell:Creating environment hook '/home/yanji/robot_screwing/install/screw_robot_control/share/screw_robot_control/hook/cmake_prefix_path.ps1'
[6.619s] INFO:colcon.colcon_core.shell:Creating environment descriptor '/home/yanji/robot_screwing/install/screw_robot_control/share/screw_robot_control/hook/cmake_prefix_path.dsv'
[6.620s] INFO:colcon.colcon_core.shell:Creating environment hook '/home/yanji/robot_screwing/install/screw_robot_control/share/screw_robot_control/hook/cmake_prefix_path.sh'
[6.620s] Level 1:colcon.colcon_core.environment:checking '/home/yanji/robot_screwing/install/screw_robot_control/lib'
[6.620s] Level 1:colcon.colcon_core.shell:create_environment_hook('screw_robot_control', 'ld_library_path_lib')
[6.620s] INFO:colcon.colcon_core.shell:Creating environment hook '/home/yanji/robot_screwing/install/screw_robot_control/share/screw_robot_control/hook/ld_library_path_lib.ps1'
[6.620s] INFO:colcon.colcon_core.shell:Creating environment descriptor '/home/yanji/robot_screwing/install/screw_robot_control/share/screw_robot_control/hook/ld_library_path_lib.dsv'
[6.620s] INFO:colcon.colcon_core.shell:Creating environment hook '/home/yanji/robot_screwing/install/screw_robot_control/share/screw_robot_control/hook/ld_library_path_lib.sh'
[6.620s] Level 1:colcon.colcon_core.environment:checking '/home/yanji/robot_screwing/install/screw_robot_control/bin'
[6.621s] Level 1:colcon.colcon_core.environment:checking '/home/yanji/robot_screwing/install/screw_robot_control/lib/pkgconfig/screw_robot_control.pc'
[6.621s] Level 1:colcon.colcon_core.environment:checking '/home/yanji/robot_screwing/install/screw_robot_control/lib/python3.8/site-packages'
[6.621s] Level 1:colcon.colcon_core.environment:checking '/home/yanji/robot_screwing/install/screw_robot_control/bin'
[6.621s] INFO:colcon.colcon_core.shell:Creating package script '/home/yanji/robot_screwing/install/screw_robot_control/share/screw_robot_control/package.ps1'
[6.621s] INFO:colcon.colcon_core.shell:Creating package descriptor '/home/yanji/robot_screwing/install/screw_robot_control/share/screw_robot_control/package.dsv'
[6.621s] INFO:colcon.colcon_core.shell:Creating package script '/home/yanji/robot_screwing/install/screw_robot_control/share/screw_robot_control/package.sh'
[6.621s] INFO:colcon.colcon_core.shell:Creating package script '/home/yanji/robot_screwing/install/screw_robot_control/share/screw_robot_control/package.bash'
[6.622s] INFO:colcon.colcon_core.shell:Creating package script '/home/yanji/robot_screwing/install/screw_robot_control/share/screw_robot_control/package.zsh'
[6.622s] Level 1:colcon.colcon_core.environment:create_file_with_runtime_dependencies(/home/yanji/robot_screwing/install/screw_robot_control/share/colcon-core/packages/screw_robot_control)
[6.622s] Level 1:colcon.colcon_core.environment:create_environment_scripts_only(screw_robot_control)
[6.622s] Level 1:colcon.colcon_core.environment:checking '/home/yanji/robot_screwing/install/screw_robot_control' for CMake module files
[6.622s] Level 1:colcon.colcon_core.environment:checking '/home/yanji/robot_screwing/install/screw_robot_control' for CMake config files
[6.622s] Level 1:colcon.colcon_core.shell:create_environment_hook('screw_robot_control', 'cmake_prefix_path')
[6.623s] INFO:colcon.colcon_core.shell:Creating environment hook '/home/yanji/robot_screwing/install/screw_robot_control/share/screw_robot_control/hook/cmake_prefix_path.ps1'
[6.623s] INFO:colcon.colcon_core.shell:Creating environment descriptor '/home/yanji/robot_screwing/install/screw_robot_control/share/screw_robot_control/hook/cmake_prefix_path.dsv'
[6.623s] INFO:colcon.colcon_core.shell:Creating environment hook '/home/yanji/robot_screwing/install/screw_robot_control/share/screw_robot_control/hook/cmake_prefix_path.sh'
[6.623s] Level 1:colcon.colcon_core.environment:checking '/home/yanji/robot_screwing/install/screw_robot_control/lib'
[6.623s] Level 1:colcon.colcon_core.shell:create_environment_hook('screw_robot_control', 'ld_library_path_lib')
[6.623s] INFO:colcon.colcon_core.shell:Creating environment hook '/home/yanji/robot_screwing/install/screw_robot_control/share/screw_robot_control/hook/ld_library_path_lib.ps1'
[6.623s] INFO:colcon.colcon_core.shell:Creating environment descriptor '/home/yanji/robot_screwing/install/screw_robot_control/share/screw_robot_control/hook/ld_library_path_lib.dsv'
[6.623s] INFO:colcon.colcon_core.shell:Creating environment hook '/home/yanji/robot_screwing/install/screw_robot_control/share/screw_robot_control/hook/ld_library_path_lib.sh'
[6.624s] Level 1:colcon.colcon_core.environment:checking '/home/yanji/robot_screwing/install/screw_robot_control/bin'
[6.624s] Level 1:colcon.colcon_core.environment:checking '/home/yanji/robot_screwing/install/screw_robot_control/lib/pkgconfig/screw_robot_control.pc'
[6.624s] Level 1:colcon.colcon_core.environment:checking '/home/yanji/robot_screwing/install/screw_robot_control/lib/python3.8/site-packages'
[6.624s] Level 1:colcon.colcon_core.environment:checking '/home/yanji/robot_screwing/install/screw_robot_control/bin'
[6.624s] INFO:colcon.colcon_core.shell:Creating package script '/home/yanji/robot_screwing/install/screw_robot_control/share/screw_robot_control/package.ps1'
[6.624s] INFO:colcon.colcon_core.shell:Creating package descriptor '/home/yanji/robot_screwing/install/screw_robot_control/share/screw_robot_control/package.dsv'
[6.624s] INFO:colcon.colcon_core.shell:Creating package script '/home/yanji/robot_screwing/install/screw_robot_control/share/screw_robot_control/package.sh'
[6.625s] INFO:colcon.colcon_core.shell:Creating package script '/home/yanji/robot_screwing/install/screw_robot_control/share/screw_robot_control/package.bash'
[6.625s] INFO:colcon.colcon_core.shell:Creating package script '/home/yanji/robot_screwing/install/screw_robot_control/share/screw_robot_control/package.zsh'
[6.625s] Level 1:colcon.colcon_core.environment:create_file_with_runtime_dependencies(/home/yanji/robot_screwing/install/screw_robot_control/share/colcon-core/packages/screw_robot_control)
[6.625s] DEBUG:colcon.colcon_parallel_executor.executor.parallel:closing loop
[6.625s] DEBUG:colcon.colcon_parallel_executor.executor.parallel:loop closed
[6.625s] DEBUG:colcon.colcon_parallel_executor.executor.parallel:run_until_complete finished with '0'
[6.625s] DEBUG:colcon.colcon_core.event_reactor:joining thread
[6.628s] INFO:colcon.colcon_core.plugin_system:Skipping extension 'colcon_notification.desktop_notification.terminal_notifier': Not used on non-Darwin systems
[6.628s] INFO:colcon.colcon_core.plugin_system:Skipping extension 'colcon_notification.desktop_notification.win32': Not used on non-Windows systems
[6.628s] INFO:colcon.colcon_notification.desktop_notification:Sending desktop notification using 'notify2'
[6.636s] DEBUG:colcon.colcon_core.event_reactor:joined thread
[6.636s] INFO:colcon.colcon_core.shell:Creating prefix script '/home/yanji/robot_screwing/install/local_setup.ps1'
[6.637s] INFO:colcon.colcon_core.shell:Creating prefix util module '/home/yanji/robot_screwing/install/_local_setup_util_ps1.py'
[6.637s] INFO:colcon.colcon_core.shell:Creating prefix chain script '/home/yanji/robot_screwing/install/setup.ps1'
[6.638s] INFO:colcon.colcon_core.shell:Creating prefix script '/home/yanji/robot_screwing/install/local_setup.sh'
[6.638s] INFO:colcon.colcon_core.shell:Creating prefix util module '/home/yanji/robot_screwing/install/_local_setup_util_sh.py'
[6.638s] INFO:colcon.colcon_core.shell:Creating prefix chain script '/home/yanji/robot_screwing/install/setup.sh'
[6.639s] INFO:colcon.colcon_core.shell:Creating prefix script '/home/yanji/robot_screwing/install/local_setup.bash'
[6.639s] INFO:colcon.colcon_core.shell:Creating prefix chain script '/home/yanji/robot_screwing/install/setup.bash'
[6.639s] INFO:colcon.colcon_core.shell:Creating prefix script '/home/yanji/robot_screwing/install/local_setup.zsh'
[6.640s] INFO:colcon.colcon_core.shell:Creating prefix chain script '/home/yanji/robot_screwing/install/setup.zsh'
