/home/yanji/robot_screwing/src/screw_robot_control/src/right_arm_control_test.cpp:9:1: error: ‘RobotAdmittanceControl’ does not name a type; did you mean ‘RobotAdmitCtrl’?
    9 | RobotAdmittanceControl::RobotAdmittanceControl() : Node("screw_robot") {
      | ^~~~~~~~~~~~~~~~~~~~~~
      | RobotAdmitCtrl
/home/yanji/robot_screwing/src/screw_robot_control/src/right_arm_control_test.cpp:99:6: error: ‘RobotAdmittanceControl’ has not been declared
   99 | void RobotAdmittanceControl::done_cb(
      |      ^~~~~~~~~~~~~~~~~~~~~~
/home/yanji/robot_screwing/src/screw_robot_control/src/right_arm_control_test.cpp: In function ‘void right_arm::done_cb(const rclcpp_action::ClientGoalHandle<robot_msgs::action::Screw>::WrappedResult&)’:
/home/yanji/robot_screwing/src/screw_robot_control/src/right_arm_control_test.cpp:102:9: error: ‘screw_execute_result_’ was not declared in this scope
  102 |         screw_execute_result_ = result.result->result;
      |         ^~~~~~~~~~~~~~~~~~~~~
In file included from /opt/ros/foxy/include/rclcpp/service.hpp:34,
                 from /opt/ros/foxy/include/rclcpp/callback_group.hpp:25,
                 from /opt/ros/foxy/include/rclcpp/any_executable.hpp:20,
                 from /opt/ros/foxy/include/rclcpp/memory_strategy.hpp:24,
                 from /opt/ros/foxy/include/rclcpp/memory_strategies.hpp:18,
                 from /opt/ros/foxy/include/rclcpp/executor_options.hpp:20,
                 from /opt/ros/foxy/include/rclcpp/executor.hpp:33,
                 from /opt/ros/foxy/include/rclcpp/executors/multi_threaded_executor.hpp:26,
                 from /opt/ros/foxy/include/rclcpp/executors.hpp:21,
                 from /opt/ros/foxy/include/rclcpp/rclcpp.hpp:146,
                 from /home/yanji/robot_screwing/src/screw_robot_control/include/screw_robot_control/jaka/right_arm_control_test.hpp:11,
                 from /home/yanji/robot_screwing/src/screw_robot_control/src/right_arm_control_test.cpp:1:
/home/yanji/robot_screwing/src/screw_robot_control/src/right_arm_control_test.cpp:103:21: error: invalid use of ‘this’ in non-member function
  103 |         RCLCPP_INFO(this->get_logger(), "screw_execute_result: %d", result.result->result);
      |                     ^~~~
/home/yanji/robot_screwing/src/screw_robot_control/src/right_arm_control_test.cpp:103:21: error: invalid use of ‘this’ in non-member function
/home/yanji/robot_screwing/src/screw_robot_control/src/right_arm_control_test.cpp:103:9: error: template argument 1 is invalid
  103 |         RCLCPP_INFO(this->get_logger(), "screw_execute_result: %d", result.result->result);
      |         ^~~~~~~~~~~
/home/yanji/robot_screwing/src/screw_robot_control/src/right_arm_control_test.cpp:103:9: error: ‘<declaration error>’ is not a template [-fpermissive]
  103 |         RCLCPP_INFO(this->get_logger(), "screw_execute_result: %d", result.result->result);
      |         ^~~~~~~~~~~
/home/yanji/robot_screwing/src/screw_robot_control/src/right_arm_control_test.cpp:103:9: error: template argument 1 is invalid
  103 |         RCLCPP_INFO(this->get_logger(), "screw_execute_result: %d", result.result->result);
      |         ^~~~~~~~~~~
/home/yanji/robot_screwing/src/screw_robot_control/src/right_arm_control_test.cpp:103:9: error: ‘<declaration error>’ is not a template [-fpermissive]
  103 |         RCLCPP_INFO(this->get_logger(), "screw_execute_result: %d", result.result->result);
      |         ^~~~~~~~~~~
/home/yanji/robot_screwing/src/screw_robot_control/src/right_arm_control_test.cpp:103:9: error: template argument 1 is invalid
  103 |         RCLCPP_INFO(this->get_logger(), "screw_execute_result: %d", result.result->result);
      |         ^~~~~~~~~~~
In file included from /opt/ros/foxy/include/rclcpp/client.hpp:40,
                 from /opt/ros/foxy/include/rclcpp/callback_group.hpp:23:
/home/yanji/robot_screwing/src/screw_robot_control/src/right_arm_control_test.cpp:103:21: error: invalid use of ‘this’ in non-member function
  103 |         RCLCPP_INFO(this->get_logger(), "screw_execute_result: %d", result.result->result);
      |                     ^~~~
/home/yanji/robot_screwing/src/screw_robot_control/src/right_arm_control_test.cpp:103:21: error: invalid use of ‘this’ in non-member function
  103 |         RCLCPP_INFO(this->get_logger(), "screw_execute_result: %d", result.result->result);
      |                     ^~~~
/home/yanji/robot_screwing/src/screw_robot_control/src/right_arm_control_test.cpp:105:22: error: invalid use of ‘this’ in non-member function
  105 |         RCLCPP_ERROR(this->get_logger(), "Action failed with code: %d", static_cast<int>(result.code));
      |                      ^~~~
/home/yanji/robot_screwing/src/screw_robot_control/src/right_arm_control_test.cpp:105:22: error: invalid use of ‘this’ in non-member function
/home/yanji/robot_screwing/src/screw_robot_control/src/right_arm_control_test.cpp:105:9: error: template argument 1 is invalid
  105 |         RCLCPP_ERROR(this->get_logger(), "Action failed with code: %d", static_cast<int>(result.code));
      |         ^~~~~~~~~~~~
/home/yanji/robot_screwing/src/screw_robot_control/src/right_arm_control_test.cpp:105:9: error: ‘<declaration error>’ is not a template [-fpermissive]
  105 |         RCLCPP_ERROR(this->get_logger(), "Action failed with code: %d", static_cast<int>(result.code));
      |         ^~~~~~~~~~~~
/home/yanji/robot_screwing/src/screw_robot_control/src/right_arm_control_test.cpp:105:9: error: template argument 1 is invalid
  105 |         RCLCPP_ERROR(this->get_logger(), "Action failed with code: %d", static_cast<int>(result.code));
      |         ^~~~~~~~~~~~
/home/yanji/robot_screwing/src/screw_robot_control/src/right_arm_control_test.cpp:105:9: error: ‘<declaration error>’ is not a template [-fpermissive]
  105 |         RCLCPP_ERROR(this->get_logger(), "Action failed with code: %d", static_cast<int>(result.code));
      |         ^~~~~~~~~~~~
/home/yanji/robot_screwing/src/screw_robot_control/src/right_arm_control_test.cpp:105:9: error: template argument 1 is invalid
  105 |         RCLCPP_ERROR(this->get_logger(), "Action failed with code: %d", static_cast<int>(result.code));
      |         ^~~~~~~~~~~~
/home/yanji/robot_screwing/src/screw_robot_control/src/right_arm_control_test.cpp:105:22: error: invalid use of ‘this’ in non-member function
  105 |         RCLCPP_ERROR(this->get_logger(), "Action failed with code: %d", static_cast<int>(result.code));
      |                      ^~~~
/home/yanji/robot_screwing/src/screw_robot_control/src/right_arm_control_test.cpp:105:22: error: invalid use of ‘this’ in non-member function
  105 |         RCLCPP_ERROR(this->get_logger(), "Action failed with code: %d", static_cast<int>(result.code));
      |                      ^~~~
/home/yanji/robot_screwing/src/screw_robot_control/src/right_arm_control_test.cpp: At global scope:
/home/yanji/robot_screwing/src/screw_robot_control/src/right_arm_control_test.cpp:109:6: error: ‘RobotAdmittanceControl’ has not been declared
  109 | void RobotAdmittanceControl::active_cb() {
      |      ^~~~~~~~~~~~~~~~~~~~~~
/home/yanji/robot_screwing/src/screw_robot_control/src/right_arm_control_test.cpp: In function ‘void right_arm::active_cb()’:
/home/yanji/robot_screwing/src/screw_robot_control/src/right_arm_control_test.cpp:110:17: error: invalid use of ‘this’ in non-member function
  110 |     RCLCPP_INFO(this->get_logger(), "Action activated...");
      |                 ^~~~
/home/yanji/robot_screwing/src/screw_robot_control/src/right_arm_control_test.cpp:110:17: error: invalid use of ‘this’ in non-member function
/home/yanji/robot_screwing/src/screw_robot_control/src/right_arm_control_test.cpp:110:5: error: template argument 1 is invalid
  110 |     RCLCPP_INFO(this->get_logger(), "Action activated...");
      |     ^~~~~~~~~~~
/home/yanji/robot_screwing/src/screw_robot_control/src/right_arm_control_test.cpp:110:5: error: ‘<declaration error>’ is not a template [-fpermissive]
  110 |     RCLCPP_INFO(this->get_logger(), "Action activated...");
      |     ^~~~~~~~~~~
/home/yanji/robot_screwing/src/screw_robot_control/src/right_arm_control_test.cpp:110:5: error: template argument 1 is invalid
  110 |     RCLCPP_INFO(this->get_logger(), "Action activated...");
      |     ^~~~~~~~~~~
/home/yanji/robot_screwing/src/screw_robot_control/src/right_arm_control_test.cpp:110:5: error: ‘<declaration error>’ is not a template [-fpermissive]
  110 |     RCLCPP_INFO(this->get_logger(), "Action activated...");
      |     ^~~~~~~~~~~
/home/yanji/robot_screwing/src/screw_robot_control/src/right_arm_control_test.cpp:110:5: error: template argument 1 is invalid
  110 |     RCLCPP_INFO(this->get_logger(), "Action activated...");
      |     ^~~~~~~~~~~
/home/yanji/robot_screwing/src/screw_robot_control/src/right_arm_control_test.cpp:110:17: error: invalid use of ‘this’ in non-member function
  110 |     RCLCPP_INFO(this->get_logger(), "Action activated...");
      |                 ^~~~
/home/yanji/robot_screwing/src/screw_robot_control/src/right_arm_control_test.cpp:110:17: error: invalid use of ‘this’ in non-member function
  110 |     RCLCPP_INFO(this->get_logger(), "Action activated...");
      |                 ^~~~
/home/yanji/robot_screwing/src/screw_robot_control/src/right_arm_control_test.cpp: At global scope:
/home/yanji/robot_screwing/src/screw_robot_control/src/right_arm_control_test.cpp:113:6: error: ‘RobotAdmittanceControl’ has not been declared
  113 | void RobotAdmittanceControl::feedback_cb(
      |      ^~~~~~~~~~~~~~~~~~~~~~
/home/yanji/robot_screwing/src/screw_robot_control/src/right_arm_control_test.cpp: In function ‘void right_arm::feedback_cb(const rclcpp_action::ClientGoalHandle<robot_msgs::action::Screw>::SharedPtr&, std::shared_ptr<const robot_msgs::action::Screw_Feedback_<std::allocator<void> > >)’:
/home/yanji/robot_screwing/src/screw_robot_control/src/right_arm_control_test.cpp:116:5: error: ‘screw_execute_status_’ was not declared in this scope
  116 |     screw_execute_status_ = feedback->screw_status;
      |     ^~~~~~~~~~~~~~~~~~~~~
/home/yanji/robot_screwing/src/screw_robot_control/src/right_arm_control_test.cpp:117:17: error: invalid use of ‘this’ in non-member function
  117 |     RCLCPP_INFO(this->get_logger(), "Feedback: screw_status=%.2f", screw_execute_status_);
      |                 ^~~~
/home/yanji/robot_screwing/src/screw_robot_control/src/right_arm_control_test.cpp:117:17: error: invalid use of ‘this’ in non-member function
/home/yanji/robot_screwing/src/screw_robot_control/src/right_arm_control_test.cpp:117:5: error: template argument 1 is invalid
  117 |     RCLCPP_INFO(this->get_logger(), "Feedback: screw_status=%.2f", screw_execute_status_);
      |     ^~~~~~~~~~~
/home/yanji/robot_screwing/src/screw_robot_control/src/right_arm_control_test.cpp:117:5: error: ‘<declaration error>’ is not a template [-fpermissive]
  117 |     RCLCPP_INFO(this->get_logger(), "Feedback: screw_status=%.2f", screw_execute_status_);
      |     ^~~~~~~~~~~
/home/yanji/robot_screwing/src/screw_robot_control/src/right_arm_control_test.cpp:117:5: error: template argument 1 is invalid
  117 |     RCLCPP_INFO(this->get_logger(), "Feedback: screw_status=%.2f", screw_execute_status_);
      |     ^~~~~~~~~~~
/home/yanji/robot_screwing/src/screw_robot_control/src/right_arm_control_test.cpp:117:5: error: ‘<declaration error>’ is not a template [-fpermissive]
  117 |     RCLCPP_INFO(this->get_logger(), "Feedback: screw_status=%.2f", screw_execute_status_);
      |     ^~~~~~~~~~~
/home/yanji/robot_screwing/src/screw_robot_control/src/right_arm_control_test.cpp:117:5: error: template argument 1 is invalid
  117 |     RCLCPP_INFO(this->get_logger(), "Feedback: screw_status=%.2f", screw_execute_status_);
      |     ^~~~~~~~~~~
/home/yanji/robot_screwing/src/screw_robot_control/src/right_arm_control_test.cpp:117:17: error: invalid use of ‘this’ in non-member function
  117 |     RCLCPP_INFO(this->get_logger(), "Feedback: screw_status=%.2f", screw_execute_status_);
      |                 ^~~~
/home/yanji/robot_screwing/src/screw_robot_control/src/right_arm_control_test.cpp:117:17: error: invalid use of ‘this’ in non-member function
  117 |     RCLCPP_INFO(this->get_logger(), "Feedback: screw_status=%.2f", screw_execute_status_);
      |                 ^~~~
/home/yanji/robot_screwing/src/screw_robot_control/src/right_arm_control_test.cpp: At global scope:
/home/yanji/robot_screwing/src/screw_robot_control/src/right_arm_control_test.cpp:120:6: error: ‘RobotAdmittanceControl’ has not been declared
  120 | void RobotAdmittanceControl::command_callback(const robot_msgs::msg::ControlCommand::SharedPtr msg) {
      |      ^~~~~~~~~~~~~~~~~~~~~~
/home/yanji/robot_screwing/src/screw_robot_control/src/right_arm_control_test.cpp: In function ‘void right_arm::command_callback(robot_msgs::msg::ControlCommand_<std::allocator<void> >::SharedPtr)’:
/home/yanji/robot_screwing/src/screw_robot_control/src/right_arm_control_test.cpp:122:5: error: ‘adm_k’ was not declared in this scope
  122 |     adm_k = Eigen::Map<const Eigen::VectorXd>(msg->k.data(), msg->k.size());
      |     ^~~~~
/home/yanji/robot_screwing/src/screw_robot_control/src/right_arm_control_test.cpp:123:5: error: ‘adm_d’ was not declared in this scope
  123 |     adm_d = Eigen::Map<const Eigen::VectorXd>(msg->d.data(), msg->d.size());
      |     ^~~~~
/home/yanji/robot_screwing/src/screw_robot_control/src/right_arm_control_test.cpp:124:17: error: invalid use of ‘this’ in non-member function
  124 |     RCLCPP_INFO(this->get_logger(), "Received control command: k_size=%ld, d_size=%ld", adm_k.size(), adm_d.size());
      |                 ^~~~
/home/yanji/robot_screwing/src/screw_robot_control/src/right_arm_control_test.cpp:124:17: error: invalid use of ‘this’ in non-member function
/home/yanji/robot_screwing/src/screw_robot_control/src/right_arm_control_test.cpp:124:5: error: template argument 1 is invalid
  124 |     RCLCPP_INFO(this->get_logger(), "Received control command: k_size=%ld, d_size=%ld", adm_k.size(), adm_d.size());
      |     ^~~~~~~~~~~
/home/yanji/robot_screwing/src/screw_robot_control/src/right_arm_control_test.cpp:124:5: error: ‘<declaration error>’ is not a template [-fpermissive]
  124 |     RCLCPP_INFO(this->get_logger(), "Received control command: k_size=%ld, d_size=%ld", adm_k.size(), adm_d.size());
      |     ^~~~~~~~~~~
/home/yanji/robot_screwing/src/screw_robot_control/src/right_arm_control_test.cpp:124:5: error: template argument 1 is invalid
  124 |     RCLCPP_INFO(this->get_logger(), "Received control command: k_size=%ld, d_size=%ld", adm_k.size(), adm_d.size());
      |     ^~~~~~~~~~~
/home/yanji/robot_screwing/src/screw_robot_control/src/right_arm_control_test.cpp:124:5: error: ‘<declaration error>’ is not a template [-fpermissive]
  124 |     RCLCPP_INFO(this->get_logger(), "Received control command: k_size=%ld, d_size=%ld", adm_k.size(), adm_d.size());
      |     ^~~~~~~~~~~
/home/yanji/robot_screwing/src/screw_robot_control/src/right_arm_control_test.cpp:124:5: error: template argument 1 is invalid
  124 |     RCLCPP_INFO(this->get_logger(), "Received control command: k_size=%ld, d_size=%ld", adm_k.size(), adm_d.size());
      |     ^~~~~~~~~~~
/home/yanji/robot_screwing/src/screw_robot_control/src/right_arm_control_test.cpp:124:17: error: invalid use of ‘this’ in non-member function
  124 |     RCLCPP_INFO(this->get_logger(), "Received control command: k_size=%ld, d_size=%ld", adm_k.size(), adm_d.size());
      |                 ^~~~
/home/yanji/robot_screwing/src/screw_robot_control/src/right_arm_control_test.cpp:124:17: error: invalid use of ‘this’ in non-member function
  124 |     RCLCPP_INFO(this->get_logger(), "Received control command: k_size=%ld, d_size=%ld", adm_k.size(), adm_d.size());
      |                 ^~~~
/home/yanji/robot_screwing/src/screw_robot_control/src/right_arm_control_test.cpp: At global scope:
/home/yanji/robot_screwing/src/screw_robot_control/src/right_arm_control_test.cpp:127:6: error: ‘RobotAdmittanceControl’ has not been declared
  127 | void RobotAdmittanceControl::ready_callback(
      |      ^~~~~~~~~~~~~~~~~~~~~~
/home/yanji/robot_screwing/src/screw_robot_control/src/right_arm_control_test.cpp: In function ‘void right_arm::ready_callback(std::shared_ptr<robot_msgs::srv::StartPose_Request_<std::allocator<void> > >, std::shared_ptr<robot_msgs::srv::StartPose_Response_<std::allocator<void> > >)’:
/home/yanji/robot_screwing/src/screw_robot_control/src/right_arm_control_test.cpp:130:17: error: invalid use of ‘this’ in non-member function
  130 |     RCLCPP_INFO(this->get_logger(), "Received request from MPC Node, sending response");
      |                 ^~~~
/home/yanji/robot_screwing/src/screw_robot_control/src/right_arm_control_test.cpp:130:17: error: invalid use of ‘this’ in non-member function
/home/yanji/robot_screwing/src/screw_robot_control/src/right_arm_control_test.cpp:130:5: error: template argument 1 is invalid
  130 |     RCLCPP_INFO(this->get_logger(), "Received request from MPC Node, sending response");
      |     ^~~~~~~~~~~
/home/yanji/robot_screwing/src/screw_robot_control/src/right_arm_control_test.cpp:130:5: error: ‘<declaration error>’ is not a template [-fpermissive]
  130 |     RCLCPP_INFO(this->get_logger(), "Received request from MPC Node, sending response");
      |     ^~~~~~~~~~~
/home/yanji/robot_screwing/src/screw_robot_control/src/right_arm_control_test.cpp:130:5: error: template argument 1 is invalid
  130 |     RCLCPP_INFO(this->get_logger(), "Received request from MPC Node, sending response");
      |     ^~~~~~~~~~~
/home/yanji/robot_screwing/src/screw_robot_control/src/right_arm_control_test.cpp:130:5: error: ‘<declaration error>’ is not a template [-fpermissive]
  130 |     RCLCPP_INFO(this->get_logger(), "Received request from MPC Node, sending response");
      |     ^~~~~~~~~~~
/home/yanji/robot_screwing/src/screw_robot_control/src/right_arm_control_test.cpp:130:5: error: template argument 1 is invalid
  130 |     RCLCPP_INFO(this->get_logger(), "Received request from MPC Node, sending response");
      |     ^~~~~~~~~~~
/home/yanji/robot_screwing/src/screw_robot_control/src/right_arm_control_test.cpp:130:17: error: invalid use of ‘this’ in non-member function
  130 |     RCLCPP_INFO(this->get_logger(), "Received request from MPC Node, sending response");
      |                 ^~~~
/home/yanji/robot_screwing/src/screw_robot_control/src/right_arm_control_test.cpp:130:17: error: invalid use of ‘this’ in non-member function
  130 |     RCLCPP_INFO(this->get_logger(), "Received request from MPC Node, sending response");
      |                 ^~~~
/home/yanji/robot_screwing/src/screw_robot_control/src/right_arm_control_test.cpp:135:26: error: ‘pos_para_’ was not declared in this scope
  135 |     response->pos_para = pos_para_;
      |                          ^~~~~~~~~
/home/yanji/robot_screwing/src/screw_robot_control/src/right_arm_control_test.cpp:136:26: error: ‘ori_para_’ was not declared in this scope
  136 |     response->ori_para = ori_para_;
      |                          ^~~~~~~~~
/home/yanji/robot_screwing/src/screw_robot_control/src/right_arm_control_test.cpp:139:17: error: invalid use of ‘this’ in non-member function
  139 |     RCLCPP_INFO(this->get_logger(), "pos_para=[%f, %f, %f], ori_para=[%f, %f, %f, %f, %f, %f, %f, %f, %f]",
      |                 ^~~~
/home/yanji/robot_screwing/src/screw_robot_control/src/right_arm_control_test.cpp:139:17: error: invalid use of ‘this’ in non-member function
/home/yanji/robot_screwing/src/screw_robot_control/src/right_arm_control_test.cpp:139:5: error: template argument 1 is invalid
  139 |     RCLCPP_INFO(this->get_logger(), "pos_para=[%f, %f, %f], ori_para=[%f, %f, %f, %f, %f, %f, %f, %f, %f]",
      |     ^~~~~~~~~~~
/home/yanji/robot_screwing/src/screw_robot_control/src/right_arm_control_test.cpp:139:5: error: ‘<declaration error>’ is not a template [-fpermissive]
  139 |     RCLCPP_INFO(this->get_logger(), "pos_para=[%f, %f, %f], ori_para=[%f, %f, %f, %f, %f, %f, %f, %f, %f]",
      |     ^~~~~~~~~~~
/home/yanji/robot_screwing/src/screw_robot_control/src/right_arm_control_test.cpp:139:5: error: template argument 1 is invalid
  139 |     RCLCPP_INFO(this->get_logger(), "pos_para=[%f, %f, %f], ori_para=[%f, %f, %f, %f, %f, %f, %f, %f, %f]",
      |     ^~~~~~~~~~~
/home/yanji/robot_screwing/src/screw_robot_control/src/right_arm_control_test.cpp:139:5: error: ‘<declaration error>’ is not a template [-fpermissive]
  139 |     RCLCPP_INFO(this->get_logger(), "pos_para=[%f, %f, %f], ori_para=[%f, %f, %f, %f, %f, %f, %f, %f, %f]",
      |     ^~~~~~~~~~~
/home/yanji/robot_screwing/src/screw_robot_control/src/right_arm_control_test.cpp:139:5: error: template argument 1 is invalid
  139 |     RCLCPP_INFO(this->get_logger(), "pos_para=[%f, %f, %f], ori_para=[%f, %f, %f, %f, %f, %f, %f, %f, %f]",
      |     ^~~~~~~~~~~
/home/yanji/robot_screwing/src/screw_robot_control/src/right_arm_control_test.cpp:139:17: error: invalid use of ‘this’ in non-member function
  139 |     RCLCPP_INFO(this->get_logger(), "pos_para=[%f, %f, %f], ori_para=[%f, %f, %f, %f, %f, %f, %f, %f, %f]",
      |                 ^~~~
/home/yanji/robot_screwing/src/screw_robot_control/src/right_arm_control_test.cpp:139:17: error: invalid use of ‘this’ in non-member function
  139 |     RCLCPP_INFO(this->get_logger(), "pos_para=[%f, %f, %f], ori_para=[%f, %f, %f, %f, %f, %f, %f, %f, %f]",
      |                 ^~~~
/home/yanji/robot_screwing/src/screw_robot_control/src/right_arm_control_test.cpp: At global scope:
/home/yanji/robot_screwing/src/screw_robot_control/src/right_arm_control_test.cpp:144:6: error: ‘RobotAdmittanceControl’ has not been declared
  144 | void RobotAdmittanceControl::get_eef_pose(){
      |      ^~~~~~~~~~~~~~~~~~~~~~
/home/yanji/robot_screwing/src/screw_robot_control/src/right_arm_control_test.cpp: In function ‘void right_arm::get_eef_pose()’:
/home/yanji/robot_screwing/src/screw_robot_control/src/right_arm_control_test.cpp:145:5: error: ‘eef_pos’ was not declared in this scope
  145 |     eef_pos[0] = status.cartesiantran_position[0]/1000;
      |     ^~~~~~~
/home/yanji/robot_screwing/src/screw_robot_control/src/right_arm_control_test.cpp:145:18: error: ‘status’ was not declared in this scope; did you mean ‘static’?
  145 |     eef_pos[0] = status.cartesiantran_position[0]/1000;
      |                  ^~~~~~
      |                  static
/home/yanji/robot_screwing/src/screw_robot_control/src/right_arm_control_test.cpp:149:5: error: ‘current_rpy’ was not declared in this scope
  149 |     current_rpy.rx = status.cartesiantran_position[3];
      |     ^~~~~~~~~~~
/home/yanji/robot_screwing/src/screw_robot_control/src/right_arm_control_test.cpp:157:5: error: ‘robot’ was not declared in this scope
  157 |     robot.rpy_to_rot_matrix(&rpy, &rot_matrix);
      |     ^~~~~
/home/yanji/robot_screwing/src/screw_robot_control/src/right_arm_control_test.cpp:158:5: error: ‘eef_rotm’ was not declared in this scope
  158 |     eef_rotm << rot_matrix.x.x, rot_matrix.x.y, rot_matrix.x.z,
      |     ^~~~~~~~
/home/yanji/robot_screwing/src/screw_robot_control/src/right_arm_control_test.cpp:161:5: error: ‘eigen_rpy’ was not declared in this scope
  161 |     eigen_rpy = eef_rotm.eulerAngles(2,1,0);
      |     ^~~~~~~~~
/home/yanji/robot_screwing/src/screw_robot_control/src/right_arm_control_test.cpp: At global scope:
/home/yanji/robot_screwing/src/screw_robot_control/src/right_arm_control_test.cpp:166:6: error: ‘RobotAdmittanceControl’ has not been declared
  166 | void RobotAdmittanceControl::get_new_link6_pose(const Eigen::Vector3d& new_linear_eef, const Eigen::Matrix3d& new_angular_eef){
      |      ^~~~~~~~~~~~~~~~~~~~~~
/home/yanji/robot_screwing/src/screw_robot_control/src/right_arm_control_test.cpp: In function ‘void right_arm::get_new_link6_pose(const Eigen::Vector3d&, const Eigen::Matrix3d&)’:
/home/yanji/robot_screwing/src/screw_robot_control/src/right_arm_control_test.cpp:171:5: error: ‘new_linear’ was not declared in this scope; did you mean ‘new_linear_eef’?
  171 |     new_linear = new_linear_eef - new_angular_eef * (eef_offset_rotm.transpose() * eef_offset);
      |     ^~~~~~~~~~
      |     new_linear_eef
/home/yanji/robot_screwing/src/screw_robot_control/src/right_arm_control_test.cpp:171:54: error: ‘eef_offset_rotm’ was not declared in this scope
  171 |     new_linear = new_linear_eef - new_angular_eef * (eef_offset_rotm.transpose() * eef_offset);
      |                                                      ^~~~~~~~~~~~~~~
/home/yanji/robot_screwing/src/screw_robot_control/src/right_arm_control_test.cpp:171:84: error: ‘eef_offset’ was not declared in this scope
  171 |     new_linear = new_linear_eef - new_angular_eef * (eef_offset_rotm.transpose() * eef_offset);
      |                                                                                    ^~~~~~~~~~
/home/yanji/robot_screwing/src/screw_robot_control/src/right_arm_control_test.cpp:172:5: error: ‘new_angular’ was not declared in this scope; did you mean ‘new_angular_eef’?
  172 |     new_angular = new_angular_eef * eef_offset_rotm.transpose();
      |     ^~~~~~~~~~~
      |     new_angular_eef
/home/yanji/robot_screwing/src/screw_robot_control/src/right_arm_control_test.cpp: At global scope:
/home/yanji/robot_screwing/src/screw_robot_control/src/right_arm_control_test.cpp:175:6: error: ‘RobotAdmittanceControl’ has not been declared
  175 | void RobotAdmittanceControl::updata_rotation(const Eigen::Matrix3d& current_rotm, const Eigen::Vector3d& angluar_disp, Eigen::Matrix3d& new_orientation){
      |      ^~~~~~~~~~~~~~~~~~~~~~
/home/yanji/robot_screwing/src/screw_robot_control/src/right_arm_control_test.cpp: In function ‘void right_arm::updata_rotation(const Eigen::Matrix3d&, const Eigen::Vector3d&, Eigen::Matrix3d&)’:
/home/yanji/robot_screwing/src/screw_robot_control/src/right_arm_control_test.cpp:176:27: error: ‘angular_disp’ was not declared in this scope; did you mean ‘angluar_disp’?
  176 |     double angular_norm = angular_disp.norm();
      |                           ^~~~~~~~~~~~
      |                           angluar_disp
/home/yanji/robot_screwing/src/screw_robot_control/src/right_arm_control_test.cpp:179:21: error: invalid use of ‘this’ in non-member function
  179 |         RCLCPP_INFO(this->get_logger(), "Angular displacement too small, keeping current rotation.");
      |                     ^~~~
/home/yanji/robot_screwing/src/screw_robot_control/src/right_arm_control_test.cpp:179:21: error: invalid use of ‘this’ in non-member function
/home/yanji/robot_screwing/src/screw_robot_control/src/right_arm_control_test.cpp:179:9: error: template argument 1 is invalid
  179 |         RCLCPP_INFO(this->get_logger(), "Angular displacement too small, keeping current rotation.");
      |         ^~~~~~~~~~~
/home/yanji/robot_screwing/src/screw_robot_control/src/right_arm_control_test.cpp:179:9: error: ‘<declaration error>’ is not a template [-fpermissive]
  179 |         RCLCPP_INFO(this->get_logger(), "Angular displacement too small, keeping current rotation.");
      |         ^~~~~~~~~~~
/home/yanji/robot_screwing/src/screw_robot_control/src/right_arm_control_test.cpp:179:9: error: template argument 1 is invalid
  179 |         RCLCPP_INFO(this->get_logger(), "Angular displacement too small, keeping current rotation.");
      |         ^~~~~~~~~~~
/home/yanji/robot_screwing/src/screw_robot_control/src/right_arm_control_test.cpp:179:9: error: ‘<declaration error>’ is not a template [-fpermissive]
  179 |         RCLCPP_INFO(this->get_logger(), "Angular displacement too small, keeping current rotation.");
      |         ^~~~~~~~~~~
/home/yanji/robot_screwing/src/screw_robot_control/src/right_arm_control_test.cpp:179:9: error: template argument 1 is invalid
  179 |         RCLCPP_INFO(this->get_logger(), "Angular displacement too small, keeping current rotation.");
      |         ^~~~~~~~~~~
/home/yanji/robot_screwing/src/screw_robot_control/src/right_arm_control_test.cpp:179:21: error: invalid use of ‘this’ in non-member function
  179 |         RCLCPP_INFO(this->get_logger(), "Angular displacement too small, keeping current rotation.");
      |                     ^~~~
/home/yanji/robot_screwing/src/screw_robot_control/src/right_arm_control_test.cpp:179:21: error: invalid use of ‘this’ in non-member function
  179 |         RCLCPP_INFO(this->get_logger(), "Angular displacement too small, keeping current rotation.");
      |                     ^~~~
/home/yanji/robot_screwing/src/screw_robot_control/src/right_arm_control_test.cpp:185:10: error: ‘isRotationMatrix’ was not declared in this scope
  185 |     if (!isRotationMatrix(delta_rotm)) {
      |          ^~~~~~~~~~~~~~~~
/home/yanji/robot_screwing/src/screw_robot_control/src/right_arm_control_test.cpp:186:21: error: invalid use of ‘this’ in non-member function
  186 |         RCLCPP_WARN(this->get_logger(), "Delta rotation matrix is invalid!");
      |                     ^~~~
/home/yanji/robot_screwing/src/screw_robot_control/src/right_arm_control_test.cpp:186:21: error: invalid use of ‘this’ in non-member function
/home/yanji/robot_screwing/src/screw_robot_control/src/right_arm_control_test.cpp:186:9: error: template argument 1 is invalid
  186 |         RCLCPP_WARN(this->get_logger(), "Delta rotation matrix is invalid!");
      |         ^~~~~~~~~~~
/home/yanji/robot_screwing/src/screw_robot_control/src/right_arm_control_test.cpp:186:9: error: ‘<declaration error>’ is not a template [-fpermissive]
  186 |         RCLCPP_WARN(this->get_logger(), "Delta rotation matrix is invalid!");
      |         ^~~~~~~~~~~
/home/yanji/robot_screwing/src/screw_robot_control/src/right_arm_control_test.cpp:186:9: error: template argument 1 is invalid
  186 |         RCLCPP_WARN(this->get_logger(), "Delta rotation matrix is invalid!");
      |         ^~~~~~~~~~~
/home/yanji/robot_screwing/src/screw_robot_control/src/right_arm_control_test.cpp:186:9: error: ‘<declaration error>’ is not a template [-fpermissive]
  186 |         RCLCPP_WARN(this->get_logger(), "Delta rotation matrix is invalid!");
      |         ^~~~~~~~~~~
/home/yanji/robot_screwing/src/screw_robot_control/src/right_arm_control_test.cpp:186:9: error: template argument 1 is invalid
  186 |         RCLCPP_WARN(this->get_logger(), "Delta rotation matrix is invalid!");
      |         ^~~~~~~~~~~
/home/yanji/robot_screwing/src/screw_robot_control/src/right_arm_control_test.cpp:186:21: error: invalid use of ‘this’ in non-member function
  186 |         RCLCPP_WARN(this->get_logger(), "Delta rotation matrix is invalid!");
      |                     ^~~~
/home/yanji/robot_screwing/src/screw_robot_control/src/right_arm_control_test.cpp:186:21: error: invalid use of ‘this’ in non-member function
  186 |         RCLCPP_WARN(this->get_logger(), "Delta rotation matrix is invalid!");
      |                     ^~~~
/home/yanji/robot_screwing/src/screw_robot_control/src/right_arm_control_test.cpp:192:10: error: ‘isRotationMatrix’ was not declared in this scope
  192 |     if (!isRotationMatrix(new_orientation)) {
      |          ^~~~~~~~~~~~~~~~
/home/yanji/robot_screwing/src/screw_robot_control/src/right_arm_control_test.cpp:193:22: error: invalid use of ‘this’ in non-member function
  193 |         RCLCPP_ERROR(this->get_logger(), "Generated rotation matrix is invalid!");
      |                      ^~~~
/home/yanji/robot_screwing/src/screw_robot_control/src/right_arm_control_test.cpp:193:22: error: invalid use of ‘this’ in non-member function
/home/yanji/robot_screwing/src/screw_robot_control/src/right_arm_control_test.cpp:193:9: error: template argument 1 is invalid
  193 |         RCLCPP_ERROR(this->get_logger(), "Generated rotation matrix is invalid!");
      |         ^~~~~~~~~~~~
/home/yanji/robot_screwing/src/screw_robot_control/src/right_arm_control_test.cpp:193:9: error: ‘<declaration error>’ is not a template [-fpermissive]
  193 |         RCLCPP_ERROR(this->get_logger(), "Generated rotation matrix is invalid!");
      |         ^~~~~~~~~~~~
/home/yanji/robot_screwing/src/screw_robot_control/src/right_arm_control_test.cpp:193:9: error: template argument 1 is invalid
  193 |         RCLCPP_ERROR(this->get_logger(), "Generated rotation matrix is invalid!");
      |         ^~~~~~~~~~~~
/home/yanji/robot_screwing/src/screw_robot_control/src/right_arm_control_test.cpp:193:9: error: ‘<declaration error>’ is not a template [-fpermissive]
  193 |         RCLCPP_ERROR(this->get_logger(), "Generated rotation matrix is invalid!");
      |         ^~~~~~~~~~~~
/home/yanji/robot_screwing/src/screw_robot_control/src/right_arm_control_test.cpp:193:9: error: template argument 1 is invalid
  193 |         RCLCPP_ERROR(this->get_logger(), "Generated rotation matrix is invalid!");
      |         ^~~~~~~~~~~~
/home/yanji/robot_screwing/src/screw_robot_control/src/right_arm_control_test.cpp:193:22: error: invalid use of ‘this’ in non-member function
  193 |         RCLCPP_ERROR(this->get_logger(), "Generated rotation matrix is invalid!");
      |                      ^~~~
/home/yanji/robot_screwing/src/screw_robot_control/src/right_arm_control_test.cpp:193:22: error: invalid use of ‘this’ in non-member function
  193 |         RCLCPP_ERROR(this->get_logger(), "Generated rotation matrix is invalid!");
      |                      ^~~~
/home/yanji/robot_screwing/src/screw_robot_control/src/right_arm_control_test.cpp:175:106: warning: unused parameter ‘angluar_disp’ [-Wunused-parameter]
  175 | void RobotAdmittanceControl::updata_rotation(const Eigen::Matrix3d& current_rotm, const Eigen::Vector3d& angluar_disp, Eigen::Matrix3d& new_orientation){
      |                                                                                   ~~~~~~~~~~~~~~~~~~~~~~~^~~~~~~~~~~~
/home/yanji/robot_screwing/src/screw_robot_control/src/right_arm_control_test.cpp: At global scope:
/home/yanji/robot_screwing/src/screw_robot_control/src/right_arm_control_test.cpp:205:6: error: ‘RobotAdmittanceControl’ has not been declared
  205 | bool RobotAdmittanceControl::isRotationMatrix(const Eigen::Matrix3d& matrix) {
      |      ^~~~~~~~~~~~~~~~~~~~~~
/home/yanji/robot_screwing/src/screw_robot_control/src/right_arm_control_test.cpp:225:6: error: ‘RobotAdmittanceControl’ has not been declared
  225 | void RobotAdmittanceControl::update_robot_state(){
      |      ^~~~~~~~~~~~~~~~~~~~~~
/home/yanji/robot_screwing/src/screw_robot_control/src/right_arm_control_test.cpp: In function ‘void right_arm::update_robot_state()’:
/home/yanji/robot_screwing/src/screw_robot_control/src/right_arm_control_test.cpp:226:5: error: ‘robot’ was not declared in this scope
  226 |     robot.get_robot_status(&status);
      |     ^~~~~
/home/yanji/robot_screwing/src/screw_robot_control/src/right_arm_control_test.cpp:226:29: error: ‘status’ was not declared in this scope; did you mean ‘static’?
  226 |     robot.get_robot_status(&status);
      |                             ^~~~~~
      |                             static
/home/yanji/robot_screwing/src/screw_robot_control/src/right_arm_control_test.cpp: At global scope:
/home/yanji/robot_screwing/src/screw_robot_control/src/right_arm_control_test.cpp:229:6: error: ‘RobotAdmittanceControl’ has not been declared
  229 | void RobotAdmittanceControl::get_tcp_force(){
      |      ^~~~~~~~~~~~~~~~~~~~~~
/home/yanji/robot_screwing/src/screw_robot_control/src/right_arm_control_test.cpp: In function ‘void right_arm::get_tcp_force()’:
/home/yanji/robot_screwing/src/screw_robot_control/src/right_arm_control_test.cpp:231:9: error: ‘local_force’ was not declared in this scope
  231 |         local_force[i] = status.torq_sensor_monitor_data.actTorque[i];
      |         ^~~~~~~~~~~
/home/yanji/robot_screwing/src/screw_robot_control/src/right_arm_control_test.cpp:231:26: error: ‘status’ was not declared in this scope; did you mean ‘static’?
  231 |         local_force[i] = status.torq_sensor_monitor_data.actTorque[i];
      |                          ^~~~~~
      |                          static
/home/yanji/robot_screwing/src/screw_robot_control/src/right_arm_control_test.cpp:233:5: error: ‘tcp_force’ was not declared in this scope; did you mean ‘get_tcp_force’?
  233 |     tcp_force.head<3>() = eef_offset_rotm_to_sensor.transpose() * local_force.head<3>();
      |     ^~~~~~~~~
      |     get_tcp_force
/home/yanji/robot_screwing/src/screw_robot_control/src/right_arm_control_test.cpp:233:23: error: expected primary-expression before ‘)’ token
  233 |     tcp_force.head<3>() = eef_offset_rotm_to_sensor.transpose() * local_force.head<3>();
      |                       ^
/home/yanji/robot_screwing/src/screw_robot_control/src/right_arm_control_test.cpp:233:27: error: ‘eef_offset_rotm_to_sensor’ was not declared in this scope
  233 |     tcp_force.head<3>() = eef_offset_rotm_to_sensor.transpose() * local_force.head<3>();
      |                           ^~~~~~~~~~~~~~~~~~~~~~~~~
/home/yanji/robot_screwing/src/screw_robot_control/src/right_arm_control_test.cpp:233:67: error: ‘local_force’ was not declared in this scope
  233 |     tcp_force.head<3>() = eef_offset_rotm_to_sensor.transpose() * local_force.head<3>();
      |                                                                   ^~~~~~~~~~~
/home/yanji/robot_screwing/src/screw_robot_control/src/right_arm_control_test.cpp:233:87: error: expected primary-expression before ‘)’ token
  233 |     tcp_force.head<3>() = eef_offset_rotm_to_sensor.transpose() * local_force.head<3>();
      |                                                                                       ^
/home/yanji/robot_screwing/src/screw_robot_control/src/right_arm_control_test.cpp:234:23: error: expected primary-expression before ‘)’ token
  234 |     tcp_force.tail<3>() = eef_offset_to_sensor.cross(tcp_force.head<3>()) + eef_offset_rotm_to_sensor.transpose() * local_force.tail<3>();
      |                       ^
/home/yanji/robot_screwing/src/screw_robot_control/src/right_arm_control_test.cpp:234:27: error: ‘eef_offset_to_sensor’ was not declared in this scope
  234 |     tcp_force.tail<3>() = eef_offset_to_sensor.cross(tcp_force.head<3>()) + eef_offset_rotm_to_sensor.transpose() * local_force.tail<3>();
      |                           ^~~~~~~~~~~~~~~~~~~~
/home/yanji/robot_screwing/src/screw_robot_control/src/right_arm_control_test.cpp:234:72: error: expected primary-expression before ‘)’ token
  234 |     tcp_force.tail<3>() = eef_offset_to_sensor.cross(tcp_force.head<3>()) + eef_offset_rotm_to_sensor.transpose() * local_force.tail<3>();
      |                                                                        ^
/home/yanji/robot_screwing/src/screw_robot_control/src/right_arm_control_test.cpp:234:137: error: expected primary-expression before ‘)’ token
  234 |     tcp_force.tail<3>() = eef_offset_to_sensor.cross(tcp_force.head<3>()) + eef_offset_rotm_to_sensor.transpose() * local_force.tail<3>();
      |                                                                                                                                         ^
/home/yanji/robot_screwing/src/screw_robot_control/src/right_arm_control_test.cpp:235:23: error: expected primary-expression before ‘)’ token
  235 |     tcp_force.head<3>() = eef_rotm * tcp_force.head<3>();
      |                       ^
/home/yanji/robot_screwing/src/screw_robot_control/src/right_arm_control_test.cpp:235:27: error: ‘eef_rotm’ was not declared in this scope
  235 |     tcp_force.head<3>() = eef_rotm * tcp_force.head<3>();
      |                           ^~~~~~~~
/home/yanji/robot_screwing/src/screw_robot_control/src/right_arm_control_test.cpp:235:56: error: expected primary-expression before ‘)’ token
  235 |     tcp_force.head<3>() = eef_rotm * tcp_force.head<3>();
      |                                                        ^
/home/yanji/robot_screwing/src/screw_robot_control/src/right_arm_control_test.cpp:236:23: error: expected primary-expression before ‘)’ token
  236 |     tcp_force.tail<3>() = eef_rotm * tcp_force.tail<3>();
      |                       ^
/home/yanji/robot_screwing/src/screw_robot_control/src/right_arm_control_test.cpp:236:56: error: expected primary-expression before ‘)’ token
  236 |     tcp_force.tail<3>() = eef_rotm * tcp_force.tail<3>();
      |                                                        ^
/home/yanji/robot_screwing/src/screw_robot_control/src/right_arm_control_test.cpp:237:5: error: ‘force_msg_’ was not declared in this scope
  237 |     force_msg_.fx = tcp_force[0];
      |     ^~~~~~~~~~
/home/yanji/robot_screwing/src/screw_robot_control/src/right_arm_control_test.cpp:243:5: error: ‘force_pub_’ was not declared in this scope
  243 |     force_pub_->publish(force_msg_);
      |     ^~~~~~~~~~
/home/yanji/robot_screwing/src/screw_robot_control/src/right_arm_control_test.cpp: At global scope:
/home/yanji/robot_screwing/src/screw_robot_control/src/right_arm_control_test.cpp:246:6: error: ‘RobotAdmittanceControl’ has not been declared
  246 | void RobotAdmittanceControl::tcp_admittance_control(){
      |      ^~~~~~~~~~~~~~~~~~~~~~
/home/yanji/robot_screwing/src/screw_robot_control/src/right_arm_control_test.cpp: In function ‘void right_arm::tcp_admittance_control()’:
/home/yanji/robot_screwing/src/screw_robot_control/src/right_arm_control_test.cpp:248:5: error: ‘clipped_tcp_force’ was not declared in this scope; did you mean ‘get_tcp_force’?
  248 |     clipped_tcp_force = tcp_force.array().min(upper).max(lower);
      |     ^~~~~~~~~~~~~~~~~
      |     get_tcp_force
/home/yanji/robot_screwing/src/screw_robot_control/src/right_arm_control_test.cpp:248:25: error: ‘tcp_force’ was not declared in this scope; did you mean ‘get_tcp_force’?
  248 |     clipped_tcp_force = tcp_force.array().min(upper).max(lower);
      |                         ^~~~~~~~~
      |                         get_tcp_force
/home/yanji/robot_screwing/src/screw_robot_control/src/right_arm_control_test.cpp:248:47: error: ‘upper’ was not declared in this scope; did you mean ‘toupper’?
  248 |     clipped_tcp_force = tcp_force.array().min(upper).max(lower);
      |                                               ^~~~~
      |                                               toupper
/home/yanji/robot_screwing/src/screw_robot_control/src/right_arm_control_test.cpp:248:58: error: ‘lower’ was not declared in this scope; did you mean ‘tolower’?
  248 |     clipped_tcp_force = tcp_force.array().min(upper).max(lower);
      |                                                          ^~~~~
      |                                                          tolower
/home/yanji/robot_screwing/src/screw_robot_control/src/right_arm_control_test.cpp:249:25: error: ‘wish_force’ was not declared in this scope
  249 |     clipped_tcp_force = wish_force + clipped_tcp_force;
      |                         ^~~~~~~~~~
/home/yanji/robot_screwing/src/screw_robot_control/src/right_arm_control_test.cpp:250:5: error: ‘e’ was not declared in this scope
  250 |     e.head<3>() = eef_pos - eef_pos_d; //将基坐标系下的位置偏移转化为tcp坐标系下的偏移，后续所有计算都是在当前时刻的tcp坐标系下，计算下一时刻的数值
      |     ^
/home/yanji/robot_screwing/src/screw_robot_control/src/right_arm_control_test.cpp:250:15: error: expected primary-expression before ‘)’ token
  250 |     e.head<3>() = eef_pos - eef_pos_d; //将基坐标系下的位置偏移转化为tcp坐标系下的偏移，后续所有计算都是在当前时刻的tcp坐标系下，计算下一时刻的数值
      |               ^
/home/yanji/robot_screwing/src/screw_robot_control/src/right_arm_control_test.cpp:250:19: error: ‘eef_pos’ was not declared in this scope
  250 |     e.head<3>() = eef_pos - eef_pos_d; //将基坐标系下的位置偏移转化为tcp坐标系下的偏移，后续所有计算都是在当前时刻的tcp坐标系下，计算下一时刻的数值
      |                   ^~~~~~~
/home/yanji/robot_screwing/src/screw_robot_control/src/right_arm_control_test.cpp:250:29: error: ‘eef_pos_d’ was not declared in this scope
  250 |     e.head<3>() = eef_pos - eef_pos_d; //将基坐标系下的位置偏移转化为tcp坐标系下的偏移，后续所有计算都是在当前时刻的tcp坐标系下，计算下一时刻的数值
      |                             ^~~~~~~~~
/home/yanji/robot_screwing/src/screw_robot_control/src/right_arm_control_test.cpp:251:31: error: ‘eef_rotm’ was not declared in this scope; did you mean ‘e_rotm’?
  251 |     Eigen::Matrix3d e_rotm = (eef_rotm * eef_rotm_d.transpose());
      |                               ^~~~~~~~
      |                               e_rotm
/home/yanji/robot_screwing/src/screw_robot_control/src/right_arm_control_test.cpp:251:42: error: ‘eef_rotm_d’ was not declared in this scope; did you mean ‘e_rotm’?
  251 |     Eigen::Matrix3d e_rotm = (eef_rotm * eef_rotm_d.transpose());
      |                                          ^~~~~~~~~~
      |                                          e_rotm
/home/yanji/robot_screwing/src/screw_robot_control/src/right_arm_control_test.cpp:255:15: error: expected primary-expression before ‘)’ token
  255 |     e.tail<3>() = rotation_vector;
      |               ^
/home/yanji/robot_screwing/src/screw_robot_control/src/right_arm_control_test.cpp:256:5: error: ‘e_dot’ was not declared in this scope; did you mean ‘e_rotm’?
  256 |     e_dot = eef_vel;
      |     ^~~~~
      |     e_rotm
/home/yanji/robot_screwing/src/screw_robot_control/src/right_arm_control_test.cpp:256:13: error: ‘eef_vel’ was not declared in this scope
  256 |     e_dot = eef_vel;
      |             ^~~~~~~
/home/yanji/robot_screwing/src/screw_robot_control/src/right_arm_control_test.cpp:257:46: error: ‘adm_k’ was not declared in this scope
  257 |     Eigen::VectorXd MA = clipped_tcp_force - adm_k.cwiseProduct(e) - adm_d.cwiseProduct(e_dot);
      |                                              ^~~~~
/home/yanji/robot_screwing/src/screw_robot_control/src/right_arm_control_test.cpp:257:70: error: ‘adm_d’ was not declared in this scope
  257 |     Eigen::VectorXd MA = clipped_tcp_force - adm_k.cwiseProduct(e) - adm_d.cwiseProduct(e_dot);
      |                                                                      ^~~~~
/home/yanji/robot_screwing/src/screw_robot_control/src/right_arm_control_test.cpp:258:48: error: ‘adm_m’ was not declared in this scope; did you mean ‘adm_acc’?
  258 |     Eigen::VectorXd adm_acc = MA.cwiseQuotient(adm_m);
      |                                                ^~~~~
      |                                                adm_acc
/home/yanji/robot_screwing/src/screw_robot_control/src/right_arm_control_test.cpp:259:51: error: ‘T’ was not declared in this scope
  259 |     Eigen::VectorXd adm_vel = eef_vel + adm_acc * T;
      |                                                   ^
/home/yanji/robot_screwing/src/screw_robot_control/src/right_arm_control_test.cpp:260:5: error: ‘linear_disp’ was not declared in this scope
  260 |     linear_disp = adm_vel.head(3) * T;
      |     ^~~~~~~~~~~
/home/yanji/robot_screwing/src/screw_robot_control/src/right_arm_control_test.cpp:261:5: error: ‘angular_disp’ was not declared in this scope
  261 |     angular_disp = adm_vel.tail(3) * T;
      |     ^~~~~~~~~~~~
/home/yanji/robot_screwing/src/screw_robot_control/src/right_arm_control_test.cpp:262:19: error: ‘selection_vector’ was not declared in this scope; did you mean ‘rotation_vector’?
  262 |     linear_disp = selection_vector.head<3>().cwiseProduct(linear_disp);
      |                   ^~~~~~~~~~~~~~~~
      |                   rotation_vector
/home/yanji/robot_screwing/src/screw_robot_control/src/right_arm_control_test.cpp:262:44: error: expected primary-expression before ‘)’ token
  262 |     linear_disp = selection_vector.head<3>().cwiseProduct(linear_disp);
      |                                            ^
/home/yanji/robot_screwing/src/screw_robot_control/src/right_arm_control_test.cpp:263:45: error: expected primary-expression before ‘)’ token
  263 |     angular_disp = selection_vector.tail<3>().cwiseProduct(angular_disp);
      |                                             ^
/home/yanji/robot_screwing/src/screw_robot_control/src/right_arm_control_test.cpp: At global scope:
/home/yanji/robot_screwing/src/screw_robot_control/src/right_arm_control_test.cpp:271:6: error: ‘RobotAdmittanceControl’ has not been declared
  271 | void RobotAdmittanceControl::tcp_admittance_run(){
      |      ^~~~~~~~~~~~~~~~~~~~~~
/home/yanji/robot_screwing/src/screw_robot_control/src/right_arm_control_test.cpp: In function ‘void right_arm::tcp_admittance_run()’:
/home/yanji/robot_screwing/src/screw_robot_control/src/right_arm_control_test.cpp:272:5: error: ‘robot’ was not declared in this scope
  272 |     robot.servo_move_enable(true);
      |     ^~~~~
/home/yanji/robot_screwing/src/screw_robot_control/src/right_arm_control_test.cpp:273:5: error: ‘wish_force’ was not declared in this scope
  273 |     wish_force << 0, 0, 0, 0, 0, 0;  //期望力
      |     ^~~~~~~~~~
/home/yanji/robot_screwing/src/screw_robot_control/src/right_arm_control_test.cpp:274:5: error: ‘selection_vector’ was not declared in this scope
  274 |     selection_vector<< 0, 0, 0, 0, 1, 0; //选择向量
      |     ^~~~~~~~~~~~~~~~
/home/yanji/robot_screwing/src/screw_robot_control/src/right_arm_control_test.cpp:276:5: error: ‘object_length’ was not declared in this scope
  276 |     object_length << 0, 0, 0.021;   //m6*35螺丝 30 * 5.5
      |     ^~~~~~~~~~~~~
/home/yanji/robot_screwing/src/screw_robot_control/src/right_arm_control_test.cpp:277:5: error: ‘eef_offset’ was not declared in this scope
  277 |     eef_offset = eef_offset_basic + object_length;
      |     ^~~~~~~~~~
/home/yanji/robot_screwing/src/screw_robot_control/src/right_arm_control_test.cpp:277:18: error: ‘eef_offset_basic’ was not declared in this scope
  277 |     eef_offset = eef_offset_basic + object_length;
      |                  ^~~~~~~~~~~~~~~~
/home/yanji/robot_screwing/src/screw_robot_control/src/right_arm_control_test.cpp:279:5: error: ‘eef_offset_to_sensor’ was not declared in this scope
  279 |     eef_offset_to_sensor = eef_offset_to_sensor_basic + object_length; //更新tcp
      |     ^~~~~~~~~~~~~~~~~~~~
/home/yanji/robot_screwing/src/screw_robot_control/src/right_arm_control_test.cpp:279:28: error: ‘eef_offset_to_sensor_basic’ was not declared in this scope
  279 |     eef_offset_to_sensor = eef_offset_to_sensor_basic + object_length; //更新tcp
      |                            ^~~~~~~~~~~~~~~~~~~~~~~~~~
/home/yanji/robot_screwing/src/screw_robot_control/src/right_arm_control_test.cpp:281:5: error: ‘tcp_set’ was not declared in this scope; did you mean ‘tzset’?
  281 |     tcp_set.tran.x = eef_offset[0]*1000; tcp_set.tran.y = eef_offset[1]*1000; tcp_set.tran.z = eef_offset[2]*1000;
      |     ^~~~~~~
      |     tzset
/home/yanji/robot_screwing/src/screw_robot_control/src/right_arm_control_test.cpp:282:43: error: ‘PI’ was not declared in this scope
  282 |     tcp_set.rpy.rx = 0; tcp_set.rpy.ry = -PI; tcp_set.rpy.rz = 0;
      |                                           ^~
/home/yanji/robot_screwing/src/screw_robot_control/src/right_arm_control_test.cpp:285:24: error: ‘id_ret’ was not declared in this scope; did you mean ‘id_t’?
  285 |     robot.get_tool_id(&id_ret);
      |                        ^~~~~~
      |                        id_t
/home/yanji/robot_screwing/src/screw_robot_control/src/right_arm_control_test.cpp:286:28: error: ‘tcp_ret’ was not declared in this scope
  286 |     robot.get_tool_data(6,&tcp_ret);
      |                            ^~~~~~~
/home/yanji/robot_screwing/src/screw_robot_control/src/right_arm_control_test.cpp:291:5: error: ‘adm_m’ was not declared in this scope
  291 |     adm_m << 3, 3, 4, 0.5, 0.5, 0.5;
      |     ^~~~~
/home/yanji/robot_screwing/src/screw_robot_control/src/right_arm_control_test.cpp:292:5: error: ‘adm_k’ was not declared in this scope
  292 |     adm_k << 700.0, 700.0, 1100.0, 0.5, 0.5, 0.5;
      |     ^~~~~
/home/yanji/robot_screwing/src/screw_robot_control/src/right_arm_control_test.cpp:294:9: error: ‘adm_d’ was not declared in this scope
  294 |         adm_d[i] = 2 * sqrt(adm_m[i] * adm_k[i]);
      |         ^~~~~
/home/yanji/robot_screwing/src/screw_robot_control/src/right_arm_control_test.cpp:300:5: error: ‘eef_pos_d’ was not declared in this scope
  300 |     eef_pos_d = eef_pos;
      |     ^~~~~~~~~
/home/yanji/robot_screwing/src/screw_robot_control/src/right_arm_control_test.cpp:300:17: error: ‘eef_pos’ was not declared in this scope
  300 |     eef_pos_d = eef_pos;
      |                 ^~~~~~~
/home/yanji/robot_screwing/src/screw_robot_control/src/right_arm_control_test.cpp:301:5: error: ‘eef_rotm_d’ was not declared in this scope
  301 |     eef_rotm_d = eef_rotm;
      |     ^~~~~~~~~~
/home/yanji/robot_screwing/src/screw_robot_control/src/right_arm_control_test.cpp:301:18: error: ‘eef_rotm’ was not declared in this scope
  301 |     eef_rotm_d = eef_rotm;
      |                  ^~~~~~~~
/home/yanji/robot_screwing/src/screw_robot_control/src/right_arm_control_test.cpp:316:9: error: ‘linear_disp_clipped’ was not declared in this scope
  316 |         linear_disp_clipped = linear_disp.cwiseMin(0.01).cwiseMax(-0.01);
      |         ^~~~~~~~~~~~~~~~~~~
/home/yanji/robot_screwing/src/screw_robot_control/src/right_arm_control_test.cpp:316:31: error: ‘linear_disp’ was not declared in this scope
  316 |         linear_disp_clipped = linear_disp.cwiseMin(0.01).cwiseMax(-0.01);
      |                               ^~~~~~~~~~~
/home/yanji/robot_screwing/src/screw_robot_control/src/right_arm_control_test.cpp:317:9: error: ‘angluer_disp_clipped’ was not declared in this scope
  317 |         angluer_disp_clipped = angular_disp.cwiseMin(0.01).cwiseMax(-0.01); //此处获取了在tcp坐标系下机器人末端的位移偏量
      |         ^~~~~~~~~~~~~~~~~~~~
/home/yanji/robot_screwing/src/screw_robot_control/src/right_arm_control_test.cpp:317:32: error: ‘angular_disp’ was not declared in this scope
  317 |         angluer_disp_clipped = angular_disp.cwiseMin(0.01).cwiseMax(-0.01); //此处获取了在tcp坐标系下机器人末端的位移偏量
      |                                ^~~~~~~~~~~~
/home/yanji/robot_screwing/src/screw_robot_control/src/right_arm_control_test.cpp:319:9: error: ‘new_linear_eef’ was not declared in this scope
  319 |         new_linear_eef = eef_pos + linear_disp_clipped; //最后将总偏移量再加到原始的tcp坐标上面去。
      |         ^~~~~~~~~~~~~~
/home/yanji/robot_screwing/src/screw_robot_control/src/right_arm_control_test.cpp:321:57: error: ‘new_rotm_eef’ was not declared in this scope
  321 |         updata_rotation(eef_rotm, angluer_disp_clipped, new_rotm_eef);
      |                                                         ^~~~~~~~~~~~
/home/yanji/robot_screwing/src/screw_robot_control/src/right_arm_control_test.cpp:326:9: error: ‘new_rotm’ was not declared in this scope
  326 |         new_rotm.x.x = new_rotm_eef(0,0); new_rotm.y.x = new_rotm_eef(1,0); new_rotm.z.x = new_rotm_eef(2,0);
      |         ^~~~~~~~
/home/yanji/robot_screwing/src/screw_robot_control/src/right_arm_control_test.cpp:329:45: error: ‘new_rpy’ was not declared in this scope
  329 |         robot.rot_matrix_to_rpy(&new_rotm, &new_rpy); //转欧拉角
      |                                             ^~~~~~~
/home/yanji/robot_screwing/src/screw_robot_control/src/right_arm_control_test.cpp:330:9: error: ‘new_pos’ was not declared in this scope
  330 |         new_pos.rpy.rx = new_rpy.rx; new_pos.rpy.ry = new_rpy.ry; new_pos.rpy.rz = new_rpy.rz;
      |         ^~~~~~~
/home/yanji/robot_screwing/src/screw_robot_control/src/right_arm_control_test.cpp: At global scope:
/home/yanji/robot_screwing/src/screw_robot_control/src/right_arm_control_test.cpp:346:6: error: ‘RobotAdmittanceControl’ has not been declared
  346 | void RobotAdmittanceControl::print_eef(char choice){
      |      ^~~~~~~~~~~~~~~~~~~~~~
/home/yanji/robot_screwing/src/screw_robot_control/src/right_arm_control_test.cpp: In function ‘void right_arm::print_eef(char)’:
/home/yanji/robot_screwing/src/screw_robot_control/src/right_arm_control_test.cpp:350:13: error: ‘object_length’ was not declared in this scope
  350 |             object_length << 0, 0, 0.025;   //M12 六角头螺丝
      |             ^~~~~~~~~~~~~
/home/yanji/robot_screwing/src/screw_robot_control/src/right_arm_control_test.cpp:369:5: error: ‘eef_offset’ was not declared in this scope
  369 |     eef_offset = eef_offset_basic + object_length;
      |     ^~~~~~~~~~
/home/yanji/robot_screwing/src/screw_robot_control/src/right_arm_control_test.cpp:369:18: error: ‘eef_offset_basic’ was not declared in this scope
  369 |     eef_offset = eef_offset_basic + object_length;
      |                  ^~~~~~~~~~~~~~~~
/home/yanji/robot_screwing/src/screw_robot_control/src/right_arm_control_test.cpp:369:37: error: ‘object_length’ was not declared in this scope
  369 |     eef_offset = eef_offset_basic + object_length;
      |                                     ^~~~~~~~~~~~~
/home/yanji/robot_screwing/src/screw_robot_control/src/right_arm_control_test.cpp:371:5: error: ‘eef_offset_to_sensor’ was not declared in this scope
  371 |     eef_offset_to_sensor = eef_offset_to_sensor_basic + object_length; //更新tcp
      |     ^~~~~~~~~~~~~~~~~~~~
/home/yanji/robot_screwing/src/screw_robot_control/src/right_arm_control_test.cpp:371:28: error: ‘eef_offset_to_sensor_basic’ was not declared in this scope
  371 |     eef_offset_to_sensor = eef_offset_to_sensor_basic + object_length; //更新tcp
      |                            ^~~~~~~~~~~~~~~~~~~~~~~~~~
/home/yanji/robot_screwing/src/screw_robot_control/src/right_arm_control_test.cpp:376:25: error: ‘eef_pos’ was not declared in this scope
  376 |     cout << "eef_pos"<< eef_pos << endl;
      |                         ^~~~~~~
/home/yanji/robot_screwing/src/screw_robot_control/src/right_arm_control_test.cpp:377:26: error: ‘eigen_rpy’ was not declared in this scope
  377 |     cout << "eigen_rpy"<<eigen_rpy << endl;
      |                          ^~~~~~~~~
/home/yanji/robot_screwing/src/screw_robot_control/src/right_arm_control_test.cpp: At global scope:
/home/yanji/robot_screwing/src/screw_robot_control/src/right_arm_control_test.cpp:381:6: error: ‘RobotAdmittanceControl’ has not been declared
  381 | void RobotAdmittanceControl::linear_search(char choice_tcp){
      |      ^~~~~~~~~~~~~~~~~~~~~~
/home/yanji/robot_screwing/src/screw_robot_control/src/right_arm_control_test.cpp: In function ‘void right_arm::linear_search(char)’:
/home/yanji/robot_screwing/src/screw_robot_control/src/right_arm_control_test.cpp:383:5: error: ‘wish_force’ was not declared in this scope
  383 |     wish_force << 0, 0, -5, 0, 0, 0;  //期望力
      |     ^~~~~~~~~~
/home/yanji/robot_screwing/src/screw_robot_control/src/right_arm_control_test.cpp:384:5: error: ‘selection_vector’ was not declared in this scope
  384 |     selection_vector<<1, 1, 1, 0, 0, 0; //选择向量
      |     ^~~~~~~~~~~~~~~~
/home/yanji/robot_screwing/src/screw_robot_control/src/right_arm_control_test.cpp:385:5: error: ‘adm_m’ was not declared in this scope
  385 |     adm_m << 3, 3, 3, 0.5, 0.5, 0.5;
      |     ^~~~~
/home/yanji/robot_screwing/src/screw_robot_control/src/right_arm_control_test.cpp:386:5: error: ‘adm_k’ was not declared in this scope
  386 |     adm_k << 700.0, 700.0, 1200.0, 0.5, 0.5, 0.5;
      |     ^~~~~
/home/yanji/robot_screwing/src/screw_robot_control/src/right_arm_control_test.cpp:388:9: error: ‘adm_d’ was not declared in this scope
  388 |         adm_d[i] = 4 * sqrt(adm_m[i] * adm_k[i]);}
      |         ^~~~~
/home/yanji/robot_screwing/src/screw_robot_control/src/right_arm_control_test.cpp:389:5: error: ‘adm_d’ was not declared in this scope
  389 |     adm_d[0] = 3.5 * sqrt(adm_m[0] * adm_k[0]);
      |     ^~~~~
/home/yanji/robot_screwing/src/screw_robot_control/src/right_arm_control_test.cpp:392:5: error: ‘robot’ was not declared in this scope
  392 |     robot.set_compliant_type(1, 0);
      |     ^~~~~
/home/yanji/robot_screwing/src/screw_robot_control/src/right_arm_control_test.cpp:399:11: error: ‘object_length’ was not declared in this scope
  399 |           object_length << 0, 0, 0.025;   //M12 六角头螺丝
      |           ^~~~~~~~~~~~~
/home/yanji/robot_screwing/src/screw_robot_control/src/right_arm_control_test.cpp:422:3: error: ‘eef_offset’ was not declared in this scope
  422 |   eef_offset = eef_offset_basic + object_length;
      |   ^~~~~~~~~~
/home/yanji/robot_screwing/src/screw_robot_control/src/right_arm_control_test.cpp:422:16: error: ‘eef_offset_basic’ was not declared in this scope
  422 |   eef_offset = eef_offset_basic + object_length;
      |                ^~~~~~~~~~~~~~~~
/home/yanji/robot_screwing/src/screw_robot_control/src/right_arm_control_test.cpp:422:35: error: ‘object_length’ was not declared in this scope
  422 |   eef_offset = eef_offset_basic + object_length;
      |                                   ^~~~~~~~~~~~~
/home/yanji/robot_screwing/src/screw_robot_control/src/right_arm_control_test.cpp:424:3: error: ‘eef_offset_to_sensor’ was not declared in this scope
  424 |   eef_offset_to_sensor = eef_offset_to_sensor_basic + object_length; //更新tcp
      |   ^~~~~~~~~~~~~~~~~~~~
/home/yanji/robot_screwing/src/screw_robot_control/src/right_arm_control_test.cpp:424:26: error: ‘eef_offset_to_sensor_basic’ was not declared in this scope
  424 |   eef_offset_to_sensor = eef_offset_to_sensor_basic + object_length; //更新tcp
      |                          ^~~~~~~~~~~~~~~~~~~~~~~~~~
/home/yanji/robot_screwing/src/screw_robot_control/src/right_arm_control_test.cpp:431:3: error: ‘eef_pos_d’ was not declared in this scope
  431 |   eef_pos_d = eef_pos;
      |   ^~~~~~~~~
/home/yanji/robot_screwing/src/screw_robot_control/src/right_arm_control_test.cpp:431:15: error: ‘eef_pos’ was not declared in this scope
  431 |   eef_pos_d = eef_pos;
      |               ^~~~~~~
/home/yanji/robot_screwing/src/screw_robot_control/src/right_arm_control_test.cpp:432:3: error: ‘eef_rotm_d’ was not declared in this scope
  432 |   eef_rotm_d = eef_rotm;
      |   ^~~~~~~~~~
/home/yanji/robot_screwing/src/screw_robot_control/src/right_arm_control_test.cpp:432:16: error: ‘eef_rotm’ was not declared in this scope
  432 |   eef_rotm_d = eef_rotm;
      |                ^~~~~~~~
/home/yanji/robot_screwing/src/screw_robot_control/src/right_arm_control_test.cpp:449:11: error: ‘tcp_force’ was not declared in this scope; did you mean ‘get_tcp_force’?
  449 |       if (tcp_force[2] > 3){
      |           ^~~~~~~~~
      |           get_tcp_force
/home/yanji/robot_screwing/src/screw_robot_control/src/right_arm_control_test.cpp:469:7: error: ‘linear_disp_clipped’ was not declared in this scope
  469 |       linear_disp_clipped = linear_disp.cwiseMin(0.01).cwiseMax(-0.01);
      |       ^~~~~~~~~~~~~~~~~~~
/home/yanji/robot_screwing/src/screw_robot_control/src/right_arm_control_test.cpp:469:29: error: ‘linear_disp’ was not declared in this scope
  469 |       linear_disp_clipped = linear_disp.cwiseMin(0.01).cwiseMax(-0.01);
      |                             ^~~~~~~~~~~
/home/yanji/robot_screwing/src/screw_robot_control/src/right_arm_control_test.cpp:470:7: error: ‘angluer_disp_clipped’ was not declared in this scope
  470 |       angluer_disp_clipped = angular_disp.cwiseMin(0.01).cwiseMax(-0.01); //此处获取了在tcp坐标系下机器人末端的位移偏量
      |       ^~~~~~~~~~~~~~~~~~~~
/home/yanji/robot_screwing/src/screw_robot_control/src/right_arm_control_test.cpp:470:30: error: ‘angular_disp’ was not declared in this scope
  470 |       angluer_disp_clipped = angular_disp.cwiseMin(0.01).cwiseMax(-0.01); //此处获取了在tcp坐标系下机器人末端的位移偏量
      |                              ^~~~~~~~~~~~
/home/yanji/robot_screwing/src/screw_robot_control/src/right_arm_control_test.cpp:472:7: error: ‘new_linear_eef’ was not declared in this scope
  472 |       new_linear_eef = eef_pos + eef_rotm * linear_disp_clipped; //最后将总偏移量再加到原始的tcp坐标上面去。
      |       ^~~~~~~~~~~~~~
/home/yanji/robot_screwing/src/screw_robot_control/src/right_arm_control_test.cpp:476:55: error: ‘new_rotm_eef’ was not declared in this scope
  476 |       updata_rotation(eef_rotm, angluer_disp_clipped, new_rotm_eef);
      |                                                       ^~~~~~~~~~~~
/home/yanji/robot_screwing/src/screw_robot_control/src/right_arm_control_test.cpp:479:7: error: ‘new_rotm’ was not declared in this scope
  479 |       new_rotm.x.x = new_angular(0,0); new_rotm.y.x = new_angular(1,0); new_rotm.z.x = new_angular(2,0);
      |       ^~~~~~~~
/home/yanji/robot_screwing/src/screw_robot_control/src/right_arm_control_test.cpp:479:22: error: ‘new_angular’ was not declared in this scope
  479 |       new_rotm.x.x = new_angular(0,0); new_rotm.y.x = new_angular(1,0); new_rotm.z.x = new_angular(2,0);
      |                      ^~~~~~~~~~~
/home/yanji/robot_screwing/src/screw_robot_control/src/right_arm_control_test.cpp:482:43: error: ‘new_rpy’ was not declared in this scope
  482 |       robot.rot_matrix_to_rpy(&new_rotm, &new_rpy); //link6 转欧拉角
      |                                           ^~~~~~~
/home/yanji/robot_screwing/src/screw_robot_control/src/right_arm_control_test.cpp:484:7: error: ‘new_pos’ was not declared in this scope
  484 |       new_pos.tran.x = new_linear[0] * 1000; new_pos.tran.y = new_linear[1] * 1000; new_pos.tran.z = new_linear[2] * 1000;
      |       ^~~~~~~
/home/yanji/robot_screwing/src/screw_robot_control/src/right_arm_control_test.cpp:484:24: error: ‘new_linear’ was not declared in this scope
  484 |       new_pos.tran.x = new_linear[0] * 1000; new_pos.tran.y = new_linear[1] * 1000; new_pos.tran.z = new_linear[2] * 1000;
      |                        ^~~~~~~~~~
/home/yanji/robot_screwing/src/screw_robot_control/src/right_arm_control_test.cpp:487:36: error: ‘loop_rate’ was not declared in this scope
  487 |       robot.servo_p(&new_pos, ABS, loop_rate);
      |                                    ^~~~~~~~~
/home/yanji/robot_screwing/src/screw_robot_control/src/right_arm_control_test.cpp: At global scope:
/home/yanji/robot_screwing/src/screw_robot_control/src/right_arm_control_test.cpp:497:6: error: ‘RobotAdmittanceControl’ has not been declared
  497 | void RobotAdmittanceControl::passive_fine(){
      |      ^~~~~~~~~~~~~~~~~~~~~~
/home/yanji/robot_screwing/src/screw_robot_control/src/right_arm_control_test.cpp: In function ‘void right_arm::passive_fine()’:
/home/yanji/robot_screwing/src/screw_robot_control/src/right_arm_control_test.cpp:501:3: error: ‘wish_force’ was not declared in this scope
  501 |   wish_force << 0, 0, -10, 0, 0, 0;  //期望力
      |   ^~~~~~~~~~
/home/yanji/robot_screwing/src/screw_robot_control/src/right_arm_control_test.cpp:502:3: error: ‘selection_vector’ was not declared in this scope
  502 |   selection_vector<<1, 1, 1, 0, 0, 0; //选择向量
      |   ^~~~~~~~~~~~~~~~
/home/yanji/robot_screwing/src/screw_robot_control/src/right_arm_control_test.cpp:503:3: error: ‘adm_m’ was not declared in this scope
  503 |   adm_m << 3, 3, 3, 0.5, 0.5, 0.5;
      |   ^~~~~
/home/yanji/robot_screwing/src/screw_robot_control/src/right_arm_control_test.cpp:504:3: error: ‘adm_k’ was not declared in this scope
  504 |   adm_k << 700.0, 700.0, 1300.0, 0.5, 0.5, 0.5;
      |   ^~~~~
/home/yanji/robot_screwing/src/screw_robot_control/src/right_arm_control_test.cpp:506:7: error: ‘adm_d’ was not declared in this scope
  506 |       adm_d[i] = 4 * sqrt(adm_m[i] * adm_k[i]);
      |       ^~~~~
/home/yanji/robot_screwing/src/screw_robot_control/src/right_arm_control_test.cpp:508:3: error: ‘adm_d’ was not declared in this scope
  508 |   adm_d[0] = 3.5 * sqrt(adm_m[0] * adm_k[0]);
      |   ^~~~~
/home/yanji/robot_screwing/src/screw_robot_control/src/right_arm_control_test.cpp:511:3: error: ‘eef_pos_d’ was not declared in this scope
  511 |   eef_pos_d = eef_pos;
      |   ^~~~~~~~~
/home/yanji/robot_screwing/src/screw_robot_control/src/right_arm_control_test.cpp:511:15: error: ‘eef_pos’ was not declared in this scope
  511 |   eef_pos_d = eef_pos;
      |               ^~~~~~~
/home/yanji/robot_screwing/src/screw_robot_control/src/right_arm_control_test.cpp:512:3: error: ‘eef_rotm_d’ was not declared in this scope
  512 |   eef_rotm_d = eef_rotm;
      |   ^~~~~~~~~~
/home/yanji/robot_screwing/src/screw_robot_control/src/right_arm_control_test.cpp:512:16: error: ‘eef_rotm’ was not declared in this scope
  512 |   eef_rotm_d = eef_rotm;
      |                ^~~~~~~~
/home/yanji/robot_screwing/src/screw_robot_control/src/right_arm_control_test.cpp:516:3: error: ‘screw_execute_status_’ was not declared in this scope
  516 |   screw_execute_status_ = 2; //初始化，肯定是未运行的；
      |   ^~~~~~~~~~~~~~~~~~~~~
/home/yanji/robot_screwing/src/screw_robot_control/src/right_arm_control_test.cpp:517:3: error: ‘new_rpy’ was not declared in this scope
  517 |   new_rpy.rx = current_rpy.rx;
      |   ^~~~~~~
/home/yanji/robot_screwing/src/screw_robot_control/src/right_arm_control_test.cpp:517:16: error: ‘current_rpy’ was not declared in this scope
  517 |   new_rpy.rx = current_rpy.rx;
      |                ^~~~~~~~~~~
/home/yanji/robot_screwing/src/screw_robot_control/src/right_arm_control_test.cpp:519:3: error: ‘screw_execute_result_’ was not declared in this scope
  519 |   screw_execute_result_ = 9; //不需要对其进行初始化，一开始他没有结果
      |   ^~~~~~~~~~~~~~~~~~~~~
/home/yanji/robot_screwing/src/screw_robot_control/src/right_arm_control_test.cpp:575:28: error: ‘RobotAdmittanceControl’ has not been declared
  575 |                 std::bind(&RobotAdmittanceControl::active_cb, this);
      |                            ^~~~~~~~~~~~~~~~~~~~~~
/home/yanji/robot_screwing/src/screw_robot_control/src/right_arm_control_test.cpp:575:63: error: invalid use of ‘this’ in non-member function
  575 |                 std::bind(&RobotAdmittanceControl::active_cb, this);
      |                                                               ^~~~
/home/yanji/robot_screwing/src/screw_robot_control/src/right_arm_control_test.cpp:577:18: error: invalid use of ‘this’ in non-member function
  577 |                 [this](rclcpp_action::ClientGoalHandle<robot_msgs::action::Screw>::SharedPtr handle,
      |                  ^~~~
/home/yanji/robot_screwing/src/screw_robot_control/src/right_arm_control_test.cpp: In lambda function:
/home/yanji/robot_screwing/src/screw_robot_control/src/right_arm_control_test.cpp:579:19: error: ‘this’ was not captured for this lambda function
  579 |                   this->feedback_cb(handle, feedback);
      |                   ^~~~
/home/yanji/robot_screwing/src/screw_robot_control/src/right_arm_control_test.cpp: In function ‘void right_arm::passive_fine()’:
/home/yanji/robot_screwing/src/screw_robot_control/src/right_arm_control_test.cpp:582:18: error: invalid use of ‘this’ in non-member function
  582 |                 [this](const rclcpp_action::ClientGoalHandle<robot_msgs::action::Screw>::WrappedResult &result) {
      |                  ^~~~
/home/yanji/robot_screwing/src/screw_robot_control/src/right_arm_control_test.cpp: In lambda function:
/home/yanji/robot_screwing/src/screw_robot_control/src/right_arm_control_test.cpp:583:19: error: ‘this’ was not captured for this lambda function
  583 |                   this->done_cb(result);
      |                   ^~~~
/home/yanji/robot_screwing/src/screw_robot_control/src/right_arm_control_test.cpp: In function ‘void right_arm::passive_fine()’:
/home/yanji/robot_screwing/src/screw_robot_control/src/right_arm_control_test.cpp:591:13: error: ‘client_’ was not declared in this scope
  591 |             client_->async_send_goal(goal_msg, send_goal_options);
      |             ^~~~~~~
/home/yanji/robot_screwing/src/screw_robot_control/src/right_arm_control_test.cpp:632:11: error: ‘linear_disp_clipped’ was not declared in this scope
  632 |           linear_disp_clipped = linear_disp.cwiseMin(0.01).cwiseMax(-0.01);
      |           ^~~~~~~~~~~~~~~~~~~
/home/yanji/robot_screwing/src/screw_robot_control/src/right_arm_control_test.cpp:632:33: error: ‘linear_disp’ was not declared in this scope
  632 |           linear_disp_clipped = linear_disp.cwiseMin(0.01).cwiseMax(-0.01);
      |                                 ^~~~~~~~~~~
/home/yanji/robot_screwing/src/screw_robot_control/src/right_arm_control_test.cpp:633:11: error: ‘angluer_disp_clipped’ was not declared in this scope
  633 |           angluer_disp_clipped = angular_disp.cwiseMin(0.01).cwiseMax(-0.01); //此处获取了在tcp坐标系下机器人末端的位移偏量
      |           ^~~~~~~~~~~~~~~~~~~~
/home/yanji/robot_screwing/src/screw_robot_control/src/right_arm_control_test.cpp:633:34: error: ‘angular_disp’ was not declared in this scope
  633 |           angluer_disp_clipped = angular_disp.cwiseMin(0.01).cwiseMax(-0.01); //此处获取了在tcp坐标系下机器人末端的位移偏量
      |                                  ^~~~~~~~~~~~
/home/yanji/robot_screwing/src/screw_robot_control/src/right_arm_control_test.cpp:636:11: error: ‘new_linear_eef’ was not declared in this scope
  636 |           new_linear_eef = eef_pos + eef_rotm * linear_disp_clipped; //最后将总偏移量再加到原始的tcp坐标上面去。
      |           ^~~~~~~~~~~~~~
/home/yanji/robot_screwing/src/screw_robot_control/src/right_arm_control_test.cpp:638:59: error: ‘new_rotm_eef’ was not declared in this scope
  638 |           updata_rotation(eef_rotm, angluer_disp_clipped, new_rotm_eef);
      |                                                           ^~~~~~~~~~~~
/home/yanji/robot_screwing/src/screw_robot_control/src/right_arm_control_test.cpp:640:11: error: ‘new_pos’ was not declared in this scope
  640 |           new_pos.tran.x = new_linear[0] * 1000; new_pos.tran.y = new_linear[1] * 1000; new_pos.tran.z = new_linear[2] * 1000;
      |           ^~~~~~~
/home/yanji/robot_screwing/src/screw_robot_control/src/right_arm_control_test.cpp:640:28: error: ‘new_linear’ was not declared in this scope
  640 |           new_pos.tran.x = new_linear[0] * 1000; new_pos.tran.y = new_linear[1] * 1000; new_pos.tran.z = new_linear[2] * 1000;
      |                            ^~~~~~~~~~
/home/yanji/robot_screwing/src/screw_robot_control/src/right_arm_control_test.cpp:642:11: error: ‘new_rotm’ was not declared in this scope
  642 |           new_rotm.x.x = new_angular(0,0); new_rotm.y.x = new_angular(1,0); new_rotm.z.x = new_angular(2,0);
      |           ^~~~~~~~
/home/yanji/robot_screwing/src/screw_robot_control/src/right_arm_control_test.cpp:642:26: error: ‘new_angular’ was not declared in this scope
  642 |           new_rotm.x.x = new_angular(0,0); new_rotm.y.x = new_angular(1,0); new_rotm.z.x = new_angular(2,0);
      |                          ^~~~~~~~~~~
/home/yanji/robot_screwing/src/screw_robot_control/src/right_arm_control_test.cpp:645:11: error: ‘robot’ was not declared in this scope
  645 |           robot.rot_matrix_to_rpy(&new_rotm, &new_rpy); //转欧拉角
      |           ^~~~~
/home/yanji/robot_screwing/src/screw_robot_control/src/right_arm_control_test.cpp:648:40: error: ‘loop_rate’ was not declared in this scope
  648 |           robot.servo_p(&new_pos, ABS, loop_rate);
      |                                        ^~~~~~~~~
/home/yanji/robot_screwing/src/screw_robot_control/src/right_arm_control_test.cpp:655:29: error: invalid use of ‘this’ in non-member function
  655 |           rclcpp::spin_some(this->shared_from_this());
      |                             ^~~~
/home/yanji/robot_screwing/src/screw_robot_control/src/right_arm_control_test.cpp: At global scope:
/home/yanji/robot_screwing/src/screw_robot_control/src/right_arm_control_test.cpp:660:6: error: ‘RobotAdmittanceControl’ has not been declared
  660 | void RobotAdmittanceControl::grasp_obj(){
      |      ^~~~~~~~~~~~~~~~~~~~~~
/home/yanji/robot_screwing/src/screw_robot_control/src/right_arm_control_test.cpp: In function ‘void right_arm::grasp_obj()’:
/home/yanji/robot_screwing/src/screw_robot_control/src/right_arm_control_test.cpp:665:20: error: ‘RobotAdmittanceControl’ has not been declared
  665 |         std::bind(&RobotAdmittanceControl::active_cb, this);
      |                    ^~~~~~~~~~~~~~~~~~~~~~
/home/yanji/robot_screwing/src/screw_robot_control/src/right_arm_control_test.cpp:665:55: error: invalid use of ‘this’ in non-member function
  665 |         std::bind(&RobotAdmittanceControl::active_cb, this);
      |                                                       ^~~~
/home/yanji/robot_screwing/src/screw_robot_control/src/right_arm_control_test.cpp:667:10: error: invalid use of ‘this’ in non-member function
  667 |         [this](rclcpp_action::ClientGoalHandle<robot_msgs::action::Screw>::SharedPtr handle,
      |          ^~~~
/home/yanji/robot_screwing/src/screw_robot_control/src/right_arm_control_test.cpp: In lambda function:
/home/yanji/robot_screwing/src/screw_robot_control/src/right_arm_control_test.cpp:669:11: error: ‘this’ was not captured for this lambda function
  669 |           this->feedback_cb(handle, feedback);
      |           ^~~~
/home/yanji/robot_screwing/src/screw_robot_control/src/right_arm_control_test.cpp: In function ‘void right_arm::grasp_obj()’:
/home/yanji/robot_screwing/src/screw_robot_control/src/right_arm_control_test.cpp:672:10: error: invalid use of ‘this’ in non-member function
  672 |         [this](const rclcpp_action::ClientGoalHandle<robot_msgs::action::Screw>::WrappedResult &result) {
      |          ^~~~
/home/yanji/robot_screwing/src/screw_robot_control/src/right_arm_control_test.cpp: In lambda function:
/home/yanji/robot_screwing/src/screw_robot_control/src/right_arm_control_test.cpp:673:11: error: ‘this’ was not captured for this lambda function
  673 |           this->done_cb(result);
      |           ^~~~
/home/yanji/robot_screwing/src/screw_robot_control/src/right_arm_control_test.cpp: In function ‘void right_arm::grasp_obj()’:
/home/yanji/robot_screwing/src/screw_robot_control/src/right_arm_control_test.cpp:676:5: error: ‘client_’ was not declared in this scope
  676 |     client_->async_send_goal(goal_msg, send_goal_options);
      |     ^~~~~~~
/home/yanji/robot_screwing/src/screw_robot_control/src/right_arm_control_test.cpp:679:28: error: ‘screw_execute_status_’ was not declared in this scope
  679 |     while (rclcpp::ok() && screw_execute_status_ != 0) {
      |                            ^~~~~~~~~~~~~~~~~~~~~
/home/yanji/robot_screwing/src/screw_robot_control/src/right_arm_control_test.cpp:680:23: error: invalid use of ‘this’ in non-member function
  680 |     rclcpp::spin_some(this->shared_from_this());// 处理回调
      |                       ^~~~
/home/yanji/robot_screwing/src/screw_robot_control/src/right_arm_control_test.cpp: At global scope:
/home/yanji/robot_screwing/src/screw_robot_control/src/right_arm_control_test.cpp:685:6: error: ‘RobotAdmittanceControl’ has not been declared
  685 | void RobotAdmittanceControl::robot_finish(){
      |      ^~~~~~~~~~~~~~~~~~~~~~
/home/yanji/robot_screwing/src/screw_robot_control/src/right_arm_control_test.cpp: In function ‘void right_arm::robot_finish()’:
/home/yanji/robot_screwing/src/screw_robot_control/src/right_arm_control_test.cpp:687:5: error: ‘robot’ was not declared in this scope
  687 |     robot.servo_move_enable(false);
      |     ^~~~~
/home/yanji/robot_screwing/src/screw_robot_control/src/right_arm_control_test.cpp:690:5: error: ‘linear_disp’ was not declared in this scope
  690 |     linear_disp<< 0, 0, 0.04;
      |     ^~~~~~~~~~~
/home/yanji/robot_screwing/src/screw_robot_control/src/right_arm_control_test.cpp:691:5: error: ‘new_linear_eef’ was not declared in this scope
  691 |     new_linear_eef = eef_pos + eef_rotm * linear_disp;
      |     ^~~~~~~~~~~~~~
/home/yanji/robot_screwing/src/screw_robot_control/src/right_arm_control_test.cpp:691:22: error: ‘eef_pos’ was not declared in this scope
  691 |     new_linear_eef = eef_pos + eef_rotm * linear_disp;
      |                      ^~~~~~~
/home/yanji/robot_screwing/src/screw_robot_control/src/right_arm_control_test.cpp:691:32: error: ‘eef_rotm’ was not declared in this scope
  691 |     new_linear_eef = eef_pos + eef_rotm * linear_disp;
      |                                ^~~~~~~~
/home/yanji/robot_screwing/src/screw_robot_control/src/right_arm_control_test.cpp:692:5: error: ‘new_rotm_eef’ was not declared in this scope
  692 |     new_rotm_eef = eef_rotm;
      |     ^~~~~~~~~~~~
/home/yanji/robot_screwing/src/screw_robot_control/src/right_arm_control_test.cpp:694:5: error: ‘new_pos’ was not declared in this scope
  694 |     new_pos.tran.x = new_linear[0] * 1000; new_pos.tran.y = new_linear[1] * 1000; new_pos.tran.z = new_linear[2] * 1000;
      |     ^~~~~~~
/home/yanji/robot_screwing/src/screw_robot_control/src/right_arm_control_test.cpp:694:22: error: ‘new_linear’ was not declared in this scope
  694 |     new_pos.tran.x = new_linear[0] * 1000; new_pos.tran.y = new_linear[1] * 1000; new_pos.tran.z = new_linear[2] * 1000;
      |                      ^~~~~~~~~~
/home/yanji/robot_screwing/src/screw_robot_control/src/right_arm_control_test.cpp:695:22: error: ‘new_rpy’ was not declared in this scope
  695 |     new_pos.rpy.rx = new_rpy.rx; new_pos.rpy.ry = new_rpy.ry; new_pos.rpy.rz = new_rpy.rz;
      |                      ^~~~~~~
/home/yanji/robot_screwing/src/screw_robot_control/src/right_arm_control_test.cpp:703:20: error: ‘RobotAdmittanceControl’ has not been declared
  703 |         std::bind(&RobotAdmittanceControl::active_cb, this);
      |                    ^~~~~~~~~~~~~~~~~~~~~~
/home/yanji/robot_screwing/src/screw_robot_control/src/right_arm_control_test.cpp:703:55: error: invalid use of ‘this’ in non-member function
  703 |         std::bind(&RobotAdmittanceControl::active_cb, this);
      |                                                       ^~~~
/home/yanji/robot_screwing/src/screw_robot_control/src/right_arm_control_test.cpp:705:10: error: invalid use of ‘this’ in non-member function
  705 |         [this](rclcpp_action::ClientGoalHandle<robot_msgs::action::Screw>::SharedPtr handle,
      |          ^~~~
/home/yanji/robot_screwing/src/screw_robot_control/src/right_arm_control_test.cpp: In lambda function:
/home/yanji/robot_screwing/src/screw_robot_control/src/right_arm_control_test.cpp:707:11: error: ‘this’ was not captured for this lambda function
  707 |           this->feedback_cb(handle, feedback);
      |           ^~~~
/home/yanji/robot_screwing/src/screw_robot_control/src/right_arm_control_test.cpp: In function ‘void right_arm::robot_finish()’:
/home/yanji/robot_screwing/src/screw_robot_control/src/right_arm_control_test.cpp:710:10: error: invalid use of ‘this’ in non-member function
  710 |         [this](const rclcpp_action::ClientGoalHandle<robot_msgs::action::Screw>::WrappedResult &result) {
      |          ^~~~
/home/yanji/robot_screwing/src/screw_robot_control/src/right_arm_control_test.cpp: In lambda function:
/home/yanji/robot_screwing/src/screw_robot_control/src/right_arm_control_test.cpp:711:11: error: ‘this’ was not captured for this lambda function
  711 |           this->done_cb(result);
      |           ^~~~
/home/yanji/robot_screwing/src/screw_robot_control/src/right_arm_control_test.cpp: In function ‘void right_arm::robot_finish()’:
/home/yanji/robot_screwing/src/screw_robot_control/src/right_arm_control_test.cpp:713:5: error: ‘client_’ was not declared in this scope
  713 |     client_->async_send_goal(goal_msg, send_goal_options);
      |     ^~~~~~~
/home/yanji/robot_screwing/src/screw_robot_control/src/right_arm_control_test.cpp:715:28: error: ‘screw_execute_result_’ was not declared in this scope
  715 |     while (rclcpp::ok() && screw_execute_result_ != 4) {
      |                            ^~~~~~~~~~~~~~~~~~~~~
/home/yanji/robot_screwing/src/screw_robot_control/src/right_arm_control_test.cpp:716:23: error: invalid use of ‘this’ in non-member function
  716 |     rclcpp::spin_some(this->shared_from_this()); // 处理回调
      |                       ^~~~
/home/yanji/robot_screwing/src/screw_robot_control/src/right_arm_control_test.cpp: At global scope:
/home/yanji/robot_screwing/src/screw_robot_control/src/right_arm_control_test.cpp:721:6: error: ‘RobotAdmittanceControl’ has not been declared
  721 | void RobotAdmittanceControl::go_to_pose(char choice_tcp){
      |      ^~~~~~~~~~~~~~~~~~~~~~
/home/yanji/robot_screwing/src/screw_robot_control/src/right_arm_control_test.cpp: In function ‘void right_arm::go_to_pose(char)’:
/home/yanji/robot_screwing/src/screw_robot_control/src/right_arm_control_test.cpp:728:13: error: ‘object_length’ was not declared in this scope
  728 |             object_length << 0, 0, 0.025;   //M12 六角头螺丝
      |             ^~~~~~~~~~~~~
/home/yanji/robot_screwing/src/screw_robot_control/src/right_arm_control_test.cpp:741:5: error: ‘eef_offset’ was not declared in this scope
  741 |     eef_offset = eef_offset_basic + object_length;
      |     ^~~~~~~~~~
/home/yanji/robot_screwing/src/screw_robot_control/src/right_arm_control_test.cpp:741:18: error: ‘eef_offset_basic’ was not declared in this scope
  741 |     eef_offset = eef_offset_basic + object_length;
      |                  ^~~~~~~~~~~~~~~~
/home/yanji/robot_screwing/src/screw_robot_control/src/right_arm_control_test.cpp:741:37: error: ‘object_length’ was not declared in this scope
  741 |     eef_offset = eef_offset_basic + object_length;
      |                                     ^~~~~~~~~~~~~
/home/yanji/robot_screwing/src/screw_robot_control/src/right_arm_control_test.cpp:742:5: error: ‘eef_offset_to_sensor’ was not declared in this scope
  742 |     eef_offset_to_sensor = eef_offset_to_sensor_basic + object_length; //更新tcp
      |     ^~~~~~~~~~~~~~~~~~~~
/home/yanji/robot_screwing/src/screw_robot_control/src/right_arm_control_test.cpp:742:28: error: ‘eef_offset_to_sensor_basic’ was not declared in this scope
  742 |     eef_offset_to_sensor = eef_offset_to_sensor_basic + object_length; //更新tcp
      |                            ^~~~~~~~~~~~~~~~~~~~~~~~~~
/home/yanji/robot_screwing/src/screw_robot_control/src/right_arm_control_test.cpp:749:19: error: ‘PI’ was not declared in this scope
  749 |     angle = 4.5 * PI / 180;
      |                   ^~
/home/yanji/robot_screwing/src/screw_robot_control/src/right_arm_control_test.cpp:782:7: error: ‘eef_pos’ was not declared in this scope
  782 |       eef_pos << goal_pose.tran.x, goal_pose.tran.y, goal_pose.tran.z;
      |       ^~~~~~~
/home/yanji/robot_screwing/src/screw_robot_control/src/right_arm_control_test.cpp:786:7: error: ‘robot’ was not declared in this scope
  786 |       robot.rpy_to_rot_matrix(&rpy, &rot_matrix);
      |       ^~~~~
/home/yanji/robot_screwing/src/screw_robot_control/src/right_arm_control_test.cpp:787:7: error: ‘eef_rotm’ was not declared in this scope
  787 |       eef_rotm << rot_matrix.x.x, rot_matrix.x.y, rot_matrix.x.z,
      |       ^~~~~~~~
/home/yanji/robot_screwing/src/screw_robot_control/src/right_arm_control_test.cpp:792:7: error: ‘new_rotm’ was not declared in this scope
  792 |       new_rotm.x.x = new_angular(0,0); new_rotm.y.x = new_angular(1,0); new_rotm.z.x = new_angular(2,0);
      |       ^~~~~~~~
/home/yanji/robot_screwing/src/screw_robot_control/src/right_arm_control_test.cpp:792:22: error: ‘new_angular’ was not declared in this scope
  792 |       new_rotm.x.x = new_angular(0,0); new_rotm.y.x = new_angular(1,0); new_rotm.z.x = new_angular(2,0);
      |                      ^~~~~~~~~~~
/home/yanji/robot_screwing/src/screw_robot_control/src/right_arm_control_test.cpp:795:43: error: ‘new_rpy’ was not declared in this scope
  795 |       robot.rot_matrix_to_rpy(&new_rotm, &new_rpy); //转欧拉角
      |                                           ^~~~~~~
/home/yanji/robot_screwing/src/screw_robot_control/src/right_arm_control_test.cpp:797:7: error: ‘new_pos’ was not declared in this scope
  797 |       new_pos.tran.x = new_linear[0] * 1000; new_pos.tran.y = new_linear[1] * 1000; new_pos.tran.z = new_linear[2] * 1000;
      |       ^~~~~~~
/home/yanji/robot_screwing/src/screw_robot_control/src/right_arm_control_test.cpp:797:24: error: ‘new_linear’ was not declared in this scope
  797 |       new_pos.tran.x = new_linear[0] * 1000; new_pos.tran.y = new_linear[1] * 1000; new_pos.tran.z = new_linear[2] * 1000;
      |                        ^~~~~~~~~~
/home/yanji/robot_screwing/src/screw_robot_control/src/right_arm_control_test.cpp: At global scope:
/home/yanji/robot_screwing/src/screw_robot_control/src/right_arm_control_test.cpp:805:6: error: ‘RobotAdmittanceControl’ has not been declared
  805 | void RobotAdmittanceControl::reset(){
      |      ^~~~~~~~~~~~~~~~~~~~~~
/home/yanji/robot_screwing/src/screw_robot_control/src/right_arm_control_test.cpp: In function ‘void right_arm::reset()’:
/home/yanji/robot_screwing/src/screw_robot_control/src/right_arm_control_test.cpp:808:37: error: ‘PI’ was not declared in this scope
  808 |     JointValue right_joint_pos = { -PI/3, PI/3, 2*PI/3, PI/2, -PI/2, PI/2 };  //标准实验，双臂协作时的零点
      |                                     ^~
/home/yanji/robot_screwing/src/screw_robot_control/src/right_arm_control_test.cpp:809:5: error: ‘robot’ was not declared in this scope
  809 |     robot.joint_move(&right_joint_pos, ABS, true, 0.15);
      |     ^~~~~
/home/yanji/robot_screwing/src/screw_robot_control/src/right_arm_control_test.cpp: In function ‘int main(int, char**)’:
/home/yanji/robot_screwing/src/screw_robot_control/src/right_arm_control_test.cpp:821:45: error: ‘RobotAdmittanceControl’ is not a member of ‘right_arm’; did you mean ‘tcp_admittance_control’?
  821 |     auto node = std::make_shared<right_arm::RobotAdmittanceControl>();
      |                                             ^~~~~~~~~~~~~~~~~~~~~~
      |                                             tcp_admittance_control
/home/yanji/robot_screwing/src/screw_robot_control/src/right_arm_control_test.cpp:821:68: error: no matching function for call to ‘make_shared<<expression error> >()’
  821 |     auto node = std::make_shared<right_arm::RobotAdmittanceControl>();
      |                 ~~~~~~~~~~~~~~~~~~~~~~~~~~~~~~~~~~~~~~~~~~~~~~~~~~~^~
In file included from /usr/include/c++/13/memory:80,
                 from /opt/ros/foxy/include/rclcpp/rclcpp.hpp:144:
/usr/include/c++/13/bits/shared_ptr.h:1005:5: note: candidate: ‘template<class _Tp, class ... _Args> std::shared_ptr<typename std::enable_if<(! std::is_array< <template-parameter-1-1> >::value), _Tp>::type> std::make_shared(_Args&& ...)’
 1005 |     make_shared(_Args&&... __args)
      |     ^~~~~~~~~~~
/usr/include/c++/13/bits/shared_ptr.h:1005:5: note:   template argument deduction/substitution failed:
/home/yanji/robot_screwing/src/screw_robot_control/src/right_arm_control_test.cpp:821:68: error: template argument 1 is invalid
  821 |     auto node = std::make_shared<right_arm::RobotAdmittanceControl>();
      |                 ~~~~~~~~~~~~~~~~~~~~~~~~~~~~~~~~~~~~~~~~~~~~~~~~~~~^~
make[2]: *** [CMakeFiles/right_arm_control_test.dir/build.make:63：CMakeFiles/right_arm_control_test.dir/src/right_arm_control_test.cpp.o] 错误 1
make[1]: *** [CMakeFiles/Makefile2:223：CMakeFiles/right_arm_control_test.dir/all] 错误 2
make: *** [Makefile:141：all] 错误 2
