[0.529s] Invoking command in '/home/yanji/robot_screwing/src/mj_sim': PYTHONPATH=/home/yanji/robot_screwing/build/mj_sim/prefix_override:/usr/lib/python3/dist-packages/colcon_core/task/python/colcon_distutils_commands:/home/yanji/robot_screwing/install/mj_sim/lib/python3.8/site-packages:${PYTHONPATH} /usr/bin/python3 -W ignore:setup.py install is deprecated -W ignore:easy_install command is deprecated setup.py egg_info --egg-base ../../build/mj_sim build --build-base /home/yanji/robot_screwing/build/mj_sim/build install --record /home/yanji/robot_screwing/build/mj_sim/install.log --install-scripts $base/lib/mj_sim --single-version-externally-managed install_data
[0.686s] running egg_info
[0.686s] writing ../../build/mj_sim/mj_sim.egg-info/PKG-INFO
[0.687s] writing dependency_links to ../../build/mj_sim/mj_sim.egg-info/dependency_links.txt
[0.687s] writing entry points to ../../build/mj_sim/mj_sim.egg-info/entry_points.txt
[0.687s] writing requirements to ../../build/mj_sim/mj_sim.egg-info/requires.txt
[0.687s] writing top-level names to ../../build/mj_sim/mj_sim.egg-info/top_level.txt
[0.713s] reading manifest file '../../build/mj_sim/mj_sim.egg-info/SOURCES.txt'
[0.714s] writing manifest file '../../build/mj_sim/mj_sim.egg-info/SOURCES.txt'
[0.714s] running build
[0.714s] running build_py
[0.715s] running install
[0.715s] running install_lib
[0.717s] running install_data
[0.717s] running install_egg_info
[0.718s] removing '/home/yanji/robot_screwing/install/mj_sim/lib/python3.8/site-packages/mj_sim-0.0.0-py3.8.egg-info' (and everything under it)
[0.718s] Copying ../../build/mj_sim/mj_sim.egg-info to /home/yanji/robot_screwing/install/mj_sim/lib/python3.8/site-packages/mj_sim-0.0.0-py3.8.egg-info
[0.719s] running install_scripts
[0.730s] Installing mpc_node script to /home/yanji/robot_screwing/install/mj_sim/lib/mj_sim
[0.730s] Installing pose_mpc_node script to /home/yanji/robot_screwing/install/mj_sim/lib/mj_sim
[0.730s] Installing robot_sim_env script to /home/yanji/robot_screwing/install/mj_sim/lib/mj_sim
[0.730s] writing list of installed files to '/home/yanji/robot_screwing/build/mj_sim/install.log'
[0.743s] Invoked command in '/home/yanji/robot_screwing/src/mj_sim' returned '0': PYTHONPATH=/home/yanji/robot_screwing/build/mj_sim/prefix_override:/usr/lib/python3/dist-packages/colcon_core/task/python/colcon_distutils_commands:/home/yanji/robot_screwing/install/mj_sim/lib/python3.8/site-packages:${PYTHONPATH} /usr/bin/python3 -W ignore:setup.py install is deprecated -W ignore:easy_install command is deprecated setup.py egg_info --egg-base ../../build/mj_sim build --build-base /home/yanji/robot_screwing/build/mj_sim/build install --record /home/yanji/robot_screwing/build/mj_sim/install.log --install-scripts $base/lib/mj_sim --single-version-externally-managed install_data
