[0.007s] Invoking command in '/home/yanji/robot_screwing/src/build/screw_robot_control': AMENT_PREFIX_PATH=/home/yanji/robot_screwing/src/install/robot_msgs:${AMENT_PREFIX_PATH} CMAKE_PREFIX_PATH=/home/yanji/robot_screwing/src/install/robot_msgs:/home/yanji/robot_screwing/install/screw_robot_control:/home/yanji/robot_screwing/install/robot_msgs:/home/yanji/robot_screwing/install/real_robot:/home/yanji/robot_screwing/install/mj_sim:/opt/ros/foxy CONDA_PROMPT_MODIFIER=(screwrobot) LD_LIBRARY_PATH=/home/yanji/robot_screwing/src/install/robot_msgs/lib:/lib/x86_64-linux-gnu:/usr/lib/x86_64-linux-gnu:/home/yanji/robot_screwing/install/screw_robot_control/lib:/home/yanji/robot_screwing/install/robot_msgs/lib:/opt/ros/foxy/opt/yaml_cpp_vendor/lib:/opt/ros/foxy/opt/rviz_ogre_vendor/lib:/opt/ros/foxy/lib/x86_64-linux-gnu:/opt/ros/foxy/lib:/lib/x86_64-linux-gnu:/usr/lib/x86_64-linux-gnu:/usr/local/cuda/lib64:/usr/local/cuda/lib64 PYTHONPATH=/home/yanji/robot_screwing/src/install/robot_msgs/lib/python3.8/site-packages:${PYTHONPATH} /usr/bin/cmake --build /home/yanji/robot_screwing/src/build/screw_robot_control -- -j24 -l24
[0.025s] [35m[1mScanning dependencies of target SERVO_MOTOR[0m
[0.030s] [ 10%] [32mBuilding CXX object CMakeFiles/SERVO_MOTOR.dir/src/servo_motor_function.cpp.o[0m
[0.055s] [ 20%] [32m[1mLinking CXX shared library libSERVO_MOTOR.so[0m
[0.082s] [ 20%] Built target SERVO_MOTOR
[0.088s] [35m[1mScanning dependencies of target SCREWING_TOOL[0m
[0.102s] [ 30%] [32mBuilding CXX object CMakeFiles/SCREWING_TOOL.dir/src/screwing_tool.cpp.o[0m
[1.100s] [ 40%] [32m[1mLinking CXX shared library libSCREWING_TOOL.so[0m
[1.141s] [ 40%] Built target SCREWING_TOOL
[1.147s] [35m[1mScanning dependencies of target task_control_screw[0m
[1.147s] [35m[1mScanning dependencies of target right_arm_control[0m
[1.147s] [35m[1mScanning dependencies of target right_arm_control_tcp[0m
[1.164s] [ 50%] [32mBuilding CXX object CMakeFiles/task_control_screw.dir/src/task_control_screw.cpp.o[0m
[1.171s] [ 60%] [32mBuilding CXX object CMakeFiles/right_arm_control.dir/src/right_arm_control.cpp.o[0m
[1.172s] [ 70%] [32mBuilding CXX object CMakeFiles/right_arm_control_tcp.dir/src/right_arm_control_tcp.cpp.o[0m
[3.154s] [ 80%] [32m[1mLinking CXX executable task_control_screw[0m
[3.245s] [ 80%] Built target task_control_screw
[7.036s] [ 90%] [32m[1mLinking CXX executable right_arm_control[0m
[7.112s] [100%] [32m[1mLinking CXX executable right_arm_control_tcp[0m
[7.263s] [100%] Built target right_arm_control
[7.335s] [100%] Built target right_arm_control_tcp
[7.342s] Invoked command in '/home/yanji/robot_screwing/src/build/screw_robot_control' returned '0': AMENT_PREFIX_PATH=/home/yanji/robot_screwing/src/install/robot_msgs:${AMENT_PREFIX_PATH} CMAKE_PREFIX_PATH=/home/yanji/robot_screwing/src/install/robot_msgs:/home/yanji/robot_screwing/install/screw_robot_control:/home/yanji/robot_screwing/install/robot_msgs:/home/yanji/robot_screwing/install/real_robot:/home/yanji/robot_screwing/install/mj_sim:/opt/ros/foxy CONDA_PROMPT_MODIFIER=(screwrobot) LD_LIBRARY_PATH=/home/yanji/robot_screwing/src/install/robot_msgs/lib:/lib/x86_64-linux-gnu:/usr/lib/x86_64-linux-gnu:/home/yanji/robot_screwing/install/screw_robot_control/lib:/home/yanji/robot_screwing/install/robot_msgs/lib:/opt/ros/foxy/opt/yaml_cpp_vendor/lib:/opt/ros/foxy/opt/rviz_ogre_vendor/lib:/opt/ros/foxy/lib/x86_64-linux-gnu:/opt/ros/foxy/lib:/lib/x86_64-linux-gnu:/usr/lib/x86_64-linux-gnu:/usr/local/cuda/lib64:/usr/local/cuda/lib64 PYTHONPATH=/home/yanji/robot_screwing/src/install/robot_msgs/lib/python3.8/site-packages:${PYTHONPATH} /usr/bin/cmake --build /home/yanji/robot_screwing/src/build/screw_robot_control -- -j24 -l24
[7.343s] Invoking command in '/home/yanji/robot_screwing/src/build/screw_robot_control': AMENT_PREFIX_PATH=/home/yanji/robot_screwing/src/install/robot_msgs:${AMENT_PREFIX_PATH} CMAKE_PREFIX_PATH=/home/yanji/robot_screwing/src/install/robot_msgs:/home/yanji/robot_screwing/install/screw_robot_control:/home/yanji/robot_screwing/install/robot_msgs:/home/yanji/robot_screwing/install/real_robot:/home/yanji/robot_screwing/install/mj_sim:/opt/ros/foxy CONDA_PROMPT_MODIFIER=(screwrobot) LD_LIBRARY_PATH=/home/yanji/robot_screwing/src/install/robot_msgs/lib:/lib/x86_64-linux-gnu:/usr/lib/x86_64-linux-gnu:/home/yanji/robot_screwing/install/screw_robot_control/lib:/home/yanji/robot_screwing/install/robot_msgs/lib:/opt/ros/foxy/opt/yaml_cpp_vendor/lib:/opt/ros/foxy/opt/rviz_ogre_vendor/lib:/opt/ros/foxy/lib/x86_64-linux-gnu:/opt/ros/foxy/lib:/lib/x86_64-linux-gnu:/usr/lib/x86_64-linux-gnu:/usr/local/cuda/lib64:/usr/local/cuda/lib64 PYTHONPATH=/home/yanji/robot_screwing/src/install/robot_msgs/lib/python3.8/site-packages:${PYTHONPATH} /usr/bin/cmake --install /home/yanji/robot_screwing/src/build/screw_robot_control
[7.346s] -- Install configuration: ""
[7.346s] -- Installing: /home/yanji/robot_screwing/src/install/screw_robot_control/lib/libSERVO_MOTOR.so
[7.346s] -- Set runtime path of "/home/yanji/robot_screwing/src/install/screw_robot_control/lib/libSERVO_MOTOR.so" to ""
[7.346s] -- Installing: /home/yanji/robot_screwing/src/install/screw_robot_control/lib/libSCREWING_TOOL.so
[7.346s] -- Set runtime path of "/home/yanji/robot_screwing/src/install/screw_robot_control/lib/libSCREWING_TOOL.so" to ""
[7.346s] -- Installing: /home/yanji/robot_screwing/src/install/screw_robot_control/lib/screw_robot_control/right_arm_control
[7.348s] -- Set runtime path of "/home/yanji/robot_screwing/src/install/screw_robot_control/lib/screw_robot_control/right_arm_control" to ""
[7.349s] -- Installing: /home/yanji/robot_screwing/src/install/screw_robot_control/lib/screw_robot_control/task_control_screw
[7.349s] -- Set runtime path of "/home/yanji/robot_screwing/src/install/screw_robot_control/lib/screw_robot_control/task_control_screw" to ""
[7.349s] -- Installing: /home/yanji/robot_screwing/src/install/screw_robot_control/lib/screw_robot_control/right_arm_control_tcp
[7.351s] -- Set runtime path of "/home/yanji/robot_screwing/src/install/screw_robot_control/lib/screw_robot_control/right_arm_control_tcp" to ""
[7.352s] -- Up-to-date: /home/yanji/robot_screwing/src/install/screw_robot_control/lib/libjakaAPI.so
[7.352s] -- Up-to-date: /home/yanji/robot_screwing/src/install/screw_robot_control/lib/libdxl_x64_cpp.so
[7.352s] -- Up-to-date: /home/yanji/robot_screwing/src/install/screw_robot_control/include
[7.352s] -- Up-to-date: /home/yanji/robot_screwing/src/install/screw_robot_control/include/screw_robot_control
[7.352s] -- Up-to-date: /home/yanji/robot_screwing/src/install/screw_robot_control/include/screw_robot_control/dynamixel
[7.352s] -- Up-to-date: /home/yanji/robot_screwing/src/install/screw_robot_control/include/screw_robot_control/dynamixel/dynamixel_sdk.h
[7.352s] -- Up-to-date: /home/yanji/robot_screwing/src/install/screw_robot_control/include/screw_robot_control/dynamixel/port_handler.h
[7.352s] -- Up-to-date: /home/yanji/robot_screwing/src/install/screw_robot_control/include/screw_robot_control/dynamixel/packet_handler.h
[7.352s] -- Up-to-date: /home/yanji/robot_screwing/src/install/screw_robot_control/include/screw_robot_control/dynamixel/group_bulk_read.h
[7.352s] -- Up-to-date: /home/yanji/robot_screwing/src/install/screw_robot_control/include/screw_robot_control/dynamixel/protocol1_packet_handler.h
[7.352s] -- Up-to-date: /home/yanji/robot_screwing/src/install/screw_robot_control/include/screw_robot_control/dynamixel/port_handler_arduino.h
[7.352s] -- Up-to-date: /home/yanji/robot_screwing/src/install/screw_robot_control/include/screw_robot_control/dynamixel/group_sync_write.h
[7.352s] -- Up-to-date: /home/yanji/robot_screwing/src/install/screw_robot_control/include/screw_robot_control/dynamixel/port_handler_linux.h
[7.352s] -- Up-to-date: /home/yanji/robot_screwing/src/install/screw_robot_control/include/screw_robot_control/dynamixel/port_handler_windows.h
[7.353s] -- Up-to-date: /home/yanji/robot_screwing/src/install/screw_robot_control/include/screw_robot_control/dynamixel/protocol2_packet_handler.h
[7.353s] -- Up-to-date: /home/yanji/robot_screwing/src/install/screw_robot_control/include/screw_robot_control/dynamixel/port_handler_mac.h
[7.353s] -- Up-to-date: /home/yanji/robot_screwing/src/install/screw_robot_control/include/screw_robot_control/dynamixel/group_sync_read.h
[7.353s] -- Up-to-date: /home/yanji/robot_screwing/src/install/screw_robot_control/include/screw_robot_control/dynamixel/group_bulk_write.h
[7.353s] -- Up-to-date: /home/yanji/robot_screwing/src/install/screw_robot_control/include/screw_robot_control/jaka
[7.353s] -- Up-to-date: /home/yanji/robot_screwing/src/install/screw_robot_control/include/screw_robot_control/jaka/right_arm_control.hpp
[7.353s] -- Installing: /home/yanji/robot_screwing/src/install/screw_robot_control/include/screw_robot_control/jaka/servo_motor_function.hpp
[7.353s] -- Up-to-date: /home/yanji/robot_screwing/src/install/screw_robot_control/include/screw_robot_control/jaka/JAKAZuRobot.h
[7.353s] -- Up-to-date: /home/yanji/robot_screwing/src/install/screw_robot_control/include/screw_robot_control/jaka/jktypes.h
[7.353s] -- Up-to-date: /home/yanji/robot_screwing/src/install/screw_robot_control/include/screw_robot_control/jaka/task_control_screw.hpp
[7.353s] -- Up-to-date: /home/yanji/robot_screwing/src/install/screw_robot_control/include/screw_robot_control/jaka/jkerr.h
[7.353s] -- Up-to-date: /home/yanji/robot_screwing/src/install/screw_robot_control/include/screw_robot_control/jaka/right_arm_control_tcp.hpp
[7.353s] -- Up-to-date: /home/yanji/robot_screwing/src/install/screw_robot_control/include/screw_robot_control/jaka/screwing_tool.hpp
[7.353s] -- Up-to-date: /home/yanji/robot_screwing/src/install/screw_robot_control/share/screw_robot_control/launch
[7.353s] -- Up-to-date: /home/yanji/robot_screwing/src/install/screw_robot_control/share/screw_robot_control/launch/server_mpc.launch.py
[7.353s] -- Up-to-date: /home/yanji/robot_screwing/src/install/screw_robot_control/share/ament_index/resource_index/package_run_dependencies/screw_robot_control
[7.353s] -- Up-to-date: /home/yanji/robot_screwing/src/install/screw_robot_control/share/ament_index/resource_index/parent_prefix_path/screw_robot_control
[7.353s] -- Up-to-date: /home/yanji/robot_screwing/src/install/screw_robot_control/share/screw_robot_control/environment/ament_prefix_path.sh
[7.353s] -- Up-to-date: /home/yanji/robot_screwing/src/install/screw_robot_control/share/screw_robot_control/environment/ament_prefix_path.dsv
[7.353s] -- Up-to-date: /home/yanji/robot_screwing/src/install/screw_robot_control/share/screw_robot_control/environment/path.sh
[7.353s] -- Up-to-date: /home/yanji/robot_screwing/src/install/screw_robot_control/share/screw_robot_control/environment/path.dsv
[7.353s] -- Up-to-date: /home/yanji/robot_screwing/src/install/screw_robot_control/share/screw_robot_control/local_setup.bash
[7.353s] -- Up-to-date: /home/yanji/robot_screwing/src/install/screw_robot_control/share/screw_robot_control/local_setup.sh
[7.353s] -- Up-to-date: /home/yanji/robot_screwing/src/install/screw_robot_control/share/screw_robot_control/local_setup.zsh
[7.353s] -- Up-to-date: /home/yanji/robot_screwing/src/install/screw_robot_control/share/screw_robot_control/local_setup.dsv
[7.353s] -- Installing: /home/yanji/robot_screwing/src/install/screw_robot_control/share/screw_robot_control/package.dsv
[7.354s] -- Up-to-date: /home/yanji/robot_screwing/src/install/screw_robot_control/share/ament_index/resource_index/packages/screw_robot_control
[7.354s] -- Up-to-date: /home/yanji/robot_screwing/src/install/screw_robot_control/share/screw_robot_control/cmake/screw_robot_controlConfig.cmake
[7.354s] -- Up-to-date: /home/yanji/robot_screwing/src/install/screw_robot_control/share/screw_robot_control/cmake/screw_robot_controlConfig-version.cmake
[7.354s] -- Up-to-date: /home/yanji/robot_screwing/src/install/screw_robot_control/share/screw_robot_control/package.xml
[7.354s] Invoked command in '/home/yanji/robot_screwing/src/build/screw_robot_control' returned '0': AMENT_PREFIX_PATH=/home/yanji/robot_screwing/src/install/robot_msgs:${AMENT_PREFIX_PATH} CMAKE_PREFIX_PATH=/home/yanji/robot_screwing/src/install/robot_msgs:/home/yanji/robot_screwing/install/screw_robot_control:/home/yanji/robot_screwing/install/robot_msgs:/home/yanji/robot_screwing/install/real_robot:/home/yanji/robot_screwing/install/mj_sim:/opt/ros/foxy CONDA_PROMPT_MODIFIER=(screwrobot) LD_LIBRARY_PATH=/home/yanji/robot_screwing/src/install/robot_msgs/lib:/lib/x86_64-linux-gnu:/usr/lib/x86_64-linux-gnu:/home/yanji/robot_screwing/install/screw_robot_control/lib:/home/yanji/robot_screwing/install/robot_msgs/lib:/opt/ros/foxy/opt/yaml_cpp_vendor/lib:/opt/ros/foxy/opt/rviz_ogre_vendor/lib:/opt/ros/foxy/lib/x86_64-linux-gnu:/opt/ros/foxy/lib:/lib/x86_64-linux-gnu:/usr/lib/x86_64-linux-gnu:/usr/local/cuda/lib64:/usr/local/cuda/lib64 PYTHONPATH=/home/yanji/robot_screwing/src/install/robot_msgs/lib/python3.8/site-packages:${PYTHONPATH} /usr/bin/cmake --install /home/yanji/robot_screwing/src/build/screw_robot_control
