/home/yanji/robot_screwing/src/screw_robot_control/src/screwing_tool.cpp: In member function ‘int endeffector::screwing_s1(int, float, rclcpp::Publisher<robot_msgs::msg::CurrentPub_<std::allocator<void> > >::SharedPtr, robot_msgs::msg::CurrentPub&)’:
/home/yanji/robot_screwing/src/screw_robot_control/src/screwing_tool.cpp:530:21: warning: unused variable ‘pre_velo’ [-Wunused-variable]
  530 |                 int pre_velo = this->get_presentvelocity(0);
      |                     ^~~~~~~~
/home/yanji/robot_screwing/src/screw_robot_control/src/right_arm_control.cpp: In constructor ‘right_arm::RobotAdmittanceControl::RobotAdmittanceControl()’:
/home/yanji/robot_screwing/src/screw_robot_control/src/right_arm_control.cpp:18:141: error: no matching function for call to ‘std::array<double, 3>::array(std::vector<double, std::allocator<double> >::const_iterator, std::vector<double, std::allocator<double> >::const_iterator)’
   18 |     pos_para_ = std::array<double, 3>(get_parameter("pos_para").as_double_array().begin(), get_parameter("pos_para").as_double_array().end());
      |                                                                                                                                             ^
In file included from /usr/include/c++/13/functional:65,
                 from /home/yanji/anaconda3/envs/screwrobot/include/eigen3/Eigen/Core:85,
                 from /home/yanji/anaconda3/envs/screwrobot/include/eigen3/Eigen/Dense:1,
                 from /home/yanji/robot_screwing/src/screw_robot_control/include/screw_robot_control/jaka/right_arm_control.hpp:5,
                 from /home/yanji/robot_screwing/src/screw_robot_control/src/right_arm_control.cpp:1:
/usr/include/c++/13/array:94:12: note: candidate: ‘std::array<double, 3>::array()’
   94 |     struct array
      |            ^~~~~
/usr/include/c++/13/array:94:12: note:   candidate expects 0 arguments, 2 provided
/usr/include/c++/13/array:94:12: note: candidate: ‘constexpr std::array<double, 3>::array(const std::array<double, 3>&)’
/usr/include/c++/13/array:94:12: note:   candidate expects 1 argument, 2 provided
/usr/include/c++/13/array:94:12: note: candidate: ‘constexpr std::array<double, 3>::array(std::array<double, 3>&&)’
/usr/include/c++/13/array:94:12: note:   candidate expects 1 argument, 2 provided
/home/yanji/robot_screwing/src/screw_robot_control/src/right_arm_control.cpp:19:141: error: no matching function for call to ‘std::array<double, 9>::array(std::vector<double, std::allocator<double> >::const_iterator, std::vector<double, std::allocator<double> >::const_iterator)’
   19 |     ori_para_ = std::array<double, 9>(get_parameter("ori_para").as_double_array().begin(), get_parameter("ori_para").as_double_array().end());
      |                                                                                                                                             ^
/usr/include/c++/13/array:94:12: note: candidate: ‘std::array<double, 9>::array()’
   94 |     struct array
      |            ^~~~~
/usr/include/c++/13/array:94:12: note:   candidate expects 0 arguments, 2 provided
/usr/include/c++/13/array:94:12: note: candidate: ‘constexpr std::array<double, 9>::array(const std::array<double, 9>&)’
/usr/include/c++/13/array:94:12: note:   candidate expects 1 argument, 2 provided
/usr/include/c++/13/array:94:12: note: candidate: ‘constexpr std::array<double, 9>::array(std::array<double, 9>&&)’
/usr/include/c++/13/array:94:12: note:   candidate expects 1 argument, 2 provided
/home/yanji/robot_screwing/src/screw_robot_control/src/right_arm_control.cpp:71:5: error: ‘sleep’ was not declared in this scope
   71 |     sleep(1);
      |     ^~~~~
/home/yanji/robot_screwing/src/screw_robot_control/src/right_arm_control.cpp: In member function ‘void right_arm::RobotAdmittanceControl::done_cb(const rclcpp_action::ClientGoalHandle<robot_msgs::action::Screw>::WrappedResult&)’:
/home/yanji/robot_screwing/src/screw_robot_control/src/right_arm_control.cpp:94:10: error: ‘goal_handle’ was not declared in this scope
   94 |     if (!goal_handle) {
      |          ^~~~~~~~~~~
/home/yanji/robot_screwing/src/screw_robot_control/src/right_arm_control.cpp:99:19: error: ‘goal_handle’ was not declared in this scope
   99 |     auto status = goal_handle->get_status();
      |                   ^~~~~~~~~~~
/home/yanji/robot_screwing/src/screw_robot_control/src/right_arm_control.cpp:101:39: error: base operand of ‘->’ has non-pointer type ‘const rclcpp_action::ClientGoalHandle<robot_msgs::action::Screw>::WrappedResult’
  101 |         screw_execute_result_ = result->result;
      |                                       ^~
In file included from /opt/ros/foxy/include/rclcpp/client.hpp:40,
                 from /opt/ros/foxy/include/rclcpp/callback_group.hpp:23,
                 from /opt/ros/foxy/include/rclcpp/any_executable.hpp:20,
                 from /opt/ros/foxy/include/rclcpp/memory_strategy.hpp:24,
                 from /opt/ros/foxy/include/rclcpp/memory_strategies.hpp:18,
                 from /opt/ros/foxy/include/rclcpp/executor_options.hpp:20,
                 from /opt/ros/foxy/include/rclcpp/executor.hpp:33,
                 from /opt/ros/foxy/include/rclcpp/executors/multi_threaded_executor.hpp:26,
                 from /opt/ros/foxy/include/rclcpp/executors.hpp:21,
                 from /opt/ros/foxy/include/rclcpp/rclcpp.hpp:146,
                 from /home/yanji/robot_screwing/src/screw_robot_control/include/screw_robot_control/jaka/right_arm_control.hpp:11:
/home/yanji/robot_screwing/src/screw_robot_control/src/right_arm_control.cpp:102:75: error: base operand of ‘->’ has non-pointer type ‘const rclcpp_action::ClientGoalHandle<robot_msgs::action::Screw>::WrappedResult’
  102 |         RCLCPP_INFO(this->get_logger(), "screw_execute_result: %d", result->result);
      |                                                                           ^~
/home/yanji/robot_screwing/src/screw_robot_control/src/right_arm_control.cpp: In member function ‘void right_arm::RobotAdmittanceControl::ready_callback(std::shared_ptr<robot_msgs::srv::StartPose_Request_<std::allocator<void> > >, std::shared_ptr<robot_msgs::srv::StartPose_Response_<std::allocator<void> > >)’:
/home/yanji/robot_screwing/src/screw_robot_control/src/right_arm_control.cpp:132:141: error: no matching function for call to ‘std::array<double, 3>::array(std::vector<double, std::allocator<double> >::const_iterator, std::vector<double, std::allocator<double> >::const_iterator)’
  132 |     pos_para_ = std::array<double, 3>(get_parameter("pos_para").as_double_array().begin(), get_parameter("pos_para").as_double_array().end());
      |                                                                                                                                             ^
/usr/include/c++/13/array:94:12: note: candidate: ‘std::array<double, 3>::array()’
   94 |     struct array
      |            ^~~~~
/usr/include/c++/13/array:94:12: note:   candidate expects 0 arguments, 2 provided
/usr/include/c++/13/array:94:12: note: candidate: ‘constexpr std::array<double, 3>::array(const std::array<double, 3>&)’
/usr/include/c++/13/array:94:12: note:   candidate expects 1 argument, 2 provided
/usr/include/c++/13/array:94:12: note: candidate: ‘constexpr std::array<double, 3>::array(std::array<double, 3>&&)’
/usr/include/c++/13/array:94:12: note:   candidate expects 1 argument, 2 provided
/home/yanji/robot_screwing/src/screw_robot_control/src/right_arm_control.cpp:133:141: error: no matching function for call to ‘std::array<double, 9>::array(std::vector<double, std::allocator<double> >::const_iterator, std::vector<double, std::allocator<double> >::const_iterator)’
  133 |     ori_para_ = std::array<double, 9>(get_parameter("ori_para").as_double_array().begin(), get_parameter("ori_para").as_double_array().end());
      |                                                                                                                                             ^
/usr/include/c++/13/array:94:12: note: candidate: ‘std::array<double, 9>::array()’
   94 |     struct array
      |            ^~~~~
/usr/include/c++/13/array:94:12: note:   candidate expects 0 arguments, 2 provided
/usr/include/c++/13/array:94:12: note: candidate: ‘constexpr std::array<double, 9>::array(const std::array<double, 9>&)’
/usr/include/c++/13/array:94:12: note:   candidate expects 1 argument, 2 provided
/usr/include/c++/13/array:94:12: note: candidate: ‘constexpr std::array<double, 9>::array(std::array<double, 9>&&)’
/usr/include/c++/13/array:94:12: note:   candidate expects 1 argument, 2 provided
/home/yanji/robot_screwing/src/screw_robot_control/src/right_arm_control.cpp: In member function ‘void right_arm::RobotAdmittanceControl::passive_fine()’:
/home/yanji/robot_screwing/src/screw_robot_control/src/right_arm_control.cpp:479:3: error: ‘screw_execute_status’ was not declared in this scope; did you mean ‘screw_execute_status_’?
  479 |   screw_execute_status = 2; //初始化，肯定是未运行的；
      |   ^~~~~~~~~~~~~~~~~~~~
      |   screw_execute_status_
/home/yanji/robot_screwing/src/screw_robot_control/src/right_arm_control.cpp:482:3: error: ‘screw_execute_result’ was not declared in this scope; did you mean ‘screw_execute_result_’?
  482 |   screw_execute_result = 9; //不需要对其进行初始化，一开始他没有结果
      |   ^~~~~~~~~~~~~~~~~~~~
      |   screw_execute_result_
/home/yanji/robot_screwing/src/screw_robot_control/src/right_arm_control.cpp:483:3: error: ‘real_robot_control’ has not been declared
  483 |   real_robot_control::screwGoal goal;
      |   ^~~~~~~~~~~~~~~~~~
/home/yanji/robot_screwing/src/screw_robot_control/src/right_arm_control.cpp:535:13: error: ‘goal_msg’ was not declared in this scope
  535 |             goal_msg.num = flag; // 0 直接运行后续装配过程 1 运行第一阶段，接着搜索 2 出现错误，回退
      |             ^~~~~~~~
/home/yanji/robot_screwing/src/screw_robot_control/src/right_arm_control.cpp:540:115: error: no match for ‘operator=’ (operand types are ‘rclcpp_action::Client<robot_msgs::action::Screw>::FeedbackCallback’ {aka ‘std::function<void(std::shared_ptr<rclcpp_action::ClientGoalHandle<robot_msgs::action::Screw> >, std::shared_ptr<const robot_msgs::action::Screw_Feedback_<std::allocator<void> > >)>’} and ‘std::_Bind_helper<false, void (right_arm::RobotAdmittanceControl::*)(const std::shared_ptr<rclcpp_action::ClientGoalHandle<robot_msgs::action::Screw> >&, const std::shared_ptr<robot_msgs::action::Screw_Feedback_<std::allocator<void> > >&), right_arm::RobotAdmittanceControl*, const std::_Placeholder<1>&, const std::_Placeholder<2>&>::type’)
  540 |                 std::bind(&RobotAdmittanceControl::feedback_cb, this, std::placeholders::_1, std::placeholders::_2);
      |                                                                                                                   ^
In file included from /usr/include/c++/13/functional:59:
/usr/include/c++/13/bits/std_function.h:531:9: note: candidate: ‘template<class _Functor> std::function<_Res(_ArgTypes ...)>::_Requires<std::function<_Res(_ArgTypes ...)>::_Callable<_Functor>, std::function<_Res(_ArgTypes ...)>&> std::function<_Res(_ArgTypes ...)>::operator=(_Functor&&) [with _Res = void; _ArgTypes = {std::shared_ptr<rclcpp_action::ClientGoalHandle<robot_msgs::action::Screw> >, std::shared_ptr<const robot_msgs::action::Screw_Feedback_<std::allocator<void> > >}]’
  531 |         operator=(_Functor&& __f)
      |         ^~~~~~~~
/usr/include/c++/13/bits/std_function.h:531:9: note:   template argument deduction/substitution failed:
In file included from /usr/include/c++/13/bits/stl_pair.h:60,
                 from /usr/include/c++/13/bits/stl_algobase.h:64,
                 from /usr/include/c++/13/vector:62,
                 from /home/yanji/robot_screwing/src/screw_robot_control/include/screw_robot_control/jaka/right_arm_control.hpp:1:
/usr/include/c++/13/type_traits: In substitution of ‘template<bool _Cond, class _Tp> using std::__enable_if_t = typename std::enable_if::type [with bool _Cond = false; _Tp = std::function<void(std::shared_ptr<rclcpp_action::ClientGoalHandle<robot_msgs::action::Screw> >, std::shared_ptr<const robot_msgs::action::Screw_Feedback_<std::allocator<void> > >)>&]’:
/usr/include/c++/13/bits/std_function.h:353:8:   required by substitution of ‘template<class _Res, class ... _ArgTypes> template<class _Cond, class _Tp> using std::function<_Res(_ArgTypes ...)>::_Requires = std::__enable_if_t<_Cond::value, _Tp> [with _Cond = std::function<void(std::shared_ptr<rclcpp_action::ClientGoalHandle<robot_msgs::action::Screw> >, std::shared_ptr<const robot_msgs::action::Screw_Feedback_<std::allocator<void> > >)>::_Callable<std::_Bind<void (right_arm::RobotAdmittanceControl::*(right_arm::RobotAdmittanceControl*, std::_Placeholder<1>, std::_Placeholder<2>))(const std::shared_ptr<rclcpp_action::ClientGoalHandle<robot_msgs::action::Screw> >&, const std::shared_ptr<robot_msgs::action::Screw_Feedback_<std::allocator<void> > >&)>, std::_Bind<void (right_arm::RobotAdmittanceControl::*(right_arm::RobotAdmittanceControl*, std::_Placeholder<1>, std::_Placeholder<2>))(const std::shared_ptr<rclcpp_action::ClientGoalHandle<robot_msgs::action::Screw> >&, const std::shared_ptr<robot_msgs::action::Screw_Feedback_<std::allocator<void> > >&)>, std::__invoke_result<std::_Bind<void (right_arm::RobotAdmittanceControl::*(right_arm::RobotAdmittanceControl*, std::_Placeholder<1>, std::_Placeholder<2>))(const std::shared_ptr<rclcpp_action::ClientGoalHandle<robot_msgs::action::Screw> >&, const std::shared_ptr<robot_msgs::action::Screw_Feedback_<std::allocator<void> > >&)>&, std::shared_ptr<rclcpp_action::ClientGoalHandle<robot_msgs::action::Screw> >, std::shared_ptr<const robot_msgs::action::Screw_Feedback_<std::allocator<void> > > > >; _Tp = std::function<void(std::shared_ptr<rclcpp_action::ClientGoalHandle<robot_msgs::action::Screw> >, std::shared_ptr<const robot_msgs::action::Screw_Feedback_<std::allocator<void> > >)>&; _Res = void; _ArgTypes = {std::shared_ptr<rclcpp_action::ClientGoalHandle<robot_msgs::action::Screw> >, std::shared_ptr<const robot_msgs::action::Screw_Feedback_<std::allocator<void> > >}]’
/usr/include/c++/13/bits/std_function.h:531:2:   required by substitution of ‘template<class _Functor> std::function<void(std::shared_ptr<rclcpp_action::ClientGoalHandle<robot_msgs::action::Screw> >, std::shared_ptr<const robot_msgs::action::Screw_Feedback_<std::allocator<void> > >)>::_Requires<std::function<void(std::shared_ptr<rclcpp_action::ClientGoalHandle<robot_msgs::action::Screw> >, std::shared_ptr<const robot_msgs::action::Screw_Feedback_<std::allocator<void> > >)>::_Callable<_Functor, typename std::enable_if<(! std::is_same<typename std::remove_cv<typename std::remove_reference<_Tp>::type>::type, std::function<void(std::shared_ptr<rclcpp_action::ClientGoalHandle<robot_msgs::action::Screw> >, std::shared_ptr<const robot_msgs::action::Screw_Feedback_<std::allocator<void> > >)> >::value), std::decay<_Callable> >::type::type, std::__invoke_result<typename std::enable_if<(! std::is_same<typename std::remove_cv<typename std::remove_reference<_Tp>::type>::type, std::function<void(std::shared_ptr<rclcpp_action::ClientGoalHandle<robot_msgs::action::Screw> >, std::shared_ptr<const robot_msgs::action::Screw_Feedback_<std::allocator<void> > >)> >::value), std::decay<_Callable> >::type::type&, std::shared_ptr<rclcpp_action::ClientGoalHandle<robot_msgs::action::Screw> >, std::shared_ptr<const robot_msgs::action::Screw_Feedback_<std::allocator<void> > > > >, std::function<void(std::shared_ptr<rclcpp_action::ClientGoalHandle<robot_msgs::action::Screw> >, std::shared_ptr<const robot_msgs::action::Screw_Feedback_<std::allocator<void> > >)>&> std::function<void(std::shared_ptr<rclcpp_action::ClientGoalHandle<robot_msgs::action::Screw> >, std::shared_ptr<const robot_msgs::action::Screw_Feedback_<std::allocator<void> > >)>::operator=(_Functor&&) [with _Functor = std::_Bind<void (right_arm::RobotAdmittanceControl::*(right_arm::RobotAdmittanceControl*, std::_Placeholder<1>, std::_Placeholder<2>))(const std::shared_ptr<rclcpp_action::ClientGoalHandle<robot_msgs::action::Screw> >&, const std::shared_ptr<robot_msgs::action::Screw_Feedback_<std::allocator<void> > >&)>]’
/home/yanji/robot_screwing/src/screw_robot_control/src/right_arm_control.cpp:540:115:   required from here
/usr/include/c++/13/type_traits:116:11: error: no type named ‘type’ in ‘struct std::enable_if<false, std::function<void(std::shared_ptr<rclcpp_action::ClientGoalHandle<robot_msgs::action::Screw> >, std::shared_ptr<const robot_msgs::action::Screw_Feedback_<std::allocator<void> > >)>&>’
  116 |     using __enable_if_t = typename enable_if<_Cond, _Tp>::type;
      |           ^~~~~~~~~~~~~
/usr/include/c++/13/bits/std_function.h:541:9: note: candidate: ‘template<class _Functor> std::function<_Res(_ArgTypes ...)>& std::function<_Res(_ArgTypes ...)>::operator=(std::reference_wrapper<_Functor>) [with _Res = void; _ArgTypes = {std::shared_ptr<rclcpp_action::ClientGoalHandle<robot_msgs::action::Screw> >, std::shared_ptr<const robot_msgs::action::Screw_Feedback_<std::allocator<void> > >}]’
  541 |         operator=(reference_wrapper<_Functor> __f) noexcept
      |         ^~~~~~~~
/usr/include/c++/13/bits/std_function.h:541:9: note:   template argument deduction/substitution failed:
/home/yanji/robot_screwing/src/screw_robot_control/src/right_arm_control.cpp:540:115: note:   ‘std::_Bind<void (right_arm::RobotAdmittanceControl::*(right_arm::RobotAdmittanceControl*, std::_Placeholder<1>, std::_Placeholder<2>))(const std::shared_ptr<rclcpp_action::ClientGoalHandle<robot_msgs::action::Screw> >&, const std::shared_ptr<robot_msgs::action::Screw_Feedback_<std::allocator<void> > >&)>’ is not derived from ‘std::reference_wrapper<_Tp>’
  540 |                 std::bind(&RobotAdmittanceControl::feedback_cb, this, std::placeholders::_1, std::placeholders::_2);
      |                                                                                                                   ^
/usr/include/c++/13/bits/std_function.h:469:7: note: candidate: ‘std::function<_Res(_ArgTypes ...)>& std::function<_Res(_ArgTypes ...)>::operator=(const std::function<_Res(_ArgTypes ...)>&) [with _Res = void; _ArgTypes = {std::shared_ptr<rclcpp_action::ClientGoalHandle<robot_msgs::action::Screw> >, std::shared_ptr<const robot_msgs::action::Screw_Feedback_<std::allocator<void> > >}]’
  469 |       operator=(const function& __x)
      |       ^~~~~~~~
/usr/include/c++/13/bits/std_function.h:469:33: note:   no known conversion for argument 1 from ‘std::_Bind_helper<false, void (right_arm::RobotAdmittanceControl::*)(const std::shared_ptr<rclcpp_action::ClientGoalHandle<robot_msgs::action::Screw> >&, const std::shared_ptr<robot_msgs::action::Screw_Feedback_<std::allocator<void> > >&), right_arm::RobotAdmittanceControl*, const std::_Placeholder<1>&, const std::_Placeholder<2>&>::type’ to ‘const std::function<void(std::shared_ptr<rclcpp_action::ClientGoalHandle<robot_msgs::action::Screw> >, std::shared_ptr<const robot_msgs::action::Screw_Feedback_<std::allocator<void> > >)>&’
  469 |       operator=(const function& __x)
      |                 ~~~~~~~~~~~~~~~~^~~
/usr/include/c++/13/bits/std_function.h:487:7: note: candidate: ‘std::function<_Res(_ArgTypes ...)>& std::function<_Res(_ArgTypes ...)>::operator=(std::function<_Res(_ArgTypes ...)>&&) [with _Res = void; _ArgTypes = {std::shared_ptr<rclcpp_action::ClientGoalHandle<robot_msgs::action::Screw> >, std::shared_ptr<const robot_msgs::action::Screw_Feedback_<std::allocator<void> > >}]’
  487 |       operator=(function&& __x) noexcept
      |       ^~~~~~~~
/usr/include/c++/13/bits/std_function.h:487:28: note:   no known conversion for argument 1 from ‘std::_Bind_helper<false, void (right_arm::RobotAdmittanceControl::*)(const std::shared_ptr<rclcpp_action::ClientGoalHandle<robot_msgs::action::Screw> >&, const std::shared_ptr<robot_msgs::action::Screw_Feedback_<std::allocator<void> > >&), right_arm::RobotAdmittanceControl*, const std::_Placeholder<1>&, const std::_Placeholder<2>&>::type’ to ‘std::function<void(std::shared_ptr<rclcpp_action::ClientGoalHandle<robot_msgs::action::Screw> >, std::shared_ptr<const robot_msgs::action::Screw_Feedback_<std::allocator<void> > >)>&&’
  487 |       operator=(function&& __x) noexcept
      |                 ~~~~~~~~~~~^~~
/usr/include/c++/13/bits/std_function.h:501:7: note: candidate: ‘std::function<_Res(_ArgTypes ...)>& std::function<_Res(_ArgTypes ...)>::operator=(std::nullptr_t) [with _Res = void; _ArgTypes = {std::shared_ptr<rclcpp_action::ClientGoalHandle<robot_msgs::action::Screw> >, std::shared_ptr<const robot_msgs::action::Screw_Feedback_<std::allocator<void> > >}; std::nullptr_t = std::nullptr_t]’
  501 |       operator=(nullptr_t) noexcept
      |       ^~~~~~~~
/usr/include/c++/13/bits/std_function.h:501:17: note:   no known conversion for argument 1 from ‘std::_Bind_helper<false, void (right_arm::RobotAdmittanceControl::*)(const std::shared_ptr<rclcpp_action::ClientGoalHandle<robot_msgs::action::Screw> >&, const std::shared_ptr<robot_msgs::action::Screw_Feedback_<std::allocator<void> > >&), right_arm::RobotAdmittanceControl*, const std::_Placeholder<1>&, const std::_Placeholder<2>&>::type’ to ‘std::nullptr_t’
  501 |       operator=(nullptr_t) noexcept
      |                 ^~~~~~~~~
/usr/include/c++/13/functional: In instantiation of ‘struct std::_Bind_check_arity<void (right_arm::RobotAdmittanceControl::*)(const rclcpp_action::ClientGoalHandle<robot_msgs::action::Screw>::WrappedResult&), right_arm::RobotAdmittanceControl*, const std::_Placeholder<1>&, const std::_Placeholder<2>&>’:
/usr/include/c++/13/functional:859:12:   required from ‘struct std::_Bind_helper<false, void (right_arm::RobotAdmittanceControl::*)(const rclcpp_action::ClientGoalHandle<robot_msgs::action::Screw>::WrappedResult&), right_arm::RobotAdmittanceControl*, const std::_Placeholder<1>&, const std::_Placeholder<2>&>’
/usr/include/c++/13/functional:881:5:   required by substitution of ‘template<class _Func, class ... _BoundArgs> typename std::_Bind_helper<std::__is_socketlike<_Func>::value, _Func, _BoundArgs ...>::type std::bind(_Func&&, _BoundArgs&& ...) [with _Func = void (right_arm::RobotAdmittanceControl::*)(const rclcpp_action::ClientGoalHandle<robot_msgs::action::Screw>::WrappedResult&); _BoundArgs = {right_arm::RobotAdmittanceControl*, const std::_Placeholder<1>&, const std::_Placeholder<2>&}]’
/home/yanji/robot_screwing/src/screw_robot_control/src/right_arm_control.cpp:542:26:   required from here
/usr/include/c++/13/functional:847:21: error: static assertion failed: Wrong number of arguments for pointer-to-member
  846 |       static_assert(_Varargs::value
      |                               ~~~~~
  847 |                     ? sizeof...(_BoundArgs) >= _Arity::value + 1
      |                     ^~~~~~~~~~~~~~~~~~~~~~~~~~~~~~~~~~~~~~~~~~~~
  848 |                     : sizeof...(_BoundArgs) == _Arity::value + 1,
      |                     ~~~~~~~~~~~~~~~~~~~~~~~~~~~~~~~~~~~~~~~~~~~~
/usr/include/c++/13/functional:847:21: note: ‘(false ? (3 >= (((long unsigned int)std::integral_constant<long unsigned int, 1>::value) + 1)) : (3 == (((long unsigned int)std::integral_constant<long unsigned int, 1>::value) + 1)))’ evaluates to false
/home/yanji/robot_screwing/src/screw_robot_control/src/right_arm_control.cpp:542:111: error: no match for ‘operator=’ (operand types are ‘rclcpp_action::Client<robot_msgs::action::Screw>::ResultCallback’ {aka ‘std::function<void(const rclcpp_action::ClientGoalHandle<robot_msgs::action::Screw>::WrappedResult&)>’} and ‘std::_Bind_helper<false, void (right_arm::RobotAdmittanceControl::*)(const rclcpp_action::ClientGoalHandle<robot_msgs::action::Screw>::WrappedResult&), right_arm::RobotAdmittanceControl*, const std::_Placeholder<1>&, const std::_Placeholder<2>&>::type’)
  542 |                 std::bind(&RobotAdmittanceControl::done_cb, this, std::placeholders::_1, std::placeholders::_2);
      |                                                                                                               ^
/usr/include/c++/13/bits/std_function.h:531:9: note: candidate: ‘template<class _Functor> std::function<_Res(_ArgTypes ...)>::_Requires<std::function<_Res(_ArgTypes ...)>::_Callable<_Functor>, std::function<_Res(_ArgTypes ...)>&> std::function<_Res(_ArgTypes ...)>::operator=(_Functor&&) [with _Res = void; _ArgTypes = {const rclcpp_action::ClientGoalHandle<robot_msgs::action::Screw>::WrappedResult&}]’
  531 |         operator=(_Functor&& __f)
      |         ^~~~~~~~
/usr/include/c++/13/bits/std_function.h:531:9: note:   template argument deduction/substitution failed:
/usr/include/c++/13/type_traits: In substitution of ‘template<bool _Cond, class _Tp> using std::__enable_if_t = typename std::enable_if::type [with bool _Cond = false; _Tp = std::function<void(const rclcpp_action::ClientGoalHandle<robot_msgs::action::Screw>::WrappedResult&)>&]’:
/usr/include/c++/13/bits/std_function.h:353:8:   required by substitution of ‘template<class _Res, class ... _ArgTypes> template<class _Cond, class _Tp> using std::function<_Res(_ArgTypes ...)>::_Requires = std::__enable_if_t<_Cond::value, _Tp> [with _Cond = std::function<void(const rclcpp_action::ClientGoalHandle<robot_msgs::action::Screw>::WrappedResult&)>::_Callable<std::_Bind<void (right_arm::RobotAdmittanceControl::*(right_arm::RobotAdmittanceControl*, std::_Placeholder<1>, std::_Placeholder<2>))(const rclcpp_action::ClientGoalHandle<robot_msgs::action::Screw>::WrappedResult&)>, std::_Bind<void (right_arm::RobotAdmittanceControl::*(right_arm::RobotAdmittanceControl*, std::_Placeholder<1>, std::_Placeholder<2>))(const rclcpp_action::ClientGoalHandle<robot_msgs::action::Screw>::WrappedResult&)>, std::__invoke_result<std::_Bind<void (right_arm::RobotAdmittanceControl::*(right_arm::RobotAdmittanceControl*, std::_Placeholder<1>, std::_Placeholder<2>))(const rclcpp_action::ClientGoalHandle<robot_msgs::action::Screw>::WrappedResult&)>&, const rclcpp_action::ClientGoalHandle<robot_msgs::action::Screw>::WrappedResult&> >; _Tp = std::function<void(const rclcpp_action::ClientGoalHandle<robot_msgs::action::Screw>::WrappedResult&)>&; _Res = void; _ArgTypes = {const rclcpp_action::ClientGoalHandle<robot_msgs::action::Screw>::WrappedResult&}]’
/usr/include/c++/13/bits/std_function.h:531:2:   required by substitution of ‘template<class _Functor> std::function<void(const rclcpp_action::ClientGoalHandle<robot_msgs::action::Screw>::WrappedResult&)>::_Requires<std::function<void(const rclcpp_action::ClientGoalHandle<robot_msgs::action::Screw>::WrappedResult&)>::_Callable<_Functor, typename std::enable_if<(! std::is_same<typename std::remove_cv<typename std::remove_reference<_Tp>::type>::type, std::function<void(const rclcpp_action::ClientGoalHandle<robot_msgs::action::Screw>::WrappedResult&)> >::value), std::decay<_Callable> >::type::type, std::__invoke_result<typename std::enable_if<(! std::is_same<typename std::remove_cv<typename std::remove_reference<_Tp>::type>::type, std::function<void(const rclcpp_action::ClientGoalHandle<robot_msgs::action::Screw>::WrappedResult&)> >::value), std::decay<_Callable> >::type::type&, const rclcpp_action::ClientGoalHandle<robot_msgs::action::Screw>::WrappedResult&> >, std::function<void(const rclcpp_action::ClientGoalHandle<robot_msgs::action::Screw>::WrappedResult&)>&> std::function<void(const rclcpp_action::ClientGoalHandle<robot_msgs::action::Screw>::WrappedResult&)>::operator=(_Functor&&) [with _Functor = std::_Bind<void (right_arm::RobotAdmittanceControl::*(right_arm::RobotAdmittanceControl*, std::_Placeholder<1>, std::_Placeholder<2>))(const rclcpp_action::ClientGoalHandle<robot_msgs::action::Screw>::WrappedResult&)>]’
/home/yanji/robot_screwing/src/screw_robot_control/src/right_arm_control.cpp:542:111:   required from here
/usr/include/c++/13/type_traits:116:11: error: no type named ‘type’ in ‘struct std::enable_if<false, std::function<void(const rclcpp_action::ClientGoalHandle<robot_msgs::action::Screw>::WrappedResult&)>&>’
  116 |     using __enable_if_t = typename enable_if<_Cond, _Tp>::type;
      |           ^~~~~~~~~~~~~
/usr/include/c++/13/bits/std_function.h:541:9: note: candidate: ‘template<class _Functor> std::function<_Res(_ArgTypes ...)>& std::function<_Res(_ArgTypes ...)>::operator=(std::reference_wrapper<_Functor>) [with _Res = void; _ArgTypes = {const rclcpp_action::ClientGoalHandle<robot_msgs::action::Screw>::WrappedResult&}]’
  541 |         operator=(reference_wrapper<_Functor> __f) noexcept
      |         ^~~~~~~~
/usr/include/c++/13/bits/std_function.h:541:9: note:   template argument deduction/substitution failed:
/home/yanji/robot_screwing/src/screw_robot_control/src/right_arm_control.cpp:542:111: note:   ‘std::_Bind<void (right_arm::RobotAdmittanceControl::*(right_arm::RobotAdmittanceControl*, std::_Placeholder<1>, std::_Placeholder<2>))(const rclcpp_action::ClientGoalHandle<robot_msgs::action::Screw>::WrappedResult&)>’ is not derived from ‘std::reference_wrapper<_Tp>’
  542 |                 std::bind(&RobotAdmittanceControl::done_cb, this, std::placeholders::_1, std::placeholders::_2);
      |                                                                                                               ^
/usr/include/c++/13/bits/std_function.h:469:7: note: candidate: ‘std::function<_Res(_ArgTypes ...)>& std::function<_Res(_ArgTypes ...)>::operator=(const std::function<_Res(_ArgTypes ...)>&) [with _Res = void; _ArgTypes = {const rclcpp_action::ClientGoalHandle<robot_msgs::action::Screw>::WrappedResult&}]’
  469 |       operator=(const function& __x)
      |       ^~~~~~~~
/usr/include/c++/13/bits/std_function.h:469:33: note:   no known conversion for argument 1 from ‘std::_Bind_helper<false, void (right_arm::RobotAdmittanceControl::*)(const rclcpp_action::ClientGoalHandle<robot_msgs::action::Screw>::WrappedResult&), right_arm::RobotAdmittanceControl*, const std::_Placeholder<1>&, const std::_Placeholder<2>&>::type’ to ‘const std::function<void(const rclcpp_action::ClientGoalHandle<robot_msgs::action::Screw>::WrappedResult&)>&’
  469 |       operator=(const function& __x)
      |                 ~~~~~~~~~~~~~~~~^~~
/usr/include/c++/13/bits/std_function.h:487:7: note: candidate: ‘std::function<_Res(_ArgTypes ...)>& std::function<_Res(_ArgTypes ...)>::operator=(std::function<_Res(_ArgTypes ...)>&&) [with _Res = void; _ArgTypes = {const rclcpp_action::ClientGoalHandle<robot_msgs::action::Screw>::WrappedResult&}]’
  487 |       operator=(function&& __x) noexcept
      |       ^~~~~~~~
/usr/include/c++/13/bits/std_function.h:487:28: note:   no known conversion for argument 1 from ‘std::_Bind_helper<false, void (right_arm::RobotAdmittanceControl::*)(const rclcpp_action::ClientGoalHandle<robot_msgs::action::Screw>::WrappedResult&), right_arm::RobotAdmittanceControl*, const std::_Placeholder<1>&, const std::_Placeholder<2>&>::type’ to ‘std::function<void(const rclcpp_action::ClientGoalHandle<robot_msgs::action::Screw>::WrappedResult&)>&&’
  487 |       operator=(function&& __x) noexcept
      |                 ~~~~~~~~~~~^~~
/usr/include/c++/13/bits/std_function.h:501:7: note: candidate: ‘std::function<_Res(_ArgTypes ...)>& std::function<_Res(_ArgTypes ...)>::operator=(std::nullptr_t) [with _Res = void; _ArgTypes = {const rclcpp_action::ClientGoalHandle<robot_msgs::action::Screw>::WrappedResult&}; std::nullptr_t = std::nullptr_t]’
  501 |       operator=(nullptr_t) noexcept
      |       ^~~~~~~~
/usr/include/c++/13/bits/std_function.h:501:17: note:   no known conversion for argument 1 from ‘std::_Bind_helper<false, void (right_arm::RobotAdmittanceControl::*)(const rclcpp_action::ClientGoalHandle<robot_msgs::action::Screw>::WrappedResult&), right_arm::RobotAdmittanceControl*, const std::_Placeholder<1>&, const std::_Placeholder<2>&>::type’ to ‘std::nullptr_t’
  501 |       operator=(nullptr_t) noexcept
      |                 ^~~~~~~~~
/home/yanji/robot_screwing/src/screw_robot_control/src/right_arm_control.cpp: In member function ‘void right_arm::RobotAdmittanceControl::grasp_obj()’:
/home/yanji/robot_screwing/src/screw_robot_control/src/right_arm_control.cpp:614:5: error: ‘goal_msg’ was not declared in this scope
  614 |     goal_msg.num = 5;
      |     ^~~~~~~~
/home/yanji/robot_screwing/src/screw_robot_control/src/right_arm_control.cpp:619:107: error: no match for ‘operator=’ (operand types are ‘rclcpp_action::Client<robot_msgs::action::Screw>::FeedbackCallback’ {aka ‘std::function<void(std::shared_ptr<rclcpp_action::ClientGoalHandle<robot_msgs::action::Screw> >, std::shared_ptr<const robot_msgs::action::Screw_Feedback_<std::allocator<void> > >)>’} and ‘std::_Bind_helper<false, void (right_arm::RobotAdmittanceControl::*)(const std::shared_ptr<rclcpp_action::ClientGoalHandle<robot_msgs::action::Screw> >&, const std::shared_ptr<robot_msgs::action::Screw_Feedback_<std::allocator<void> > >&), right_arm::RobotAdmittanceControl*, const std::_Placeholder<1>&, const std::_Placeholder<2>&>::type’)
  619 |         std::bind(&RobotAdmittanceControl::feedback_cb, this, std::placeholders::_1, std::placeholders::_2);
      |                                                                                                           ^
/usr/include/c++/13/bits/std_function.h:531:9: note: candidate: ‘template<class _Functor> std::function<_Res(_ArgTypes ...)>::_Requires<std::function<_Res(_ArgTypes ...)>::_Callable<_Functor>, std::function<_Res(_ArgTypes ...)>&> std::function<_Res(_ArgTypes ...)>::operator=(_Functor&&) [with _Res = void; _ArgTypes = {std::shared_ptr<rclcpp_action::ClientGoalHandle<robot_msgs::action::Screw> >, std::shared_ptr<const robot_msgs::action::Screw_Feedback_<std::allocator<void> > >}]’
  531 |         operator=(_Functor&& __f)
      |         ^~~~~~~~
/usr/include/c++/13/bits/std_function.h:531:9: note:   template argument deduction/substitution failed:
/usr/include/c++/13/bits/std_function.h:541:9: note: candidate: ‘template<class _Functor> std::function<_Res(_ArgTypes ...)>& std::function<_Res(_ArgTypes ...)>::operator=(std::reference_wrapper<_Functor>) [with _Res = void; _ArgTypes = {std::shared_ptr<rclcpp_action::ClientGoalHandle<robot_msgs::action::Screw> >, std::shared_ptr<const robot_msgs::action::Screw_Feedback_<std::allocator<void> > >}]’
  541 |         operator=(reference_wrapper<_Functor> __f) noexcept
      |         ^~~~~~~~
/usr/include/c++/13/bits/std_function.h:541:9: note:   template argument deduction/substitution failed:
/home/yanji/robot_screwing/src/screw_robot_control/src/right_arm_control.cpp:619:107: note:   ‘std::_Bind<void (right_arm::RobotAdmittanceControl::*(right_arm::RobotAdmittanceControl*, std::_Placeholder<1>, std::_Placeholder<2>))(const std::shared_ptr<rclcpp_action::ClientGoalHandle<robot_msgs::action::Screw> >&, const std::shared_ptr<robot_msgs::action::Screw_Feedback_<std::allocator<void> > >&)>’ is not derived from ‘std::reference_wrapper<_Tp>’
  619 |         std::bind(&RobotAdmittanceControl::feedback_cb, this, std::placeholders::_1, std::placeholders::_2);
      |                                                                                                           ^
/usr/include/c++/13/bits/std_function.h:469:7: note: candidate: ‘std::function<_Res(_ArgTypes ...)>& std::function<_Res(_ArgTypes ...)>::operator=(const std::function<_Res(_ArgTypes ...)>&) [with _Res = void; _ArgTypes = {std::shared_ptr<rclcpp_action::ClientGoalHandle<robot_msgs::action::Screw> >, std::shared_ptr<const robot_msgs::action::Screw_Feedback_<std::allocator<void> > >}]’
  469 |       operator=(const function& __x)
      |       ^~~~~~~~
/usr/include/c++/13/bits/std_function.h:469:33: note:   no known conversion for argument 1 from ‘std::_Bind_helper<false, void (right_arm::RobotAdmittanceControl::*)(const std::shared_ptr<rclcpp_action::ClientGoalHandle<robot_msgs::action::Screw> >&, const std::shared_ptr<robot_msgs::action::Screw_Feedback_<std::allocator<void> > >&), right_arm::RobotAdmittanceControl*, const std::_Placeholder<1>&, const std::_Placeholder<2>&>::type’ to ‘const std::function<void(std::shared_ptr<rclcpp_action::ClientGoalHandle<robot_msgs::action::Screw> >, std::shared_ptr<const robot_msgs::action::Screw_Feedback_<std::allocator<void> > >)>&’
  469 |       operator=(const function& __x)
      |                 ~~~~~~~~~~~~~~~~^~~
/usr/include/c++/13/bits/std_function.h:487:7: note: candidate: ‘std::function<_Res(_ArgTypes ...)>& std::function<_Res(_ArgTypes ...)>::operator=(std::function<_Res(_ArgTypes ...)>&&) [with _Res = void; _ArgTypes = {std::shared_ptr<rclcpp_action::ClientGoalHandle<robot_msgs::action::Screw> >, std::shared_ptr<const robot_msgs::action::Screw_Feedback_<std::allocator<void> > >}]’
  487 |       operator=(function&& __x) noexcept
      |       ^~~~~~~~
/usr/include/c++/13/bits/std_function.h:487:28: note:   no known conversion for argument 1 from ‘std::_Bind_helper<false, void (right_arm::RobotAdmittanceControl::*)(const std::shared_ptr<rclcpp_action::ClientGoalHandle<robot_msgs::action::Screw> >&, const std::shared_ptr<robot_msgs::action::Screw_Feedback_<std::allocator<void> > >&), right_arm::RobotAdmittanceControl*, const std::_Placeholder<1>&, const std::_Placeholder<2>&>::type’ to ‘std::function<void(std::shared_ptr<rclcpp_action::ClientGoalHandle<robot_msgs::action::Screw> >, std::shared_ptr<const robot_msgs::action::Screw_Feedback_<std::allocator<void> > >)>&&’
  487 |       operator=(function&& __x) noexcept
      |                 ~~~~~~~~~~~^~~
/usr/include/c++/13/bits/std_function.h:501:7: note: candidate: ‘std::function<_Res(_ArgTypes ...)>& std::function<_Res(_ArgTypes ...)>::operator=(std::nullptr_t) [with _Res = void; _ArgTypes = {std::shared_ptr<rclcpp_action::ClientGoalHandle<robot_msgs::action::Screw> >, std::shared_ptr<const robot_msgs::action::Screw_Feedback_<std::allocator<void> > >}; std::nullptr_t = std::nullptr_t]’
  501 |       operator=(nullptr_t) noexcept
      |       ^~~~~~~~
/usr/include/c++/13/bits/std_function.h:501:17: note:   no known conversion for argument 1 from ‘std::_Bind_helper<false, void (right_arm::RobotAdmittanceControl::*)(const std::shared_ptr<rclcpp_action::ClientGoalHandle<robot_msgs::action::Screw> >&, const std::shared_ptr<robot_msgs::action::Screw_Feedback_<std::allocator<void> > >&), right_arm::RobotAdmittanceControl*, const std::_Placeholder<1>&, const std::_Placeholder<2>&>::type’ to ‘std::nullptr_t’
  501 |       operator=(nullptr_t) noexcept
      |                 ^~~~~~~~~
/home/yanji/robot_screwing/src/screw_robot_control/src/right_arm_control.cpp:621:103: error: no match for ‘operator=’ (operand types are ‘rclcpp_action::Client<robot_msgs::action::Screw>::ResultCallback’ {aka ‘std::function<void(const rclcpp_action::ClientGoalHandle<robot_msgs::action::Screw>::WrappedResult&)>’} and ‘std::_Bind_helper<false, void (right_arm::RobotAdmittanceControl::*)(const rclcpp_action::ClientGoalHandle<robot_msgs::action::Screw>::WrappedResult&), right_arm::RobotAdmittanceControl*, const std::_Placeholder<1>&, const std::_Placeholder<2>&>::type’)
  621 |         std::bind(&RobotAdmittanceControl::done_cb, this, std::placeholders::_1, std::placeholders::_2);
      |                                                                                                       ^
/usr/include/c++/13/bits/std_function.h:531:9: note: candidate: ‘template<class _Functor> std::function<_Res(_ArgTypes ...)>::_Requires<std::function<_Res(_ArgTypes ...)>::_Callable<_Functor>, std::function<_Res(_ArgTypes ...)>&> std::function<_Res(_ArgTypes ...)>::operator=(_Functor&&) [with _Res = void; _ArgTypes = {const rclcpp_action::ClientGoalHandle<robot_msgs::action::Screw>::WrappedResult&}]’
  531 |         operator=(_Functor&& __f)
      |         ^~~~~~~~
/usr/include/c++/13/bits/std_function.h:531:9: note:   template argument deduction/substitution failed:
/usr/include/c++/13/bits/std_function.h:541:9: note: candidate: ‘template<class _Functor> std::function<_Res(_ArgTypes ...)>& std::function<_Res(_ArgTypes ...)>::operator=(std::reference_wrapper<_Functor>) [with _Res = void; _ArgTypes = {const rclcpp_action::ClientGoalHandle<robot_msgs::action::Screw>::WrappedResult&}]’
  541 |         operator=(reference_wrapper<_Functor> __f) noexcept
      |         ^~~~~~~~
/usr/include/c++/13/bits/std_function.h:541:9: note:   template argument deduction/substitution failed:
/home/yanji/robot_screwing/src/screw_robot_control/src/right_arm_control.cpp:621:103: note:   ‘std::_Bind<void (right_arm::RobotAdmittanceControl::*(right_arm::RobotAdmittanceControl*, std::_Placeholder<1>, std::_Placeholder<2>))(const rclcpp_action::ClientGoalHandle<robot_msgs::action::Screw>::WrappedResult&)>’ is not derived from ‘std::reference_wrapper<_Tp>’
  621 |         std::bind(&RobotAdmittanceControl::done_cb, this, std::placeholders::_1, std::placeholders::_2);
      |                                                                                                       ^
/usr/include/c++/13/bits/std_function.h:469:7: note: candidate: ‘std::function<_Res(_ArgTypes ...)>& std::function<_Res(_ArgTypes ...)>::operator=(const std::function<_Res(_ArgTypes ...)>&) [with _Res = void; _ArgTypes = {const rclcpp_action::ClientGoalHandle<robot_msgs::action::Screw>::WrappedResult&}]’
  469 |       operator=(const function& __x)
      |       ^~~~~~~~
/usr/include/c++/13/bits/std_function.h:469:33: note:   no known conversion for argument 1 from ‘std::_Bind_helper<false, void (right_arm::RobotAdmittanceControl::*)(const rclcpp_action::ClientGoalHandle<robot_msgs::action::Screw>::WrappedResult&), right_arm::RobotAdmittanceControl*, const std::_Placeholder<1>&, const std::_Placeholder<2>&>::type’ to ‘const std::function<void(const rclcpp_action::ClientGoalHandle<robot_msgs::action::Screw>::WrappedResult&)>&’
  469 |       operator=(const function& __x)
      |                 ~~~~~~~~~~~~~~~~^~~
/usr/include/c++/13/bits/std_function.h:487:7: note: candidate: ‘std::function<_Res(_ArgTypes ...)>& std::function<_Res(_ArgTypes ...)>::operator=(std::function<_Res(_ArgTypes ...)>&&) [with _Res = void; _ArgTypes = {const rclcpp_action::ClientGoalHandle<robot_msgs::action::Screw>::WrappedResult&}]’
  487 |       operator=(function&& __x) noexcept
      |       ^~~~~~~~
/usr/include/c++/13/bits/std_function.h:487:28: note:   no known conversion for argument 1 from ‘std::_Bind_helper<false, void (right_arm::RobotAdmittanceControl::*)(const rclcpp_action::ClientGoalHandle<robot_msgs::action::Screw>::WrappedResult&), right_arm::RobotAdmittanceControl*, const std::_Placeholder<1>&, const std::_Placeholder<2>&>::type’ to ‘std::function<void(const rclcpp_action::ClientGoalHandle<robot_msgs::action::Screw>::WrappedResult&)>&&’
  487 |       operator=(function&& __x) noexcept
      |                 ~~~~~~~~~~~^~~
/usr/include/c++/13/bits/std_function.h:501:7: note: candidate: ‘std::function<_Res(_ArgTypes ...)>& std::function<_Res(_ArgTypes ...)>::operator=(std::nullptr_t) [with _Res = void; _ArgTypes = {const rclcpp_action::ClientGoalHandle<robot_msgs::action::Screw>::WrappedResult&}; std::nullptr_t = std::nullptr_t]’
  501 |       operator=(nullptr_t) noexcept
      |       ^~~~~~~~
/usr/include/c++/13/bits/std_function.h:501:17: note:   no known conversion for argument 1 from ‘std::_Bind_helper<false, void (right_arm::RobotAdmittanceControl::*)(const rclcpp_action::ClientGoalHandle<robot_msgs::action::Screw>::WrappedResult&), right_arm::RobotAdmittanceControl*, const std::_Placeholder<1>&, const std::_Placeholder<2>&>::type’ to ‘std::nullptr_t’
  501 |       operator=(nullptr_t) noexcept
      |                 ^~~~~~~~~
/home/yanji/robot_screwing/src/screw_robot_control/src/right_arm_control.cpp: In member function ‘void right_arm::RobotAdmittanceControl::robot_finish()’:
/home/yanji/robot_screwing/src/screw_robot_control/src/right_arm_control.cpp:647:5: error: ‘goal_msg’ was not declared in this scope
  647 |     goal_msg.num = 4;
      |     ^~~~~~~~
/home/yanji/robot_screwing/src/screw_robot_control/src/right_arm_control.cpp:652:107: error: no match for ‘operator=’ (operand types are ‘rclcpp_action::Client<robot_msgs::action::Screw>::FeedbackCallback’ {aka ‘std::function<void(std::shared_ptr<rclcpp_action::ClientGoalHandle<robot_msgs::action::Screw> >, std::shared_ptr<const robot_msgs::action::Screw_Feedback_<std::allocator<void> > >)>’} and ‘std::_Bind_helper<false, void (right_arm::RobotAdmittanceControl::*)(const std::shared_ptr<rclcpp_action::ClientGoalHandle<robot_msgs::action::Screw> >&, const std::shared_ptr<robot_msgs::action::Screw_Feedback_<std::allocator<void> > >&), right_arm::RobotAdmittanceControl*, const std::_Placeholder<1>&, const std::_Placeholder<2>&>::type’)
  652 |         std::bind(&RobotAdmittanceControl::feedback_cb, this, std::placeholders::_1, std::placeholders::_2);
      |                                                                                                           ^
/usr/include/c++/13/bits/std_function.h:531:9: note: candidate: ‘template<class _Functor> std::function<_Res(_ArgTypes ...)>::_Requires<std::function<_Res(_ArgTypes ...)>::_Callable<_Functor>, std::function<_Res(_ArgTypes ...)>&> std::function<_Res(_ArgTypes ...)>::operator=(_Functor&&) [with _Res = void; _ArgTypes = {std::shared_ptr<rclcpp_action::ClientGoalHandle<robot_msgs::action::Screw> >, std::shared_ptr<const robot_msgs::action::Screw_Feedback_<std::allocator<void> > >}]’
  531 |         operator=(_Functor&& __f)
      |         ^~~~~~~~
/usr/include/c++/13/bits/std_function.h:531:9: note:   template argument deduction/substitution failed:
/usr/include/c++/13/bits/std_function.h:541:9: note: candidate: ‘template<class _Functor> std::function<_Res(_ArgTypes ...)>& std::function<_Res(_ArgTypes ...)>::operator=(std::reference_wrapper<_Functor>) [with _Res = void; _ArgTypes = {std::shared_ptr<rclcpp_action::ClientGoalHandle<robot_msgs::action::Screw> >, std::shared_ptr<const robot_msgs::action::Screw_Feedback_<std::allocator<void> > >}]’
  541 |         operator=(reference_wrapper<_Functor> __f) noexcept
      |         ^~~~~~~~
/usr/include/c++/13/bits/std_function.h:541:9: note:   template argument deduction/substitution failed:
/home/yanji/robot_screwing/src/screw_robot_control/src/right_arm_control.cpp:652:107: note:   ‘std::_Bind<void (right_arm::RobotAdmittanceControl::*(right_arm::RobotAdmittanceControl*, std::_Placeholder<1>, std::_Placeholder<2>))(const std::shared_ptr<rclcpp_action::ClientGoalHandle<robot_msgs::action::Screw> >&, const std::shared_ptr<robot_msgs::action::Screw_Feedback_<std::allocator<void> > >&)>’ is not derived from ‘std::reference_wrapper<_Tp>’
  652 |         std::bind(&RobotAdmittanceControl::feedback_cb, this, std::placeholders::_1, std::placeholders::_2);
      |                                                                                                           ^
/usr/include/c++/13/bits/std_function.h:469:7: note: candidate: ‘std::function<_Res(_ArgTypes ...)>& std::function<_Res(_ArgTypes ...)>::operator=(const std::function<_Res(_ArgTypes ...)>&) [with _Res = void; _ArgTypes = {std::shared_ptr<rclcpp_action::ClientGoalHandle<robot_msgs::action::Screw> >, std::shared_ptr<const robot_msgs::action::Screw_Feedback_<std::allocator<void> > >}]’
  469 |       operator=(const function& __x)
      |       ^~~~~~~~
/usr/include/c++/13/bits/std_function.h:469:33: note:   no known conversion for argument 1 from ‘std::_Bind_helper<false, void (right_arm::RobotAdmittanceControl::*)(const std::shared_ptr<rclcpp_action::ClientGoalHandle<robot_msgs::action::Screw> >&, const std::shared_ptr<robot_msgs::action::Screw_Feedback_<std::allocator<void> > >&), right_arm::RobotAdmittanceControl*, const std::_Placeholder<1>&, const std::_Placeholder<2>&>::type’ to ‘const std::function<void(std::shared_ptr<rclcpp_action::ClientGoalHandle<robot_msgs::action::Screw> >, std::shared_ptr<const robot_msgs::action::Screw_Feedback_<std::allocator<void> > >)>&’
  469 |       operator=(const function& __x)
      |                 ~~~~~~~~~~~~~~~~^~~
/usr/include/c++/13/bits/std_function.h:487:7: note: candidate: ‘std::function<_Res(_ArgTypes ...)>& std::function<_Res(_ArgTypes ...)>::operator=(std::function<_Res(_ArgTypes ...)>&&) [with _Res = void; _ArgTypes = {std::shared_ptr<rclcpp_action::ClientGoalHandle<robot_msgs::action::Screw> >, std::shared_ptr<const robot_msgs::action::Screw_Feedback_<std::allocator<void> > >}]’
  487 |       operator=(function&& __x) noexcept
      |       ^~~~~~~~
/usr/include/c++/13/bits/std_function.h:487:28: note:   no known conversion for argument 1 from ‘std::_Bind_helper<false, void (right_arm::RobotAdmittanceControl::*)(const std::shared_ptr<rclcpp_action::ClientGoalHandle<robot_msgs::action::Screw> >&, const std::shared_ptr<robot_msgs::action::Screw_Feedback_<std::allocator<void> > >&), right_arm::RobotAdmittanceControl*, const std::_Placeholder<1>&, const std::_Placeholder<2>&>::type’ to ‘std::function<void(std::shared_ptr<rclcpp_action::ClientGoalHandle<robot_msgs::action::Screw> >, std::shared_ptr<const robot_msgs::action::Screw_Feedback_<std::allocator<void> > >)>&&’
  487 |       operator=(function&& __x) noexcept
      |                 ~~~~~~~~~~~^~~
/usr/include/c++/13/bits/std_function.h:501:7: note: candidate: ‘std::function<_Res(_ArgTypes ...)>& std::function<_Res(_ArgTypes ...)>::operator=(std::nullptr_t) [with _Res = void; _ArgTypes = {std::shared_ptr<rclcpp_action::ClientGoalHandle<robot_msgs::action::Screw> >, std::shared_ptr<const robot_msgs::action::Screw_Feedback_<std::allocator<void> > >}; std::nullptr_t = std::nullptr_t]’
  501 |       operator=(nullptr_t) noexcept
      |       ^~~~~~~~
/usr/include/c++/13/bits/std_function.h:501:17: note:   no known conversion for argument 1 from ‘std::_Bind_helper<false, void (right_arm::RobotAdmittanceControl::*)(const std::shared_ptr<rclcpp_action::ClientGoalHandle<robot_msgs::action::Screw> >&, const std::shared_ptr<robot_msgs::action::Screw_Feedback_<std::allocator<void> > >&), right_arm::RobotAdmittanceControl*, const std::_Placeholder<1>&, const std::_Placeholder<2>&>::type’ to ‘std::nullptr_t’
  501 |       operator=(nullptr_t) noexcept
      |                 ^~~~~~~~~
/home/yanji/robot_screwing/src/screw_robot_control/src/right_arm_control.cpp:654:103: error: no match for ‘operator=’ (operand types are ‘rclcpp_action::Client<robot_msgs::action::Screw>::ResultCallback’ {aka ‘std::function<void(const rclcpp_action::ClientGoalHandle<robot_msgs::action::Screw>::WrappedResult&)>’} and ‘std::_Bind_helper<false, void (right_arm::RobotAdmittanceControl::*)(const rclcpp_action::ClientGoalHandle<robot_msgs::action::Screw>::WrappedResult&), right_arm::RobotAdmittanceControl*, const std::_Placeholder<1>&, const std::_Placeholder<2>&>::type’)
  654 |         std::bind(&RobotAdmittanceControl::done_cb, this, std::placeholders::_1, std::placeholders::_2);
      |                                                                                                       ^
/usr/include/c++/13/bits/std_function.h:531:9: note: candidate: ‘template<class _Functor> std::function<_Res(_ArgTypes ...)>::_Requires<std::function<_Res(_ArgTypes ...)>::_Callable<_Functor>, std::function<_Res(_ArgTypes ...)>&> std::function<_Res(_ArgTypes ...)>::operator=(_Functor&&) [with _Res = void; _ArgTypes = {const rclcpp_action::ClientGoalHandle<robot_msgs::action::Screw>::WrappedResult&}]’
  531 |         operator=(_Functor&& __f)
      |         ^~~~~~~~
/usr/include/c++/13/bits/std_function.h:531:9: note:   template argument deduction/substitution failed:
/usr/include/c++/13/bits/std_function.h:541:9: note: candidate: ‘template<class _Functor> std::function<_Res(_ArgTypes ...)>& std::function<_Res(_ArgTypes ...)>::operator=(std::reference_wrapper<_Functor>) [with _Res = void; _ArgTypes = {const rclcpp_action::ClientGoalHandle<robot_msgs::action::Screw>::WrappedResult&}]’
  541 |         operator=(reference_wrapper<_Functor> __f) noexcept
      |         ^~~~~~~~
/usr/include/c++/13/bits/std_function.h:541:9: note:   template argument deduction/substitution failed:
/home/yanji/robot_screwing/src/screw_robot_control/src/right_arm_control.cpp:654:103: note:   ‘std::_Bind<void (right_arm::RobotAdmittanceControl::*(right_arm::RobotAdmittanceControl*, std::_Placeholder<1>, std::_Placeholder<2>))(const rclcpp_action::ClientGoalHandle<robot_msgs::action::Screw>::WrappedResult&)>’ is not derived from ‘std::reference_wrapper<_Tp>’
  654 |         std::bind(&RobotAdmittanceControl::done_cb, this, std::placeholders::_1, std::placeholders::_2);
      |                                                                                                       ^
/usr/include/c++/13/bits/std_function.h:469:7: note: candidate: ‘std::function<_Res(_ArgTypes ...)>& std::function<_Res(_ArgTypes ...)>::operator=(const std::function<_Res(_ArgTypes ...)>&) [with _Res = void; _ArgTypes = {const rclcpp_action::ClientGoalHandle<robot_msgs::action::Screw>::WrappedResult&}]’
  469 |       operator=(const function& __x)
      |       ^~~~~~~~
/usr/include/c++/13/bits/std_function.h:469:33: note:   no known conversion for argument 1 from ‘std::_Bind_helper<false, void (right_arm::RobotAdmittanceControl::*)(const rclcpp_action::ClientGoalHandle<robot_msgs::action::Screw>::WrappedResult&), right_arm::RobotAdmittanceControl*, const std::_Placeholder<1>&, const std::_Placeholder<2>&>::type’ to ‘const std::function<void(const rclcpp_action::ClientGoalHandle<robot_msgs::action::Screw>::WrappedResult&)>&’
  469 |       operator=(const function& __x)
      |                 ~~~~~~~~~~~~~~~~^~~
/usr/include/c++/13/bits/std_function.h:487:7: note: candidate: ‘std::function<_Res(_ArgTypes ...)>& std::function<_Res(_ArgTypes ...)>::operator=(std::function<_Res(_ArgTypes ...)>&&) [with _Res = void; _ArgTypes = {const rclcpp_action::ClientGoalHandle<robot_msgs::action::Screw>::WrappedResult&}]’
  487 |       operator=(function&& __x) noexcept
      |       ^~~~~~~~
/usr/include/c++/13/bits/std_function.h:487:28: note:   no known conversion for argument 1 from ‘std::_Bind_helper<false, void (right_arm::RobotAdmittanceControl::*)(const rclcpp_action::ClientGoalHandle<robot_msgs::action::Screw>::WrappedResult&), right_arm::RobotAdmittanceControl*, const std::_Placeholder<1>&, const std::_Placeholder<2>&>::type’ to ‘std::function<void(const rclcpp_action::ClientGoalHandle<robot_msgs::action::Screw>::WrappedResult&)>&&’
  487 |       operator=(function&& __x) noexcept
      |                 ~~~~~~~~~~~^~~
/usr/include/c++/13/bits/std_function.h:501:7: note: candidate: ‘std::function<_Res(_ArgTypes ...)>& std::function<_Res(_ArgTypes ...)>::operator=(std::nullptr_t) [with _Res = void; _ArgTypes = {const rclcpp_action::ClientGoalHandle<robot_msgs::action::Screw>::WrappedResult&}; std::nullptr_t = std::nullptr_t]’
  501 |       operator=(nullptr_t) noexcept
      |       ^~~~~~~~
/usr/include/c++/13/bits/std_function.h:501:17: note:   no known conversion for argument 1 from ‘std::_Bind_helper<false, void (right_arm::RobotAdmittanceControl::*)(const rclcpp_action::ClientGoalHandle<robot_msgs::action::Screw>::WrappedResult&), right_arm::RobotAdmittanceControl*, const std::_Placeholder<1>&, const std::_Placeholder<2>&>::type’ to ‘std::nullptr_t’
  501 |       operator=(nullptr_t) noexcept
      |                 ^~~~~~~~~
make[2]: *** [CMakeFiles/right_arm_control.dir/build.make:63：CMakeFiles/right_arm_control.dir/src/right_arm_control.cpp.o] 错误 1
make[1]: *** [CMakeFiles/Makefile2:113：CMakeFiles/right_arm_control.dir/all] 错误 2
make: *** [Makefile:141：all] 错误 2
