[0.012s] Invoking command in '/home/yanji/robot_screwing/build/robot_msgs': CMAKE_PREFIX_PATH=${CMAKE_PREFIX_PATH}:/home/yanji/robot_screwing/install/real_robot:/home/yanji/robot_screwing/install/mj_sim:/opt/ros/foxy CONDA_PROMPT_MODIFIER=(screwrobot) /usr/bin/cmake /home/yanji/robot_screwing/src/robot_msgs -DCMAKE_INSTALL_PREFIX=/home/yanji/robot_screwing/install/robot_msgs
[0.240s] -- The C compiler identification is GNU 9.4.0
[0.240s] -- The CXX compiler identification is GNU 13.1.0
[0.240s] -- Check for working C compiler: /usr/lib/ccache/cc
[0.240s] -- Check for working C compiler: /usr/lib/ccache/cc -- works
[0.240s] -- Detecting C compiler ABI info
[0.240s] -- Detecting C compiler ABI info - done
[0.240s] -- Detecting C compile features
[0.240s] -- Detecting C compile features - done
[0.240s] -- Check for working CXX compiler: /usr/lib/ccache/c++
[0.240s] -- Check for working CXX compiler: /usr/lib/ccache/c++ -- works
[0.240s] -- Detecting CXX compiler ABI info
[0.240s] -- Detecting CXX compiler ABI info - done
[0.240s] -- Detecting CXX compile features
[0.240s] -- Detecting CXX compile features - done
[0.240s] -- Found ament_cmake: 0.9.12 (/opt/ros/foxy/share/ament_cmake/cmake)
[0.240s] -- Found PythonInterp: /home/yanji/anaconda3/envs/screwrobot/bin/python3 (found suitable version "3.8.20", minimum required is "3") 
[0.240s] -- Using PYTHON_EXECUTABLE: /home/yanji/anaconda3/envs/screwrobot/bin/python3
[0.313s] -- Found rosidl_default_generators: 1.0.1 (/opt/ros/foxy/share/rosidl_default_generators/cmake)
[0.315s] -- Using all available rosidl_typesupport_c: rosidl_typesupport_fastrtps_c;rosidl_typesupport_introspection_c
[0.318s] -- Found rosidl_adapter: 1.3.1 (/opt/ros/foxy/share/rosidl_adapter/cmake)
[0.369s] -- Found OpenSSL: /usr/lib/x86_64-linux-gnu/libcrypto.so (found version "1.1.1f")  
[0.385s] -- Found FastRTPS: /opt/ros/foxy/include  
[0.428s] -- Using all available rosidl_typesupport_cpp: rosidl_typesupport_fastrtps_cpp;rosidl_typesupport_introspection_cpp
[0.444s] -- Found rclpy: 1.0.13 (/opt/ros/foxy/share/rclpy/cmake)
[0.444s] -- Found std_msgs: 2.0.5 (/opt/ros/foxy/share/std_msgs/cmake)
[0.470s] -- Found PythonInterp: /home/yanji/anaconda3/envs/screwrobot/bin/python3 (found version "3.8.20") 
[0.563s] -- Found ament_cmake_ros: 0.9.2 (/opt/ros/foxy/share/ament_cmake_ros/cmake)
[0.654s] -- Using all available rosidl_typesupport_c: rosidl_typesupport_fastrtps_c;rosidl_typesupport_introspection_c
[0.682s] -- Using all available rosidl_typesupport_cpp: rosidl_typesupport_fastrtps_cpp;rosidl_typesupport_introspection_cpp
[0.694s] -- Found PythonInterp: /home/yanji/anaconda3/envs/screwrobot/bin/python3 (found suitable version "3.8.20", minimum required is "3.5") 
[0.695s] -- Found python_cmake_module: 0.8.1 (/opt/ros/foxy/share/python_cmake_module/cmake)
[0.708s] -- Found PythonLibs: /home/yanji/anaconda3/envs/screwrobot/lib/libpython3.8.so (found suitable version "3.8.20", minimum required is "3.5") 
[0.708s] -- Using PYTHON_EXECUTABLE: /home/yanji/anaconda3/envs/screwrobot/bin/python3
[0.708s] -- Using PYTHON_INCLUDE_DIRS: /home/yanji/anaconda3/envs/screwrobot/include/python3.8
[0.708s] -- Using PYTHON_LIBRARIES: /home/yanji/anaconda3/envs/screwrobot/lib/libpython3.8.so
[0.718s] -- Found PythonExtra: .so  
[0.853s] -- Using numpy include directory: /home/yanji/anaconda3/envs/screwrobot/lib/python3.8/site-packages/numpy/core/include
[0.861s] -- Found ament_lint_auto: 0.9.8 (/opt/ros/foxy/share/ament_lint_auto/cmake)
[0.871s] -- Added test 'copyright' to check source files copyright and LICENSE
[0.872s] -- Added test 'lint_cmake' to check CMake code style
[0.873s] -- Added test 'xmllint' to check XML markup files
[0.875s] -- Configuring done
[0.900s] -- Generating done
[0.907s] -- Build files have been written to: /home/yanji/robot_screwing/build/robot_msgs
[0.911s] Invoked command in '/home/yanji/robot_screwing/build/robot_msgs' returned '0': CMAKE_PREFIX_PATH=${CMAKE_PREFIX_PATH}:/home/yanji/robot_screwing/install/real_robot:/home/yanji/robot_screwing/install/mj_sim:/opt/ros/foxy CONDA_PROMPT_MODIFIER=(screwrobot) /usr/bin/cmake /home/yanji/robot_screwing/src/robot_msgs -DCMAKE_INSTALL_PREFIX=/home/yanji/robot_screwing/install/robot_msgs
[0.913s] Invoking command in '/home/yanji/robot_screwing/build/robot_msgs': CMAKE_PREFIX_PATH=${CMAKE_PREFIX_PATH}:/home/yanji/robot_screwing/install/real_robot:/home/yanji/robot_screwing/install/mj_sim:/opt/ros/foxy CONDA_PROMPT_MODIFIER=(screwrobot) /usr/bin/cmake --build /home/yanji/robot_screwing/build/robot_msgs -- -j24 -l24
[0.931s] [35m[1mScanning dependencies of target robot_msgs__cpp[0m
[0.931s] [  1%] [34m[1mGenerating C code for ROS interfaces[0m
[0.935s] [  3%] [34m[1mGenerating C++ code for ROS interfaces[0m
[1.215s] [  3%] Built target robot_msgs__cpp
[1.219s] [  4%] [34m[1mGenerating C++ type support dispatch for ROS interfaces[0m
[1.219s] [  6%] [34m[1mGenerating C++ type support for eProsima Fast-RTPS[0m
[1.219s] [  7%] [34m[1mGenerating C++ introspection for ROS interfaces[0m
[1.220s] [35m[1mScanning dependencies of target robot_msgs__rosidl_generator_c[0m
[1.226s] [ 11%] [32mBuilding C object CMakeFiles/robot_msgs__rosidl_generator_c.dir/rosidl_generator_c/robot_msgs/msg/detail/robot_status__functions.c.o[0m
[1.226s] [ 12%] [32mBuilding C object CMakeFiles/robot_msgs__rosidl_generator_c.dir/rosidl_generator_c/robot_msgs/msg/detail/control_command__functions.c.o[0m
[1.226s] [ 12%] [32mBuilding C object CMakeFiles/robot_msgs__rosidl_generator_c.dir/rosidl_generator_c/robot_msgs/msg/detail/ft_pub__functions.c.o[0m
[1.226s] [ 14%] [32mBuilding C object CMakeFiles/robot_msgs__rosidl_generator_c.dir/rosidl_generator_c/robot_msgs/srv/detail/start_pose__functions.c.o[0m
[1.227s] [ 15%] [32mBuilding C object CMakeFiles/robot_msgs__rosidl_generator_c.dir/rosidl_generator_c/robot_msgs/msg/detail/ref_status__functions.c.o[0m
[1.263s] [ 17%] [32m[1mLinking C shared library librobot_msgs__rosidl_generator_c.so[0m
[1.280s] [ 17%] Built target robot_msgs__rosidl_generator_c
[1.285s] [ 20%] [34m[1mGenerating C type support dispatch for ROS interfaces[0m
[1.285s] [ 20%] [34m[1mGenerating C introspection for ROS interfaces[0m
[1.444s] [35m[1mScanning dependencies of target robot_msgs__rosidl_typesupport_cpp[0m
[1.450s] [ 25%] [32mBuilding CXX object CMakeFiles/robot_msgs__rosidl_typesupport_cpp.dir/rosidl_typesupport_cpp/robot_msgs/msg/robot_status__type_support.cpp.o[0m
[1.450s] [ 25%] [32mBuilding CXX object CMakeFiles/robot_msgs__rosidl_typesupport_cpp.dir/rosidl_typesupport_cpp/robot_msgs/msg/control_command__type_support.cpp.o[0m
[1.450s] [ 25%] [32mBuilding CXX object CMakeFiles/robot_msgs__rosidl_typesupport_cpp.dir/rosidl_typesupport_cpp/robot_msgs/msg/ft_pub__type_support.cpp.o[0m
[1.452s] [ 26%] [32mBuilding CXX object CMakeFiles/robot_msgs__rosidl_typesupport_cpp.dir/rosidl_typesupport_cpp/robot_msgs/msg/ref_status__type_support.cpp.o[0m
[1.452s] [ 28%] [32mBuilding CXX object CMakeFiles/robot_msgs__rosidl_typesupport_cpp.dir/rosidl_typesupport_cpp/robot_msgs/srv/start_pose__type_support.cpp.o[0m
[1.462s] [35m[1mScanning dependencies of target robot_msgs__rosidl_typesupport_introspection_cpp[0m
[1.469s] [ 30%] [32mBuilding CXX object CMakeFiles/robot_msgs__rosidl_typesupport_introspection_cpp.dir/rosidl_typesupport_introspection_cpp/robot_msgs/msg/detail/ft_pub__type_support.cpp.o[0m
[1.470s] [ 31%] [32mBuilding CXX object CMakeFiles/robot_msgs__rosidl_typesupport_introspection_cpp.dir/rosidl_typesupport_introspection_cpp/robot_msgs/msg/detail/robot_status__type_support.cpp.o[0m
[1.471s] [ 34%] [32mBuilding CXX object CMakeFiles/robot_msgs__rosidl_typesupport_introspection_cpp.dir/rosidl_typesupport_introspection_cpp/robot_msgs/msg/detail/control_command__type_support.cpp.o[0m
[1.471s] [ 34%] [32mBuilding CXX object CMakeFiles/robot_msgs__rosidl_typesupport_introspection_cpp.dir/rosidl_typesupport_introspection_cpp/robot_msgs/msg/detail/ref_status__type_support.cpp.o[0m
[1.472s] [ 36%] [32mBuilding CXX object CMakeFiles/robot_msgs__rosidl_typesupport_introspection_cpp.dir/rosidl_typesupport_introspection_cpp/robot_msgs/srv/detail/start_pose__type_support.cpp.o[0m
[1.512s] [35m[1mScanning dependencies of target robot_msgs__rosidl_typesupport_fastrtps_cpp[0m
[1.515s] [35m[1mScanning dependencies of target robot_msgs__rosidl_typesupport_c[0m
[1.523s] [ 41%] [32mBuilding CXX object CMakeFiles/robot_msgs__rosidl_typesupport_c.dir/rosidl_typesupport_c/robot_msgs/msg/robot_status__type_support.cpp.o[0m
[1.524s] [ 41%] [32mBuilding CXX object CMakeFiles/robot_msgs__rosidl_typesupport_c.dir/rosidl_typesupport_c/robot_msgs/msg/control_command__type_support.cpp.o[0m
[1.524s] [ 41%] [32mBuilding CXX object CMakeFiles/robot_msgs__rosidl_typesupport_c.dir/rosidl_typesupport_c/robot_msgs/srv/start_pose__type_support.cpp.o[0m
[1.524s] [ 44%] [32mBuilding CXX object CMakeFiles/robot_msgs__rosidl_typesupport_c.dir/rosidl_typesupport_c/robot_msgs/msg/ft_pub__type_support.cpp.o[0m
[1.524s] [ 44%] [32mBuilding CXX object CMakeFiles/robot_msgs__rosidl_typesupport_c.dir/rosidl_typesupport_c/robot_msgs/msg/ref_status__type_support.cpp.o[0m
[1.526s] [ 47%] [32mBuilding CXX object CMakeFiles/robot_msgs__rosidl_typesupport_fastrtps_cpp.dir/rosidl_typesupport_fastrtps_cpp/robot_msgs/msg/detail/dds_fastrtps/control_command__type_support.cpp.o[0m
[1.526s] [ 49%] [32mBuilding CXX object CMakeFiles/robot_msgs__rosidl_typesupport_fastrtps_cpp.dir/rosidl_typesupport_fastrtps_cpp/robot_msgs/msg/detail/dds_fastrtps/robot_status__type_support.cpp.o[0m
[1.526s] [ 49%] [32mBuilding CXX object CMakeFiles/robot_msgs__rosidl_typesupport_fastrtps_cpp.dir/rosidl_typesupport_fastrtps_cpp/robot_msgs/msg/detail/dds_fastrtps/ft_pub__type_support.cpp.o[0m
[1.527s] [ 50%] [32mBuilding CXX object CMakeFiles/robot_msgs__rosidl_typesupport_fastrtps_cpp.dir/rosidl_typesupport_fastrtps_cpp/robot_msgs/msg/detail/dds_fastrtps/ref_status__type_support.cpp.o[0m
[1.532s] [ 52%] [32mBuilding CXX object CMakeFiles/robot_msgs__rosidl_typesupport_fastrtps_cpp.dir/rosidl_typesupport_fastrtps_cpp/robot_msgs/srv/detail/dds_fastrtps/start_pose__type_support.cpp.o[0m
[1.562s] [ 53%] [32m[1mLinking CXX shared library librobot_msgs__rosidl_typesupport_c.so[0m
[1.575s] [35m[1mScanning dependencies of target robot_msgs__rosidl_typesupport_introspection_c[0m
[1.583s] [ 55%] [32mBuilding C object CMakeFiles/robot_msgs__rosidl_typesupport_introspection_c.dir/rosidl_typesupport_introspection_c/robot_msgs/srv/detail/start_pose__type_support.c.o[0m
[1.584s] [ 57%] [32mBuilding C object CMakeFiles/robot_msgs__rosidl_typesupport_introspection_c.dir/rosidl_typesupport_introspection_c/robot_msgs/msg/detail/robot_status__type_support.c.o[0m
[1.584s] [ 58%] [32mBuilding C object CMakeFiles/robot_msgs__rosidl_typesupport_introspection_c.dir/rosidl_typesupport_introspection_c/robot_msgs/msg/detail/ref_status__type_support.c.o[0m
[1.584s] [ 60%] [32mBuilding C object CMakeFiles/robot_msgs__rosidl_typesupport_introspection_c.dir/rosidl_typesupport_introspection_c/robot_msgs/msg/detail/ft_pub__type_support.c.o[0m
[1.584s] [ 61%] [32mBuilding C object CMakeFiles/robot_msgs__rosidl_typesupport_introspection_c.dir/rosidl_typesupport_introspection_c/robot_msgs/msg/detail/control_command__type_support.c.o[0m
[1.593s] [ 61%] Built target robot_msgs__rosidl_typesupport_c
[1.620s] [ 63%] [32m[1mLinking C shared library librobot_msgs__rosidl_typesupport_introspection_c.so[0m
[1.637s] [ 63%] Built target robot_msgs__rosidl_typesupport_introspection_c
[1.700s] [ 65%] [32m[1mLinking CXX shared library librobot_msgs__rosidl_typesupport_cpp.so[0m
[1.721s] [ 65%] Built target robot_msgs__rosidl_typesupport_cpp
[1.726s] [ 66%] [32m[1mLinking CXX shared library librobot_msgs__rosidl_typesupport_introspection_cpp.so[0m
[1.763s] [ 66%] Built target robot_msgs__rosidl_typesupport_introspection_cpp
[1.844s] [ 68%] [32m[1mLinking CXX shared library librobot_msgs__rosidl_typesupport_fastrtps_cpp.so[0m
[1.884s] [ 68%] Built target robot_msgs__rosidl_typesupport_fastrtps_cpp
[1.889s] [ 69%] [34m[1mGenerating C type support for eProsima Fast-RTPS[0m
[2.148s] [35m[1mScanning dependencies of target robot_msgs__rosidl_typesupport_fastrtps_c[0m
[2.158s] [ 71%] [32mBuilding CXX object CMakeFiles/robot_msgs__rosidl_typesupport_fastrtps_c.dir/rosidl_typesupport_fastrtps_c/robot_msgs/msg/detail/ft_pub__type_support_c.cpp.o[0m
[2.158s] [ 74%] [32mBuilding CXX object CMakeFiles/robot_msgs__rosidl_typesupport_fastrtps_c.dir/rosidl_typesupport_fastrtps_c/robot_msgs/msg/detail/robot_status__type_support_c.cpp.o[0m
[2.158s] [ 74%] [32mBuilding CXX object CMakeFiles/robot_msgs__rosidl_typesupport_fastrtps_c.dir/rosidl_typesupport_fastrtps_c/robot_msgs/msg/detail/control_command__type_support_c.cpp.o[0m
[2.158s] [ 76%] [32mBuilding CXX object CMakeFiles/robot_msgs__rosidl_typesupport_fastrtps_c.dir/rosidl_typesupport_fastrtps_c/robot_msgs/msg/detail/ref_status__type_support_c.cpp.o[0m
[2.158s] [ 77%] [32mBuilding CXX object CMakeFiles/robot_msgs__rosidl_typesupport_fastrtps_c.dir/rosidl_typesupport_fastrtps_c/robot_msgs/srv/detail/start_pose__type_support_c.cpp.o[0m
[2.358s] [ 79%] [32m[1mLinking CXX shared library librobot_msgs__rosidl_typesupport_fastrtps_c.so[0m
[2.397s] [ 79%] Built target robot_msgs__rosidl_typesupport_fastrtps_c
[2.402s] [35m[1mScanning dependencies of target robot_msgs[0m
[2.406s] [ 79%] Built target robot_msgs
[2.410s] [35m[1mScanning dependencies of target robot_msgs__py[0m
[2.414s] [ 80%] [34m[1mGenerating Python code for ROS interfaces[0m
[2.943s] [ 80%] Built target robot_msgs__py
[2.947s] [35m[1mScanning dependencies of target robot_msgs__python[0m
[2.972s] [ 82%] [32mBuilding C object CMakeFiles/robot_msgs__python.dir/rosidl_generator_py/robot_msgs/msg/_ft_pub_s.c.o[0m
[2.972s] [ 85%] [32mBuilding C object CMakeFiles/robot_msgs__python.dir/rosidl_generator_py/robot_msgs/msg/_robot_status_s.c.o[0m
[2.972s] [ 85%] [32mBuilding C object CMakeFiles/robot_msgs__python.dir/rosidl_generator_py/robot_msgs/msg/_control_command_s.c.o[0m
[2.972s] [ 87%] [32mBuilding C object CMakeFiles/robot_msgs__python.dir/rosidl_generator_py/robot_msgs/msg/_ref_status_s.c.o[0m
[2.972s] [ 88%] [32mBuilding C object CMakeFiles/robot_msgs__python.dir/rosidl_generator_py/robot_msgs/srv/_start_pose_s.c.o[0m
[3.046s] [ 90%] [32m[1mLinking C shared library rosidl_generator_py/robot_msgs/librobot_msgs__python.so[0m
[3.065s] [ 90%] Built target robot_msgs__python
[3.070s] [35m[1mScanning dependencies of target robot_msgs__rosidl_typesupport_c__pyext[0m
[3.070s] [35m[1mScanning dependencies of target robot_msgs__rosidl_typesupport_introspection_c__pyext[0m
[3.070s] [35m[1mScanning dependencies of target robot_msgs__rosidl_typesupport_fastrtps_c__pyext[0m
[3.078s] [ 93%] [32mBuilding C object CMakeFiles/robot_msgs__rosidl_typesupport_introspection_c__pyext.dir/rosidl_generator_py/robot_msgs/_robot_msgs_s.ep.rosidl_typesupport_introspection_c.c.o[0m
[3.078s] [ 93%] [32mBuilding C object CMakeFiles/robot_msgs__rosidl_typesupport_fastrtps_c__pyext.dir/rosidl_generator_py/robot_msgs/_robot_msgs_s.ep.rosidl_typesupport_fastrtps_c.c.o[0m
[3.079s] [ 95%] [32mBuilding C object CMakeFiles/robot_msgs__rosidl_typesupport_c__pyext.dir/rosidl_generator_py/robot_msgs/_robot_msgs_s.ep.rosidl_typesupport_c.c.o[0m
[3.145s] [ 98%] [32m[1mLinking CXX shared library rosidl_generator_py/robot_msgs/robot_msgs_s__rosidl_typesupport_fastrtps_c.cpython-38-x86_64-linux-gnu.so[0m
[3.145s] [ 98%] [32m[1mLinking C shared library rosidl_generator_py/robot_msgs/robot_msgs_s__rosidl_typesupport_introspection_c.cpython-38-x86_64-linux-gnu.so[0m
[3.145s] [100%] [32m[1mLinking C shared library rosidl_generator_py/robot_msgs/robot_msgs_s__rosidl_typesupport_c.cpython-38-x86_64-linux-gnu.so[0m
[3.162s] [100%] Built target robot_msgs__rosidl_typesupport_c__pyext
[3.162s] [100%] Built target robot_msgs__rosidl_typesupport_introspection_c__pyext
[3.176s] [100%] Built target robot_msgs__rosidl_typesupport_fastrtps_c__pyext
[3.181s] Invoked command in '/home/yanji/robot_screwing/build/robot_msgs' returned '0': CMAKE_PREFIX_PATH=${CMAKE_PREFIX_PATH}:/home/yanji/robot_screwing/install/real_robot:/home/yanji/robot_screwing/install/mj_sim:/opt/ros/foxy CONDA_PROMPT_MODIFIER=(screwrobot) /usr/bin/cmake --build /home/yanji/robot_screwing/build/robot_msgs -- -j24 -l24
[3.187s] Invoking command in '/home/yanji/robot_screwing/build/robot_msgs': CMAKE_PREFIX_PATH=${CMAKE_PREFIX_PATH}:/home/yanji/robot_screwing/install/real_robot:/home/yanji/robot_screwing/install/mj_sim:/opt/ros/foxy CONDA_PROMPT_MODIFIER=(screwrobot) /usr/bin/cmake --install /home/yanji/robot_screwing/build/robot_msgs
[3.192s] -- Install configuration: ""
[3.192s] -- Installing: /home/yanji/robot_screwing/install/robot_msgs/share/ament_index/resource_index/rosidl_interfaces/robot_msgs
[3.192s] -- Installing: /home/yanji/robot_screwing/install/robot_msgs/include/robot_msgs
[3.192s] -- Installing: /home/yanji/robot_screwing/install/robot_msgs/include/robot_msgs/srv
[3.192s] -- Installing: /home/yanji/robot_screwing/install/robot_msgs/include/robot_msgs/srv/detail
[3.192s] -- Installing: /home/yanji/robot_screwing/install/robot_msgs/include/robot_msgs/srv/detail/start_pose__type_support.h
[3.192s] -- Installing: /home/yanji/robot_screwing/install/robot_msgs/include/robot_msgs/srv/detail/start_pose__functions.h
[3.192s] -- Installing: /home/yanji/robot_screwing/install/robot_msgs/include/robot_msgs/srv/detail/start_pose__struct.h
[3.192s] -- Installing: /home/yanji/robot_screwing/install/robot_msgs/include/robot_msgs/srv/detail/start_pose__functions.c
[3.192s] -- Installing: /home/yanji/robot_screwing/install/robot_msgs/include/robot_msgs/srv/start_pose.h
[3.192s] -- Installing: /home/yanji/robot_screwing/install/robot_msgs/include/robot_msgs/msg
[3.192s] -- Installing: /home/yanji/robot_screwing/install/robot_msgs/include/robot_msgs/msg/detail
[3.193s] -- Installing: /home/yanji/robot_screwing/install/robot_msgs/include/robot_msgs/msg/detail/robot_status__functions.h
[3.193s] -- Installing: /home/yanji/robot_screwing/install/robot_msgs/include/robot_msgs/msg/detail/ft_pub__functions.h
[3.193s] -- Installing: /home/yanji/robot_screwing/install/robot_msgs/include/robot_msgs/msg/detail/ref_status__functions.h
[3.193s] -- Installing: /home/yanji/robot_screwing/install/robot_msgs/include/robot_msgs/msg/detail/control_command__type_support.h
[3.193s] -- Installing: /home/yanji/robot_screwing/install/robot_msgs/include/robot_msgs/msg/detail/control_command__functions.h
[3.193s] -- Installing: /home/yanji/robot_screwing/install/robot_msgs/include/robot_msgs/msg/detail/ft_pub__functions.c
[3.193s] -- Installing: /home/yanji/robot_screwing/install/robot_msgs/include/robot_msgs/msg/detail/control_command__functions.c
[3.193s] -- Installing: /home/yanji/robot_screwing/install/robot_msgs/include/robot_msgs/msg/detail/control_command__struct.h
[3.193s] -- Installing: /home/yanji/robot_screwing/install/robot_msgs/include/robot_msgs/msg/detail/robot_status__struct.h
[3.193s] -- Installing: /home/yanji/robot_screwing/install/robot_msgs/include/robot_msgs/msg/detail/robot_status__type_support.h
[3.193s] -- Installing: /home/yanji/robot_screwing/install/robot_msgs/include/robot_msgs/msg/detail/ft_pub__type_support.h
[3.193s] -- Installing: /home/yanji/robot_screwing/install/robot_msgs/include/robot_msgs/msg/detail/ref_status__type_support.h
[3.193s] -- Installing: /home/yanji/robot_screwing/install/robot_msgs/include/robot_msgs/msg/detail/robot_status__functions.c
[3.193s] -- Installing: /home/yanji/robot_screwing/install/robot_msgs/include/robot_msgs/msg/detail/ft_pub__struct.h
[3.193s] -- Installing: /home/yanji/robot_screwing/install/robot_msgs/include/robot_msgs/msg/detail/ref_status__functions.c
[3.193s] -- Installing: /home/yanji/robot_screwing/install/robot_msgs/include/robot_msgs/msg/detail/ref_status__struct.h
[3.193s] -- Installing: /home/yanji/robot_screwing/install/robot_msgs/include/robot_msgs/msg/robot_status.h
[3.193s] -- Installing: /home/yanji/robot_screwing/install/robot_msgs/include/robot_msgs/msg/control_command.h
[3.193s] -- Installing: /home/yanji/robot_screwing/install/robot_msgs/include/robot_msgs/msg/rosidl_generator_c__visibility_control.h
[3.193s] -- Installing: /home/yanji/robot_screwing/install/robot_msgs/include/robot_msgs/msg/ref_status.h
[3.193s] -- Installing: /home/yanji/robot_screwing/install/robot_msgs/include/robot_msgs/msg/ft_pub.h
[3.193s] -- Installing: /home/yanji/robot_screwing/install/robot_msgs/share/robot_msgs/environment/library_path.sh
[3.193s] -- Installing: /home/yanji/robot_screwing/install/robot_msgs/share/robot_msgs/environment/library_path.dsv
[3.194s] -- Installing: /home/yanji/robot_screwing/install/robot_msgs/lib/librobot_msgs__rosidl_generator_c.so
[3.194s] -- Set runtime path of "/home/yanji/robot_screwing/install/robot_msgs/lib/librobot_msgs__rosidl_generator_c.so" to ""
[3.194s] -- Up-to-date: /home/yanji/robot_screwing/install/robot_msgs/include/robot_msgs
[3.194s] -- Up-to-date: /home/yanji/robot_screwing/install/robot_msgs/include/robot_msgs/srv
[3.194s] -- Up-to-date: /home/yanji/robot_screwing/install/robot_msgs/include/robot_msgs/srv/detail
[3.194s] -- Installing: /home/yanji/robot_screwing/install/robot_msgs/include/robot_msgs/srv/detail/start_pose__rosidl_typesupport_fastrtps_c.h
[3.194s] -- Up-to-date: /home/yanji/robot_screwing/install/robot_msgs/include/robot_msgs/msg
[3.194s] -- Up-to-date: /home/yanji/robot_screwing/install/robot_msgs/include/robot_msgs/msg/detail
[3.194s] -- Installing: /home/yanji/robot_screwing/install/robot_msgs/include/robot_msgs/msg/detail/control_command__rosidl_typesupport_fastrtps_c.h
[3.194s] -- Installing: /home/yanji/robot_screwing/install/robot_msgs/include/robot_msgs/msg/detail/ref_status__rosidl_typesupport_fastrtps_c.h
[3.194s] -- Installing: /home/yanji/robot_screwing/install/robot_msgs/include/robot_msgs/msg/detail/ft_pub__rosidl_typesupport_fastrtps_c.h
[3.194s] -- Installing: /home/yanji/robot_screwing/install/robot_msgs/include/robot_msgs/msg/detail/robot_status__rosidl_typesupport_fastrtps_c.h
[3.194s] -- Installing: /home/yanji/robot_screwing/install/robot_msgs/include/robot_msgs/msg/rosidl_typesupport_fastrtps_c__visibility_control.h
[3.194s] -- Installing: /home/yanji/robot_screwing/install/robot_msgs/lib/librobot_msgs__rosidl_typesupport_fastrtps_c.so
[3.194s] -- Set runtime path of "/home/yanji/robot_screwing/install/robot_msgs/lib/librobot_msgs__rosidl_typesupport_fastrtps_c.so" to ""
[3.194s] -- Up-to-date: /home/yanji/robot_screwing/install/robot_msgs/include/robot_msgs
[3.194s] -- Up-to-date: /home/yanji/robot_screwing/install/robot_msgs/include/robot_msgs/srv
[3.194s] -- Up-to-date: /home/yanji/robot_screwing/install/robot_msgs/include/robot_msgs/srv/detail
[3.195s] -- Installing: /home/yanji/robot_screwing/install/robot_msgs/include/robot_msgs/srv/detail/dds_fastrtps
[3.195s] -- Installing: /home/yanji/robot_screwing/install/robot_msgs/include/robot_msgs/srv/detail/start_pose__rosidl_typesupport_fastrtps_cpp.hpp
[3.195s] -- Up-to-date: /home/yanji/robot_screwing/install/robot_msgs/include/robot_msgs/msg
[3.195s] -- Up-to-date: /home/yanji/robot_screwing/install/robot_msgs/include/robot_msgs/msg/detail
[3.195s] -- Installing: /home/yanji/robot_screwing/install/robot_msgs/include/robot_msgs/msg/detail/control_command__rosidl_typesupport_fastrtps_cpp.hpp
[3.195s] -- Installing: /home/yanji/robot_screwing/install/robot_msgs/include/robot_msgs/msg/detail/dds_fastrtps
[3.195s] -- Installing: /home/yanji/robot_screwing/install/robot_msgs/include/robot_msgs/msg/detail/ft_pub__rosidl_typesupport_fastrtps_cpp.hpp
[3.195s] -- Installing: /home/yanji/robot_screwing/install/robot_msgs/include/robot_msgs/msg/detail/robot_status__rosidl_typesupport_fastrtps_cpp.hpp
[3.195s] -- Installing: /home/yanji/robot_screwing/install/robot_msgs/include/robot_msgs/msg/detail/ref_status__rosidl_typesupport_fastrtps_cpp.hpp
[3.195s] -- Installing: /home/yanji/robot_screwing/install/robot_msgs/include/robot_msgs/msg/rosidl_typesupport_fastrtps_cpp__visibility_control.h
[3.195s] -- Installing: /home/yanji/robot_screwing/install/robot_msgs/lib/librobot_msgs__rosidl_typesupport_fastrtps_cpp.so
[3.195s] -- Set runtime path of "/home/yanji/robot_screwing/install/robot_msgs/lib/librobot_msgs__rosidl_typesupport_fastrtps_cpp.so" to ""
[3.195s] -- Up-to-date: /home/yanji/robot_screwing/install/robot_msgs/include/robot_msgs
[3.195s] -- Up-to-date: /home/yanji/robot_screwing/install/robot_msgs/include/robot_msgs/srv
[3.195s] -- Up-to-date: /home/yanji/robot_screwing/install/robot_msgs/include/robot_msgs/srv/detail
[3.195s] -- Installing: /home/yanji/robot_screwing/install/robot_msgs/include/robot_msgs/srv/detail/start_pose__type_support.c
[3.195s] -- Installing: /home/yanji/robot_screwing/install/robot_msgs/include/robot_msgs/srv/detail/start_pose__rosidl_typesupport_introspection_c.h
[3.195s] -- Up-to-date: /home/yanji/robot_screwing/install/robot_msgs/include/robot_msgs/msg
[3.195s] -- Up-to-date: /home/yanji/robot_screwing/install/robot_msgs/include/robot_msgs/msg/detail
[3.195s] -- Installing: /home/yanji/robot_screwing/install/robot_msgs/include/robot_msgs/msg/detail/ref_status__type_support.c
[3.195s] -- Installing: /home/yanji/robot_screwing/install/robot_msgs/include/robot_msgs/msg/detail/ref_status__rosidl_typesupport_introspection_c.h
[3.195s] -- Installing: /home/yanji/robot_screwing/install/robot_msgs/include/robot_msgs/msg/detail/robot_status__type_support.c
[3.195s] -- Installing: /home/yanji/robot_screwing/install/robot_msgs/include/robot_msgs/msg/detail/control_command__rosidl_typesupport_introspection_c.h
[3.195s] -- Installing: /home/yanji/robot_screwing/install/robot_msgs/include/robot_msgs/msg/detail/ft_pub__rosidl_typesupport_introspection_c.h
[3.195s] -- Installing: /home/yanji/robot_screwing/install/robot_msgs/include/robot_msgs/msg/detail/control_command__type_support.c
[3.195s] -- Installing: /home/yanji/robot_screwing/install/robot_msgs/include/robot_msgs/msg/detail/ft_pub__type_support.c
[3.195s] -- Installing: /home/yanji/robot_screwing/install/robot_msgs/include/robot_msgs/msg/detail/robot_status__rosidl_typesupport_introspection_c.h
[3.196s] -- Installing: /home/yanji/robot_screwing/install/robot_msgs/include/robot_msgs/msg/rosidl_typesupport_introspection_c__visibility_control.h
[3.196s] -- Installing: /home/yanji/robot_screwing/install/robot_msgs/lib/librobot_msgs__rosidl_typesupport_introspection_c.so
[3.196s] -- Set runtime path of "/home/yanji/robot_screwing/install/robot_msgs/lib/librobot_msgs__rosidl_typesupport_introspection_c.so" to ""
[3.196s] -- Installing: /home/yanji/robot_screwing/install/robot_msgs/lib/librobot_msgs__rosidl_typesupport_c.so
[3.196s] -- Set runtime path of "/home/yanji/robot_screwing/install/robot_msgs/lib/librobot_msgs__rosidl_typesupport_c.so" to ""
[3.196s] -- Up-to-date: /home/yanji/robot_screwing/install/robot_msgs/include/robot_msgs
[3.196s] -- Up-to-date: /home/yanji/robot_screwing/install/robot_msgs/include/robot_msgs/srv
[3.196s] -- Up-to-date: /home/yanji/robot_screwing/install/robot_msgs/include/robot_msgs/srv/detail
[3.196s] -- Installing: /home/yanji/robot_screwing/install/robot_msgs/include/robot_msgs/srv/detail/start_pose__builder.hpp
[3.196s] -- Installing: /home/yanji/robot_screwing/install/robot_msgs/include/robot_msgs/srv/detail/start_pose__type_support.hpp
[3.196s] -- Installing: /home/yanji/robot_screwing/install/robot_msgs/include/robot_msgs/srv/detail/start_pose__traits.hpp
[3.196s] -- Installing: /home/yanji/robot_screwing/install/robot_msgs/include/robot_msgs/srv/detail/start_pose__struct.hpp
[3.196s] -- Installing: /home/yanji/robot_screwing/install/robot_msgs/include/robot_msgs/srv/start_pose.hpp
[3.196s] -- Up-to-date: /home/yanji/robot_screwing/install/robot_msgs/include/robot_msgs/msg
[3.196s] -- Up-to-date: /home/yanji/robot_screwing/install/robot_msgs/include/robot_msgs/msg/detail
[3.196s] -- Installing: /home/yanji/robot_screwing/install/robot_msgs/include/robot_msgs/msg/detail/ref_status__struct.hpp
[3.196s] -- Installing: /home/yanji/robot_screwing/install/robot_msgs/include/robot_msgs/msg/detail/ref_status__traits.hpp
[3.196s] -- Installing: /home/yanji/robot_screwing/install/robot_msgs/include/robot_msgs/msg/detail/ft_pub__builder.hpp
[3.196s] -- Installing: /home/yanji/robot_screwing/install/robot_msgs/include/robot_msgs/msg/detail/control_command__traits.hpp
[3.196s] -- Installing: /home/yanji/robot_screwing/install/robot_msgs/include/robot_msgs/msg/detail/ref_status__type_support.hpp
[3.196s] -- Installing: /home/yanji/robot_screwing/install/robot_msgs/include/robot_msgs/msg/detail/robot_status__type_support.hpp
[3.196s] -- Installing: /home/yanji/robot_screwing/install/robot_msgs/include/robot_msgs/msg/detail/robot_status__struct.hpp
[3.196s] -- Installing: /home/yanji/robot_screwing/install/robot_msgs/include/robot_msgs/msg/detail/ref_status__builder.hpp
[3.196s] -- Installing: /home/yanji/robot_screwing/install/robot_msgs/include/robot_msgs/msg/detail/control_command__type_support.hpp
[3.196s] -- Installing: /home/yanji/robot_screwing/install/robot_msgs/include/robot_msgs/msg/detail/ft_pub__struct.hpp
[3.197s] -- Installing: /home/yanji/robot_screwing/install/robot_msgs/include/robot_msgs/msg/detail/control_command__builder.hpp
[3.197s] -- Installing: /home/yanji/robot_screwing/install/robot_msgs/include/robot_msgs/msg/detail/ft_pub__traits.hpp
[3.197s] -- Installing: /home/yanji/robot_screwing/install/robot_msgs/include/robot_msgs/msg/detail/robot_status__traits.hpp
[3.197s] -- Installing: /home/yanji/robot_screwing/install/robot_msgs/include/robot_msgs/msg/detail/ft_pub__type_support.hpp
[3.197s] -- Installing: /home/yanji/robot_screwing/install/robot_msgs/include/robot_msgs/msg/detail/control_command__struct.hpp
[3.197s] -- Installing: /home/yanji/robot_screwing/install/robot_msgs/include/robot_msgs/msg/detail/robot_status__builder.hpp
[3.197s] -- Installing: /home/yanji/robot_screwing/install/robot_msgs/include/robot_msgs/msg/ref_status.hpp
[3.197s] -- Installing: /home/yanji/robot_screwing/install/robot_msgs/include/robot_msgs/msg/rosidl_generator_cpp__visibility_control.hpp
[3.197s] -- Installing: /home/yanji/robot_screwing/install/robot_msgs/include/robot_msgs/msg/control_command.hpp
[3.197s] -- Installing: /home/yanji/robot_screwing/install/robot_msgs/include/robot_msgs/msg/ft_pub.hpp
[3.197s] -- Installing: /home/yanji/robot_screwing/install/robot_msgs/include/robot_msgs/msg/robot_status.hpp
[3.197s] -- Up-to-date: /home/yanji/robot_screwing/install/robot_msgs/include/robot_msgs
[3.197s] -- Up-to-date: /home/yanji/robot_screwing/install/robot_msgs/include/robot_msgs/srv
[3.197s] -- Up-to-date: /home/yanji/robot_screwing/install/robot_msgs/include/robot_msgs/srv/detail
[3.197s] -- Installing: /home/yanji/robot_screwing/install/robot_msgs/include/robot_msgs/srv/detail/start_pose__rosidl_typesupport_introspection_cpp.hpp
[3.197s] -- Installing: /home/yanji/robot_screwing/install/robot_msgs/include/robot_msgs/srv/detail/start_pose__type_support.cpp
[3.197s] -- Up-to-date: /home/yanji/robot_screwing/install/robot_msgs/include/robot_msgs/msg
[3.197s] -- Up-to-date: /home/yanji/robot_screwing/install/robot_msgs/include/robot_msgs/msg/detail
[3.197s] -- Installing: /home/yanji/robot_screwing/install/robot_msgs/include/robot_msgs/msg/detail/ft_pub__rosidl_typesupport_introspection_cpp.hpp
[3.197s] -- Installing: /home/yanji/robot_screwing/install/robot_msgs/include/robot_msgs/msg/detail/ft_pub__type_support.cpp
[3.197s] -- Installing: /home/yanji/robot_screwing/install/robot_msgs/include/robot_msgs/msg/detail/control_command__rosidl_typesupport_introspection_cpp.hpp
[3.197s] -- Installing: /home/yanji/robot_screwing/install/robot_msgs/include/robot_msgs/msg/detail/robot_status__type_support.cpp
[3.197s] -- Installing: /home/yanji/robot_screwing/install/robot_msgs/include/robot_msgs/msg/detail/ref_status__rosidl_typesupport_introspection_cpp.hpp
[3.197s] -- Installing: /home/yanji/robot_screwing/install/robot_msgs/include/robot_msgs/msg/detail/ref_status__type_support.cpp
[3.197s] -- Installing: /home/yanji/robot_screwing/install/robot_msgs/include/robot_msgs/msg/detail/control_command__type_support.cpp
[3.197s] -- Installing: /home/yanji/robot_screwing/install/robot_msgs/include/robot_msgs/msg/detail/robot_status__rosidl_typesupport_introspection_cpp.hpp
[3.197s] -- Installing: /home/yanji/robot_screwing/install/robot_msgs/lib/librobot_msgs__rosidl_typesupport_introspection_cpp.so
[3.197s] -- Set runtime path of "/home/yanji/robot_screwing/install/robot_msgs/lib/librobot_msgs__rosidl_typesupport_introspection_cpp.so" to ""
[3.198s] -- Installing: /home/yanji/robot_screwing/install/robot_msgs/lib/librobot_msgs__rosidl_typesupport_cpp.so
[3.198s] -- Set runtime path of "/home/yanji/robot_screwing/install/robot_msgs/lib/librobot_msgs__rosidl_typesupport_cpp.so" to ""
[3.198s] -- Installing: /home/yanji/robot_screwing/install/robot_msgs/share/robot_msgs/environment/pythonpath.sh
[3.198s] -- Installing: /home/yanji/robot_screwing/install/robot_msgs/share/robot_msgs/environment/pythonpath.dsv
[3.198s] -- Installing: /home/yanji/robot_screwing/install/robot_msgs/lib/python3.8/site-packages/robot_msgs/__init__.py
[3.213s] Compiling '/home/yanji/robot_screwing/install/robot_msgs/lib/python3.8/site-packages/robot_msgs/__init__.py'...
[3.214s] -- Installing: /home/yanji/robot_screwing/install/robot_msgs/lib/python3.8/site-packages/robot_msgs/msg
[3.215s] -- Installing: /home/yanji/robot_screwing/install/robot_msgs/lib/python3.8/site-packages/robot_msgs/msg/_robot_status_s.c
[3.215s] -- Installing: /home/yanji/robot_screwing/install/robot_msgs/lib/python3.8/site-packages/robot_msgs/msg/__init__.py
[3.215s] -- Installing: /home/yanji/robot_screwing/install/robot_msgs/lib/python3.8/site-packages/robot_msgs/msg/_control_command.py
[3.215s] -- Installing: /home/yanji/robot_screwing/install/robot_msgs/lib/python3.8/site-packages/robot_msgs/msg/_ref_status.py
[3.215s] -- Installing: /home/yanji/robot_screwing/install/robot_msgs/lib/python3.8/site-packages/robot_msgs/msg/_robot_status.py
[3.215s] -- Installing: /home/yanji/robot_screwing/install/robot_msgs/lib/python3.8/site-packages/robot_msgs/msg/_ft_pub_s.c
[3.215s] -- Installing: /home/yanji/robot_screwing/install/robot_msgs/lib/python3.8/site-packages/robot_msgs/msg/_ref_status_s.c
[3.215s] -- Installing: /home/yanji/robot_screwing/install/robot_msgs/lib/python3.8/site-packages/robot_msgs/msg/_control_command_s.c
[3.215s] -- Installing: /home/yanji/robot_screwing/install/robot_msgs/lib/python3.8/site-packages/robot_msgs/msg/_ft_pub.py
[3.215s] -- Installing: /home/yanji/robot_screwing/install/robot_msgs/lib/python3.8/site-packages/robot_msgs/srv
[3.215s] -- Installing: /home/yanji/robot_screwing/install/robot_msgs/lib/python3.8/site-packages/robot_msgs/srv/__init__.py
[3.215s] -- Installing: /home/yanji/robot_screwing/install/robot_msgs/lib/python3.8/site-packages/robot_msgs/srv/_start_pose_s.c
[3.215s] -- Installing: /home/yanji/robot_screwing/install/robot_msgs/lib/python3.8/site-packages/robot_msgs/srv/_start_pose.py
[3.215s] -- Installing: /home/yanji/robot_screwing/install/robot_msgs/lib/python3.8/site-packages/robot_msgs/robot_msgs_s__rosidl_typesupport_fastrtps_c.cpython-38-x86_64-linux-gnu.so
[3.216s] -- Set runtime path of "/home/yanji/robot_screwing/install/robot_msgs/lib/python3.8/site-packages/robot_msgs/robot_msgs_s__rosidl_typesupport_fastrtps_c.cpython-38-x86_64-linux-gnu.so" to ""
[3.216s] -- Installing: /home/yanji/robot_screwing/install/robot_msgs/lib/python3.8/site-packages/robot_msgs/robot_msgs_s__rosidl_typesupport_introspection_c.cpython-38-x86_64-linux-gnu.so
[3.216s] -- Set runtime path of "/home/yanji/robot_screwing/install/robot_msgs/lib/python3.8/site-packages/robot_msgs/robot_msgs_s__rosidl_typesupport_introspection_c.cpython-38-x86_64-linux-gnu.so" to ""
[3.216s] -- Installing: /home/yanji/robot_screwing/install/robot_msgs/lib/python3.8/site-packages/robot_msgs/robot_msgs_s__rosidl_typesupport_c.cpython-38-x86_64-linux-gnu.so
[3.216s] -- Set runtime path of "/home/yanji/robot_screwing/install/robot_msgs/lib/python3.8/site-packages/robot_msgs/robot_msgs_s__rosidl_typesupport_c.cpython-38-x86_64-linux-gnu.so" to ""
[3.216s] -- Installing: /home/yanji/robot_screwing/install/robot_msgs/lib/librobot_msgs__python.so
[3.216s] -- Set runtime path of "/home/yanji/robot_screwing/install/robot_msgs/lib/librobot_msgs__python.so" to ""
[3.216s] -- Installing: /home/yanji/robot_screwing/install/robot_msgs/share/robot_msgs/msg/FtPub.idl
[3.216s] -- Installing: /home/yanji/robot_screwing/install/robot_msgs/share/robot_msgs/msg/RobotStatus.idl
[3.217s] -- Installing: /home/yanji/robot_screwing/install/robot_msgs/share/robot_msgs/msg/ControlCommand.idl
[3.217s] -- Installing: /home/yanji/robot_screwing/install/robot_msgs/share/robot_msgs/msg/RefStatus.idl
[3.217s] -- Installing: /home/yanji/robot_screwing/install/robot_msgs/share/robot_msgs/srv/StartPose.idl
[3.217s] -- Installing: /home/yanji/robot_screwing/install/robot_msgs/share/robot_msgs/msg/FtPub.msg
[3.217s] -- Installing: /home/yanji/robot_screwing/install/robot_msgs/share/robot_msgs/msg/RobotStatus.msg
[3.217s] -- Installing: /home/yanji/robot_screwing/install/robot_msgs/share/robot_msgs/msg/ControlCommand.msg
[3.217s] -- Installing: /home/yanji/robot_screwing/install/robot_msgs/share/robot_msgs/msg/RefStatus.msg
[3.217s] -- Installing: /home/yanji/robot_screwing/install/robot_msgs/share/robot_msgs/srv/StartPose.srv
[3.217s] -- Installing: /home/yanji/robot_screwing/install/robot_msgs/share/robot_msgs/srv/StartPose_Request.msg
[3.217s] -- Installing: /home/yanji/robot_screwing/install/robot_msgs/share/robot_msgs/srv/StartPose_Response.msg
[3.217s] -- Installing: /home/yanji/robot_screwing/install/robot_msgs/share/ament_index/resource_index/package_run_dependencies/robot_msgs
[3.217s] -- Installing: /home/yanji/robot_screwing/install/robot_msgs/share/ament_index/resource_index/parent_prefix_path/robot_msgs
[3.217s] -- Installing: /home/yanji/robot_screwing/install/robot_msgs/share/robot_msgs/environment/ament_prefix_path.sh
[3.217s] -- Installing: /home/yanji/robot_screwing/install/robot_msgs/share/robot_msgs/environment/ament_prefix_path.dsv
[3.217s] -- Installing: /home/yanji/robot_screwing/install/robot_msgs/share/robot_msgs/environment/path.sh
[3.217s] -- Installing: /home/yanji/robot_screwing/install/robot_msgs/share/robot_msgs/environment/path.dsv
[3.217s] -- Installing: /home/yanji/robot_screwing/install/robot_msgs/share/robot_msgs/local_setup.bash
[3.217s] -- Installing: /home/yanji/robot_screwing/install/robot_msgs/share/robot_msgs/local_setup.sh
[3.217s] -- Installing: /home/yanji/robot_screwing/install/robot_msgs/share/robot_msgs/local_setup.zsh
[3.217s] -- Installing: /home/yanji/robot_screwing/install/robot_msgs/share/robot_msgs/local_setup.dsv
[3.217s] -- Installing: /home/yanji/robot_screwing/install/robot_msgs/share/robot_msgs/package.dsv
[3.218s] -- Installing: /home/yanji/robot_screwing/install/robot_msgs/share/ament_index/resource_index/packages/robot_msgs
[3.218s] -- Installing: /home/yanji/robot_screwing/install/robot_msgs/share/robot_msgs/cmake/robot_msgs__rosidl_generator_cExport.cmake
[3.218s] -- Installing: /home/yanji/robot_screwing/install/robot_msgs/share/robot_msgs/cmake/robot_msgs__rosidl_generator_cExport-noconfig.cmake
[3.218s] -- Installing: /home/yanji/robot_screwing/install/robot_msgs/share/robot_msgs/cmake/robot_msgs__rosidl_typesupport_introspection_cExport.cmake
[3.218s] -- Installing: /home/yanji/robot_screwing/install/robot_msgs/share/robot_msgs/cmake/robot_msgs__rosidl_typesupport_introspection_cExport-noconfig.cmake
[3.218s] -- Installing: /home/yanji/robot_screwing/install/robot_msgs/share/robot_msgs/cmake/robot_msgs__rosidl_typesupport_cExport.cmake
[3.218s] -- Installing: /home/yanji/robot_screwing/install/robot_msgs/share/robot_msgs/cmake/robot_msgs__rosidl_typesupport_cExport-noconfig.cmake
[3.218s] -- Installing: /home/yanji/robot_screwing/install/robot_msgs/share/robot_msgs/cmake/robot_msgs__rosidl_generator_cppExport.cmake
[3.218s] -- Installing: /home/yanji/robot_screwing/install/robot_msgs/share/robot_msgs/cmake/robot_msgs__rosidl_typesupport_introspection_cppExport.cmake
[3.218s] -- Installing: /home/yanji/robot_screwing/install/robot_msgs/share/robot_msgs/cmake/robot_msgs__rosidl_typesupport_introspection_cppExport-noconfig.cmake
[3.218s] -- Installing: /home/yanji/robot_screwing/install/robot_msgs/share/robot_msgs/cmake/robot_msgs__rosidl_typesupport_cppExport.cmake
[3.218s] -- Installing: /home/yanji/robot_screwing/install/robot_msgs/share/robot_msgs/cmake/robot_msgs__rosidl_typesupport_cppExport-noconfig.cmake
[3.218s] -- Installing: /home/yanji/robot_screwing/install/robot_msgs/share/robot_msgs/cmake/rosidl_cmake-extras.cmake
[3.218s] -- Installing: /home/yanji/robot_screwing/install/robot_msgs/share/robot_msgs/cmake/ament_cmake_export_dependencies-extras.cmake
[3.218s] -- Installing: /home/yanji/robot_screwing/install/robot_msgs/share/robot_msgs/cmake/ament_cmake_export_libraries-extras.cmake
[3.218s] -- Installing: /home/yanji/robot_screwing/install/robot_msgs/share/robot_msgs/cmake/ament_cmake_export_targets-extras.cmake
[3.219s] -- Installing: /home/yanji/robot_screwing/install/robot_msgs/share/robot_msgs/cmake/ament_cmake_export_include_directories-extras.cmake
[3.219s] -- Installing: /home/yanji/robot_screwing/install/robot_msgs/share/robot_msgs/cmake/rosidl_cmake_export_typesupport_libraries-extras.cmake
[3.219s] -- Installing: /home/yanji/robot_screwing/install/robot_msgs/share/robot_msgs/cmake/rosidl_cmake_export_typesupport_targets-extras.cmake
[3.219s] -- Installing: /home/yanji/robot_screwing/install/robot_msgs/share/robot_msgs/cmake/robot_msgsConfig.cmake
[3.219s] -- Installing: /home/yanji/robot_screwing/install/robot_msgs/share/robot_msgs/cmake/robot_msgsConfig-version.cmake
[3.219s] -- Installing: /home/yanji/robot_screwing/install/robot_msgs/share/robot_msgs/package.xml
[3.220s] Invoked command in '/home/yanji/robot_screwing/build/robot_msgs' returned '0': CMAKE_PREFIX_PATH=${CMAKE_PREFIX_PATH}:/home/yanji/robot_screwing/install/real_robot:/home/yanji/robot_screwing/install/mj_sim:/opt/ros/foxy CONDA_PROMPT_MODIFIER=(screwrobot) /usr/bin/cmake --install /home/yanji/robot_screwing/build/robot_msgs
