[0.005s] Invoking command in '/home/yanji/robot_screwing/build/screw_robot_control': CMAKE_PREFIX_PATH=/home/yanji/robot_screwing/install/robot_msgs:/home/yanji/robot_screwing/install/screw_robot_control:/home/yanji/robot_screwing/install/real_robot:/home/yanji/robot_screwing/install/mj_sim:/opt/ros/foxy CONDA_PROMPT_MODIFIER=(screwrobot) LD_LIBRARY_PATH=/home/yanji/robot_screwing/install/robot_msgs/lib:/lib/x86_64-linux-gnu:/usr/lib/x86_64-linux-gnu:/home/yanji/robot_screwing/install/screw_robot_control/lib:/opt/ros/foxy/opt/yaml_cpp_vendor/lib:/opt/ros/foxy/opt/rviz_ogre_vendor/lib:/opt/ros/foxy/lib/x86_64-linux-gnu:/opt/ros/foxy/lib:/lib/x86_64-linux-gnu:/usr/lib/x86_64-linux-gnu:/usr/local/cuda/lib64:/usr/local/cuda/lib64 /usr/bin/cmake --build /home/yanji/robot_screwing/build/screw_robot_control -- -j24 -l24
[0.019s] -- Found ament_cmake: 0.9.12 (/opt/ros/foxy/share/ament_cmake/cmake)
[0.031s] -- Using PYTHON_EXECUTABLE: /home/yanji/anaconda3/envs/screwrobot/bin/python3
[0.163s] -- Found rclcpp: 2.4.3 (/opt/ros/foxy/share/rclcpp/cmake)
[0.184s] -- Using all available rosidl_typesupport_c: rosidl_typesupport_fastrtps_c;rosidl_typesupport_introspection_c
[0.186s] -- Found rosidl_adapter: 1.3.1 (/opt/ros/foxy/share/rosidl_adapter/cmake)
[0.257s] -- Using all available rosidl_typesupport_cpp: rosidl_typesupport_fastrtps_cpp;rosidl_typesupport_introspection_cpp
[0.285s] -- Found rmw_implementation_cmake: 1.0.4 (/opt/ros/foxy/share/rmw_implementation_cmake/cmake)
[0.286s] -- Using RMW implementation 'rmw_fastrtps_cpp' as default
[0.360s] -- Found geometry_msgs: 2.0.5 (/opt/ros/foxy/share/geometry_msgs/cmake)
[0.377s] -- Found robot_msgs: 0.0.0 (/home/yanji/robot_screwing/install/robot_msgs/share/robot_msgs/cmake)
[0.439s] -- Found rclcpp_action: 2.4.3 (/opt/ros/foxy/share/rclcpp_action/cmake)
[0.457s] CMake Error at CMakeLists.txt:108 (install):
[0.457s]   install TARGETS given target "right_arm_control_test" which does not exist.
[0.457s] 
[0.457s] 
[0.458s] -- Found ament_lint_auto: 0.9.8 (/opt/ros/foxy/share/ament_lint_auto/cmake)
[0.503s] -- Added test 'copyright' to check source files copyright and LICENSE
[0.504s] -- Added test 'cppcheck' to perform static code analysis on C / C++ code
[0.504s] -- Configured cppcheck include dirs: /home/yanji/robot_screwing/src/screw_robot_control/include;/home/yanji/robot_screwing/src/screw_robot_control/include/screw_robot_control
[0.504s] -- Configured cppcheck exclude dirs and/or files: 
[0.505s] -- Added test 'cpplint' to check C / C++ code against the Google style
[0.505s] -- Configured cpplint exclude dirs and/or files: 
[0.505s] -- Added test 'flake8' to check Python code syntax and style conventions
[0.505s] -- Added test 'lint_cmake' to check CMake code style
[0.506s] -- Added test 'pep257' to check Python code against some of the style conventions in PEP 257
[0.507s] -- Added test 'uncrustify' to check C / C++ code style
[0.507s] -- Configured uncrustify additional arguments: 
[0.507s] -- Added test 'xmllint' to check XML markup files
[0.508s] -- Configuring incomplete, errors occurred!
[0.508s] See also "/home/yanji/robot_screwing/build/screw_robot_control/CMakeFiles/CMakeOutput.log".
[0.509s] See also "/home/yanji/robot_screwing/build/screw_robot_control/CMakeFiles/CMakeError.log".
[0.512s] make: *** [Makefile:442：cmake_check_build_system] 错误 1
[0.513s] Invoked command in '/home/yanji/robot_screwing/build/screw_robot_control' returned '2': CMAKE_PREFIX_PATH=/home/yanji/robot_screwing/install/robot_msgs:/home/yanji/robot_screwing/install/screw_robot_control:/home/yanji/robot_screwing/install/real_robot:/home/yanji/robot_screwing/install/mj_sim:/opt/ros/foxy CONDA_PROMPT_MODIFIER=(screwrobot) LD_LIBRARY_PATH=/home/yanji/robot_screwing/install/robot_msgs/lib:/lib/x86_64-linux-gnu:/usr/lib/x86_64-linux-gnu:/home/yanji/robot_screwing/install/screw_robot_control/lib:/opt/ros/foxy/opt/yaml_cpp_vendor/lib:/opt/ros/foxy/opt/rviz_ogre_vendor/lib:/opt/ros/foxy/lib/x86_64-linux-gnu:/opt/ros/foxy/lib:/lib/x86_64-linux-gnu:/usr/lib/x86_64-linux-gnu:/usr/local/cuda/lib64:/usr/local/cuda/lib64 /usr/bin/cmake --build /home/yanji/robot_screwing/build/screw_robot_control -- -j24 -l24
