[0.430s] Invoking command in '/home/yanji/robot_screwing/src/real_robot': CONDA_PROMPT_MODIFIER=(screwrobot) PYTHONPATH=/home/yanji/robot_screwing/build/real_robot/prefix_override:/usr/lib/python3/dist-packages/colcon_core/task/python/colcon_distutils_commands:/home/yanji/robot_screwing/install/real_robot/lib/python3.8/site-packages:${PYTHONPATH} /usr/bin/python3 -W ignore:setup.py install is deprecated -W ignore:easy_install command is deprecated setup.py egg_info --egg-base ../../build/real_robot build --build-base /home/yanji/robot_screwing/build/real_robot/build install --record /home/yanji/robot_screwing/build/real_robot/install.log --install-scripts $base/lib/real_robot --single-version-externally-managed install_data
[0.526s] running egg_info
[0.527s] creating ../../build/real_robot/real_robot.egg-info
[0.527s] writing ../../build/real_robot/real_robot.egg-info/PKG-INFO
[0.527s] writing dependency_links to ../../build/real_robot/real_robot.egg-info/dependency_links.txt
[0.527s] writing entry points to ../../build/real_robot/real_robot.egg-info/entry_points.txt
[0.527s] writing requirements to ../../build/real_robot/real_robot.egg-info/requires.txt
[0.527s] writing top-level names to ../../build/real_robot/real_robot.egg-info/top_level.txt
[0.527s] writing manifest file '../../build/real_robot/real_robot.egg-info/SOURCES.txt'
[0.542s] reading manifest file '../../build/real_robot/real_robot.egg-info/SOURCES.txt'
[0.542s] writing manifest file '../../build/real_robot/real_robot.egg-info/SOURCES.txt'
[0.542s] running build
[0.542s] running build_py
[0.542s] creating /home/yanji/robot_screwing/build/real_robot/build
[0.542s] creating /home/yanji/robot_screwing/build/real_robot/build/lib
[0.542s] creating /home/yanji/robot_screwing/build/real_robot/build/lib/real_robot
[0.543s] copying real_robot/__init__.py -> /home/yanji/robot_screwing/build/real_robot/build/lib/real_robot
[0.543s] running install
[0.543s] running install_lib
[0.543s] creating /home/yanji/robot_screwing/install/real_robot/lib/python3.8/site-packages/real_robot
[0.543s] copying /home/yanji/robot_screwing/build/real_robot/build/lib/real_robot/__init__.py -> /home/yanji/robot_screwing/install/real_robot/lib/python3.8/site-packages/real_robot
[0.544s] byte-compiling /home/yanji/robot_screwing/install/real_robot/lib/python3.8/site-packages/real_robot/__init__.py to __init__.cpython-38.pyc
[0.544s] running install_data
[0.544s] creating /home/yanji/robot_screwing/install/real_robot/share/ament_index
[0.544s] creating /home/yanji/robot_screwing/install/real_robot/share/ament_index/resource_index
[0.544s] creating /home/yanji/robot_screwing/install/real_robot/share/ament_index/resource_index/packages
[0.544s] copying resource/real_robot -> /home/yanji/robot_screwing/install/real_robot/share/ament_index/resource_index/packages
[0.544s] copying package.xml -> /home/yanji/robot_screwing/install/real_robot/share/real_robot
[0.544s] running install_egg_info
[0.545s] Copying ../../build/real_robot/real_robot.egg-info to /home/yanji/robot_screwing/install/real_robot/lib/python3.8/site-packages/real_robot-0.0.0-py3.8.egg-info
[0.545s] running install_scripts
[0.553s] writing list of installed files to '/home/yanji/robot_screwing/build/real_robot/install.log'
[0.563s] Invoked command in '/home/yanji/robot_screwing/src/real_robot' returned '0': CONDA_PROMPT_MODIFIER=(screwrobot) PYTHONPATH=/home/yanji/robot_screwing/build/real_robot/prefix_override:/usr/lib/python3/dist-packages/colcon_core/task/python/colcon_distutils_commands:/home/yanji/robot_screwing/install/real_robot/lib/python3.8/site-packages:${PYTHONPATH} /usr/bin/python3 -W ignore:setup.py install is deprecated -W ignore:easy_install command is deprecated setup.py egg_info --egg-base ../../build/real_robot build --build-base /home/yanji/robot_screwing/build/real_robot/build install --record /home/yanji/robot_screwing/build/real_robot/install.log --install-scripts $base/lib/real_robot --single-version-externally-managed install_data
