[0.443s] Invoking command in '/home/yanji/robot_screwing/src/mj_sim': CONDA_PROMPT_MODIFIER=(screwrobot) PYTHONPATH=/home/yanji/robot_screwing/build/mj_sim/prefix_override:/usr/lib/python3/dist-packages/colcon_core/task/python/colcon_distutils_commands:/home/yanji/robot_screwing/install/mj_sim/lib/python3.8/site-packages:${PYTHONPATH} /usr/bin/python3 -W ignore:setup.py install is deprecated -W ignore:easy_install command is deprecated setup.py egg_info --egg-base ../../build/mj_sim build --build-base /home/yanji/robot_screwing/build/mj_sim/build install --record /home/yanji/robot_screwing/build/mj_sim/install.log --install-scripts $base/lib/mj_sim --single-version-externally-managed install_data
[0.542s] running egg_info
[0.542s] creating ../../build/mj_sim/mj_sim.egg-info
[0.542s] writing ../../build/mj_sim/mj_sim.egg-info/PKG-INFO
[0.542s] writing dependency_links to ../../build/mj_sim/mj_sim.egg-info/dependency_links.txt
[0.542s] writing entry points to ../../build/mj_sim/mj_sim.egg-info/entry_points.txt
[0.542s] writing requirements to ../../build/mj_sim/mj_sim.egg-info/requires.txt
[0.543s] writing top-level names to ../../build/mj_sim/mj_sim.egg-info/top_level.txt
[0.543s] writing manifest file '../../build/mj_sim/mj_sim.egg-info/SOURCES.txt'
[0.558s] reading manifest file '../../build/mj_sim/mj_sim.egg-info/SOURCES.txt'
[0.559s] writing manifest file '../../build/mj_sim/mj_sim.egg-info/SOURCES.txt'
[0.559s] running build
[0.559s] running build_py
[0.559s] creating /home/yanji/robot_screwing/build/mj_sim/build
[0.559s] creating /home/yanji/robot_screwing/build/mj_sim/build/lib
[0.559s] creating /home/yanji/robot_screwing/build/mj_sim/build/lib/mj_sim
[0.559s] copying mj_sim/__init__.py -> /home/yanji/robot_screwing/build/mj_sim/build/lib/mj_sim
[0.559s] copying mj_sim/robot_kinetic.py -> /home/yanji/robot_screwing/build/mj_sim/build/lib/mj_sim
[0.559s] copying mj_sim/utils.py -> /home/yanji/robot_screwing/build/mj_sim/build/lib/mj_sim
[0.559s] copying mj_sim/mpc_optimizer_single.py -> /home/yanji/robot_screwing/build/mj_sim/build/lib/mj_sim
[0.559s] copying mj_sim/robot_sim_env_test.py -> /home/yanji/robot_screwing/build/mj_sim/build/lib/mj_sim
[0.560s] copying mj_sim/trajectory_planner.py -> /home/yanji/robot_screwing/build/mj_sim/build/lib/mj_sim
[0.560s] copying mj_sim/mpc_optimizer_withgp.py -> /home/yanji/robot_screwing/build/mj_sim/build/lib/mj_sim
[0.560s] copying mj_sim/mpc_node_withgp.py -> /home/yanji/robot_screwing/build/mj_sim/build/lib/mj_sim
[0.560s] copying mj_sim/train.py -> /home/yanji/robot_screwing/build/mj_sim/build/lib/mj_sim
[0.560s] copying mj_sim/mpc_optimizer.py -> /home/yanji/robot_screwing/build/mj_sim/build/lib/mj_sim
[0.560s] copying mj_sim/data_recorder.py -> /home/yanji/robot_screwing/build/mj_sim/build/lib/mj_sim
[0.560s] copying mj_sim/test_with_gp.py -> /home/yanji/robot_screwing/build/mj_sim/build/lib/mj_sim
[0.560s] copying mj_sim/mpc_node.py -> /home/yanji/robot_screwing/build/mj_sim/build/lib/mj_sim
[0.560s] copying mj_sim/test.py -> /home/yanji/robot_screwing/build/mj_sim/build/lib/mj_sim
[0.560s] copying mj_sim/results_plots.py -> /home/yanji/robot_screwing/build/mj_sim/build/lib/mj_sim
[0.560s] copying mj_sim/robot_sim_env.py -> /home/yanji/robot_screwing/build/mj_sim/build/lib/mj_sim
[0.560s] running install
[0.560s] running install_lib
[0.560s] creating /home/yanji/robot_screwing/install/mj_sim/lib/python3.8/site-packages/mj_sim
[0.560s] copying /home/yanji/robot_screwing/build/mj_sim/build/lib/mj_sim/__init__.py -> /home/yanji/robot_screwing/install/mj_sim/lib/python3.8/site-packages/mj_sim
[0.561s] copying /home/yanji/robot_screwing/build/mj_sim/build/lib/mj_sim/robot_kinetic.py -> /home/yanji/robot_screwing/install/mj_sim/lib/python3.8/site-packages/mj_sim
[0.561s] copying /home/yanji/robot_screwing/build/mj_sim/build/lib/mj_sim/utils.py -> /home/yanji/robot_screwing/install/mj_sim/lib/python3.8/site-packages/mj_sim
[0.561s] copying /home/yanji/robot_screwing/build/mj_sim/build/lib/mj_sim/mpc_optimizer_single.py -> /home/yanji/robot_screwing/install/mj_sim/lib/python3.8/site-packages/mj_sim
[0.561s] copying /home/yanji/robot_screwing/build/mj_sim/build/lib/mj_sim/robot_sim_env_test.py -> /home/yanji/robot_screwing/install/mj_sim/lib/python3.8/site-packages/mj_sim
[0.561s] copying /home/yanji/robot_screwing/build/mj_sim/build/lib/mj_sim/trajectory_planner.py -> /home/yanji/robot_screwing/install/mj_sim/lib/python3.8/site-packages/mj_sim
[0.561s] copying /home/yanji/robot_screwing/build/mj_sim/build/lib/mj_sim/mpc_optimizer_withgp.py -> /home/yanji/robot_screwing/install/mj_sim/lib/python3.8/site-packages/mj_sim
[0.561s] copying /home/yanji/robot_screwing/build/mj_sim/build/lib/mj_sim/mpc_node_withgp.py -> /home/yanji/robot_screwing/install/mj_sim/lib/python3.8/site-packages/mj_sim
[0.561s] copying /home/yanji/robot_screwing/build/mj_sim/build/lib/mj_sim/train.py -> /home/yanji/robot_screwing/install/mj_sim/lib/python3.8/site-packages/mj_sim
[0.561s] copying /home/yanji/robot_screwing/build/mj_sim/build/lib/mj_sim/mpc_optimizer.py -> /home/yanji/robot_screwing/install/mj_sim/lib/python3.8/site-packages/mj_sim
[0.561s] copying /home/yanji/robot_screwing/build/mj_sim/build/lib/mj_sim/data_recorder.py -> /home/yanji/robot_screwing/install/mj_sim/lib/python3.8/site-packages/mj_sim
[0.561s] copying /home/yanji/robot_screwing/build/mj_sim/build/lib/mj_sim/test_with_gp.py -> /home/yanji/robot_screwing/install/mj_sim/lib/python3.8/site-packages/mj_sim
[0.561s] copying /home/yanji/robot_screwing/build/mj_sim/build/lib/mj_sim/mpc_node.py -> /home/yanji/robot_screwing/install/mj_sim/lib/python3.8/site-packages/mj_sim
[0.561s] copying /home/yanji/robot_screwing/build/mj_sim/build/lib/mj_sim/test.py -> /home/yanji/robot_screwing/install/mj_sim/lib/python3.8/site-packages/mj_sim
[0.561s] copying /home/yanji/robot_screwing/build/mj_sim/build/lib/mj_sim/results_plots.py -> /home/yanji/robot_screwing/install/mj_sim/lib/python3.8/site-packages/mj_sim
[0.561s] copying /home/yanji/robot_screwing/build/mj_sim/build/lib/mj_sim/robot_sim_env.py -> /home/yanji/robot_screwing/install/mj_sim/lib/python3.8/site-packages/mj_sim
[0.561s] byte-compiling /home/yanji/robot_screwing/install/mj_sim/lib/python3.8/site-packages/mj_sim/__init__.py to __init__.cpython-38.pyc
[0.562s] byte-compiling /home/yanji/robot_screwing/install/mj_sim/lib/python3.8/site-packages/mj_sim/robot_kinetic.py to robot_kinetic.cpython-38.pyc
[0.562s] byte-compiling /home/yanji/robot_screwing/install/mj_sim/lib/python3.8/site-packages/mj_sim/utils.py to utils.cpython-38.pyc
[0.562s] byte-compiling /home/yanji/robot_screwing/install/mj_sim/lib/python3.8/site-packages/mj_sim/mpc_optimizer_single.py to mpc_optimizer_single.cpython-38.pyc
[0.563s] byte-compiling /home/yanji/robot_screwing/install/mj_sim/lib/python3.8/site-packages/mj_sim/robot_sim_env_test.py to robot_sim_env_test.cpython-38.pyc
[0.565s] byte-compiling /home/yanji/robot_screwing/install/mj_sim/lib/python3.8/site-packages/mj_sim/trajectory_planner.py to trajectory_planner.cpython-38.pyc
[0.565s] byte-compiling /home/yanji/robot_screwing/install/mj_sim/lib/python3.8/site-packages/mj_sim/mpc_optimizer_withgp.py to mpc_optimizer_withgp.cpython-38.pyc
[0.566s] byte-compiling /home/yanji/robot_screwing/install/mj_sim/lib/python3.8/site-packages/mj_sim/mpc_node_withgp.py to mpc_node_withgp.cpython-38.pyc
[0.567s] byte-compiling /home/yanji/robot_screwing/install/mj_sim/lib/python3.8/site-packages/mj_sim/train.py to train.cpython-38.pyc
[0.568s] byte-compiling /home/yanji/robot_screwing/install/mj_sim/lib/python3.8/site-packages/mj_sim/mpc_optimizer.py to mpc_optimizer.cpython-38.pyc
[0.569s] byte-compiling /home/yanji/robot_screwing/install/mj_sim/lib/python3.8/site-packages/mj_sim/data_recorder.py to data_recorder.cpython-38.pyc
[0.570s] byte-compiling /home/yanji/robot_screwing/install/mj_sim/lib/python3.8/site-packages/mj_sim/test_with_gp.py to test_with_gp.cpython-38.pyc
[0.571s] byte-compiling /home/yanji/robot_screwing/install/mj_sim/lib/python3.8/site-packages/mj_sim/mpc_node.py to mpc_node.cpython-38.pyc
[0.572s] byte-compiling /home/yanji/robot_screwing/install/mj_sim/lib/python3.8/site-packages/mj_sim/test.py to test.cpython-38.pyc
[0.572s] byte-compiling /home/yanji/robot_screwing/install/mj_sim/lib/python3.8/site-packages/mj_sim/results_plots.py to results_plots.cpython-38.pyc
[0.572s] byte-compiling /home/yanji/robot_screwing/install/mj_sim/lib/python3.8/site-packages/mj_sim/robot_sim_env.py to robot_sim_env.cpython-38.pyc
[0.575s] running install_data
[0.575s] creating /home/yanji/robot_screwing/install/mj_sim/share/ament_index
[0.575s] creating /home/yanji/robot_screwing/install/mj_sim/share/ament_index/resource_index
[0.575s] creating /home/yanji/robot_screwing/install/mj_sim/share/ament_index/resource_index/packages
[0.575s] copying resource/mj_sim -> /home/yanji/robot_screwing/install/mj_sim/share/ament_index/resource_index/packages
[0.575s] copying package.xml -> /home/yanji/robot_screwing/install/mj_sim/share/mj_sim
[0.575s] copying launch/launch_robot_sim.py -> /home/yanji/robot_screwing/install/mj_sim/share/mj_sim
[0.575s] running install_egg_info
[0.576s] Copying ../../build/mj_sim/mj_sim.egg-info to /home/yanji/robot_screwing/install/mj_sim/lib/python3.8/site-packages/mj_sim-0.0.0-py3.8.egg-info
[0.576s] running install_scripts
[0.583s] Installing mpc_node script to /home/yanji/robot_screwing/install/mj_sim/lib/mj_sim
[0.584s] Installing robot_sim_env script to /home/yanji/robot_screwing/install/mj_sim/lib/mj_sim
[0.584s] writing list of installed files to '/home/yanji/robot_screwing/build/mj_sim/install.log'
[0.594s] Invoked command in '/home/yanji/robot_screwing/src/mj_sim' returned '0': CONDA_PROMPT_MODIFIER=(screwrobot) PYTHONPATH=/home/yanji/robot_screwing/build/mj_sim/prefix_override:/usr/lib/python3/dist-packages/colcon_core/task/python/colcon_distutils_commands:/home/yanji/robot_screwing/install/mj_sim/lib/python3.8/site-packages:${PYTHONPATH} /usr/bin/python3 -W ignore:setup.py install is deprecated -W ignore:easy_install command is deprecated setup.py egg_info --egg-base ../../build/mj_sim build --build-base /home/yanji/robot_screwing/build/mj_sim/build install --record /home/yanji/robot_screwing/build/mj_sim/install.log --install-scripts $base/lib/mj_sim --single-version-externally-managed install_data
