[0.005s] Invoking command in '/home/yanji/robot_screwing/build/screw_robot_control': CMAKE_PREFIX_PATH=/home/yanji/robot_screwing/install/robot_msgs:/home/yanji/robot_screwing/install/screw_robot_control:/home/yanji/robot_screwing/install/real_robot:/home/yanji/robot_screwing/install/mj_sim:/opt/ros/foxy CONDA_PROMPT_MODIFIER=(screwrobot) LD_LIBRARY_PATH=/home/yanji/robot_screwing/install/robot_msgs/lib:/home/yanji/robot_screwing/install/screw_robot_control/lib:/opt/ros/foxy/opt/yaml_cpp_vendor/lib:/opt/ros/foxy/opt/rviz_ogre_vendor/lib:/opt/ros/foxy/lib/x86_64-linux-gnu:/opt/ros/foxy/lib:/lib/x86_64-linux-gnu:/usr/lib/x86_64-linux-gnu:/usr/local/cuda/lib64 /usr/bin/cmake --build /home/yanji/robot_screwing/build/screw_robot_control -- -j24 -l24
[0.032s] [ 20%] Built target SERVO_MOTOR
[0.046s] [ 40%] Built target SCREWING_TOOL
[0.053s] [35m[1mScanning dependencies of target right_arm_control_tcp[0m
[0.062s] [ 60%] Built target task_control_screw
[0.065s] [ 80%] Built target right_arm_control
[0.076s] [ 90%] [32mBuilding CXX object CMakeFiles/right_arm_control_tcp.dir/src/right_arm_control_tcp.cpp.o[0m
[3.194s] /home/yanji/robot_screwing/src/screw_robot_control/src/right_arm_control_tcp.cpp: In member function ‘void right_arm_test::RobotAdmittanceControl::linear_search()’:
[3.195s] /home/yanji/robot_screwing/src/screw_robot_control/src/right_arm_control_tcp.cpp:483:25: error: no match for ‘operator=’ (operand types are ‘std::array<double, 3>’ and ‘Eigen::Vector3d’ {aka ‘Eigen::Matrix<double, 3, 1>’})
[3.195s]   483 |             pos_para_ = eef_pos;
[3.195s]       |                         ^~~~~~~
[3.195s] In file included from /usr/include/c++/13/functional:65,
[3.195s]                  from /home/yanji/anaconda3/envs/screwrobot/include/eigen3/Eigen/Core:85,
[3.195s]                  from /home/yanji/anaconda3/envs/screwrobot/include/eigen3/Eigen/Dense:1,
[3.195s]                  from /home/yanji/robot_screwing/src/screw_robot_control/include/screw_robot_control/jaka/right_arm_control_tcp.hpp:5,
[3.195s]                  from /home/yanji/robot_screwing/src/screw_robot_control/src/right_arm_control_tcp.cpp:1:
[3.195s] /usr/include/c++/13/array:94:12: note: candidate: ‘constexpr std::array<double, 3>& std::array<double, 3>::operator=(const std::array<double, 3>&)’
[3.195s]    94 |     struct array
[3.195s]       |            ^~~~~
[3.195s] /usr/include/c++/13/array:94:12: note:   no known conversion for argument 1 from ‘Eigen::Vector3d’ {aka ‘Eigen::Matrix<double, 3, 1>’} to ‘const std::array<double, 3>&’
[3.195s] /usr/include/c++/13/array:94:12: note: candidate: ‘constexpr std::array<double, 3>& std::array<double, 3>::operator=(std::array<double, 3>&&)’
[3.195s] /usr/include/c++/13/array:94:12: note:   no known conversion for argument 1 from ‘Eigen::Vector3d’ {aka ‘Eigen::Matrix<double, 3, 1>’} to ‘std::array<double, 3>&&’
[3.195s] /home/yanji/robot_screwing/src/screw_robot_control/src/right_arm_control_tcp.cpp:484:25: error: no match for ‘operator=’ (operand types are ‘std::array<double, 9>’ and ‘Eigen::Matrix3d’ {aka ‘Eigen::Matrix<double, 3, 3>’})
[3.195s]   484 |             ori_para_ = eef_rotm;
[3.195s]       |                         ^~~~~~~~
[3.195s] /usr/include/c++/13/array:94:12: note: candidate: ‘constexpr std::array<double, 9>& std::array<double, 9>::operator=(const std::array<double, 9>&)’
[3.195s]    94 |     struct array
[3.195s]       |            ^~~~~
[3.195s] /usr/include/c++/13/array:94:12: note:   no known conversion for argument 1 from ‘Eigen::Matrix3d’ {aka ‘Eigen::Matrix<double, 3, 3>’} to ‘const std::array<double, 9>&’
[3.195s] /usr/include/c++/13/array:94:12: note: candidate: ‘constexpr std::array<double, 9>& std::array<double, 9>::operator=(std::array<double, 9>&&)’
[3.195s] /usr/include/c++/13/array:94:12: note:   no known conversion for argument 1 from ‘Eigen::Matrix3d’ {aka ‘Eigen::Matrix<double, 3, 3>’} to ‘std::array<double, 9>&&’
[3.195s] /home/yanji/robot_screwing/src/screw_robot_control/src/right_arm_control_tcp.cpp:488:40: error: expected identifier before ‘(’ token
[3.195s]   488 |         else if (tcp_force[2] >= 3) && (contact_item < 100){
[3.195s]       |                                        ^
[3.195s] /home/yanji/robot_screwing/src/screw_robot_control/src/right_arm_control_tcp.cpp:488:40: warning: taking the address of a label is non-standard [-Wpedantic]
[3.195s] make[2]: *** [CMakeFiles/right_arm_control_tcp.dir/build.make:63：CMakeFiles/right_arm_control_tcp.dir/src/right_arm_control_tcp.cpp.o] 错误 1
[3.195s] make[1]: *** [CMakeFiles/Makefile2:223：CMakeFiles/right_arm_control_tcp.dir/all] 错误 2
[3.196s] make: *** [Makefile:141：all] 错误 2
[3.197s] Invoked command in '/home/yanji/robot_screwing/build/screw_robot_control' returned '2': CMAKE_PREFIX_PATH=/home/yanji/robot_screwing/install/robot_msgs:/home/yanji/robot_screwing/install/screw_robot_control:/home/yanji/robot_screwing/install/real_robot:/home/yanji/robot_screwing/install/mj_sim:/opt/ros/foxy CONDA_PROMPT_MODIFIER=(screwrobot) LD_LIBRARY_PATH=/home/yanji/robot_screwing/install/robot_msgs/lib:/home/yanji/robot_screwing/install/screw_robot_control/lib:/opt/ros/foxy/opt/yaml_cpp_vendor/lib:/opt/ros/foxy/opt/rviz_ogre_vendor/lib:/opt/ros/foxy/lib/x86_64-linux-gnu:/opt/ros/foxy/lib:/lib/x86_64-linux-gnu:/usr/lib/x86_64-linux-gnu:/usr/local/cuda/lib64 /usr/bin/cmake --build /home/yanji/robot_screwing/build/screw_robot_control -- -j24 -l24
