[0.438s] Invoking command in '/home/yanji/robot_screwing/src/mj_sim': CONDA_PROMPT_MODIFIER=(screwrobot) PYTHONPATH=/home/yanji/robot_screwing/build/mj_sim/prefix_override:/usr/lib/python3/dist-packages/colcon_core/task/python/colcon_distutils_commands:/home/yanji/robot_screwing/install/mj_sim/lib/python3.8/site-packages:${PYTHONPATH} /usr/bin/python3 -W ignore:setup.py install is deprecated -W ignore:easy_install command is deprecated setup.py egg_info --egg-base ../../build/mj_sim build --build-base /home/yanji/robot_screwing/build/mj_sim/build install --record /home/yanji/robot_screwing/build/mj_sim/install.log --install-scripts $base/lib/mj_sim --single-version-externally-managed install_data
[0.538s] running egg_info
[0.538s] writing ../../build/mj_sim/mj_sim.egg-info/PKG-INFO
[0.538s] writing dependency_links to ../../build/mj_sim/mj_sim.egg-info/dependency_links.txt
[0.538s] writing entry points to ../../build/mj_sim/mj_sim.egg-info/entry_points.txt
[0.538s] writing requirements to ../../build/mj_sim/mj_sim.egg-info/requires.txt
[0.538s] writing top-level names to ../../build/mj_sim/mj_sim.egg-info/top_level.txt
[0.555s] reading manifest file '../../build/mj_sim/mj_sim.egg-info/SOURCES.txt'
[0.556s] writing manifest file '../../build/mj_sim/mj_sim.egg-info/SOURCES.txt'
[0.556s] running build
[0.556s] running build_py
[0.556s] copying mj_sim/pose_mpc_node_withgp.py -> /home/yanji/robot_screwing/build/mj_sim/build/lib/mj_sim
[0.556s] running install
[0.557s] running install_lib
[0.557s] copying /home/yanji/robot_screwing/build/mj_sim/build/lib/mj_sim/pose_mpc_node_withgp.py -> /home/yanji/robot_screwing/install/mj_sim/lib/python3.8/site-packages/mj_sim
[0.558s] byte-compiling /home/yanji/robot_screwing/install/mj_sim/lib/python3.8/site-packages/mj_sim/pose_mpc_node_withgp.py to pose_mpc_node_withgp.cpython-38.pyc
[0.560s] running install_data
[0.560s] running install_egg_info
[0.561s] removing '/home/yanji/robot_screwing/install/mj_sim/lib/python3.8/site-packages/mj_sim-0.0.0-py3.8.egg-info' (and everything under it)
[0.561s] Copying ../../build/mj_sim/mj_sim.egg-info to /home/yanji/robot_screwing/install/mj_sim/lib/python3.8/site-packages/mj_sim-0.0.0-py3.8.egg-info
[0.561s] running install_scripts
[0.568s] Installing mpc_node script to /home/yanji/robot_screwing/install/mj_sim/lib/mj_sim
[0.569s] Installing pose_mpc_node script to /home/yanji/robot_screwing/install/mj_sim/lib/mj_sim
[0.569s] Installing robot_sim_env script to /home/yanji/robot_screwing/install/mj_sim/lib/mj_sim
[0.569s] writing list of installed files to '/home/yanji/robot_screwing/build/mj_sim/install.log'
[0.580s] Invoked command in '/home/yanji/robot_screwing/src/mj_sim' returned '0': CONDA_PROMPT_MODIFIER=(screwrobot) PYTHONPATH=/home/yanji/robot_screwing/build/mj_sim/prefix_override:/usr/lib/python3/dist-packages/colcon_core/task/python/colcon_distutils_commands:/home/yanji/robot_screwing/install/mj_sim/lib/python3.8/site-packages:${PYTHONPATH} /usr/bin/python3 -W ignore:setup.py install is deprecated -W ignore:easy_install command is deprecated setup.py egg_info --egg-base ../../build/mj_sim build --build-base /home/yanji/robot_screwing/build/mj_sim/build install --record /home/yanji/robot_screwing/build/mj_sim/install.log --install-scripts $base/lib/mj_sim --single-version-externally-managed install_data
