[0.461s] Invoking command in '/home/yanji/robot_screwing/src/real_robot': PYTHONPATH=/home/yanji/robot_screwing/build/real_robot/prefix_override:/usr/lib/python3/dist-packages/colcon_core/task/python/colcon_distutils_commands:/home/yanji/robot_screwing/install/real_robot/lib/python3.8/site-packages:${PYTHONPATH} /usr/bin/python3 -W ignore:setup.py install is deprecated -W ignore:easy_install command is deprecated setup.py egg_info --egg-base ../../build/real_robot build --build-base /home/yanji/robot_screwing/build/real_robot/build install --record /home/yanji/robot_screwing/build/real_robot/install.log --install-scripts $base/lib/real_robot --single-version-externally-managed install_data
[0.559s] running egg_info
[0.559s] writing ../../build/real_robot/real_robot.egg-info/PKG-INFO
[0.560s] writing dependency_links to ../../build/real_robot/real_robot.egg-info/dependency_links.txt
[0.560s] writing entry points to ../../build/real_robot/real_robot.egg-info/entry_points.txt
[0.560s] writing requirements to ../../build/real_robot/real_robot.egg-info/requires.txt
[0.560s] writing top-level names to ../../build/real_robot/real_robot.egg-info/top_level.txt
[0.575s] reading manifest file '../../build/real_robot/real_robot.egg-info/SOURCES.txt'
[0.575s] writing manifest file '../../build/real_robot/real_robot.egg-info/SOURCES.txt'
[0.575s] running build
[0.575s] running build_py
[0.575s] running install
[0.576s] running install_lib
[0.576s] running install_data
[0.576s] running install_egg_info
[0.577s] removing '/home/yanji/robot_screwing/install/real_robot/lib/python3.8/site-packages/real_robot-0.0.0-py3.8.egg-info' (and everything under it)
[0.577s] Copying ../../build/real_robot/real_robot.egg-info to /home/yanji/robot_screwing/install/real_robot/lib/python3.8/site-packages/real_robot-0.0.0-py3.8.egg-info
[0.577s] running install_scripts
[0.585s] writing list of installed files to '/home/yanji/robot_screwing/build/real_robot/install.log'
[0.595s] Invoked command in '/home/yanji/robot_screwing/src/real_robot' returned '0': PYTHONPATH=/home/yanji/robot_screwing/build/real_robot/prefix_override:/usr/lib/python3/dist-packages/colcon_core/task/python/colcon_distutils_commands:/home/yanji/robot_screwing/install/real_robot/lib/python3.8/site-packages:${PYTHONPATH} /usr/bin/python3 -W ignore:setup.py install is deprecated -W ignore:easy_install command is deprecated setup.py egg_info --egg-base ../../build/real_robot build --build-base /home/yanji/robot_screwing/build/real_robot/build install --record /home/yanji/robot_screwing/build/real_robot/install.log --install-scripts $base/lib/real_robot --single-version-externally-managed install_data
