[0.358s] DEBUG:colcon:Command line arguments: ['/usr/bin/colcon', 'build', '--packages-select', 'robot_msgs']
[0.358s] DEBUG:colcon:Parsed command line arguments: Namespace(allow_overriding=[], ament_cmake_args=None, base_paths=['.'], build_base='build', catkin_cmake_args=None, catkin_skip_building_tests=False, cmake_args=None, cmake_clean_cache=False, cmake_clean_first=False, cmake_force_configure=False, cmake_target=None, cmake_target_skip_unavailable=False, continue_on_error=False, event_handlers=None, executor='parallel', ignore_user_meta=False, install_base='install', log_base=None, log_level=None, main=<bound method BuildVerb.main of <colcon_core.verb.build.BuildVerb object at 0x7f50abc3fca0>>, merge_install=False, metas=['./colcon.meta'], packages_above=None, packages_above_and_dependencies=None, packages_above_depth=None, packages_end=None, packages_ignore=None, packages_ignore_regex=None, packages_select=['robot_msgs'], packages_select_build_failed=False, packages_select_by_dep=None, packages_select_regex=None, packages_select_test_failures=False, packages_skip=None, packages_skip_build_finished=False, packages_skip_by_dep=None, packages_skip_regex=None, packages_skip_test_passed=False, packages_skip_up_to=None, packages_start=None, packages_up_to=None, packages_up_to_regex=None, parallel_workers=24, paths=None, symlink_install=False, test_result_base=None, verb_extension=<colcon_core.verb.build.BuildVerb object at 0x7f50abc3fca0>, verb_name='build', verb_parser=<colcon_defaults.argument_parser.defaults.DefaultArgumentsDecorator object at 0x7f50abb44a00>)
[0.441s] Level 1:colcon.colcon_core.package_discovery:discover_packages(colcon_meta) check parameters
[0.441s] Level 1:colcon.colcon_core.package_discovery:discover_packages(recursive) check parameters
[0.441s] Level 1:colcon.colcon_core.package_discovery:discover_packages(ignore) check parameters
[0.441s] Level 1:colcon.colcon_core.package_discovery:discover_packages(path) check parameters
[0.441s] Level 1:colcon.colcon_core.package_discovery:discover_packages(colcon_meta) discover
[0.441s] Level 1:colcon.colcon_core.package_discovery:discover_packages(recursive) discover
[0.441s] INFO:colcon.colcon_core.package_discovery:Crawling recursively for packages in '/home/yanji/robot_screwing'
[0.441s] Level 1:colcon.colcon_core.package_identification:_identify(.) by extensions ['ignore', 'ignore_ament_install']
[0.442s] Level 1:colcon.colcon_core.package_identification:_identify(.) by extension 'ignore'
[0.442s] Level 1:colcon.colcon_core.package_identification:_identify(.) by extension 'ignore_ament_install'
[0.442s] Level 1:colcon.colcon_core.package_identification:_identify(.) by extensions ['colcon_pkg']
[0.442s] Level 1:colcon.colcon_core.package_identification:_identify(.) by extension 'colcon_pkg'
[0.442s] Level 1:colcon.colcon_core.package_identification:_identify(.) by extensions ['colcon_meta']
[0.442s] Level 1:colcon.colcon_core.package_identification:_identify(.) by extension 'colcon_meta'
[0.442s] Level 1:colcon.colcon_core.package_identification:_identify(.) by extensions ['ros']
[0.442s] Level 1:colcon.colcon_core.package_identification:_identify(.) by extension 'ros'
[0.458s] Level 1:colcon.colcon_core.package_identification:_identify(.) by extensions ['cmake', 'python']
[0.458s] Level 1:colcon.colcon_core.package_identification:_identify(.) by extension 'cmake'
[0.458s] Level 1:colcon.colcon_core.package_identification:_identify(.) by extension 'python'
[0.458s] Level 1:colcon.colcon_core.package_identification:_identify(.) by extensions ['python_setup_py']
[0.458s] Level 1:colcon.colcon_core.package_identification:_identify(.) by extension 'python_setup_py'
[0.458s] Level 1:colcon.colcon_core.package_identification:_identify(build) by extensions ['ignore', 'ignore_ament_install']
[0.458s] Level 1:colcon.colcon_core.package_identification:_identify(build) by extension 'ignore'
[0.458s] Level 1:colcon.colcon_core.package_identification:_identify(build) ignored
[0.458s] Level 1:colcon.colcon_core.package_identification:_identify(install) by extensions ['ignore', 'ignore_ament_install']
[0.458s] Level 1:colcon.colcon_core.package_identification:_identify(install) by extension 'ignore'
[0.458s] Level 1:colcon.colcon_core.package_identification:_identify(install) ignored
[0.458s] Level 1:colcon.colcon_core.package_identification:_identify(log) by extensions ['ignore', 'ignore_ament_install']
[0.459s] Level 1:colcon.colcon_core.package_identification:_identify(log) by extension 'ignore'
[0.459s] Level 1:colcon.colcon_core.package_identification:_identify(log) ignored
[0.459s] Level 1:colcon.colcon_core.package_identification:_identify(src) by extensions ['ignore', 'ignore_ament_install']
[0.459s] Level 1:colcon.colcon_core.package_identification:_identify(src) by extension 'ignore'
[0.459s] Level 1:colcon.colcon_core.package_identification:_identify(src) by extension 'ignore_ament_install'
[0.459s] Level 1:colcon.colcon_core.package_identification:_identify(src) by extensions ['colcon_pkg']
[0.459s] Level 1:colcon.colcon_core.package_identification:_identify(src) by extension 'colcon_pkg'
[0.459s] Level 1:colcon.colcon_core.package_identification:_identify(src) by extensions ['colcon_meta']
[0.459s] Level 1:colcon.colcon_core.package_identification:_identify(src) by extension 'colcon_meta'
[0.459s] Level 1:colcon.colcon_core.package_identification:_identify(src) by extensions ['ros']
[0.459s] Level 1:colcon.colcon_core.package_identification:_identify(src) by extension 'ros'
[0.459s] Level 1:colcon.colcon_core.package_identification:_identify(src) by extensions ['cmake', 'python']
[0.459s] Level 1:colcon.colcon_core.package_identification:_identify(src) by extension 'cmake'
[0.459s] Level 1:colcon.colcon_core.package_identification:_identify(src) by extension 'python'
[0.459s] Level 1:colcon.colcon_core.package_identification:_identify(src) by extensions ['python_setup_py']
[0.459s] Level 1:colcon.colcon_core.package_identification:_identify(src) by extension 'python_setup_py'
[0.459s] Level 1:colcon.colcon_core.package_identification:_identify(src/mj_sim) by extensions ['ignore', 'ignore_ament_install']
[0.459s] Level 1:colcon.colcon_core.package_identification:_identify(src/mj_sim) by extension 'ignore'
[0.459s] Level 1:colcon.colcon_core.package_identification:_identify(src/mj_sim) by extension 'ignore_ament_install'
[0.459s] Level 1:colcon.colcon_core.package_identification:_identify(src/mj_sim) by extensions ['colcon_pkg']
[0.459s] Level 1:colcon.colcon_core.package_identification:_identify(src/mj_sim) by extension 'colcon_pkg'
[0.459s] Level 1:colcon.colcon_core.package_identification:_identify(src/mj_sim) by extensions ['colcon_meta']
[0.459s] Level 1:colcon.colcon_core.package_identification:_identify(src/mj_sim) by extension 'colcon_meta'
[0.459s] Level 1:colcon.colcon_core.package_identification:_identify(src/mj_sim) by extensions ['ros']
[0.459s] Level 1:colcon.colcon_core.package_identification:_identify(src/mj_sim) by extension 'ros'
[0.461s] DEBUG:colcon.colcon_core.package_identification:Package 'src/mj_sim' with type 'ros.ament_python' and name 'mj_sim'
[0.461s] Level 1:colcon.colcon_core.package_identification:_identify(src/real_robot) by extensions ['ignore', 'ignore_ament_install']
[0.461s] Level 1:colcon.colcon_core.package_identification:_identify(src/real_robot) by extension 'ignore'
[0.461s] Level 1:colcon.colcon_core.package_identification:_identify(src/real_robot) by extension 'ignore_ament_install'
[0.461s] Level 1:colcon.colcon_core.package_identification:_identify(src/real_robot) by extensions ['colcon_pkg']
[0.461s] Level 1:colcon.colcon_core.package_identification:_identify(src/real_robot) by extension 'colcon_pkg'
[0.461s] Level 1:colcon.colcon_core.package_identification:_identify(src/real_robot) by extensions ['colcon_meta']
[0.461s] Level 1:colcon.colcon_core.package_identification:_identify(src/real_robot) by extension 'colcon_meta'
[0.461s] Level 1:colcon.colcon_core.package_identification:_identify(src/real_robot) by extensions ['ros']
[0.461s] Level 1:colcon.colcon_core.package_identification:_identify(src/real_robot) by extension 'ros'
[0.461s] DEBUG:colcon.colcon_core.package_identification:Package 'src/real_robot' with type 'ros.ament_python' and name 'real_robot'
[0.461s] Level 1:colcon.colcon_core.package_identification:_identify(src/robot_msgs) by extensions ['ignore', 'ignore_ament_install']
[0.461s] Level 1:colcon.colcon_core.package_identification:_identify(src/robot_msgs) by extension 'ignore'
[0.461s] Level 1:colcon.colcon_core.package_identification:_identify(src/robot_msgs) by extension 'ignore_ament_install'
[0.461s] Level 1:colcon.colcon_core.package_identification:_identify(src/robot_msgs) by extensions ['colcon_pkg']
[0.461s] Level 1:colcon.colcon_core.package_identification:_identify(src/robot_msgs) by extension 'colcon_pkg'
[0.461s] Level 1:colcon.colcon_core.package_identification:_identify(src/robot_msgs) by extensions ['colcon_meta']
[0.461s] Level 1:colcon.colcon_core.package_identification:_identify(src/robot_msgs) by extension 'colcon_meta'
[0.461s] Level 1:colcon.colcon_core.package_identification:_identify(src/robot_msgs) by extensions ['ros']
[0.461s] Level 1:colcon.colcon_core.package_identification:_identify(src/robot_msgs) by extension 'ros'
[0.462s] DEBUG:colcon.colcon_core.package_identification:Package 'src/robot_msgs' with type 'ros.ament_cmake' and name 'robot_msgs'
[0.462s] Level 1:colcon.colcon_core.package_identification:_identify(src/screw_robot_control) by extensions ['ignore', 'ignore_ament_install']
[0.462s] Level 1:colcon.colcon_core.package_identification:_identify(src/screw_robot_control) by extension 'ignore'
[0.462s] Level 1:colcon.colcon_core.package_identification:_identify(src/screw_robot_control) by extension 'ignore_ament_install'
[0.462s] Level 1:colcon.colcon_core.package_identification:_identify(src/screw_robot_control) by extensions ['colcon_pkg']
[0.462s] Level 1:colcon.colcon_core.package_identification:_identify(src/screw_robot_control) by extension 'colcon_pkg'
[0.462s] Level 1:colcon.colcon_core.package_identification:_identify(src/screw_robot_control) by extensions ['colcon_meta']
[0.462s] Level 1:colcon.colcon_core.package_identification:_identify(src/screw_robot_control) by extension 'colcon_meta'
[0.462s] Level 1:colcon.colcon_core.package_identification:_identify(src/screw_robot_control) by extensions ['ros']
[0.462s] Level 1:colcon.colcon_core.package_identification:_identify(src/screw_robot_control) by extension 'ros'
[0.463s] DEBUG:colcon.colcon_core.package_identification:Package 'src/screw_robot_control' with type 'ros.ament_cmake' and name 'screw_robot_control'
[0.463s] Level 1:colcon.colcon_core.package_discovery:discover_packages(recursive) using defaults
[0.463s] Level 1:colcon.colcon_core.package_discovery:discover_packages(ignore) discover
[0.463s] Level 1:colcon.colcon_core.package_discovery:discover_packages(ignore) using defaults
[0.463s] Level 1:colcon.colcon_core.package_discovery:discover_packages(path) discover
[0.463s] Level 1:colcon.colcon_core.package_discovery:discover_packages(path) using defaults
[0.475s] INFO:colcon.colcon_core.package_selection:Skipping not selected package 'mj_sim' in 'src/mj_sim'
[0.475s] INFO:colcon.colcon_core.package_selection:Skipping not selected package 'real_robot' in 'src/real_robot'
[0.475s] INFO:colcon.colcon_core.package_selection:Skipping not selected package 'screw_robot_control' in 'src/screw_robot_control'
[0.475s] Level 1:colcon.colcon_core.package_discovery:discover_packages(prefix_path) check parameters
[0.475s] Level 1:colcon.colcon_core.package_discovery:discover_packages(prefix_path) discover
[0.476s] DEBUG:colcon.colcon_installed_package_information.package_discovery:Found 4 installed packages in /home/yanji/robot_screwing/install
[0.477s] DEBUG:colcon.colcon_installed_package_information.package_discovery:Found 260 installed packages in /opt/ros/foxy
[0.477s] Level 1:colcon.colcon_core.package_discovery:discover_packages(prefix_path) using defaults
[0.507s] WARNING:colcon.colcon_core.package_selection:Some selected packages are already built in one or more underlay workspaces:
	'robot_msgs' is in: /home/yanji/robot_screwing/install/robot_msgs
If a package in a merged underlay workspace is overridden and it installs headers, then all packages in the overlay must sort their include directories by workspace order. Failure to do so may result in build failures or undefined behavior at run time.
If the overridden package is used by another package in any underlay, then the overriding package in the overlay must be API and ABI compatible or undefined behavior at run time may occur.

If you understand the risks and want to override a package anyways, add the following to the command line:
	--allow-overriding robot_msgs

This may be promoted to an error in a future release of colcon-override-check.
[0.508s] Level 5:colcon.colcon_core.verb:set package 'robot_msgs' build argument 'cmake_args' from command line to 'None'
[0.508s] Level 5:colcon.colcon_core.verb:set package 'robot_msgs' build argument 'cmake_target' from command line to 'None'
[0.508s] Level 5:colcon.colcon_core.verb:set package 'robot_msgs' build argument 'cmake_target_skip_unavailable' from command line to 'False'
[0.508s] Level 5:colcon.colcon_core.verb:set package 'robot_msgs' build argument 'cmake_clean_cache' from command line to 'False'
[0.508s] Level 5:colcon.colcon_core.verb:set package 'robot_msgs' build argument 'cmake_clean_first' from command line to 'False'
[0.508s] Level 5:colcon.colcon_core.verb:set package 'robot_msgs' build argument 'cmake_force_configure' from command line to 'False'
[0.508s] Level 5:colcon.colcon_core.verb:set package 'robot_msgs' build argument 'ament_cmake_args' from command line to 'None'
[0.508s] Level 5:colcon.colcon_core.verb:set package 'robot_msgs' build argument 'catkin_cmake_args' from command line to 'None'
[0.508s] Level 5:colcon.colcon_core.verb:set package 'robot_msgs' build argument 'catkin_skip_building_tests' from command line to 'False'
[0.508s] DEBUG:colcon.colcon_core.verb:Building package 'robot_msgs' with the following arguments: {'ament_cmake_args': None, 'build_base': '/home/yanji/robot_screwing/build/robot_msgs', 'catkin_cmake_args': None, 'catkin_skip_building_tests': False, 'cmake_args': None, 'cmake_clean_cache': False, 'cmake_clean_first': False, 'cmake_force_configure': False, 'cmake_target': None, 'cmake_target_skip_unavailable': False, 'install_base': '/home/yanji/robot_screwing/install/robot_msgs', 'merge_install': False, 'path': '/home/yanji/robot_screwing/src/robot_msgs', 'symlink_install': False, 'test_result_base': None}
[0.508s] INFO:colcon.colcon_core.executor:Executing jobs using 'parallel' executor
[0.508s] DEBUG:colcon.colcon_parallel_executor.executor.parallel:run_until_complete
[0.508s] INFO:colcon.colcon_ros.task.ament_cmake.build:Building ROS package in '/home/yanji/robot_screwing/src/robot_msgs' with build type 'ament_cmake'
[0.508s] INFO:colcon.colcon_cmake.task.cmake.build:Building CMake package in '/home/yanji/robot_screwing/src/robot_msgs'
[0.511s] INFO:colcon.colcon_core.plugin_system:Skipping extension 'colcon_core.shell.bat': Not used on non-Windows systems
[0.511s] INFO:colcon.colcon_core.shell:Skip shell extension 'powershell' for command environment: Not usable outside of PowerShell
[0.511s] DEBUG:colcon.colcon_core.shell:Skip shell extension 'dsv' for command environment
[0.516s] DEBUG:colcon.colcon_core.event_handler.log_command:Invoking command in '/home/yanji/robot_screwing/build/robot_msgs': CMAKE_PREFIX_PATH=${CMAKE_PREFIX_PATH}:/home/yanji/robot_screwing/install/real_robot:/home/yanji/robot_screwing/install/mj_sim:/opt/ros/foxy CONDA_PROMPT_MODIFIER=(screwrobot) /usr/bin/cmake --build /home/yanji/robot_screwing/build/robot_msgs -- -j24 -l24
[4.482s] DEBUG:colcon.colcon_core.event_handler.log_command:Invoked command in '/home/yanji/robot_screwing/build/robot_msgs' returned '0': CMAKE_PREFIX_PATH=${CMAKE_PREFIX_PATH}:/home/yanji/robot_screwing/install/real_robot:/home/yanji/robot_screwing/install/mj_sim:/opt/ros/foxy CONDA_PROMPT_MODIFIER=(screwrobot) /usr/bin/cmake --build /home/yanji/robot_screwing/build/robot_msgs -- -j24 -l24
[4.488s] DEBUG:colcon.colcon_core.event_handler.log_command:Invoking command in '/home/yanji/robot_screwing/build/robot_msgs': CMAKE_PREFIX_PATH=${CMAKE_PREFIX_PATH}:/home/yanji/robot_screwing/install/real_robot:/home/yanji/robot_screwing/install/mj_sim:/opt/ros/foxy CONDA_PROMPT_MODIFIER=(screwrobot) /usr/bin/cmake --install /home/yanji/robot_screwing/build/robot_msgs
[4.520s] Level 1:colcon.colcon_core.environment:create_environment_scripts_only(robot_msgs)
[4.521s] DEBUG:colcon.colcon_core.event_handler.log_command:Invoked command in '/home/yanji/robot_screwing/build/robot_msgs' returned '0': CMAKE_PREFIX_PATH=${CMAKE_PREFIX_PATH}:/home/yanji/robot_screwing/install/real_robot:/home/yanji/robot_screwing/install/mj_sim:/opt/ros/foxy CONDA_PROMPT_MODIFIER=(screwrobot) /usr/bin/cmake --install /home/yanji/robot_screwing/build/robot_msgs
[4.524s] Level 1:colcon.colcon_core.environment:checking '/home/yanji/robot_screwing/install/robot_msgs' for CMake module files
[4.524s] Level 1:colcon.colcon_core.environment:checking '/home/yanji/robot_screwing/install/robot_msgs' for CMake config files
[4.524s] Level 1:colcon.colcon_core.shell:create_environment_hook('robot_msgs', 'cmake_prefix_path')
[4.524s] INFO:colcon.colcon_core.shell:Creating environment hook '/home/yanji/robot_screwing/install/robot_msgs/share/robot_msgs/hook/cmake_prefix_path.ps1'
[4.525s] INFO:colcon.colcon_core.shell:Creating environment descriptor '/home/yanji/robot_screwing/install/robot_msgs/share/robot_msgs/hook/cmake_prefix_path.dsv'
[4.525s] INFO:colcon.colcon_core.shell:Creating environment hook '/home/yanji/robot_screwing/install/robot_msgs/share/robot_msgs/hook/cmake_prefix_path.sh'
[4.526s] Level 1:colcon.colcon_core.environment:checking '/home/yanji/robot_screwing/install/robot_msgs/lib'
[4.526s] Level 1:colcon.colcon_core.shell:create_environment_hook('robot_msgs', 'ld_library_path_lib')
[4.526s] INFO:colcon.colcon_core.shell:Creating environment hook '/home/yanji/robot_screwing/install/robot_msgs/share/robot_msgs/hook/ld_library_path_lib.ps1'
[4.526s] INFO:colcon.colcon_core.shell:Creating environment descriptor '/home/yanji/robot_screwing/install/robot_msgs/share/robot_msgs/hook/ld_library_path_lib.dsv'
[4.526s] INFO:colcon.colcon_core.shell:Creating environment hook '/home/yanji/robot_screwing/install/robot_msgs/share/robot_msgs/hook/ld_library_path_lib.sh'
[4.526s] Level 1:colcon.colcon_core.environment:checking '/home/yanji/robot_screwing/install/robot_msgs/bin'
[4.526s] Level 1:colcon.colcon_core.environment:checking '/home/yanji/robot_screwing/install/robot_msgs/lib/pkgconfig/robot_msgs.pc'
[4.527s] Level 1:colcon.colcon_core.environment:checking '/home/yanji/robot_screwing/install/robot_msgs/lib/python3.8/site-packages'
[4.527s] Level 1:colcon.colcon_core.shell:create_environment_hook('robot_msgs', 'pythonpath')
[4.527s] INFO:colcon.colcon_core.shell:Creating environment hook '/home/yanji/robot_screwing/install/robot_msgs/share/robot_msgs/hook/pythonpath.ps1'
[4.527s] INFO:colcon.colcon_core.shell:Creating environment descriptor '/home/yanji/robot_screwing/install/robot_msgs/share/robot_msgs/hook/pythonpath.dsv'
[4.527s] INFO:colcon.colcon_core.shell:Creating environment hook '/home/yanji/robot_screwing/install/robot_msgs/share/robot_msgs/hook/pythonpath.sh'
[4.527s] Level 1:colcon.colcon_core.environment:checking '/home/yanji/robot_screwing/install/robot_msgs/bin'
[4.527s] INFO:colcon.colcon_core.shell:Creating package script '/home/yanji/robot_screwing/install/robot_msgs/share/robot_msgs/package.ps1'
[4.528s] INFO:colcon.colcon_core.shell:Creating package descriptor '/home/yanji/robot_screwing/install/robot_msgs/share/robot_msgs/package.dsv'
[4.528s] INFO:colcon.colcon_core.shell:Creating package script '/home/yanji/robot_screwing/install/robot_msgs/share/robot_msgs/package.sh'
[4.529s] INFO:colcon.colcon_core.shell:Creating package script '/home/yanji/robot_screwing/install/robot_msgs/share/robot_msgs/package.bash'
[4.529s] INFO:colcon.colcon_core.shell:Creating package script '/home/yanji/robot_screwing/install/robot_msgs/share/robot_msgs/package.zsh'
[4.530s] Level 1:colcon.colcon_core.environment:create_file_with_runtime_dependencies(/home/yanji/robot_screwing/install/robot_msgs/share/colcon-core/packages/robot_msgs)
[4.530s] Level 1:colcon.colcon_core.environment:create_environment_scripts_only(robot_msgs)
[4.530s] Level 1:colcon.colcon_core.environment:checking '/home/yanji/robot_screwing/install/robot_msgs' for CMake module files
[4.530s] Level 1:colcon.colcon_core.environment:checking '/home/yanji/robot_screwing/install/robot_msgs' for CMake config files
[4.530s] Level 1:colcon.colcon_core.shell:create_environment_hook('robot_msgs', 'cmake_prefix_path')
[4.531s] INFO:colcon.colcon_core.shell:Creating environment hook '/home/yanji/robot_screwing/install/robot_msgs/share/robot_msgs/hook/cmake_prefix_path.ps1'
[4.531s] INFO:colcon.colcon_core.shell:Creating environment descriptor '/home/yanji/robot_screwing/install/robot_msgs/share/robot_msgs/hook/cmake_prefix_path.dsv'
[4.531s] INFO:colcon.colcon_core.shell:Creating environment hook '/home/yanji/robot_screwing/install/robot_msgs/share/robot_msgs/hook/cmake_prefix_path.sh'
[4.531s] Level 1:colcon.colcon_core.environment:checking '/home/yanji/robot_screwing/install/robot_msgs/lib'
[4.531s] Level 1:colcon.colcon_core.shell:create_environment_hook('robot_msgs', 'ld_library_path_lib')
[4.531s] INFO:colcon.colcon_core.shell:Creating environment hook '/home/yanji/robot_screwing/install/robot_msgs/share/robot_msgs/hook/ld_library_path_lib.ps1'
[4.531s] INFO:colcon.colcon_core.shell:Creating environment descriptor '/home/yanji/robot_screwing/install/robot_msgs/share/robot_msgs/hook/ld_library_path_lib.dsv'
[4.531s] INFO:colcon.colcon_core.shell:Creating environment hook '/home/yanji/robot_screwing/install/robot_msgs/share/robot_msgs/hook/ld_library_path_lib.sh'
[4.532s] Level 1:colcon.colcon_core.environment:checking '/home/yanji/robot_screwing/install/robot_msgs/bin'
[4.532s] Level 1:colcon.colcon_core.environment:checking '/home/yanji/robot_screwing/install/robot_msgs/lib/pkgconfig/robot_msgs.pc'
[4.532s] Level 1:colcon.colcon_core.environment:checking '/home/yanji/robot_screwing/install/robot_msgs/lib/python3.8/site-packages'
[4.532s] Level 1:colcon.colcon_core.shell:create_environment_hook('robot_msgs', 'pythonpath')
[4.532s] INFO:colcon.colcon_core.shell:Creating environment hook '/home/yanji/robot_screwing/install/robot_msgs/share/robot_msgs/hook/pythonpath.ps1'
[4.532s] INFO:colcon.colcon_core.shell:Creating environment descriptor '/home/yanji/robot_screwing/install/robot_msgs/share/robot_msgs/hook/pythonpath.dsv'
[4.532s] INFO:colcon.colcon_core.shell:Creating environment hook '/home/yanji/robot_screwing/install/robot_msgs/share/robot_msgs/hook/pythonpath.sh'
[4.532s] Level 1:colcon.colcon_core.environment:checking '/home/yanji/robot_screwing/install/robot_msgs/bin'
[4.532s] INFO:colcon.colcon_core.shell:Creating package script '/home/yanji/robot_screwing/install/robot_msgs/share/robot_msgs/package.ps1'
[4.533s] INFO:colcon.colcon_core.shell:Creating package descriptor '/home/yanji/robot_screwing/install/robot_msgs/share/robot_msgs/package.dsv'
[4.533s] INFO:colcon.colcon_core.shell:Creating package script '/home/yanji/robot_screwing/install/robot_msgs/share/robot_msgs/package.sh'
[4.533s] INFO:colcon.colcon_core.shell:Creating package script '/home/yanji/robot_screwing/install/robot_msgs/share/robot_msgs/package.bash'
[4.533s] INFO:colcon.colcon_core.shell:Creating package script '/home/yanji/robot_screwing/install/robot_msgs/share/robot_msgs/package.zsh'
[4.533s] Level 1:colcon.colcon_core.environment:create_file_with_runtime_dependencies(/home/yanji/robot_screwing/install/robot_msgs/share/colcon-core/packages/robot_msgs)
[4.533s] DEBUG:colcon.colcon_parallel_executor.executor.parallel:closing loop
[4.533s] DEBUG:colcon.colcon_parallel_executor.executor.parallel:loop closed
[4.533s] DEBUG:colcon.colcon_parallel_executor.executor.parallel:run_until_complete finished with '0'
[4.534s] DEBUG:colcon.colcon_core.event_reactor:joining thread
[4.536s] INFO:colcon.colcon_core.plugin_system:Skipping extension 'colcon_notification.desktop_notification.terminal_notifier': Not used on non-Darwin systems
[4.536s] INFO:colcon.colcon_core.plugin_system:Skipping extension 'colcon_notification.desktop_notification.win32': Not used on non-Windows systems
[4.536s] INFO:colcon.colcon_notification.desktop_notification:Sending desktop notification using 'notify2'
[4.545s] DEBUG:colcon.colcon_core.event_reactor:joined thread
[4.546s] INFO:colcon.colcon_core.shell:Creating prefix script '/home/yanji/robot_screwing/install/local_setup.ps1'
[4.546s] INFO:colcon.colcon_core.shell:Creating prefix util module '/home/yanji/robot_screwing/install/_local_setup_util_ps1.py'
[4.547s] INFO:colcon.colcon_core.shell:Creating prefix chain script '/home/yanji/robot_screwing/install/setup.ps1'
[4.548s] INFO:colcon.colcon_core.shell:Creating prefix script '/home/yanji/robot_screwing/install/local_setup.sh'
[4.548s] INFO:colcon.colcon_core.shell:Creating prefix util module '/home/yanji/robot_screwing/install/_local_setup_util_sh.py'
[4.549s] INFO:colcon.colcon_core.shell:Creating prefix chain script '/home/yanji/robot_screwing/install/setup.sh'
[4.549s] INFO:colcon.colcon_core.shell:Creating prefix script '/home/yanji/robot_screwing/install/local_setup.bash'
[4.549s] INFO:colcon.colcon_core.shell:Creating prefix chain script '/home/yanji/robot_screwing/install/setup.bash'
[4.550s] INFO:colcon.colcon_core.shell:Creating prefix script '/home/yanji/robot_screwing/install/local_setup.zsh'
[4.550s] INFO:colcon.colcon_core.shell:Creating prefix chain script '/home/yanji/robot_screwing/install/setup.zsh'
