-- Found ament_cmake: 0.9.12 (/opt/ros/foxy/share/ament_cmake/cmake)
-- Using PYTHON_EXECUTABLE: /home/yanji/anaconda3/envs/screwrobot/bin/python3
-- Found rclcpp: 2.4.3 (/opt/ros/foxy/share/rclcpp/cmake)
-- Using all available rosidl_typesupport_c: rosidl_typesupport_fastrtps_c;rosidl_typesupport_introspection_c
-- Found rosidl_adapter: 1.3.1 (/opt/ros/foxy/share/rosidl_adapter/cmake)
-- Using all available rosidl_typesupport_cpp: rosidl_typesupport_fastrtps_cpp;rosidl_typesupport_introspection_cpp
-- Found rmw_implementation_cmake: 1.0.4 (/opt/ros/foxy/share/rmw_implementation_cmake/cmake)
-- Using RMW implementation 'rmw_fastrtps_cpp' as default
-- Found geometry_msgs: 2.0.5 (/opt/ros/foxy/share/geometry_msgs/cmake)
-- Found robot_msgs: 0.0.0 (/home/yanji/robot_screwing/install/robot_msgs/share/robot_msgs/cmake)
-- Found rclcpp_action: 2.4.3 (/opt/ros/foxy/share/rclcpp_action/cmake)
-- Found ament_lint_auto: 0.9.8 (/opt/ros/foxy/share/ament_lint_auto/cmake)
-- Added test 'copyright' to check source files copyright and LICENSE
-- Added test 'cppcheck' to perform static code analysis on C / C++ code
-- Configured cppcheck include dirs: /home/yanji/robot_screwing/src/screw_robot_control/include;/home/yanji/robot_screwing/src/screw_robot_control/include/screw_robot_control
-- Configured cppcheck exclude dirs and/or files: 
-- Added test 'cpplint' to check C / C++ code against the Google style
-- Configured cpplint exclude dirs and/or files: 
-- Added test 'flake8' to check Python code syntax and style conventions
-- Added test 'lint_cmake' to check CMake code style
-- Added test 'pep257' to check Python code against some of the style conventions in PEP 257
-- Added test 'uncrustify' to check C / C++ code style
-- Configured uncrustify additional arguments: 
-- Added test 'xmllint' to check XML markup files
-- Configuring done
-- Generating done
-- Build files have been written to: /home/yanji/robot_screwing/build/screw_robot_control
[ 20%] Built target SERVO_MOTOR
[ 40%] Built target SCREWING_TOOL
[35m[1mScanning dependencies of target right_arm_control[0m
[35m[1mScanning dependencies of target right_arm_control_tcp[0m
[ 60%] Built target task_control_screw
[ 80%] [32mBuilding CXX object CMakeFiles/right_arm_control_tcp.dir/src/right_arm_control_tcp.cpp.o[0m
[ 80%] [32mBuilding CXX object CMakeFiles/right_arm_control.dir/src/right_arm_control.cpp.o[0m
/home/yanji/robot_screwing/src/screw_robot_control/src/right_arm_control_tcp.cpp:144:6: error: no declaration matches ‘void right_arm_test::RobotAdmittanceControl::status_publish()’
  144 | void RobotAdmittanceControl::status_publish(){
      |      ^~~~~~~~~~~~~~~~~~~~~~
/home/yanji/robot_screwing/src/screw_robot_control/src/right_arm_control_tcp.cpp:144:6: note: no functions named ‘void right_arm_test::RobotAdmittanceControl::status_publish()’
In file included from /home/yanji/robot_screwing/src/screw_robot_control/src/right_arm_control_tcp.cpp:1:
/home/yanji/robot_screwing/src/screw_robot_control/include/screw_robot_control/jaka/right_arm_control_tcp.hpp:27:7: note: ‘class right_arm_test::RobotAdmittanceControl’ defined here
   27 | class RobotAdmittanceControl : public rclcpp::Node {
      |       ^~~~~~~~~~~~~~~~~~~~~~
/home/yanji/robot_screwing/src/screw_robot_control/src/right_arm_control_tcp.cpp: In member function ‘void right_arm_test::RobotAdmittanceControl::updata_rotation(const Eigen::Matrix3d&, const Eigen::Vector3d&, Eigen::Matrix3d&)’:
/home/yanji/robot_screwing/src/screw_robot_control/src/right_arm_control_tcp.cpp:204:106: warning: unused parameter ‘angluar_disp’ [-Wunused-parameter]
  204 | void RobotAdmittanceControl::updata_rotation(const Eigen::Matrix3d& current_rotm, const Eigen::Vector3d& angluar_disp, Eigen::Matrix3d& new_orientation){
      |                                                                                   ~~~~~~~~~~~~~~~~~~~~~~~^~~~~~~~~~~~
make[2]: *** [CMakeFiles/right_arm_control_tcp.dir/build.make:63：CMakeFiles/right_arm_control_tcp.dir/src/right_arm_control_tcp.cpp.o] 错误 1
make[1]: *** [CMakeFiles/Makefile2:223：CMakeFiles/right_arm_control_tcp.dir/all] 错误 2
make[1]: *** 正在等待未完成的任务....
/home/yanji/robot_screwing/src/screw_robot_control/src/right_arm_control.cpp: In member function ‘void right_arm::RobotAdmittanceControl::updata_rotation(const Eigen::Matrix3d&, const Eigen::Vector3d&, Eigen::Matrix3d&)’:
/home/yanji/robot_screwing/src/screw_robot_control/src/right_arm_control.cpp:180:106: warning: unused parameter ‘angluar_disp’ [-Wunused-parameter]
  180 | void RobotAdmittanceControl::updata_rotation(const Eigen::Matrix3d& current_rotm, const Eigen::Vector3d& angluar_disp, Eigen::Matrix3d& new_orientation){
      |                                                                                   ~~~~~~~~~~~~~~~~~~~~~~~^~~~~~~~~~~~
[ 90%] [32m[1mLinking CXX executable right_arm_control[0m
[ 90%] Built target right_arm_control
make: *** [Makefile:141：all] 错误 2
