[0.005s] Invoking command in '/home/yanji/robot_screwing/build/screw_robot_control': CMAKE_PREFIX_PATH=/home/yanji/robot_screwing/install/robot_msgs:/home/yanji/robot_screwing/install/screw_robot_control:/home/yanji/robot_screwing/install/real_robot:/home/yanji/robot_screwing/install/mj_sim:/opt/ros/foxy CONDA_PROMPT_MODIFIER=(screwrobot) LD_LIBRARY_PATH=/home/yanji/robot_screwing/install/robot_msgs/lib:/lib/x86_64-linux-gnu:/usr/lib/x86_64-linux-gnu:/home/yanji/robot_screwing/install/screw_robot_control/lib:/opt/ros/foxy/opt/yaml_cpp_vendor/lib:/opt/ros/foxy/opt/rviz_ogre_vendor/lib:/opt/ros/foxy/lib/x86_64-linux-gnu:/opt/ros/foxy/lib:/lib/x86_64-linux-gnu:/usr/lib/x86_64-linux-gnu:/usr/local/cuda/lib64:/usr/local/cuda/lib64 /usr/bin/cmake --build /home/yanji/robot_screwing/build/screw_robot_control -- -j24 -l24
[0.017s] -- Found ament_cmake: 0.9.12 (/opt/ros/foxy/share/ament_cmake/cmake)
[0.028s] -- Using PYTHON_EXECUTABLE: /home/yanji/anaconda3/envs/screwrobot/bin/python3
[0.100s] -- Found rclcpp: 2.4.3 (/opt/ros/foxy/share/rclcpp/cmake)
[0.116s] -- Using all available rosidl_typesupport_c: rosidl_typesupport_fastrtps_c;rosidl_typesupport_introspection_c
[0.118s] -- Found rosidl_adapter: 1.3.1 (/opt/ros/foxy/share/rosidl_adapter/cmake)
[0.181s] -- Using all available rosidl_typesupport_cpp: rosidl_typesupport_fastrtps_cpp;rosidl_typesupport_introspection_cpp
[0.204s] -- Found rmw_implementation_cmake: 1.0.4 (/opt/ros/foxy/share/rmw_implementation_cmake/cmake)
[0.204s] -- Using RMW implementation 'rmw_fastrtps_cpp' as default
[0.272s] -- Found geometry_msgs: 2.0.5 (/opt/ros/foxy/share/geometry_msgs/cmake)
[0.288s] -- Found robot_msgs: 0.0.0 (/home/yanji/robot_screwing/install/robot_msgs/share/robot_msgs/cmake)
[0.348s] -- Found rclcpp_action: 2.4.3 (/opt/ros/foxy/share/rclcpp_action/cmake)
[0.365s] -- Found ament_lint_auto: 0.9.8 (/opt/ros/foxy/share/ament_lint_auto/cmake)
[0.404s] -- Added test 'copyright' to check source files copyright and LICENSE
[0.405s] -- Added test 'cppcheck' to perform static code analysis on C / C++ code
[0.405s] -- Configured cppcheck include dirs: /home/yanji/robot_screwing/src/screw_robot_control/include;/home/yanji/robot_screwing/src/screw_robot_control/include/screw_robot_control
[0.406s] -- Configured cppcheck exclude dirs and/or files: 
[0.406s] -- Added test 'cpplint' to check C / C++ code against the Google style
[0.406s] -- Configured cpplint exclude dirs and/or files: 
[0.406s] -- Added test 'flake8' to check Python code syntax and style conventions
[0.407s] -- Added test 'lint_cmake' to check CMake code style
[0.407s] -- Added test 'pep257' to check Python code against some of the style conventions in PEP 257
[0.408s] -- Added test 'uncrustify' to check C / C++ code style
[0.408s] -- Configured uncrustify additional arguments: 
[0.408s] -- Added test 'xmllint' to check XML markup files
[0.409s] -- Configuring done
[0.423s] -- Generating done
[0.429s] -- Build files have been written to: /home/yanji/robot_screwing/build/screw_robot_control
[0.447s] [ 20%] Built target SERVO_MOTOR
[0.461s] [ 40%] Built target SCREWING_TOOL
[0.467s] [35m[1mScanning dependencies of target right_arm_control[0m
[0.467s] [35m[1mScanning dependencies of target right_arm_control_tcp[0m
[0.475s] [ 60%] Built target task_control_screw
[0.490s] [ 80%] [32mBuilding CXX object CMakeFiles/right_arm_control_tcp.dir/src/right_arm_control_tcp.cpp.o[0m
[0.490s] [ 80%] [32mBuilding CXX object CMakeFiles/right_arm_control.dir/src/right_arm_control.cpp.o[0m
[3.505s] /home/yanji/robot_screwing/src/screw_robot_control/src/right_arm_control_tcp.cpp:144:6: error: no declaration matches ‘void right_arm_test::RobotAdmittanceControl::status_publish()’
[3.505s]   144 | void RobotAdmittanceControl::status_publish(){
[3.505s]       |      ^~~~~~~~~~~~~~~~~~~~~~
[3.505s] /home/yanji/robot_screwing/src/screw_robot_control/src/right_arm_control_tcp.cpp:144:6: note: no functions named ‘void right_arm_test::RobotAdmittanceControl::status_publish()’
[3.505s] In file included from /home/yanji/robot_screwing/src/screw_robot_control/src/right_arm_control_tcp.cpp:1:
[3.505s] /home/yanji/robot_screwing/src/screw_robot_control/include/screw_robot_control/jaka/right_arm_control_tcp.hpp:27:7: note: ‘class right_arm_test::RobotAdmittanceControl’ defined here
[3.505s]    27 | class RobotAdmittanceControl : public rclcpp::Node {
[3.505s]       |       ^~~~~~~~~~~~~~~~~~~~~~
[3.505s] /home/yanji/robot_screwing/src/screw_robot_control/src/right_arm_control_tcp.cpp: In member function ‘void right_arm_test::RobotAdmittanceControl::updata_rotation(const Eigen::Matrix3d&, const Eigen::Vector3d&, Eigen::Matrix3d&)’:
[3.505s] /home/yanji/robot_screwing/src/screw_robot_control/src/right_arm_control_tcp.cpp:204:106: warning: unused parameter ‘angluar_disp’ [-Wunused-parameter]
[3.505s]   204 | void RobotAdmittanceControl::updata_rotation(const Eigen::Matrix3d& current_rotm, const Eigen::Vector3d& angluar_disp, Eigen::Matrix3d& new_orientation){
[3.505s]       |                                                                                   ~~~~~~~~~~~~~~~~~~~~~~~^~~~~~~~~~~~
[3.505s] make[2]: *** [CMakeFiles/right_arm_control_tcp.dir/build.make:63：CMakeFiles/right_arm_control_tcp.dir/src/right_arm_control_tcp.cpp.o] 错误 1
[3.506s] make[1]: *** [CMakeFiles/Makefile2:223：CMakeFiles/right_arm_control_tcp.dir/all] 错误 2
[3.506s] make[1]: *** 正在等待未完成的任务....
[6.288s] /home/yanji/robot_screwing/src/screw_robot_control/src/right_arm_control.cpp: In member function ‘void right_arm::RobotAdmittanceControl::updata_rotation(const Eigen::Matrix3d&, const Eigen::Vector3d&, Eigen::Matrix3d&)’:
[6.288s] /home/yanji/robot_screwing/src/screw_robot_control/src/right_arm_control.cpp:180:106: warning: unused parameter ‘angluar_disp’ [-Wunused-parameter]
[6.288s]   180 | void RobotAdmittanceControl::updata_rotation(const Eigen::Matrix3d& current_rotm, const Eigen::Vector3d& angluar_disp, Eigen::Matrix3d& new_orientation){
[6.288s]       |                                                                                   ~~~~~~~~~~~~~~~~~~~~~~~^~~~~~~~~~~~
[6.295s] [ 90%] [32m[1mLinking CXX executable right_arm_control[0m
[6.510s] [ 90%] Built target right_arm_control
[6.511s] make: *** [Makefile:141：all] 错误 2
[6.512s] Invoked command in '/home/yanji/robot_screwing/build/screw_robot_control' returned '2': CMAKE_PREFIX_PATH=/home/yanji/robot_screwing/install/robot_msgs:/home/yanji/robot_screwing/install/screw_robot_control:/home/yanji/robot_screwing/install/real_robot:/home/yanji/robot_screwing/install/mj_sim:/opt/ros/foxy CONDA_PROMPT_MODIFIER=(screwrobot) LD_LIBRARY_PATH=/home/yanji/robot_screwing/install/robot_msgs/lib:/lib/x86_64-linux-gnu:/usr/lib/x86_64-linux-gnu:/home/yanji/robot_screwing/install/screw_robot_control/lib:/opt/ros/foxy/opt/yaml_cpp_vendor/lib:/opt/ros/foxy/opt/rviz_ogre_vendor/lib:/opt/ros/foxy/lib/x86_64-linux-gnu:/opt/ros/foxy/lib:/lib/x86_64-linux-gnu:/usr/lib/x86_64-linux-gnu:/usr/local/cuda/lib64:/usr/local/cuda/lib64 /usr/bin/cmake --build /home/yanji/robot_screwing/build/screw_robot_control -- -j24 -l24
