[0.005s] Invoking command in '/home/yanji/robot_screwing/build/screw_robot_control': CMAKE_PREFIX_PATH=/home/yanji/robot_screwing/install/robot_msgs:/home/yanji/robot_screwing/install/screw_robot_control:/home/yanji/robot_screwing/install/real_robot:/home/yanji/robot_screwing/install/mj_sim:/opt/ros/foxy CONDA_PROMPT_MODIFIER=(screwrobot) LD_LIBRARY_PATH=/home/yanji/robot_screwing/install/robot_msgs/lib:/home/yanji/robot_screwing/install/screw_robot_control/lib:/lib/x86_64-linux-gnu:/usr/lib/x86_64-linux-gnu:/opt/ros/foxy/opt/yaml_cpp_vendor/lib:/opt/ros/foxy/opt/rviz_ogre_vendor/lib:/opt/ros/foxy/lib/x86_64-linux-gnu:/opt/ros/foxy/lib:/lib/x86_64-linux-gnu:/usr/lib/x86_64-linux-gnu:/usr/local/cuda/lib64:/usr/local/cuda/lib64 /usr/bin/cmake /home/yanji/robot_screwing/src/screw_robot_control -DCMAKE_INSTALL_PREFIX=/home/yanji/robot_screwing/install/screw_robot_control
[0.051s] -- The C compiler identification is GNU 9.4.0
[0.113s] -- The CXX compiler identification is GNU 13.1.0
[0.116s] -- Check for working C compiler: /usr/lib/ccache/cc
[0.161s] -- Check for working C compiler: /usr/lib/ccache/cc -- works
[0.162s] -- Detecting C compiler ABI info
[0.227s] -- Detecting C compiler ABI info - done
[0.232s] -- Detecting C compile features
[0.232s] -- Detecting C compile features - done
[0.234s] -- Check for working CXX compiler: /usr/lib/ccache/c++
[0.263s] -- Check for working CXX compiler: /usr/lib/ccache/c++ -- works
[0.263s] -- Detecting CXX compiler ABI info
[0.296s] -- Detecting CXX compiler ABI info - done
[0.301s] -- Detecting CXX compile features
[0.301s] -- Detecting CXX compile features - done
[0.302s] -- Found ament_cmake: 0.9.12 (/opt/ros/foxy/share/ament_cmake/cmake)
[0.314s] -- Found PythonInterp: /home/yanji/anaconda3/envs/screwrobot/bin/python3 (found suitable version "3.8.20", minimum required is "3") 
[0.314s] -- Using PYTHON_EXECUTABLE: /home/yanji/anaconda3/envs/screwrobot/bin/python3
[0.395s] -- Found rclcpp: 2.4.3 (/opt/ros/foxy/share/rclcpp/cmake)
[0.418s] -- Using all available rosidl_typesupport_c: rosidl_typesupport_fastrtps_c;rosidl_typesupport_introspection_c
[0.421s] -- Found rosidl_adapter: 1.3.1 (/opt/ros/foxy/share/rosidl_adapter/cmake)
[0.460s] -- Found OpenSSL: /usr/lib/x86_64-linux-gnu/libcrypto.so (found version "1.1.1f")  
[0.477s] -- Found FastRTPS: /opt/ros/foxy/include  
[0.516s] -- Using all available rosidl_typesupport_cpp: rosidl_typesupport_fastrtps_cpp;rosidl_typesupport_introspection_cpp
[0.543s] -- Found rmw_implementation_cmake: 1.0.4 (/opt/ros/foxy/share/rmw_implementation_cmake/cmake)
[0.544s] -- Using RMW implementation 'rmw_fastrtps_cpp' as default
[0.544s] -- Looking for pthread.h
[0.569s] -- Looking for pthread.h - found
[0.570s] -- Performing Test CMAKE_HAVE_LIBC_PTHREAD
[0.603s] -- Performing Test CMAKE_HAVE_LIBC_PTHREAD - Failed
[0.603s] -- Looking for pthread_create in pthreads
[0.624s] -- Looking for pthread_create in pthreads - not found
[0.624s] -- Looking for pthread_create in pthread
[0.674s] -- Looking for pthread_create in pthread - found
[0.675s] -- Found Threads: TRUE  
[0.754s] -- Found geometry_msgs: 2.0.5 (/opt/ros/foxy/share/geometry_msgs/cmake)
[0.770s] -- Found robot_msgs: 0.0.0 (/home/yanji/robot_screwing/install/robot_msgs/share/robot_msgs/cmake)
[0.786s] -- Found ament_lint_auto: 0.9.8 (/opt/ros/foxy/share/ament_lint_auto/cmake)
[0.832s] -- Added test 'copyright' to check source files copyright and LICENSE
[0.833s] -- Added test 'cppcheck' to perform static code analysis on C / C++ code
[0.833s] -- Configured cppcheck include dirs: /home/yanji/robot_screwing/src/screw_robot_control/include;/home/yanji/robot_screwing/src/screw_robot_control/include/screw_robot_control
[0.833s] -- Configured cppcheck exclude dirs and/or files: 
[0.834s] -- Added test 'cpplint' to check C / C++ code against the Google style
[0.834s] -- Configured cpplint exclude dirs and/or files: 
[0.835s] -- Added test 'lint_cmake' to check CMake code style
[0.835s] -- Added test 'uncrustify' to check C / C++ code style
[0.835s] -- Configured uncrustify additional arguments: 
[0.836s] -- Added test 'xmllint' to check XML markup files
[0.837s] -- Configuring done
[0.841s] -- Generating done
[0.843s] -- Build files have been written to: /home/yanji/robot_screwing/build/screw_robot_control
[0.848s] Invoked command in '/home/yanji/robot_screwing/build/screw_robot_control' returned '0': CMAKE_PREFIX_PATH=/home/yanji/robot_screwing/install/robot_msgs:/home/yanji/robot_screwing/install/screw_robot_control:/home/yanji/robot_screwing/install/real_robot:/home/yanji/robot_screwing/install/mj_sim:/opt/ros/foxy CONDA_PROMPT_MODIFIER=(screwrobot) LD_LIBRARY_PATH=/home/yanji/robot_screwing/install/robot_msgs/lib:/home/yanji/robot_screwing/install/screw_robot_control/lib:/lib/x86_64-linux-gnu:/usr/lib/x86_64-linux-gnu:/opt/ros/foxy/opt/yaml_cpp_vendor/lib:/opt/ros/foxy/opt/rviz_ogre_vendor/lib:/opt/ros/foxy/lib/x86_64-linux-gnu:/opt/ros/foxy/lib:/lib/x86_64-linux-gnu:/usr/lib/x86_64-linux-gnu:/usr/local/cuda/lib64:/usr/local/cuda/lib64 /usr/bin/cmake /home/yanji/robot_screwing/src/screw_robot_control -DCMAKE_INSTALL_PREFIX=/home/yanji/robot_screwing/install/screw_robot_control
[0.849s] Invoking command in '/home/yanji/robot_screwing/build/screw_robot_control': CMAKE_PREFIX_PATH=/home/yanji/robot_screwing/install/robot_msgs:/home/yanji/robot_screwing/install/screw_robot_control:/home/yanji/robot_screwing/install/real_robot:/home/yanji/robot_screwing/install/mj_sim:/opt/ros/foxy CONDA_PROMPT_MODIFIER=(screwrobot) LD_LIBRARY_PATH=/home/yanji/robot_screwing/install/robot_msgs/lib:/home/yanji/robot_screwing/install/screw_robot_control/lib:/lib/x86_64-linux-gnu:/usr/lib/x86_64-linux-gnu:/opt/ros/foxy/opt/yaml_cpp_vendor/lib:/opt/ros/foxy/opt/rviz_ogre_vendor/lib:/opt/ros/foxy/lib/x86_64-linux-gnu:/opt/ros/foxy/lib:/lib/x86_64-linux-gnu:/usr/lib/x86_64-linux-gnu:/usr/local/cuda/lib64:/usr/local/cuda/lib64 /usr/bin/cmake --build /home/yanji/robot_screwing/build/screw_robot_control -- -j24 -l24
[0.867s] [35m[1mScanning dependencies of target right_arm_control[0m
[0.900s] [ 50%] [32mBuilding CXX object CMakeFiles/right_arm_control.dir/src/right_arm_control.cpp.o[0m
[1.038s] [100%] [32m[1mLinking CXX executable right_arm_control[0m
[1.120s] [100%] Built target right_arm_control
[1.125s] Invoked command in '/home/yanji/robot_screwing/build/screw_robot_control' returned '0': CMAKE_PREFIX_PATH=/home/yanji/robot_screwing/install/robot_msgs:/home/yanji/robot_screwing/install/screw_robot_control:/home/yanji/robot_screwing/install/real_robot:/home/yanji/robot_screwing/install/mj_sim:/opt/ros/foxy CONDA_PROMPT_MODIFIER=(screwrobot) LD_LIBRARY_PATH=/home/yanji/robot_screwing/install/robot_msgs/lib:/home/yanji/robot_screwing/install/screw_robot_control/lib:/lib/x86_64-linux-gnu:/usr/lib/x86_64-linux-gnu:/opt/ros/foxy/opt/yaml_cpp_vendor/lib:/opt/ros/foxy/opt/rviz_ogre_vendor/lib:/opt/ros/foxy/lib/x86_64-linux-gnu:/opt/ros/foxy/lib:/lib/x86_64-linux-gnu:/usr/lib/x86_64-linux-gnu:/usr/local/cuda/lib64:/usr/local/cuda/lib64 /usr/bin/cmake --build /home/yanji/robot_screwing/build/screw_robot_control -- -j24 -l24
[1.127s] Invoking command in '/home/yanji/robot_screwing/build/screw_robot_control': CMAKE_PREFIX_PATH=/home/yanji/robot_screwing/install/robot_msgs:/home/yanji/robot_screwing/install/screw_robot_control:/home/yanji/robot_screwing/install/real_robot:/home/yanji/robot_screwing/install/mj_sim:/opt/ros/foxy CONDA_PROMPT_MODIFIER=(screwrobot) LD_LIBRARY_PATH=/home/yanji/robot_screwing/install/robot_msgs/lib:/home/yanji/robot_screwing/install/screw_robot_control/lib:/lib/x86_64-linux-gnu:/usr/lib/x86_64-linux-gnu:/opt/ros/foxy/opt/yaml_cpp_vendor/lib:/opt/ros/foxy/opt/rviz_ogre_vendor/lib:/opt/ros/foxy/lib/x86_64-linux-gnu:/opt/ros/foxy/lib:/lib/x86_64-linux-gnu:/usr/lib/x86_64-linux-gnu:/usr/local/cuda/lib64:/usr/local/cuda/lib64 /usr/bin/cmake --install /home/yanji/robot_screwing/build/screw_robot_control
[1.130s] -- Install configuration: ""
[1.130s] -- Installing: /home/yanji/robot_screwing/install/screw_robot_control/lib/screw_robot_control/right_arm_control
[1.131s] -- Set runtime path of "/home/yanji/robot_screwing/install/screw_robot_control/lib/screw_robot_control/right_arm_control" to ""
[1.131s] -- Installing: /home/yanji/robot_screwing/install/screw_robot_control/lib/libjakaAPI.so
[1.132s] -- Installing: /home/yanji/robot_screwing/install/screw_robot_control/lib/libdxl_x64_cpp.so
[1.133s] -- Installing: /home/yanji/robot_screwing/install/screw_robot_control/include
[1.133s] -- Installing: /home/yanji/robot_screwing/install/screw_robot_control/include/screw_robot_control
[1.133s] -- Installing: /home/yanji/robot_screwing/install/screw_robot_control/include/screw_robot_control/dynamixel
[1.133s] -- Installing: /home/yanji/robot_screwing/install/screw_robot_control/include/screw_robot_control/dynamixel/dynamixel_sdk.h
[1.133s] -- Installing: /home/yanji/robot_screwing/install/screw_robot_control/include/screw_robot_control/dynamixel/port_handler.h
[1.133s] -- Installing: /home/yanji/robot_screwing/install/screw_robot_control/include/screw_robot_control/dynamixel/packet_handler.h
[1.133s] -- Installing: /home/yanji/robot_screwing/install/screw_robot_control/include/screw_robot_control/dynamixel/group_bulk_read.h
[1.133s] -- Installing: /home/yanji/robot_screwing/install/screw_robot_control/include/screw_robot_control/dynamixel/protocol1_packet_handler.h
[1.133s] -- Installing: /home/yanji/robot_screwing/install/screw_robot_control/include/screw_robot_control/dynamixel/port_handler_arduino.h
[1.133s] -- Installing: /home/yanji/robot_screwing/install/screw_robot_control/include/screw_robot_control/dynamixel/group_sync_write.h
[1.133s] -- Installing: /home/yanji/robot_screwing/install/screw_robot_control/include/screw_robot_control/dynamixel/port_handler_linux.h
[1.133s] -- Installing: /home/yanji/robot_screwing/install/screw_robot_control/include/screw_robot_control/dynamixel/port_handler_windows.h
[1.133s] -- Installing: /home/yanji/robot_screwing/install/screw_robot_control/include/screw_robot_control/dynamixel/protocol2_packet_handler.h
[1.133s] -- Installing: /home/yanji/robot_screwing/install/screw_robot_control/include/screw_robot_control/dynamixel/port_handler_mac.h
[1.133s] -- Installing: /home/yanji/robot_screwing/install/screw_robot_control/include/screw_robot_control/dynamixel/group_sync_read.h
[1.133s] -- Installing: /home/yanji/robot_screwing/install/screw_robot_control/include/screw_robot_control/dynamixel/group_bulk_write.h
[1.134s] -- Installing: /home/yanji/robot_screwing/install/screw_robot_control/include/screw_robot_control/jaka
[1.134s] -- Installing: /home/yanji/robot_screwing/install/screw_robot_control/include/screw_robot_control/jaka/screwing_tool.h
[1.134s] -- Installing: /home/yanji/robot_screwing/install/screw_robot_control/include/screw_robot_control/jaka/right_arm_control.hpp
[1.134s] -- Installing: /home/yanji/robot_screwing/install/screw_robot_control/include/screw_robot_control/jaka/JAKAZuRobot.h
[1.134s] -- Installing: /home/yanji/robot_screwing/install/screw_robot_control/include/screw_robot_control/jaka/jktypes.h
[1.134s] -- Installing: /home/yanji/robot_screwing/install/screw_robot_control/include/screw_robot_control/jaka/servo_motor_function.h
[1.134s] -- Installing: /home/yanji/robot_screwing/install/screw_robot_control/include/screw_robot_control/jaka/jkerr.h
[1.134s] -- Installing: /home/yanji/robot_screwing/install/screw_robot_control/share/ament_index/resource_index/package_run_dependencies/screw_robot_control
[1.134s] -- Installing: /home/yanji/robot_screwing/install/screw_robot_control/share/ament_index/resource_index/parent_prefix_path/screw_robot_control
[1.134s] -- Installing: /home/yanji/robot_screwing/install/screw_robot_control/share/screw_robot_control/environment/ament_prefix_path.sh
[1.134s] -- Installing: /home/yanji/robot_screwing/install/screw_robot_control/share/screw_robot_control/environment/ament_prefix_path.dsv
[1.134s] -- Installing: /home/yanji/robot_screwing/install/screw_robot_control/share/screw_robot_control/environment/path.sh
[1.134s] -- Installing: /home/yanji/robot_screwing/install/screw_robot_control/share/screw_robot_control/environment/path.dsv
[1.134s] -- Installing: /home/yanji/robot_screwing/install/screw_robot_control/share/screw_robot_control/local_setup.bash
[1.134s] -- Installing: /home/yanji/robot_screwing/install/screw_robot_control/share/screw_robot_control/local_setup.sh
[1.134s] -- Installing: /home/yanji/robot_screwing/install/screw_robot_control/share/screw_robot_control/local_setup.zsh
[1.134s] -- Installing: /home/yanji/robot_screwing/install/screw_robot_control/share/screw_robot_control/local_setup.dsv
[1.134s] -- Installing: /home/yanji/robot_screwing/install/screw_robot_control/share/screw_robot_control/package.dsv
[1.134s] -- Installing: /home/yanji/robot_screwing/install/screw_robot_control/share/ament_index/resource_index/packages/screw_robot_control
[1.134s] -- Installing: /home/yanji/robot_screwing/install/screw_robot_control/share/screw_robot_control/cmake/screw_robot_controlConfig.cmake
[1.134s] -- Installing: /home/yanji/robot_screwing/install/screw_robot_control/share/screw_robot_control/cmake/screw_robot_controlConfig-version.cmake
[1.134s] -- Installing: /home/yanji/robot_screwing/install/screw_robot_control/share/screw_robot_control/package.xml
[1.136s] Invoked command in '/home/yanji/robot_screwing/build/screw_robot_control' returned '0': CMAKE_PREFIX_PATH=/home/yanji/robot_screwing/install/robot_msgs:/home/yanji/robot_screwing/install/screw_robot_control:/home/yanji/robot_screwing/install/real_robot:/home/yanji/robot_screwing/install/mj_sim:/opt/ros/foxy CONDA_PROMPT_MODIFIER=(screwrobot) LD_LIBRARY_PATH=/home/yanji/robot_screwing/install/robot_msgs/lib:/home/yanji/robot_screwing/install/screw_robot_control/lib:/lib/x86_64-linux-gnu:/usr/lib/x86_64-linux-gnu:/opt/ros/foxy/opt/yaml_cpp_vendor/lib:/opt/ros/foxy/opt/rviz_ogre_vendor/lib:/opt/ros/foxy/lib/x86_64-linux-gnu:/opt/ros/foxy/lib:/lib/x86_64-linux-gnu:/usr/lib/x86_64-linux-gnu:/usr/local/cuda/lib64:/usr/local/cuda/lib64 /usr/bin/cmake --install /home/yanji/robot_screwing/build/screw_robot_control
