In file included from /home/yanji/robot_screwing/src/screw_robot_control/src/right_arm_control.cpp:8:
/home/yanji/robot_screwing/src/screw_robot_control/include/screw_robot_control/jaka/right_arm_control.hpp:85:40: error: ‘RobotStatus’ is not a member of ‘robot_msgs::msg’; did you mean ‘RobotStatus’?
   85 |     rclcpp::Publisher<robot_msgs::msg::RobotStatus>::SharedPtr status_pub_;
      |                                        ^~~~~~~~~~~
In file included from /home/yanji/robot_screwing/src/screw_robot_control/include/screw_robot_control/jaka/JAKAZuRobot.h:12,
                 from /home/yanji/robot_screwing/src/screw_robot_control/src/right_arm_control.cpp:6:
/home/yanji/robot_screwing/src/screw_robot_control/include/screw_robot_control/jaka/jktypes.h:245:3: note: ‘RobotStatus’ declared here
  245 | } RobotStatus;
      |   ^~~~~~~~~~~
/home/yanji/robot_screwing/src/screw_robot_control/include/screw_robot_control/jaka/right_arm_control.hpp:85:40: error: ‘RobotStatus’ is not a member of ‘robot_msgs::msg’; did you mean ‘RobotStatus’?
   85 |     rclcpp::Publisher<robot_msgs::msg::RobotStatus>::SharedPtr status_pub_;
      |                                        ^~~~~~~~~~~
/home/yanji/robot_screwing/src/screw_robot_control/include/screw_robot_control/jaka/jktypes.h:245:3: note: ‘RobotStatus’ declared here
  245 | } RobotStatus;
      |   ^~~~~~~~~~~
/home/yanji/robot_screwing/src/screw_robot_control/include/screw_robot_control/jaka/right_arm_control.hpp:85:51: error: template argument 1 is invalid
   85 |     rclcpp::Publisher<robot_msgs::msg::RobotStatus>::SharedPtr status_pub_;
      |                                                   ^
/home/yanji/robot_screwing/src/screw_robot_control/include/screw_robot_control/jaka/right_arm_control.hpp:85:54: error: expected ‘;’ at end of member declaration
   85 |     rclcpp::Publisher<robot_msgs::msg::RobotStatus>::SharedPtr status_pub_;
      |                                                      ^~~~~~~~~
      |                                                               ;
/home/yanji/robot_screwing/src/screw_robot_control/include/screw_robot_control/jaka/right_arm_control.hpp:85:64: error: ‘status_pub_’ does not name a type
   85 |     rclcpp::Publisher<robot_msgs::msg::RobotStatus>::SharedPtr status_pub_;
      |                                                                ^~~~~~~~~~~
/home/yanji/robot_screwing/src/screw_robot_control/include/screw_robot_control/jaka/right_arm_control.hpp:86:40: error: ‘RefStatus’ is not a member of ‘robot_msgs::msg’
   86 |     rclcpp::Publisher<robot_msgs::msg::RefStatus>::SharedPtr ref_pub_;
      |                                        ^~~~~~~~~
/home/yanji/robot_screwing/src/screw_robot_control/include/screw_robot_control/jaka/right_arm_control.hpp:86:40: error: ‘RefStatus’ is not a member of ‘robot_msgs::msg’
/home/yanji/robot_screwing/src/screw_robot_control/include/screw_robot_control/jaka/right_arm_control.hpp:86:49: error: template argument 1 is invalid
   86 |     rclcpp::Publisher<robot_msgs::msg::RefStatus>::SharedPtr ref_pub_;
      |                                                 ^
/home/yanji/robot_screwing/src/screw_robot_control/include/screw_robot_control/jaka/right_arm_control.hpp:86:52: error: expected ‘;’ at end of member declaration
   86 |     rclcpp::Publisher<robot_msgs::msg::RefStatus>::SharedPtr ref_pub_;
      |                                                    ^~~~~~~~~
      |                                                             ;
/home/yanji/robot_screwing/src/screw_robot_control/include/screw_robot_control/jaka/right_arm_control.hpp:86:52: error: redeclaration of ‘int right_arm::RobotAdmittanceControl::SharedPtr’
/home/yanji/robot_screwing/src/screw_robot_control/include/screw_robot_control/jaka/right_arm_control.hpp:85:54: note: previous declaration ‘int right_arm::RobotAdmittanceControl::SharedPtr’
   85 |     rclcpp::Publisher<robot_msgs::msg::RobotStatus>::SharedPtr status_pub_;
      |                                                      ^~~~~~~~~
/home/yanji/robot_screwing/src/screw_robot_control/include/screw_robot_control/jaka/right_arm_control.hpp:86:62: error: ‘ref_pub_’ does not name a type
   86 |     rclcpp::Publisher<robot_msgs::msg::RefStatus>::SharedPtr ref_pub_;
      |                                                              ^~~~~~~~
/home/yanji/robot_screwing/src/screw_robot_control/include/screw_robot_control/jaka/right_arm_control.hpp:87:40: error: ‘ControlCommand’ is not a member of ‘robot_msgs::msg’
   87 |     rclcpp::Publisher<robot_msgs::msg::ControlCommand>::SharedPtr cmd_pub_;
      |                                        ^~~~~~~~~~~~~~
/home/yanji/robot_screwing/src/screw_robot_control/include/screw_robot_control/jaka/right_arm_control.hpp:87:40: error: ‘ControlCommand’ is not a member of ‘robot_msgs::msg’
/home/yanji/robot_screwing/src/screw_robot_control/include/screw_robot_control/jaka/right_arm_control.hpp:87:54: error: template argument 1 is invalid
   87 |     rclcpp::Publisher<robot_msgs::msg::ControlCommand>::SharedPtr cmd_pub_;
      |                                                      ^
/home/yanji/robot_screwing/src/screw_robot_control/include/screw_robot_control/jaka/right_arm_control.hpp:87:57: error: expected ‘;’ at end of member declaration
   87 |     rclcpp::Publisher<robot_msgs::msg::ControlCommand>::SharedPtr cmd_pub_;
      |                                                         ^~~~~~~~~
      |                                                                  ;
/home/yanji/robot_screwing/src/screw_robot_control/include/screw_robot_control/jaka/right_arm_control.hpp:87:57: error: redeclaration of ‘int right_arm::RobotAdmittanceControl::SharedPtr’
/home/yanji/robot_screwing/src/screw_robot_control/include/screw_robot_control/jaka/right_arm_control.hpp:85:54: note: previous declaration ‘int right_arm::RobotAdmittanceControl::SharedPtr’
   85 |     rclcpp::Publisher<robot_msgs::msg::RobotStatus>::SharedPtr status_pub_;
      |                                                      ^~~~~~~~~
/home/yanji/robot_screwing/src/screw_robot_control/include/screw_robot_control/jaka/right_arm_control.hpp:87:67: error: ‘cmd_pub_’ does not name a type
   87 |     rclcpp::Publisher<robot_msgs::msg::ControlCommand>::SharedPtr cmd_pub_;
      |                                                                   ^~~~~~~~
/home/yanji/robot_screwing/src/screw_robot_control/include/screw_robot_control/jaka/right_arm_control.hpp:89:43: error: ‘ControlCommand’ is not a member of ‘robot_msgs::msg’
   89 |     rclcpp::Subscription<robot_msgs::msg::ControlCommand>::SharedPtr command_subs_;
      |                                           ^~~~~~~~~~~~~~
/home/yanji/robot_screwing/src/screw_robot_control/include/screw_robot_control/jaka/right_arm_control.hpp:89:43: error: ‘ControlCommand’ is not a member of ‘robot_msgs::msg’
/home/yanji/robot_screwing/src/screw_robot_control/include/screw_robot_control/jaka/right_arm_control.hpp:89:57: error: template argument 1 is invalid
   89 |     rclcpp::Subscription<robot_msgs::msg::ControlCommand>::SharedPtr command_subs_;
      |                                                         ^
/home/yanji/robot_screwing/src/screw_robot_control/include/screw_robot_control/jaka/right_arm_control.hpp:89:57: error: template argument 3 is invalid
/home/yanji/robot_screwing/src/screw_robot_control/include/screw_robot_control/jaka/right_arm_control.hpp:89:60: error: expected ‘;’ at end of member declaration
   89 |     rclcpp::Subscription<robot_msgs::msg::ControlCommand>::SharedPtr command_subs_;
      |                                                            ^~~~~~~~~
      |                                                                     ;
/home/yanji/robot_screwing/src/screw_robot_control/include/screw_robot_control/jaka/right_arm_control.hpp:89:60: error: redeclaration of ‘int right_arm::RobotAdmittanceControl::SharedPtr’
/home/yanji/robot_screwing/src/screw_robot_control/include/screw_robot_control/jaka/right_arm_control.hpp:85:54: note: previous declaration ‘int right_arm::RobotAdmittanceControl::SharedPtr’
   85 |     rclcpp::Publisher<robot_msgs::msg::RobotStatus>::SharedPtr status_pub_;
      |                                                      ^~~~~~~~~
/home/yanji/robot_screwing/src/screw_robot_control/include/screw_robot_control/jaka/right_arm_control.hpp:89:70: error: ‘command_subs_’ does not name a type
   89 |     rclcpp::Subscription<robot_msgs::msg::ControlCommand>::SharedPtr command_subs_;
      |                                                                      ^~~~~~~~~~~~~
/home/yanji/robot_screwing/src/screw_robot_control/include/screw_robot_control/jaka/right_arm_control.hpp:91:33: error: ‘srv’ is not a member of ‘robot_msgs’
   91 |     rclcpp::Service<robot_msgs::srv::StartPose>::SharedPtr srv_;
      |                                 ^~~
/home/yanji/robot_screwing/src/screw_robot_control/include/screw_robot_control/jaka/right_arm_control.hpp:91:33: note: suggested alternatives:
In file included from /opt/ros/foxy/include/rcl_interfaces/srv/describe_parameters.hpp:7,
                 from /opt/ros/foxy/include/rclcpp/parameter_client.hpp:26,
                 from /opt/ros/foxy/include/rclcpp/rclcpp.hpp:151,
                 from /home/yanji/robot_screwing/src/screw_robot_control/src/right_arm_control.cpp:1:
/opt/ros/foxy/include/rcl_interfaces/srv/detail/describe_parameters__struct.hpp:26:11: note:   ‘rcl_interfaces::srv’
   26 | namespace srv
      |           ^~~
In file included from /opt/ros/foxy/include/action_msgs/srv/cancel_goal.hpp:7,
                 from /home/yanji/robot_screwing/install/robot_msgs/include/robot_msgs/action/detail/screw__struct.hpp:1021,
                 from /home/yanji/robot_screwing/install/robot_msgs/include/robot_msgs/action/screw.hpp:7,
                 from /home/yanji/robot_screwing/src/screw_robot_control/include/screw_robot_control/jaka/right_arm_control.hpp:16:
/opt/ros/foxy/include/action_msgs/srv/detail/cancel_goal__struct.hpp:30:11: note:   ‘action_msgs::srv’
   30 | namespace srv
      |           ^~~
/home/yanji/robot_screwing/src/screw_robot_control/include/screw_robot_control/jaka/right_arm_control.hpp:91:33: error: ‘srv’ is not a member of ‘robot_msgs’
   91 |     rclcpp::Service<robot_msgs::srv::StartPose>::SharedPtr srv_;
      |                                 ^~~
/home/yanji/robot_screwing/src/screw_robot_control/include/screw_robot_control/jaka/right_arm_control.hpp:91:33: note: suggested alternatives:
/opt/ros/foxy/include/rcl_interfaces/srv/detail/describe_parameters__struct.hpp:26:11: note:   ‘rcl_interfaces::srv’
   26 | namespace srv
      |           ^~~
/opt/ros/foxy/include/action_msgs/srv/detail/cancel_goal__struct.hpp:30:11: note:   ‘action_msgs::srv’
   30 | namespace srv
      |           ^~~
/home/yanji/robot_screwing/src/screw_robot_control/include/screw_robot_control/jaka/right_arm_control.hpp:91:47: error: template argument 1 is invalid
   91 |     rclcpp::Service<robot_msgs::srv::StartPose>::SharedPtr srv_;
      |                                               ^
/home/yanji/robot_screwing/src/screw_robot_control/include/screw_robot_control/jaka/right_arm_control.hpp:91:50: error: expected ‘;’ at end of member declaration
   91 |     rclcpp::Service<robot_msgs::srv::StartPose>::SharedPtr srv_;
      |                                                  ^~~~~~~~~
      |                                                           ;
/home/yanji/robot_screwing/src/screw_robot_control/include/screw_robot_control/jaka/right_arm_control.hpp:91:50: error: redeclaration of ‘int right_arm::RobotAdmittanceControl::SharedPtr’
/home/yanji/robot_screwing/src/screw_robot_control/include/screw_robot_control/jaka/right_arm_control.hpp:85:54: note: previous declaration ‘int right_arm::RobotAdmittanceControl::SharedPtr’
   85 |     rclcpp::Publisher<robot_msgs::msg::RobotStatus>::SharedPtr status_pub_;
      |                                                      ^~~~~~~~~
/home/yanji/robot_screwing/src/screw_robot_control/include/screw_robot_control/jaka/right_arm_control.hpp:91:60: error: ‘srv_’ does not name a type
   91 |     rclcpp::Service<robot_msgs::srv::StartPose>::SharedPtr srv_;
      |                                                            ^~~~
/home/yanji/robot_screwing/src/screw_robot_control/include/screw_robot_control/jaka/right_arm_control.hpp:94:22: error: ‘RobotStatus’ in namespace ‘robot_msgs::msg’ does not name a type
   94 |     robot_msgs::msg::RobotStatus status_msg_;
      |                      ^~~~~~~~~~~
/home/yanji/robot_screwing/src/screw_robot_control/include/screw_robot_control/jaka/right_arm_control.hpp:95:22: error: ‘RefStatus’ in namespace ‘robot_msgs::msg’ does not name a type
   95 |     robot_msgs::msg::RefStatus ref_msg_;
      |                      ^~~~~~~~~
/home/yanji/robot_screwing/src/screw_robot_control/include/screw_robot_control/jaka/right_arm_control.hpp:108:50: error: ‘ControlCommand’ in namespace ‘robot_msgs::msg’ does not name a type
  108 |     void command_callback(const robot_msgs::msg::ControlCommand::SharedPtr msg);
      |                                                  ^~~~~~~~~~~~~~
/home/yanji/robot_screwing/src/screw_robot_control/include/screw_robot_control/jaka/right_arm_control.hpp:108:76: error: expected unqualified-id before ‘msg’
  108 |     void command_callback(const robot_msgs::msg::ControlCommand::SharedPtr msg);
      |                                                                            ^~~
/home/yanji/robot_screwing/src/screw_robot_control/include/screw_robot_control/jaka/right_arm_control.hpp:108:75: error: expected ‘)’ before ‘msg’
  108 |     void command_callback(const robot_msgs::msg::ControlCommand::SharedPtr msg);
      |                          ~                                                ^~~~
      |                                                                           )
/home/yanji/robot_screwing/src/screw_robot_control/include/screw_robot_control/jaka/right_arm_control.hpp:108:66: error: expected ‘;’ at end of member declaration
  108 |     void command_callback(const robot_msgs::msg::ControlCommand::SharedPtr msg);
      |                                                                  ^~~~~~~~~
      |                                                                           ;
/home/yanji/robot_screwing/src/screw_robot_control/include/screw_robot_control/jaka/right_arm_control.hpp:108:76: error: ‘msg’ does not name a type
  108 |     void command_callback(const robot_msgs::msg::ControlCommand::SharedPtr msg);
      |                                                                            ^~~
/home/yanji/robot_screwing/src/screw_robot_control/include/screw_robot_control/jaka/right_arm_control.hpp:110:43: error: ‘srv’ is not a member of ‘robot_msgs’
  110 |         const std::shared_ptr<robot_msgs::srv::StartPose::Request> request,
      |                                           ^~~
/home/yanji/robot_screwing/src/screw_robot_control/include/screw_robot_control/jaka/right_arm_control.hpp:110:43: note: suggested alternatives:
/opt/ros/foxy/include/rcl_interfaces/srv/detail/describe_parameters__struct.hpp:26:11: note:   ‘rcl_interfaces::srv’
   26 | namespace srv
      |           ^~~
/opt/ros/foxy/include/action_msgs/srv/detail/cancel_goal__struct.hpp:30:11: note:   ‘action_msgs::srv’
   30 | namespace srv
      |           ^~~
/home/yanji/robot_screwing/src/screw_robot_control/include/screw_robot_control/jaka/right_arm_control.hpp:110:43: error: ‘srv’ is not a member of ‘robot_msgs’
  110 |         const std::shared_ptr<robot_msgs::srv::StartPose::Request> request,
      |                                           ^~~
/home/yanji/robot_screwing/src/screw_robot_control/include/screw_robot_control/jaka/right_arm_control.hpp:110:43: note: suggested alternatives:
/opt/ros/foxy/include/rcl_interfaces/srv/detail/describe_parameters__struct.hpp:26:11: note:   ‘rcl_interfaces::srv’
   26 | namespace srv
      |           ^~~
/opt/ros/foxy/include/action_msgs/srv/detail/cancel_goal__struct.hpp:30:11: note:   ‘action_msgs::srv’
   30 | namespace srv
      |           ^~~
/home/yanji/robot_screwing/src/screw_robot_control/include/screw_robot_control/jaka/right_arm_control.hpp:110:66: error: template argument 1 is invalid
  110 |         const std::shared_ptr<robot_msgs::srv::StartPose::Request> request,
      |                                                                  ^
/home/yanji/robot_screwing/src/screw_robot_control/include/screw_robot_control/jaka/right_arm_control.hpp:110:43: error: ‘srv’ is not a member of ‘robot_msgs’
  110 |         const std::shared_ptr<robot_msgs::srv::StartPose::Request> request,
      |                                           ^~~
/home/yanji/robot_screwing/src/screw_robot_control/include/screw_robot_control/jaka/right_arm_control.hpp:110:43: note: suggested alternatives:
/opt/ros/foxy/include/rcl_interfaces/srv/detail/describe_parameters__struct.hpp:26:11: note:   ‘rcl_interfaces::srv’
   26 | namespace srv
      |           ^~~
/opt/ros/foxy/include/action_msgs/srv/detail/cancel_goal__struct.hpp:30:11: note:   ‘action_msgs::srv’
   30 | namespace srv
      |           ^~~
/home/yanji/robot_screwing/src/screw_robot_control/include/screw_robot_control/jaka/right_arm_control.hpp:110:43: error: ‘srv’ is not a member of ‘robot_msgs’
  110 |         const std::shared_ptr<robot_msgs::srv::StartPose::Request> request,
      |                                           ^~~
/home/yanji/robot_screwing/src/screw_robot_control/include/screw_robot_control/jaka/right_arm_control.hpp:110:43: note: suggested alternatives:
/opt/ros/foxy/include/rcl_interfaces/srv/detail/describe_parameters__struct.hpp:26:11: note:   ‘rcl_interfaces::srv’
   26 | namespace srv
      |           ^~~
/opt/ros/foxy/include/action_msgs/srv/detail/cancel_goal__struct.hpp:30:11: note:   ‘action_msgs::srv’
   30 | namespace srv
      |           ^~~
/home/yanji/robot_screwing/src/screw_robot_control/include/screw_robot_control/jaka/right_arm_control.hpp:110:66: error: template argument 1 is invalid
  110 |         const std::shared_ptr<robot_msgs::srv::StartPose::Request> request,
      |                                                                  ^
/home/yanji/robot_screwing/src/screw_robot_control/include/screw_robot_control/jaka/right_arm_control.hpp:110:43: error: ‘srv’ is not a member of ‘robot_msgs’
  110 |         const std::shared_ptr<robot_msgs::srv::StartPose::Request> request,
      |                                           ^~~
/home/yanji/robot_screwing/src/screw_robot_control/include/screw_robot_control/jaka/right_arm_control.hpp:110:43: note: suggested alternatives:
/opt/ros/foxy/include/rcl_interfaces/srv/detail/describe_parameters__struct.hpp:26:11: note:   ‘rcl_interfaces::srv’
   26 | namespace srv
      |           ^~~
/opt/ros/foxy/include/action_msgs/srv/detail/cancel_goal__struct.hpp:30:11: note:   ‘action_msgs::srv’
   30 | namespace srv
      |           ^~~
/home/yanji/robot_screwing/src/screw_robot_control/include/screw_robot_control/jaka/right_arm_control.hpp:110:43: error: ‘srv’ is not a member of ‘robot_msgs’
  110 |         const std::shared_ptr<robot_msgs::srv::StartPose::Request> request,
      |                                           ^~~
/home/yanji/robot_screwing/src/screw_robot_control/include/screw_robot_control/jaka/right_arm_control.hpp:110:43: note: suggested alternatives:
/opt/ros/foxy/include/rcl_interfaces/srv/detail/describe_parameters__struct.hpp:26:11: note:   ‘rcl_interfaces::srv’
   26 | namespace srv
      |           ^~~
/opt/ros/foxy/include/action_msgs/srv/detail/cancel_goal__struct.hpp:30:11: note:   ‘action_msgs::srv’
   30 | namespace srv
      |           ^~~
/home/yanji/robot_screwing/src/screw_robot_control/include/screw_robot_control/jaka/right_arm_control.hpp:110:66: error: template argument 1 is invalid
  110 |         const std::shared_ptr<robot_msgs::srv::StartPose::Request> request,
      |                                                                  ^
/home/yanji/robot_screwing/src/screw_robot_control/include/screw_robot_control/jaka/right_arm_control.hpp:110:43: error: ‘srv’ is not a member of ‘robot_msgs’
  110 |         const std::shared_ptr<robot_msgs::srv::StartPose::Request> request,
      |                                           ^~~
/home/yanji/robot_screwing/src/screw_robot_control/include/screw_robot_control/jaka/right_arm_control.hpp:110:43: note: suggested alternatives:
/opt/ros/foxy/include/rcl_interfaces/srv/detail/describe_parameters__struct.hpp:26:11: note:   ‘rcl_interfaces::srv’
   26 | namespace srv
      |           ^~~
/opt/ros/foxy/include/action_msgs/srv/detail/cancel_goal__struct.hpp:30:11: note:   ‘action_msgs::srv’
   30 | namespace srv
      |           ^~~
/home/yanji/robot_screwing/src/screw_robot_control/include/screw_robot_control/jaka/right_arm_control.hpp:110:43: error: ‘srv’ is not a member of ‘robot_msgs’
  110 |         const std::shared_ptr<robot_msgs::srv::StartPose::Request> request,
      |                                           ^~~
/home/yanji/robot_screwing/src/screw_robot_control/include/screw_robot_control/jaka/right_arm_control.hpp:110:43: note: suggested alternatives:
/opt/ros/foxy/include/rcl_interfaces/srv/detail/describe_parameters__struct.hpp:26:11: note:   ‘rcl_interfaces::srv’
   26 | namespace srv
      |           ^~~
/opt/ros/foxy/include/action_msgs/srv/detail/cancel_goal__struct.hpp:30:11: note:   ‘action_msgs::srv’
   30 | namespace srv
      |           ^~~
/home/yanji/robot_screwing/src/screw_robot_control/include/screw_robot_control/jaka/right_arm_control.hpp:110:66: error: template argument 1 is invalid
  110 |         const std::shared_ptr<robot_msgs::srv::StartPose::Request> request,
      |                                                                  ^
/home/yanji/robot_screwing/src/screw_robot_control/include/screw_robot_control/jaka/right_arm_control.hpp:110:43: error: ‘srv’ is not a member of ‘robot_msgs’
  110 |         const std::shared_ptr<robot_msgs::srv::StartPose::Request> request,
      |                                           ^~~
/home/yanji/robot_screwing/src/screw_robot_control/include/screw_robot_control/jaka/right_arm_control.hpp:110:43: note: suggested alternatives:
/opt/ros/foxy/include/rcl_interfaces/srv/detail/describe_parameters__struct.hpp:26:11: note:   ‘rcl_interfaces::srv’
   26 | namespace srv
      |           ^~~
/opt/ros/foxy/include/action_msgs/srv/detail/cancel_goal__struct.hpp:30:11: note:   ‘action_msgs::srv’
   30 | namespace srv
      |           ^~~
/home/yanji/robot_screwing/src/screw_robot_control/include/screw_robot_control/jaka/right_arm_control.hpp:110:43: error: ‘srv’ is not a member of ‘robot_msgs’
  110 |         const std::shared_ptr<robot_msgs::srv::StartPose::Request> request,
      |                                           ^~~
/home/yanji/robot_screwing/src/screw_robot_control/include/screw_robot_control/jaka/right_arm_control.hpp:110:43: note: suggested alternatives:
/opt/ros/foxy/include/rcl_interfaces/srv/detail/describe_parameters__struct.hpp:26:11: note:   ‘rcl_interfaces::srv’
   26 | namespace srv
      |           ^~~
/opt/ros/foxy/include/action_msgs/srv/detail/cancel_goal__struct.hpp:30:11: note:   ‘action_msgs::srv’
   30 | namespace srv
      |           ^~~
/home/yanji/robot_screwing/src/screw_robot_control/include/screw_robot_control/jaka/right_arm_control.hpp:110:66: error: template argument 1 is invalid
  110 |         const std::shared_ptr<robot_msgs::srv::StartPose::Request> request,
      |                                                                  ^
/home/yanji/robot_screwing/src/screw_robot_control/include/screw_robot_control/jaka/right_arm_control.hpp:110:15: error: invalid use of template-name ‘std::shared_ptr’ without an argument list
  110 |         const std::shared_ptr<robot_msgs::srv::StartPose::Request> request,
      |               ^~~
/home/yanji/robot_screwing/src/screw_robot_control/include/screw_robot_control/jaka/right_arm_control.hpp:110:15: note: class template argument deduction is only available with ‘-std=c++17’ or ‘-std=gnu++17’
In file included from /usr/include/c++/13/bits/shared_ptr.h:53,
                 from /usr/include/c++/13/memory:80,
                 from /opt/ros/foxy/include/rclcpp/rclcpp.hpp:144:
/usr/include/c++/13/bits/shared_ptr_base.h:395:11: note: ‘template<class _Tp> class std::shared_ptr’ declared here
  395 |     class shared_ptr;
      |           ^~~~~~~~~~
/home/yanji/robot_screwing/src/screw_robot_control/include/screw_robot_control/jaka/right_arm_control.hpp:110:30: error: expected ‘,’ or ‘...’ before ‘<’ token
  110 |         const std::shared_ptr<robot_msgs::srv::StartPose::Request> request,
      |                              ^
/home/yanji/robot_screwing/src/screw_robot_control/src/right_arm_control.cpp: In constructor ‘right_arm::RobotAdmittanceControl::RobotAdmittanceControl()’:
/home/yanji/robot_screwing/src/screw_robot_control/src/right_arm_control.cpp:19:5: error: ‘status_pub_’ was not declared in this scope
   19 |     status_pub_ = this->create_publisher<robot_msgs::msg::RobotStatus>("rob_status", 5);
      |     ^~~~~~~~~~~
/home/yanji/robot_screwing/src/screw_robot_control/src/right_arm_control.cpp:19:59: error: ‘RobotStatus’ is not a member of ‘robot_msgs::msg’; did you mean ‘RobotStatus’?
   19 |     status_pub_ = this->create_publisher<robot_msgs::msg::RobotStatus>("rob_status", 5);
      |                                                           ^~~~~~~~~~~
/home/yanji/robot_screwing/src/screw_robot_control/include/screw_robot_control/jaka/jktypes.h:245:3: note: ‘RobotStatus’ declared here
  245 | } RobotStatus;
      |   ^~~~~~~~~~~
/home/yanji/robot_screwing/src/screw_robot_control/src/right_arm_control.cpp:19:59: error: ‘RobotStatus’ is not a member of ‘robot_msgs::msg’; did you mean ‘RobotStatus’?
   19 |     status_pub_ = this->create_publisher<robot_msgs::msg::RobotStatus>("rob_status", 5);
      |                                                           ^~~~~~~~~~~
/home/yanji/robot_screwing/src/screw_robot_control/include/screw_robot_control/jaka/jktypes.h:245:3: note: ‘RobotStatus’ declared here
  245 | } RobotStatus;
      |   ^~~~~~~~~~~
/home/yanji/robot_screwing/src/screw_robot_control/src/right_arm_control.cpp:19:71: error: no matching function for call to ‘right_arm::RobotAdmittanceControl::create_publisher<<expression error> >(const char [11], int)’
   19 |     status_pub_ = this->create_publisher<robot_msgs::msg::RobotStatus>("rob_status", 5);
      |                   ~~~~~~~~~~~~~~~~~~~~~~~~~~~~~~~~~~~~~~~~~~~~~~~~~~~~^~~~~~~~~~~~~~~~~
In file included from /opt/ros/foxy/include/rclcpp/node.hpp:1224,
                 from /opt/ros/foxy/include/rclcpp/executors/single_threaded_executor.hpp:28,
                 from /opt/ros/foxy/include/rclcpp/executors.hpp:22,
                 from /opt/ros/foxy/include/rclcpp/rclcpp.hpp:146:
/opt/ros/foxy/include/rclcpp/node_impl.hpp:71:1: note: candidate: ‘template<class MessageT, class AllocatorT, class PublisherT> std::shared_ptr<PublisherT> rclcpp::Node::create_publisher(const std::string&, const rclcpp::QoS&, const rclcpp::PublisherOptionsWithAllocator<AllocatorT>&)’
   71 | Node::create_publisher(
      | ^~~~
/opt/ros/foxy/include/rclcpp/node_impl.hpp:71:1: note:   template argument deduction/substitution failed:
/home/yanji/robot_screwing/src/screw_robot_control/src/right_arm_control.cpp:19:71: error: template argument 1 is invalid
   19 |     status_pub_ = this->create_publisher<robot_msgs::msg::RobotStatus>("rob_status", 5);
      |                   ~~~~~~~~~~~~~~~~~~~~~~~~~~~~~~~~~~~~~~~~~~~~~~~~~~~~^~~~~~~~~~~~~~~~~
/home/yanji/robot_screwing/src/screw_robot_control/src/right_arm_control.cpp:20:5: error: ‘ref_pub_’ was not declared in this scope
   20 |     ref_pub_ = this->create_publisher<robot_msgs::msg::RefStatus>("ref_status", 5);
      |     ^~~~~~~~
/home/yanji/robot_screwing/src/screw_robot_control/src/right_arm_control.cpp:20:56: error: ‘RefStatus’ is not a member of ‘robot_msgs::msg’
   20 |     ref_pub_ = this->create_publisher<robot_msgs::msg::RefStatus>("ref_status", 5);
      |                                                        ^~~~~~~~~
/home/yanji/robot_screwing/src/screw_robot_control/src/right_arm_control.cpp:20:56: error: ‘RefStatus’ is not a member of ‘robot_msgs::msg’
/home/yanji/robot_screwing/src/screw_robot_control/src/right_arm_control.cpp:20:66: error: no matching function for call to ‘right_arm::RobotAdmittanceControl::create_publisher<<expression error> >(const char [11], int)’
   20 |     ref_pub_ = this->create_publisher<robot_msgs::msg::RefStatus>("ref_status", 5);
      |                ~~~~~~~~~~~~~~~~~~~~~~~~~~~~~~~~~~~~~~~~~~~~~~~~~~^~~~~~~~~~~~~~~~~
/opt/ros/foxy/include/rclcpp/node_impl.hpp:71:1: note: candidate: ‘template<class MessageT, class AllocatorT, class PublisherT> std::shared_ptr<PublisherT> rclcpp::Node::create_publisher(const std::string&, const rclcpp::QoS&, const rclcpp::PublisherOptionsWithAllocator<AllocatorT>&)’
   71 | Node::create_publisher(
      | ^~~~
/opt/ros/foxy/include/rclcpp/node_impl.hpp:71:1: note:   template argument deduction/substitution failed:
/home/yanji/robot_screwing/src/screw_robot_control/src/right_arm_control.cpp:20:66: error: template argument 1 is invalid
   20 |     ref_pub_ = this->create_publisher<robot_msgs::msg::RefStatus>("ref_status", 5);
      |                ~~~~~~~~~~~~~~~~~~~~~~~~~~~~~~~~~~~~~~~~~~~~~~~~~~^~~~~~~~~~~~~~~~~
/home/yanji/robot_screwing/src/screw_robot_control/src/right_arm_control.cpp:21:5: error: ‘cmd_pub_’ was not declared in this scope
   21 |     cmd_pub_ = this->create_publisher<robot_msgs::msg::ControlCommand>("cmd_status", 5);
      |     ^~~~~~~~
/home/yanji/robot_screwing/src/screw_robot_control/src/right_arm_control.cpp:21:56: error: ‘ControlCommand’ is not a member of ‘robot_msgs::msg’
   21 |     cmd_pub_ = this->create_publisher<robot_msgs::msg::ControlCommand>("cmd_status", 5);
      |                                                        ^~~~~~~~~~~~~~
/home/yanji/robot_screwing/src/screw_robot_control/src/right_arm_control.cpp:21:56: error: ‘ControlCommand’ is not a member of ‘robot_msgs::msg’
/home/yanji/robot_screwing/src/screw_robot_control/src/right_arm_control.cpp:21:71: error: no matching function for call to ‘right_arm::RobotAdmittanceControl::create_publisher<<expression error> >(const char [11], int)’
   21 |     cmd_pub_ = this->create_publisher<robot_msgs::msg::ControlCommand>("cmd_status", 5);
      |                ~~~~~~~~~~~~~~~~~~~~~~~~~~~~~~~~~~~~~~~~~~~~~~~~~~~~~~~^~~~~~~~~~~~~~~~~
/opt/ros/foxy/include/rclcpp/node_impl.hpp:71:1: note: candidate: ‘template<class MessageT, class AllocatorT, class PublisherT> std::shared_ptr<PublisherT> rclcpp::Node::create_publisher(const std::string&, const rclcpp::QoS&, const rclcpp::PublisherOptionsWithAllocator<AllocatorT>&)’
   71 | Node::create_publisher(
      | ^~~~
/opt/ros/foxy/include/rclcpp/node_impl.hpp:71:1: note:   template argument deduction/substitution failed:
/home/yanji/robot_screwing/src/screw_robot_control/src/right_arm_control.cpp:21:71: error: template argument 1 is invalid
   21 |     cmd_pub_ = this->create_publisher<robot_msgs::msg::ControlCommand>("cmd_status", 5);
      |                ~~~~~~~~~~~~~~~~~~~~~~~~~~~~~~~~~~~~~~~~~~~~~~~~~~~~~~~^~~~~~~~~~~~~~~~~
/home/yanji/robot_screwing/src/screw_robot_control/src/right_arm_control.cpp:23:5: error: ‘command_subs_’ was not declared in this scope
   23 |     command_subs_ = this->create_subscription<robot_msgs::msg::ControlCommand>(
      |     ^~~~~~~~~~~~~
/home/yanji/robot_screwing/src/screw_robot_control/src/right_arm_control.cpp:23:64: error: ‘ControlCommand’ is not a member of ‘robot_msgs::msg’
   23 |     command_subs_ = this->create_subscription<robot_msgs::msg::ControlCommand>(
      |                                                                ^~~~~~~~~~~~~~
/home/yanji/robot_screwing/src/screw_robot_control/src/right_arm_control.cpp:23:64: error: ‘ControlCommand’ is not a member of ‘robot_msgs::msg’
/home/yanji/robot_screwing/src/screw_robot_control/src/right_arm_control.cpp:23:79: error: no matching function for call to ‘right_arm::RobotAdmittanceControl::create_subscription<<expression error> >(const char [12], int, std::_Bind_helper<false, void (right_arm::RobotAdmittanceControl::*)(...), right_arm::RobotAdmittanceControl*, const std::_Placeholder<1>&>::type)’
   23 |     command_subs_ = this->create_subscription<robot_msgs::msg::ControlCommand>(
      |                     ~~~~~~~~~~~~~~~~~~~~~~~~~~~~~~~~~~~~~~~~~~~~~~~~~~~~~~~~~~^
   24 |       "rob_command", 1, std::bind(&RobotAdmittanceControl::command_callback, this, std::placeholders::_1));
      |       ~~~~~~~~~~~~~~~~~~~~~~~~~~~~~~~~~~~~~~~~~~~~~~~~~~~~~~~~~~~~~~~~~~~~~~~~~~~~~~~~~~~~~~~~~~~~~~~~~~~~
/opt/ros/foxy/include/rclcpp/node.hpp:213:3: note: candidate: ‘template<class MessageT, class CallbackT, class AllocatorT, class CallbackMessageT, class SubscriptionT, class MessageMemoryStrategyT> std::shared_ptr<SubscriptionT> rclcpp::Node::create_subscription(const std::string&, const rclcpp::QoS&, CallbackT&&, const rclcpp::SubscriptionOptionsWithAllocator<AllocatorT>&, typename MessageMemoryStrategyT::SharedPtr)’
  213 |   create_subscription(
      |   ^~~~~~~~~~~~~~~~~~~
/opt/ros/foxy/include/rclcpp/node.hpp:213:3: note:   template argument deduction/substitution failed:
/home/yanji/robot_screwing/src/screw_robot_control/src/right_arm_control.cpp:23:79: error: template argument 1 is invalid
   23 |     command_subs_ = this->create_subscription<robot_msgs::msg::ControlCommand>(
      |                     ~~~~~~~~~~~~~~~~~~~~~~~~~~~~~~~~~~~~~~~~~~~~~~~~~~~~~~~~~~^
   24 |       "rob_command", 1, std::bind(&RobotAdmittanceControl::command_callback, this, std::placeholders::_1));
      |       ~~~~~~~~~~~~~~~~~~~~~~~~~~~~~~~~~~~~~~~~~~~~~~~~~~~~~~~~~~~~~~~~~~~~~~~~~~~~~~~~~~~~~~~~~~~~~~~~~~~~
/home/yanji/robot_screwing/src/screw_robot_control/src/right_arm_control.cpp:26:5: error: ‘srv_’ was not declared in this scope
   26 |     srv_ = this->create_service<robot_msgs::srv::StartPose>(
      |     ^~~~
/home/yanji/robot_screwing/src/screw_robot_control/src/right_arm_control.cpp:26:45: error: ‘srv’ is not a member of ‘robot_msgs’
   26 |     srv_ = this->create_service<robot_msgs::srv::StartPose>(
      |                                             ^~~
/home/yanji/robot_screwing/src/screw_robot_control/src/right_arm_control.cpp:26:45: note: suggested alternatives:
/opt/ros/foxy/include/rcl_interfaces/srv/detail/describe_parameters__struct.hpp:26:11: note:   ‘rcl_interfaces::srv’
   26 | namespace srv
      |           ^~~
/opt/ros/foxy/include/action_msgs/srv/detail/cancel_goal__struct.hpp:30:11: note:   ‘action_msgs::srv’
   30 | namespace srv
      |           ^~~
/home/yanji/robot_screwing/src/screw_robot_control/src/right_arm_control.cpp:26:45: error: ‘srv’ is not a member of ‘robot_msgs’
   26 |     srv_ = this->create_service<robot_msgs::srv::StartPose>(
      |                                             ^~~
/home/yanji/robot_screwing/src/screw_robot_control/src/right_arm_control.cpp:26:45: note: suggested alternatives:
/opt/ros/foxy/include/rcl_interfaces/srv/detail/describe_parameters__struct.hpp:26:11: note:   ‘rcl_interfaces::srv’
   26 | namespace srv
      |           ^~~
/opt/ros/foxy/include/action_msgs/srv/detail/cancel_goal__struct.hpp:30:11: note:   ‘action_msgs::srv’
   30 | namespace srv
      |           ^~~
/home/yanji/robot_screwing/src/screw_robot_control/src/right_arm_control.cpp:26:18: error: parse error in template argument list
   26 |     srv_ = this->create_service<robot_msgs::srv::StartPose>(
      |                  ^~~~~~~~~~~~~~~~~~~~~~~~~~~~~~~~~~~~~~~~~~
In file included from /opt/ros/foxy/include/rclcpp/context.hpp:19,
                 from /opt/ros/foxy/include/rclcpp/contexts/default_context.hpp:18,
                 from /opt/ros/foxy/include/rclcpp/executor.hpp:32,
                 from /opt/ros/foxy/include/rclcpp/executors/multi_threaded_executor.hpp:26,
                 from /opt/ros/foxy/include/rclcpp/executors.hpp:21:
/usr/include/c++/13/functional: In instantiation of ‘struct std::_Bind_check_arity<void (right_arm::RobotAdmittanceControl::*)(int), right_arm::RobotAdmittanceControl*, const std::_Placeholder<1>&, const std::_Placeholder<2>&>’:
/usr/include/c++/13/functional:859:12:   required from ‘struct std::_Bind_helper<false, void (right_arm::RobotAdmittanceControl::*)(int), right_arm::RobotAdmittanceControl*, const std::_Placeholder<1>&, const std::_Placeholder<2>&>’
/usr/include/c++/13/functional:881:5:   required by substitution of ‘template<class _Func, class ... _BoundArgs> typename std::_Bind_helper<std::__is_socketlike<_Func>::value, _Func, _BoundArgs ...>::type std::bind(_Func&&, _BoundArgs&& ...) [with _Func = void (right_arm::RobotAdmittanceControl::*)(int); _BoundArgs = {right_arm::RobotAdmittanceControl*, const std::_Placeholder<1>&, const std::_Placeholder<2>&}]’
/home/yanji/robot_screwing/src/screw_robot_control/src/right_arm_control.cpp:27:27:   required from here
/usr/include/c++/13/functional:847:21: error: static assertion failed: Wrong number of arguments for pointer-to-member
  846 |       static_assert(_Varargs::value
      |                               ~~~~~
  847 |                     ? sizeof...(_BoundArgs) >= _Arity::value + 1
      |                     ^~~~~~~~~~~~~~~~~~~~~~~~~~~~~~~~~~~~~~~~~~~~
  848 |                     : sizeof...(_BoundArgs) == _Arity::value + 1,
      |                     ~~~~~~~~~~~~~~~~~~~~~~~~~~~~~~~~~~~~~~~~~~~~
/usr/include/c++/13/functional:847:21: note: ‘(false ? (3 >= (((long unsigned int)std::integral_constant<long unsigned int, 1>::value) + 1)) : (3 == (((long unsigned int)std::integral_constant<long unsigned int, 1>::value) + 1)))’ evaluates to false
/home/yanji/robot_screwing/src/screw_robot_control/src/right_arm_control.cpp:26:60: error: no matching function for call to ‘right_arm::RobotAdmittanceControl::create_service<<expression error> >(const char [10], std::_Bind_helper<false, void (right_arm::RobotAdmittanceControl::*)(int), right_arm::RobotAdmittanceControl*, const std::_Placeholder<1>&, const std::_Placeholder<2>&>::type)’
   26 |     srv_ = this->create_service<robot_msgs::srv::StartPose>(
      |            ~~~~~~~~~~~~~~~~~~~~~~~~~~~~~~~~~~~~~~~~~~~~~~~~^
   27 |     "get_param", std::bind(&RobotAdmittanceControl::ready_callback, this, std::placeholders::_1, std::placeholders::_2));
      |     ~~~~~~~~~~~~~~~~~~~~~~~~~~~~~~~~~~~~~~~~~~~~~~~~~~~~~~~~~~~~~~~~~~~~~~~~~~~~~~~~~~~~~~~~~~~~~~~~~~~~~~~~~~~~~~~~~~~~
/opt/ros/foxy/include/rclcpp/node.hpp:261:3: note: candidate: ‘template<class ServiceT, class CallbackT> typename rclcpp::Service<ServiceT>::SharedPtr rclcpp::Node::create_service(const std::string&, CallbackT&&, const rmw_qos_profile_t&, rclcpp::CallbackGroup::SharedPtr)’
  261 |   create_service(
      |   ^~~~~~~~~~~~~~
/opt/ros/foxy/include/rclcpp/node.hpp:261:3: note:   template argument deduction/substitution failed:
/home/yanji/robot_screwing/src/screw_robot_control/src/right_arm_control.cpp:26:60: error: template argument 1 is invalid
   26 |     srv_ = this->create_service<robot_msgs::srv::StartPose>(
      |            ~~~~~~~~~~~~~~~~~~~~~~~~~~~~~~~~~~~~~~~~~~~~~~~~^
   27 |     "get_param", std::bind(&RobotAdmittanceControl::ready_callback, this, std::placeholders::_1, std::placeholders::_2));
      |     ~~~~~~~~~~~~~~~~~~~~~~~~~~~~~~~~~~~~~~~~~~~~~~~~~~~~~~~~~~~~~~~~~~~~~~~~~~~~~~~~~~~~~~~~~~~~~~~~~~~~~~~~~~~~~~~~~~~~
/home/yanji/robot_screwing/src/screw_robot_control/src/right_arm_control.cpp:53:5: error: ‘cout’ was not declared in this scope; did you mean ‘std::cout’?
   53 |     cout << "k" << adm_k[0] <<endl;
      |     ^~~~
      |     std::cout
In file included from /opt/ros/foxy/include/rclcpp/executor.hpp:22:
/usr/include/c++/13/iostream:63:18: note: ‘std::cout’ declared here
   63 |   extern ostream cout;          ///< Linked to standard output
      |                  ^~~~
/home/yanji/robot_screwing/src/screw_robot_control/src/right_arm_control.cpp:53:31: error: ‘endl’ was not declared in this scope; did you mean ‘std::endl’?
   53 |     cout << "k" << adm_k[0] <<endl;
      |                               ^~~~
      |                               std::endl
In file included from /usr/include/c++/13/iostream:41:
/usr/include/c++/13/ostream:735:5: note: ‘std::endl’ declared here
  735 |     endl(basic_ostream<_CharT, _Traits>& __os)
      |     ^~~~
/home/yanji/robot_screwing/src/screw_robot_control/src/right_arm_control.cpp:68:5: error: ‘sleep’ was not declared in this scope
   68 |     sleep(1);
      |     ^~~~~
/home/yanji/robot_screwing/src/screw_robot_control/src/right_arm_control.cpp: At global scope:
/home/yanji/robot_screwing/src/screw_robot_control/src/right_arm_control.cpp:117:70: error: ‘ControlCommand’ in namespace ‘robot_msgs::msg’ does not name a type
  117 | void RobotAdmittanceControl::command_callback(const robot_msgs::msg::ControlCommand::SharedPtr msg) {
      |                                                                      ^~~~~~~~~~~~~~
/home/yanji/robot_screwing/src/screw_robot_control/src/right_arm_control.cpp:117:96: error: expected unqualified-id before ‘msg’
  117 | void RobotAdmittanceControl::command_callback(const robot_msgs::msg::ControlCommand::SharedPtr msg) {
      |                                                                                                ^~~
/home/yanji/robot_screwing/src/screw_robot_control/src/right_arm_control.cpp:117:95: error: expected ‘)’ before ‘msg’
  117 | void RobotAdmittanceControl::command_callback(const robot_msgs::msg::ControlCommand::SharedPtr msg) {
      |                                              ~                                                ^~~~
      |                                                                                               )
/home/yanji/robot_screwing/src/screw_robot_control/src/right_arm_control.cpp:117:96: error: expected initializer before ‘msg’
  117 | void RobotAdmittanceControl::command_callback(const robot_msgs::msg::ControlCommand::SharedPtr msg) {
      |                                                                                                ^~~
/home/yanji/robot_screwing/src/screw_robot_control/src/right_arm_control.cpp:125:41: error: ‘srv’ is not a member of ‘robot_msgs’
  125 |       const std::shared_ptr<robot_msgs::srv::StartPose::Request>,
      |                                         ^~~
/home/yanji/robot_screwing/src/screw_robot_control/src/right_arm_control.cpp:125:41: note: suggested alternatives:
/opt/ros/foxy/include/rcl_interfaces/srv/detail/describe_parameters__struct.hpp:26:11: note:   ‘rcl_interfaces::srv’
   26 | namespace srv
      |           ^~~
/opt/ros/foxy/include/action_msgs/srv/detail/cancel_goal__struct.hpp:30:11: note:   ‘action_msgs::srv’
   30 | namespace srv
      |           ^~~
/home/yanji/robot_screwing/src/screw_robot_control/src/right_arm_control.cpp:125:41: error: ‘srv’ is not a member of ‘robot_msgs’
  125 |       const std::shared_ptr<robot_msgs::srv::StartPose::Request>,
      |                                         ^~~
/home/yanji/robot_screwing/src/screw_robot_control/src/right_arm_control.cpp:125:41: note: suggested alternatives:
/opt/ros/foxy/include/rcl_interfaces/srv/detail/describe_parameters__struct.hpp:26:11: note:   ‘rcl_interfaces::srv’
   26 | namespace srv
      |           ^~~
/opt/ros/foxy/include/action_msgs/srv/detail/cancel_goal__struct.hpp:30:11: note:   ‘action_msgs::srv’
   30 | namespace srv
      |           ^~~
/home/yanji/robot_screwing/src/screw_robot_control/src/right_arm_control.cpp:125:64: error: template argument 1 is invalid
  125 |       const std::shared_ptr<robot_msgs::srv::StartPose::Request>,
      |                                                                ^
/home/yanji/robot_screwing/src/screw_robot_control/src/right_arm_control.cpp:125:41: error: ‘srv’ is not a member of ‘robot_msgs’
  125 |       const std::shared_ptr<robot_msgs::srv::StartPose::Request>,
      |                                         ^~~
/home/yanji/robot_screwing/src/screw_robot_control/src/right_arm_control.cpp:125:41: note: suggested alternatives:
/opt/ros/foxy/include/rcl_interfaces/srv/detail/describe_parameters__struct.hpp:26:11: note:   ‘rcl_interfaces::srv’
   26 | namespace srv
      |           ^~~
/opt/ros/foxy/include/action_msgs/srv/detail/cancel_goal__struct.hpp:30:11: note:   ‘action_msgs::srv’
   30 | namespace srv
      |           ^~~
/home/yanji/robot_screwing/src/screw_robot_control/src/right_arm_control.cpp:125:41: error: ‘srv’ is not a member of ‘robot_msgs’
  125 |       const std::shared_ptr<robot_msgs::srv::StartPose::Request>,
      |                                         ^~~
/home/yanji/robot_screwing/src/screw_robot_control/src/right_arm_control.cpp:125:41: note: suggested alternatives:
/opt/ros/foxy/include/rcl_interfaces/srv/detail/describe_parameters__struct.hpp:26:11: note:   ‘rcl_interfaces::srv’
   26 | namespace srv
      |           ^~~
/opt/ros/foxy/include/action_msgs/srv/detail/cancel_goal__struct.hpp:30:11: note:   ‘action_msgs::srv’
   30 | namespace srv
      |           ^~~
/home/yanji/robot_screwing/src/screw_robot_control/src/right_arm_control.cpp:125:64: error: template argument 1 is invalid
  125 |       const std::shared_ptr<robot_msgs::srv::StartPose::Request>,
      |                                                                ^
/home/yanji/robot_screwing/src/screw_robot_control/src/right_arm_control.cpp:125:41: error: ‘srv’ is not a member of ‘robot_msgs’
  125 |       const std::shared_ptr<robot_msgs::srv::StartPose::Request>,
      |                                         ^~~
/home/yanji/robot_screwing/src/screw_robot_control/src/right_arm_control.cpp:125:41: note: suggested alternatives:
/opt/ros/foxy/include/rcl_interfaces/srv/detail/describe_parameters__struct.hpp:26:11: note:   ‘rcl_interfaces::srv’
   26 | namespace srv
      |           ^~~
/opt/ros/foxy/include/action_msgs/srv/detail/cancel_goal__struct.hpp:30:11: note:   ‘action_msgs::srv’
   30 | namespace srv
      |           ^~~
/home/yanji/robot_screwing/src/screw_robot_control/src/right_arm_control.cpp:125:41: error: ‘srv’ is not a member of ‘robot_msgs’
  125 |       const std::shared_ptr<robot_msgs::srv::StartPose::Request>,
      |                                         ^~~
/home/yanji/robot_screwing/src/screw_robot_control/src/right_arm_control.cpp:125:41: note: suggested alternatives:
/opt/ros/foxy/include/rcl_interfaces/srv/detail/describe_parameters__struct.hpp:26:11: note:   ‘rcl_interfaces::srv’
   26 | namespace srv
      |           ^~~
/opt/ros/foxy/include/action_msgs/srv/detail/cancel_goal__struct.hpp:30:11: note:   ‘action_msgs::srv’
   30 | namespace srv
      |           ^~~
/home/yanji/robot_screwing/src/screw_robot_control/src/right_arm_control.cpp:125:64: error: template argument 1 is invalid
  125 |       const std::shared_ptr<robot_msgs::srv::StartPose::Request>,
      |                                                                ^
/home/yanji/robot_screwing/src/screw_robot_control/src/right_arm_control.cpp:125:41: error: ‘srv’ is not a member of ‘robot_msgs’
  125 |       const std::shared_ptr<robot_msgs::srv::StartPose::Request>,
      |                                         ^~~
/home/yanji/robot_screwing/src/screw_robot_control/src/right_arm_control.cpp:125:41: note: suggested alternatives:
/opt/ros/foxy/include/rcl_interfaces/srv/detail/describe_parameters__struct.hpp:26:11: note:   ‘rcl_interfaces::srv’
   26 | namespace srv
      |           ^~~
/opt/ros/foxy/include/action_msgs/srv/detail/cancel_goal__struct.hpp:30:11: note:   ‘action_msgs::srv’
   30 | namespace srv
      |           ^~~
/home/yanji/robot_screwing/src/screw_robot_control/src/right_arm_control.cpp:125:41: error: ‘srv’ is not a member of ‘robot_msgs’
  125 |       const std::shared_ptr<robot_msgs::srv::StartPose::Request>,
      |                                         ^~~
/home/yanji/robot_screwing/src/screw_robot_control/src/right_arm_control.cpp:125:41: note: suggested alternatives:
/opt/ros/foxy/include/rcl_interfaces/srv/detail/describe_parameters__struct.hpp:26:11: note:   ‘rcl_interfaces::srv’
   26 | namespace srv
      |           ^~~
/opt/ros/foxy/include/action_msgs/srv/detail/cancel_goal__struct.hpp:30:11: note:   ‘action_msgs::srv’
   30 | namespace srv
      |           ^~~
/home/yanji/robot_screwing/src/screw_robot_control/src/right_arm_control.cpp:125:64: error: template argument 1 is invalid
  125 |       const std::shared_ptr<robot_msgs::srv::StartPose::Request>,
      |                                                                ^
/home/yanji/robot_screwing/src/screw_robot_control/src/right_arm_control.cpp:125:41: error: ‘srv’ is not a member of ‘robot_msgs’
  125 |       const std::shared_ptr<robot_msgs::srv::StartPose::Request>,
      |                                         ^~~
/home/yanji/robot_screwing/src/screw_robot_control/src/right_arm_control.cpp:125:41: note: suggested alternatives:
/opt/ros/foxy/include/rcl_interfaces/srv/detail/describe_parameters__struct.hpp:26:11: note:   ‘rcl_interfaces::srv’
   26 | namespace srv
      |           ^~~
/opt/ros/foxy/include/action_msgs/srv/detail/cancel_goal__struct.hpp:30:11: note:   ‘action_msgs::srv’
   30 | namespace srv
      |           ^~~
/home/yanji/robot_screwing/src/screw_robot_control/src/right_arm_control.cpp:125:41: error: ‘srv’ is not a member of ‘robot_msgs’
  125 |       const std::shared_ptr<robot_msgs::srv::StartPose::Request>,
      |                                         ^~~
/home/yanji/robot_screwing/src/screw_robot_control/src/right_arm_control.cpp:125:41: note: suggested alternatives:
/opt/ros/foxy/include/rcl_interfaces/srv/detail/describe_parameters__struct.hpp:26:11: note:   ‘rcl_interfaces::srv’
   26 | namespace srv
      |           ^~~
/opt/ros/foxy/include/action_msgs/srv/detail/cancel_goal__struct.hpp:30:11: note:   ‘action_msgs::srv’
   30 | namespace srv
      |           ^~~
/home/yanji/robot_screwing/src/screw_robot_control/src/right_arm_control.cpp:125:64: error: template argument 1 is invalid
  125 |       const std::shared_ptr<robot_msgs::srv::StartPose::Request>,
      |                                                                ^
/home/yanji/robot_screwing/src/screw_robot_control/src/right_arm_control.cpp:125:13: error: invalid use of template-name ‘std::shared_ptr’ without an argument list
  125 |       const std::shared_ptr<robot_msgs::srv::StartPose::Request>,
      |             ^~~
/home/yanji/robot_screwing/src/screw_robot_control/src/right_arm_control.cpp:125:13: note: class template argument deduction is only available with ‘-std=c++17’ or ‘-std=gnu++17’
/usr/include/c++/13/bits/shared_ptr_base.h:395:11: note: ‘template<class _Tp> class std::shared_ptr’ declared here
  395 |     class shared_ptr;
      |           ^~~~~~~~~~
/home/yanji/robot_screwing/src/screw_robot_control/src/right_arm_control.cpp:125:28: error: expected ‘,’ or ‘...’ before ‘<’ token
  125 |       const std::shared_ptr<robot_msgs::srv::StartPose::Request>,
      |                            ^
/home/yanji/robot_screwing/src/screw_robot_control/src/right_arm_control.cpp: In member function ‘void right_arm::RobotAdmittanceControl::ready_callback(int)’:
/home/yanji/robot_screwing/src/screw_robot_control/src/right_arm_control.cpp:134:5: error: ‘response’ was not declared in this scope
  134 |     response->success = true;
      |     ^~~~~~~~
/home/yanji/robot_screwing/src/screw_robot_control/src/right_arm_control.cpp: In member function ‘void right_arm::RobotAdmittanceControl::print_eef(char)’:
/home/yanji/robot_screwing/src/screw_robot_control/src/right_arm_control.cpp:268:3: error: ‘cout’ was not declared in this scope; did you mean ‘std::cout’?
  268 |   cout << "eef_offset" << eef_offset << endl;
      |   ^~~~
      |   std::cout
/usr/include/c++/13/iostream:63:18: note: ‘std::cout’ declared here
   63 |   extern ostream cout;          ///< Linked to standard output
      |                  ^~~~
/home/yanji/robot_screwing/src/screw_robot_control/src/right_arm_control.cpp:268:41: error: ‘endl’ was not declared in this scope; did you mean ‘std::endl’?
  268 |   cout << "eef_offset" << eef_offset << endl;
      |                                         ^~~~
      |                                         std::endl
/usr/include/c++/13/ostream:735:5: note: ‘std::endl’ declared here
  735 |     endl(basic_ostream<_CharT, _Traits>& __os)
      |     ^~~~
/home/yanji/robot_screwing/src/screw_robot_control/src/right_arm_control.cpp: In member function ‘void right_arm::RobotAdmittanceControl::tcp_admittance_run()’:
/home/yanji/robot_screwing/src/screw_robot_control/src/right_arm_control.cpp:287:3: error: ‘cout’ was not declared in this scope; did you mean ‘std::cout’?
  287 |   cout << "eef_offset" << eef_offset << endl;
      |   ^~~~
      |   std::cout
/usr/include/c++/13/iostream:63:18: note: ‘std::cout’ declared here
   63 |   extern ostream cout;          ///< Linked to standard output
      |                  ^~~~
/home/yanji/robot_screwing/src/screw_robot_control/src/right_arm_control.cpp:287:41: error: ‘endl’ was not declared in this scope; did you mean ‘std::endl’?
  287 |   cout << "eef_offset" << eef_offset << endl;
      |                                         ^~~~
      |                                         std::endl
/usr/include/c++/13/ostream:735:5: note: ‘std::endl’ declared here
  735 |     endl(basic_ostream<_CharT, _Traits>& __os)
      |     ^~~~
/home/yanji/robot_screwing/src/screw_robot_control/src/right_arm_control.cpp:296:29: error: ‘ros’ has not been declared
  296 |   while ((item < 7000) &&  (ros::ok()))
      |                             ^~~
/home/yanji/robot_screwing/src/screw_robot_control/src/right_arm_control.cpp: In member function ‘void right_arm::RobotAdmittanceControl::linear_search(char)’:
/home/yanji/robot_screwing/src/screw_robot_control/src/right_arm_control.cpp:385:3: error: ‘cout’ was not declared in this scope; did you mean ‘std::cout’?
  385 |   cout << "eef_offset" << eef_offset << endl;
      |   ^~~~
      |   std::cout
/usr/include/c++/13/iostream:63:18: note: ‘std::cout’ declared here
   63 |   extern ostream cout;          ///< Linked to standard output
      |                  ^~~~
/home/yanji/robot_screwing/src/screw_robot_control/src/right_arm_control.cpp:385:41: error: ‘endl’ was not declared in this scope; did you mean ‘std::endl’?
  385 |   cout << "eef_offset" << eef_offset << endl;
      |                                         ^~~~
      |                                         std::endl
/usr/include/c++/13/ostream:735:5: note: ‘std::endl’ declared here
  735 |     endl(basic_ostream<_CharT, _Traits>& __os)
      |     ^~~~
/home/yanji/robot_screwing/src/screw_robot_control/src/right_arm_control.cpp:398:28: error: ‘ros’ has not been declared
  398 |   while ((item < 7000) && (ros::ok()))
      |                            ^~~
/home/yanji/robot_screwing/src/screw_robot_control/src/right_arm_control.cpp:417:7: error: ‘pose_p’ was not declared in this scope
  417 |       pose_p.X = eef_pos[0];
      |       ^~~~~~
/home/yanji/robot_screwing/src/screw_robot_control/src/right_arm_control.cpp:427:7: error: ‘pos_pub_6’ was not declared in this scope
  427 |       pos_pub_6.publish(pose_p);
      |       ^~~~~~~~~
/home/yanji/robot_screwing/src/screw_robot_control/src/right_arm_control.cpp: In member function ‘void right_arm::RobotAdmittanceControl::passive_fine()’:
/home/yanji/robot_screwing/src/screw_robot_control/src/right_arm_control.cpp:478:3: error: ‘screw_execute_status’ was not declared in this scope; did you mean ‘screw_execute_status_’?
  478 |   screw_execute_status = 2; //初始化，肯定是未运行的；
      |   ^~~~~~~~~~~~~~~~~~~~
      |   screw_execute_status_
/home/yanji/robot_screwing/src/screw_robot_control/src/right_arm_control.cpp:481:3: error: ‘screw_execute_result’ was not declared in this scope; did you mean ‘screw_execute_result_’?
  481 |   screw_execute_result = 9; //不需要对其进行初始化，一开始他没有结果
      |   ^~~~~~~~~~~~~~~~~~~~
      |   screw_execute_result_
/home/yanji/robot_screwing/src/screw_robot_control/src/right_arm_control.cpp:482:3: error: ‘real_robot_control’ has not been declared
  482 |   real_robot_control::screwGoal goal;
      |   ^~~~~~~~~~~~~~~~~~
/home/yanji/robot_screwing/src/screw_robot_control/src/right_arm_control.cpp:487:10: error: ‘ros’ has not been declared
  487 |   while (ros::ok()){
      |          ^~~
/home/yanji/robot_screwing/src/screw_robot_control/src/right_arm_control.cpp:491:11: error: ‘cout’ was not declared in this scope; did you mean ‘std::cout’?
  491 |           cout << "装配完成，退出" << endl;
      |           ^~~~
      |           std::cout
/usr/include/c++/13/iostream:63:18: note: ‘std::cout’ declared here
   63 |   extern ostream cout;          ///< Linked to standard output
      |                  ^~~~
/home/yanji/robot_screwing/src/screw_robot_control/src/right_arm_control.cpp:491:39: error: ‘endl’ was not declared in this scope; did you mean ‘std::endl’?
  491 |           cout << "装配完成，退出" << endl;
      |                                       ^~~~
      |                                       std::endl
/usr/include/c++/13/ostream:735:5: note: ‘std::endl’ declared here
  735 |     endl(basic_ostream<_CharT, _Traits>& __os)
      |     ^~~~
/home/yanji/robot_screwing/src/screw_robot_control/src/right_arm_control.cpp:497:11: error: ‘cout’ was not declared in this scope; did you mean ‘std::cout’?
  497 |           cout << "delta_height[2] = " << delta_height[2] << endl;
      |           ^~~~
      |           std::cout
/usr/include/c++/13/iostream:63:18: note: ‘std::cout’ declared here
   63 |   extern ostream cout;          ///< Linked to standard output
      |                  ^~~~
/home/yanji/robot_screwing/src/screw_robot_control/src/right_arm_control.cpp:497:62: error: ‘endl’ was not declared in this scope; did you mean ‘std::endl’?
  497 |           cout << "delta_height[2] = " << delta_height[2] << endl;
      |                                                              ^~~~
      |                                                              std::endl
/usr/include/c++/13/ostream:735:5: note: ‘std::endl’ declared here
  735 |     endl(basic_ostream<_CharT, _Traits>& __os)
      |     ^~~~
/home/yanji/robot_screwing/src/screw_robot_control/src/right_arm_control.cpp:508:11: error: ‘cout’ was not declared in this scope; did you mean ‘std::cout’?
  508 |           cout << "delta_height[2] = " << delta_height[2] << endl;
      |           ^~~~
      |           std::cout
/usr/include/c++/13/iostream:63:18: note: ‘std::cout’ declared here
   63 |   extern ostream cout;          ///< Linked to standard output
      |                  ^~~~
/home/yanji/robot_screwing/src/screw_robot_control/src/right_arm_control.cpp:508:62: error: ‘endl’ was not declared in this scope; did you mean ‘std::endl’?
  508 |           cout << "delta_height[2] = " << delta_height[2] << endl;
      |                                                              ^~~~
      |                                                              std::endl
/usr/include/c++/13/ostream:735:5: note: ‘std::endl’ declared here
  735 |     endl(basic_ostream<_CharT, _Traits>& __os)
      |     ^~~~
/home/yanji/robot_screwing/src/screw_robot_control/src/right_arm_control.cpp:514:11: error: ‘cout’ was not declared in this scope; did you mean ‘std::cout’?
  514 |           cout << "flag = 2, 卡住了，回退，进入下一个搜索" << endl;
      |           ^~~~
      |           std::cout
/usr/include/c++/13/iostream:63:18: note: ‘std::cout’ declared here
   63 |   extern ostream cout;          ///< Linked to standard output
      |                  ^~~~
/home/yanji/robot_screwing/src/screw_robot_control/src/right_arm_control.cpp:514:63: error: ‘endl’ was not declared in this scope; did you mean ‘std::endl’?
  514 |           cout << "flag = 2, 卡住了，回退，进入下一个搜索" << endl;
      |                                                               ^~~~
      |                                                               std::endl
/usr/include/c++/13/ostream:735:5: note: ‘std::endl’ declared here
  735 |     endl(basic_ostream<_CharT, _Traits>& __os)
      |     ^~~~
/home/yanji/robot_screwing/src/screw_robot_control/src/right_arm_control.cpp:522:7: error: ‘cout’ was not declared in this scope; did you mean ‘std::cout’?
  522 |       cout << "开始运行" << endl;
      |       ^~~~
      |       std::cout
/usr/include/c++/13/iostream:63:18: note: ‘std::cout’ declared here
   63 |   extern ostream cout;          ///< Linked to standard output
      |                  ^~~~
/home/yanji/robot_screwing/src/screw_robot_control/src/right_arm_control.cpp:522:29: error: ‘endl’ was not declared in this scope; did you mean ‘std::endl’?
  522 |       cout << "开始运行" << endl;
      |                             ^~~~
      |                             std::endl
/usr/include/c++/13/ostream:735:5: note: ‘std::endl’ declared here
  735 |     endl(basic_ostream<_CharT, _Traits>& __os)
      |     ^~~~
/home/yanji/robot_screwing/src/screw_robot_control/src/right_arm_control.cpp:526:32: error: ‘ros’ has not been declared
  526 |       while ((item < 5000)&&  (ros::ok()))
      |                                ^~~
/home/yanji/robot_screwing/src/screw_robot_control/src/right_arm_control.cpp:530:57: error: ‘flush’ was not declared in this scope; did you mean ‘std::flush’?
  530 |             cout << "\r" <<" start to send message " << flush;
      |                                                         ^~~~~
      |                                                         std::flush
/usr/include/c++/13/ostream:757:5: note: ‘std::flush’ declared here
  757 |     flush(basic_ostream<_CharT, _Traits>& __os)
      |     ^~~~~
/home/yanji/robot_screwing/src/screw_robot_control/src/right_arm_control.cpp:534:13: error: ‘goal_msg’ was not declared in this scope
  534 |             goal_msg.num = flag; // 0 直接运行后续装配过程 1 运行第一阶段，接着搜索 2 出现错误，回退
      |             ^~~~~~~~
/home/yanji/robot_screwing/src/screw_robot_control/src/right_arm_control.cpp:539:115: error: no match for ‘operator=’ (operand types are ‘rclcpp_action::Client<robot_msgs::action::Screw>::FeedbackCallback’ {aka ‘std::function<void(std::shared_ptr<rclcpp_action::ClientGoalHandle<robot_msgs::action::Screw> >, std::shared_ptr<const robot_msgs::action::Screw_Feedback_<std::allocator<void> > >)>’} and ‘std::_Bind_helper<false, void (right_arm::RobotAdmittanceControl::*)(const std::shared_ptr<rclcpp_action::ClientGoalHandle<robot_msgs::action::Screw> >&, const std::shared_ptr<robot_msgs::action::Screw_Feedback_<std::allocator<void> > >&), right_arm::RobotAdmittanceControl*, const std::_Placeholder<1>&, const std::_Placeholder<2>&>::type’)
  539 |                 std::bind(&RobotAdmittanceControl::feedback_cb, this, std::placeholders::_1, std::placeholders::_2);
      |                                                                                                                   ^
In file included from /usr/include/c++/13/future:50,
                 from /opt/ros/foxy/include/rclcpp/executors.hpp:18:
/usr/include/c++/13/bits/std_function.h:531:9: note: candidate: ‘template<class _Functor> std::function<_Res(_ArgTypes ...)>::_Requires<std::function<_Res(_ArgTypes ...)>::_Callable<_Functor>, std::function<_Res(_ArgTypes ...)>&> std::function<_Res(_ArgTypes ...)>::operator=(_Functor&&) [with _Res = void; _ArgTypes = {std::shared_ptr<rclcpp_action::ClientGoalHandle<robot_msgs::action::Screw> >, std::shared_ptr<const robot_msgs::action::Screw_Feedback_<std::allocator<void> > >}]’
  531 |         operator=(_Functor&& __f)
      |         ^~~~~~~~
/usr/include/c++/13/bits/std_function.h:531:9: note:   template argument deduction/substitution failed:
In file included from /usr/include/c++/13/bits/move.h:37,
                 from /usr/include/c++/13/bits/new_allocator.h:36,
                 from /usr/include/x86_64-linux-gnu/c++/13/bits/c++allocator.h:33,
                 from /usr/include/c++/13/bits/allocator.h:46,
                 from /usr/include/c++/13/memory:65:
/usr/include/c++/13/type_traits: In substitution of ‘template<bool _Cond, class _Tp> using std::__enable_if_t = typename std::enable_if::type [with bool _Cond = false; _Tp = std::function<void(std::shared_ptr<rclcpp_action::ClientGoalHandle<robot_msgs::action::Screw> >, std::shared_ptr<const robot_msgs::action::Screw_Feedback_<std::allocator<void> > >)>&]’:
/usr/include/c++/13/bits/std_function.h:353:8:   required by substitution of ‘template<class _Res, class ... _ArgTypes> template<class _Cond, class _Tp> using std::function<_Res(_ArgTypes ...)>::_Requires = std::__enable_if_t<_Cond::value, _Tp> [with _Cond = std::function<void(std::shared_ptr<rclcpp_action::ClientGoalHandle<robot_msgs::action::Screw> >, std::shared_ptr<const robot_msgs::action::Screw_Feedback_<std::allocator<void> > >)>::_Callable<std::_Bind<void (right_arm::RobotAdmittanceControl::*(right_arm::RobotAdmittanceControl*, std::_Placeholder<1>, std::_Placeholder<2>))(const std::shared_ptr<rclcpp_action::ClientGoalHandle<robot_msgs::action::Screw> >&, const std::shared_ptr<robot_msgs::action::Screw_Feedback_<std::allocator<void> > >&)>, std::_Bind<void (right_arm::RobotAdmittanceControl::*(right_arm::RobotAdmittanceControl*, std::_Placeholder<1>, std::_Placeholder<2>))(const std::shared_ptr<rclcpp_action::ClientGoalHandle<robot_msgs::action::Screw> >&, const std::shared_ptr<robot_msgs::action::Screw_Feedback_<std::allocator<void> > >&)>, std::__invoke_result<std::_Bind<void (right_arm::RobotAdmittanceControl::*(right_arm::RobotAdmittanceControl*, std::_Placeholder<1>, std::_Placeholder<2>))(const std::shared_ptr<rclcpp_action::ClientGoalHandle<robot_msgs::action::Screw> >&, const std::shared_ptr<robot_msgs::action::Screw_Feedback_<std::allocator<void> > >&)>&, std::shared_ptr<rclcpp_action::ClientGoalHandle<robot_msgs::action::Screw> >, std::shared_ptr<const robot_msgs::action::Screw_Feedback_<std::allocator<void> > > > >; _Tp = std::function<void(std::shared_ptr<rclcpp_action::ClientGoalHandle<robot_msgs::action::Screw> >, std::shared_ptr<const robot_msgs::action::Screw_Feedback_<std::allocator<void> > >)>&; _Res = void; _ArgTypes = {std::shared_ptr<rclcpp_action::ClientGoalHandle<robot_msgs::action::Screw> >, std::shared_ptr<const robot_msgs::action::Screw_Feedback_<std::allocator<void> > >}]’
/usr/include/c++/13/bits/std_function.h:531:2:   required by substitution of ‘template<class _Functor> std::function<void(std::shared_ptr<rclcpp_action::ClientGoalHandle<robot_msgs::action::Screw> >, std::shared_ptr<const robot_msgs::action::Screw_Feedback_<std::allocator<void> > >)>::_Requires<std::function<void(std::shared_ptr<rclcpp_action::ClientGoalHandle<robot_msgs::action::Screw> >, std::shared_ptr<const robot_msgs::action::Screw_Feedback_<std::allocator<void> > >)>::_Callable<_Functor, typename std::enable_if<(! std::is_same<typename std::remove_cv<typename std::remove_reference<_Tp>::type>::type, std::function<void(std::shared_ptr<rclcpp_action::ClientGoalHandle<robot_msgs::action::Screw> >, std::shared_ptr<const robot_msgs::action::Screw_Feedback_<std::allocator<void> > >)> >::value), std::decay<_Ex> >::type::type, std::__invoke_result<typename std::enable_if<(! std::is_same<typename std::remove_cv<typename std::remove_reference<_Tp>::type>::type, std::function<void(std::shared_ptr<rclcpp_action::ClientGoalHandle<robot_msgs::action::Screw> >, std::shared_ptr<const robot_msgs::action::Screw_Feedback_<std::allocator<void> > >)> >::value), std::decay<_Ex> >::type::type&, std::shared_ptr<rclcpp_action::ClientGoalHandle<robot_msgs::action::Screw> >, std::shared_ptr<const robot_msgs::action::Screw_Feedback_<std::allocator<void> > > > >, std::function<void(std::shared_ptr<rclcpp_action::ClientGoalHandle<robot_msgs::action::Screw> >, std::shared_ptr<const robot_msgs::action::Screw_Feedback_<std::allocator<void> > >)>&> std::function<void(std::shared_ptr<rclcpp_action::ClientGoalHandle<robot_msgs::action::Screw> >, std::shared_ptr<const robot_msgs::action::Screw_Feedback_<std::allocator<void> > >)>::operator=(_Functor&&) [with _Functor = std::_Bind<void (right_arm::RobotAdmittanceControl::*(right_arm::RobotAdmittanceControl*, std::_Placeholder<1>, std::_Placeholder<2>))(const std::shared_ptr<rclcpp_action::ClientGoalHandle<robot_msgs::action::Screw> >&, const std::shared_ptr<robot_msgs::action::Screw_Feedback_<std::allocator<void> > >&)>]’
/home/yanji/robot_screwing/src/screw_robot_control/src/right_arm_control.cpp:539:115:   required from here
/usr/include/c++/13/type_traits:116:11: error: no type named ‘type’ in ‘struct std::enable_if<false, std::function<void(std::shared_ptr<rclcpp_action::ClientGoalHandle<robot_msgs::action::Screw> >, std::shared_ptr<const robot_msgs::action::Screw_Feedback_<std::allocator<void> > >)>&>’
  116 |     using __enable_if_t = typename enable_if<_Cond, _Tp>::type;
      |           ^~~~~~~~~~~~~
/usr/include/c++/13/bits/std_function.h:541:9: note: candidate: ‘template<class _Functor> std::function<_Res(_ArgTypes ...)>& std::function<_Res(_ArgTypes ...)>::operator=(std::reference_wrapper<_Functor>) [with _Res = void; _ArgTypes = {std::shared_ptr<rclcpp_action::ClientGoalHandle<robot_msgs::action::Screw> >, std::shared_ptr<const robot_msgs::action::Screw_Feedback_<std::allocator<void> > >}]’
  541 |         operator=(reference_wrapper<_Functor> __f) noexcept
      |         ^~~~~~~~
/usr/include/c++/13/bits/std_function.h:541:9: note:   template argument deduction/substitution failed:
/home/yanji/robot_screwing/src/screw_robot_control/src/right_arm_control.cpp:539:115: note:   ‘std::_Bind<void (right_arm::RobotAdmittanceControl::*(right_arm::RobotAdmittanceControl*, std::_Placeholder<1>, std::_Placeholder<2>))(const std::shared_ptr<rclcpp_action::ClientGoalHandle<robot_msgs::action::Screw> >&, const std::shared_ptr<robot_msgs::action::Screw_Feedback_<std::allocator<void> > >&)>’ is not derived from ‘std::reference_wrapper<_Tp>’
  539 |                 std::bind(&RobotAdmittanceControl::feedback_cb, this, std::placeholders::_1, std::placeholders::_2);
      |                                                                                                                   ^
/usr/include/c++/13/bits/std_function.h:469:7: note: candidate: ‘std::function<_Res(_ArgTypes ...)>& std::function<_Res(_ArgTypes ...)>::operator=(const std::function<_Res(_ArgTypes ...)>&) [with _Res = void; _ArgTypes = {std::shared_ptr<rclcpp_action::ClientGoalHandle<robot_msgs::action::Screw> >, std::shared_ptr<const robot_msgs::action::Screw_Feedback_<std::allocator<void> > >}]’
  469 |       operator=(const function& __x)
      |       ^~~~~~~~
/usr/include/c++/13/bits/std_function.h:469:33: note:   no known conversion for argument 1 from ‘std::_Bind_helper<false, void (right_arm::RobotAdmittanceControl::*)(const std::shared_ptr<rclcpp_action::ClientGoalHandle<robot_msgs::action::Screw> >&, const std::shared_ptr<robot_msgs::action::Screw_Feedback_<std::allocator<void> > >&), right_arm::RobotAdmittanceControl*, const std::_Placeholder<1>&, const std::_Placeholder<2>&>::type’ to ‘const std::function<void(std::shared_ptr<rclcpp_action::ClientGoalHandle<robot_msgs::action::Screw> >, std::shared_ptr<const robot_msgs::action::Screw_Feedback_<std::allocator<void> > >)>&’
  469 |       operator=(const function& __x)
      |                 ~~~~~~~~~~~~~~~~^~~
/usr/include/c++/13/bits/std_function.h:487:7: note: candidate: ‘std::function<_Res(_ArgTypes ...)>& std::function<_Res(_ArgTypes ...)>::operator=(std::function<_Res(_ArgTypes ...)>&&) [with _Res = void; _ArgTypes = {std::shared_ptr<rclcpp_action::ClientGoalHandle<robot_msgs::action::Screw> >, std::shared_ptr<const robot_msgs::action::Screw_Feedback_<std::allocator<void> > >}]’
  487 |       operator=(function&& __x) noexcept
      |       ^~~~~~~~
/usr/include/c++/13/bits/std_function.h:487:28: note:   no known conversion for argument 1 from ‘std::_Bind_helper<false, void (right_arm::RobotAdmittanceControl::*)(const std::shared_ptr<rclcpp_action::ClientGoalHandle<robot_msgs::action::Screw> >&, const std::shared_ptr<robot_msgs::action::Screw_Feedback_<std::allocator<void> > >&), right_arm::RobotAdmittanceControl*, const std::_Placeholder<1>&, const std::_Placeholder<2>&>::type’ to ‘std::function<void(std::shared_ptr<rclcpp_action::ClientGoalHandle<robot_msgs::action::Screw> >, std::shared_ptr<const robot_msgs::action::Screw_Feedback_<std::allocator<void> > >)>&&’
  487 |       operator=(function&& __x) noexcept
      |                 ~~~~~~~~~~~^~~
/usr/include/c++/13/bits/std_function.h:501:7: note: candidate: ‘std::function<_Res(_ArgTypes ...)>& std::function<_Res(_ArgTypes ...)>::operator=(std::nullptr_t) [with _Res = void; _ArgTypes = {std::shared_ptr<rclcpp_action::ClientGoalHandle<robot_msgs::action::Screw> >, std::shared_ptr<const robot_msgs::action::Screw_Feedback_<std::allocator<void> > >}; std::nullptr_t = std::nullptr_t]’
  501 |       operator=(nullptr_t) noexcept
      |       ^~~~~~~~
/usr/include/c++/13/bits/std_function.h:501:17: note:   no known conversion for argument 1 from ‘std::_Bind_helper<false, void (right_arm::RobotAdmittanceControl::*)(const std::shared_ptr<rclcpp_action::ClientGoalHandle<robot_msgs::action::Screw> >&, const std::shared_ptr<robot_msgs::action::Screw_Feedback_<std::allocator<void> > >&), right_arm::RobotAdmittanceControl*, const std::_Placeholder<1>&, const std::_Placeholder<2>&>::type’ to ‘std::nullptr_t’
  501 |       operator=(nullptr_t) noexcept
      |                 ^~~~~~~~~
/home/yanji/robot_screwing/src/screw_robot_control/src/right_arm_control.cpp:541:111: error: no match for ‘operator=’ (operand types are ‘rclcpp_action::Client<robot_msgs::action::Screw>::ResultCallback’ {aka ‘std::function<void(const rclcpp_action::ClientGoalHandle<robot_msgs::action::Screw>::WrappedResult&)>’} and ‘std::_Bind_helper<false, void (right_arm::RobotAdmittanceControl::*)(const std::shared_ptr<rclcpp_action::ClientGoalHandle<robot_msgs::action::Screw> >&, const std::shared_ptr<robot_msgs::action::Screw_Result_<std::allocator<void> > >&), right_arm::RobotAdmittanceControl*, const std::_Placeholder<1>&, const std::_Placeholder<2>&>::type’)
  541 |                 std::bind(&RobotAdmittanceControl::done_cb, this, std::placeholders::_1, std::placeholders::_2);
      |                                                                                                               ^
/usr/include/c++/13/bits/std_function.h:531:9: note: candidate: ‘template<class _Functor> std::function<_Res(_ArgTypes ...)>::_Requires<std::function<_Res(_ArgTypes ...)>::_Callable<_Functor>, std::function<_Res(_ArgTypes ...)>&> std::function<_Res(_ArgTypes ...)>::operator=(_Functor&&) [with _Res = void; _ArgTypes = {const rclcpp_action::ClientGoalHandle<robot_msgs::action::Screw>::WrappedResult&}]’
  531 |         operator=(_Functor&& __f)
      |         ^~~~~~~~
/usr/include/c++/13/bits/std_function.h:531:9: note:   template argument deduction/substitution failed:
/usr/include/c++/13/type_traits: In substitution of ‘template<bool _Cond, class _Tp> using std::__enable_if_t = typename std::enable_if::type [with bool _Cond = false; _Tp = std::function<void(const rclcpp_action::ClientGoalHandle<robot_msgs::action::Screw>::WrappedResult&)>&]’:
/usr/include/c++/13/bits/std_function.h:353:8:   required by substitution of ‘template<class _Res, class ... _ArgTypes> template<class _Cond, class _Tp> using std::function<_Res(_ArgTypes ...)>::_Requires = std::__enable_if_t<_Cond::value, _Tp> [with _Cond = std::function<void(const rclcpp_action::ClientGoalHandle<robot_msgs::action::Screw>::WrappedResult&)>::_Callable<std::_Bind<void (right_arm::RobotAdmittanceControl::*(right_arm::RobotAdmittanceControl*, std::_Placeholder<1>, std::_Placeholder<2>))(const std::shared_ptr<rclcpp_action::ClientGoalHandle<robot_msgs::action::Screw> >&, const std::shared_ptr<robot_msgs::action::Screw_Result_<std::allocator<void> > >&)>, std::_Bind<void (right_arm::RobotAdmittanceControl::*(right_arm::RobotAdmittanceControl*, std::_Placeholder<1>, std::_Placeholder<2>))(const std::shared_ptr<rclcpp_action::ClientGoalHandle<robot_msgs::action::Screw> >&, const std::shared_ptr<robot_msgs::action::Screw_Result_<std::allocator<void> > >&)>, std::__invoke_result<std::_Bind<void (right_arm::RobotAdmittanceControl::*(right_arm::RobotAdmittanceControl*, std::_Placeholder<1>, std::_Placeholder<2>))(const std::shared_ptr<rclcpp_action::ClientGoalHandle<robot_msgs::action::Screw> >&, const std::shared_ptr<robot_msgs::action::Screw_Result_<std::allocator<void> > >&)>&, const rclcpp_action::ClientGoalHandle<robot_msgs::action::Screw>::WrappedResult&> >; _Tp = std::function<void(const rclcpp_action::ClientGoalHandle<robot_msgs::action::Screw>::WrappedResult&)>&; _Res = void; _ArgTypes = {const rclcpp_action::ClientGoalHandle<robot_msgs::action::Screw>::WrappedResult&}]’
/usr/include/c++/13/bits/std_function.h:531:2:   required by substitution of ‘template<class _Functor> std::function<void(const rclcpp_action::ClientGoalHandle<robot_msgs::action::Screw>::WrappedResult&)>::_Requires<std::function<void(const rclcpp_action::ClientGoalHandle<robot_msgs::action::Screw>::WrappedResult&)>::_Callable<_Functor, typename std::enable_if<(! std::is_same<typename std::remove_cv<typename std::remove_reference<_Tp>::type>::type, std::function<void(const rclcpp_action::ClientGoalHandle<robot_msgs::action::Screw>::WrappedResult&)> >::value), std::decay<_Ex> >::type::type, std::__invoke_result<typename std::enable_if<(! std::is_same<typename std::remove_cv<typename std::remove_reference<_Tp>::type>::type, std::function<void(const rclcpp_action::ClientGoalHandle<robot_msgs::action::Screw>::WrappedResult&)> >::value), std::decay<_Ex> >::type::type&, const rclcpp_action::ClientGoalHandle<robot_msgs::action::Screw>::WrappedResult&> >, std::function<void(const rclcpp_action::ClientGoalHandle<robot_msgs::action::Screw>::WrappedResult&)>&> std::function<void(const rclcpp_action::ClientGoalHandle<robot_msgs::action::Screw>::WrappedResult&)>::operator=(_Functor&&) [with _Functor = std::_Bind<void (right_arm::RobotAdmittanceControl::*(right_arm::RobotAdmittanceControl*, std::_Placeholder<1>, std::_Placeholder<2>))(const std::shared_ptr<rclcpp_action::ClientGoalHandle<robot_msgs::action::Screw> >&, const std::shared_ptr<robot_msgs::action::Screw_Result_<std::allocator<void> > >&)>]’
/home/yanji/robot_screwing/src/screw_robot_control/src/right_arm_control.cpp:541:111:   required from here
/usr/include/c++/13/type_traits:116:11: error: no type named ‘type’ in ‘struct std::enable_if<false, std::function<void(const rclcpp_action::ClientGoalHandle<robot_msgs::action::Screw>::WrappedResult&)>&>’
  116 |     using __enable_if_t = typename enable_if<_Cond, _Tp>::type;
      |           ^~~~~~~~~~~~~
/usr/include/c++/13/bits/std_function.h:541:9: note: candidate: ‘template<class _Functor> std::function<_Res(_ArgTypes ...)>& std::function<_Res(_ArgTypes ...)>::operator=(std::reference_wrapper<_Functor>) [with _Res = void; _ArgTypes = {const rclcpp_action::ClientGoalHandle<robot_msgs::action::Screw>::WrappedResult&}]’
  541 |         operator=(reference_wrapper<_Functor> __f) noexcept
      |         ^~~~~~~~
/usr/include/c++/13/bits/std_function.h:541:9: note:   template argument deduction/substitution failed:
/home/yanji/robot_screwing/src/screw_robot_control/src/right_arm_control.cpp:541:111: note:   ‘std::_Bind<void (right_arm::RobotAdmittanceControl::*(right_arm::RobotAdmittanceControl*, std::_Placeholder<1>, std::_Placeholder<2>))(const std::shared_ptr<rclcpp_action::ClientGoalHandle<robot_msgs::action::Screw> >&, const std::shared_ptr<robot_msgs::action::Screw_Result_<std::allocator<void> > >&)>’ is not derived from ‘std::reference_wrapper<_Tp>’
  541 |                 std::bind(&RobotAdmittanceControl::done_cb, this, std::placeholders::_1, std::placeholders::_2);
      |                                                                                                               ^
/usr/include/c++/13/bits/std_function.h:469:7: note: candidate: ‘std::function<_Res(_ArgTypes ...)>& std::function<_Res(_ArgTypes ...)>::operator=(const std::function<_Res(_ArgTypes ...)>&) [with _Res = void; _ArgTypes = {const rclcpp_action::ClientGoalHandle<robot_msgs::action::Screw>::WrappedResult&}]’
  469 |       operator=(const function& __x)
      |       ^~~~~~~~
/usr/include/c++/13/bits/std_function.h:469:33: note:   no known conversion for argument 1 from ‘std::_Bind_helper<false, void (right_arm::RobotAdmittanceControl::*)(const std::shared_ptr<rclcpp_action::ClientGoalHandle<robot_msgs::action::Screw> >&, const std::shared_ptr<robot_msgs::action::Screw_Result_<std::allocator<void> > >&), right_arm::RobotAdmittanceControl*, const std::_Placeholder<1>&, const std::_Placeholder<2>&>::type’ to ‘const std::function<void(const rclcpp_action::ClientGoalHandle<robot_msgs::action::Screw>::WrappedResult&)>&’
  469 |       operator=(const function& __x)
      |                 ~~~~~~~~~~~~~~~~^~~
/usr/include/c++/13/bits/std_function.h:487:7: note: candidate: ‘std::function<_Res(_ArgTypes ...)>& std::function<_Res(_ArgTypes ...)>::operator=(std::function<_Res(_ArgTypes ...)>&&) [with _Res = void; _ArgTypes = {const rclcpp_action::ClientGoalHandle<robot_msgs::action::Screw>::WrappedResult&}]’
  487 |       operator=(function&& __x) noexcept
      |       ^~~~~~~~
/usr/include/c++/13/bits/std_function.h:487:28: note:   no known conversion for argument 1 from ‘std::_Bind_helper<false, void (right_arm::RobotAdmittanceControl::*)(const std::shared_ptr<rclcpp_action::ClientGoalHandle<robot_msgs::action::Screw> >&, const std::shared_ptr<robot_msgs::action::Screw_Result_<std::allocator<void> > >&), right_arm::RobotAdmittanceControl*, const std::_Placeholder<1>&, const std::_Placeholder<2>&>::type’ to ‘std::function<void(const rclcpp_action::ClientGoalHandle<robot_msgs::action::Screw>::WrappedResult&)>&&’
  487 |       operator=(function&& __x) noexcept
      |                 ~~~~~~~~~~~^~~
/usr/include/c++/13/bits/std_function.h:501:7: note: candidate: ‘std::function<_Res(_ArgTypes ...)>& std::function<_Res(_ArgTypes ...)>::operator=(std::nullptr_t) [with _Res = void; _ArgTypes = {const rclcpp_action::ClientGoalHandle<robot_msgs::action::Screw>::WrappedResult&}; std::nullptr_t = std::nullptr_t]’
  501 |       operator=(nullptr_t) noexcept
      |       ^~~~~~~~
/usr/include/c++/13/bits/std_function.h:501:17: note:   no known conversion for argument 1 from ‘std::_Bind_helper<false, void (right_arm::RobotAdmittanceControl::*)(const std::shared_ptr<rclcpp_action::ClientGoalHandle<robot_msgs::action::Screw> >&, const std::shared_ptr<robot_msgs::action::Screw_Result_<std::allocator<void> > >&), right_arm::RobotAdmittanceControl*, const std::_Placeholder<1>&, const std::_Placeholder<2>&>::type’ to ‘std::nullptr_t’
  501 |       operator=(nullptr_t) noexcept
      |                 ^~~~~~~~~
/home/yanji/robot_screwing/src/screw_robot_control/src/right_arm_control.cpp:570:11: error: ‘pose_p’ was not declared in this scope
  570 |           pose_p.X = eef_pos[0];
      |           ^~~~~~
/home/yanji/robot_screwing/src/screw_robot_control/src/right_arm_control.cpp:580:11: error: ‘pos_pub_6’ was not declared in this scope
  580 |           pos_pub_6.publish(pose_p);
      |           ^~~~~~~~~
/home/yanji/robot_screwing/src/screw_robot_control/src/right_arm_control.cpp:607:11: error: ‘ros’ has not been declared
  607 |           ros::spinOnce();
      |           ^~~
/home/yanji/robot_screwing/src/screw_robot_control/src/right_arm_control.cpp: In member function ‘void right_arm::RobotAdmittanceControl::grasp_obj()’:
/home/yanji/robot_screwing/src/screw_robot_control/src/right_arm_control.cpp:613:3: error: ‘real_robot_control’ has not been declared
  613 |   real_robot_control::screwGoal goal;
      |   ^~~~~~~~~~~~~~~~~~
/home/yanji/robot_screwing/src/screw_robot_control/src/right_arm_control.cpp:615:3: error: ‘goal’ was not declared in this scope
  615 |   goal.num = 5;
      |   ^~~~
/home/yanji/robot_screwing/src/screw_robot_control/src/right_arm_control.cpp:616:3: error: ‘client’ was not declared in this scope; did you mean ‘client_’?
  616 |   client.sendGoal(goal,
      |   ^~~~~~
      |   client_
/usr/include/c++/13/functional: In instantiation of ‘struct std::_Bind_check_arity<void (right_arm::RobotAdmittanceControl::*)(const std::shared_ptr<rclcpp_action::ClientGoalHandle<robot_msgs::action::Screw> >&, const std::shared_ptr<robot_msgs::action::Screw_Feedback_<std::allocator<void> > >&), right_arm::RobotAdmittanceControl*, const std::_Placeholder<1>&>’:
/usr/include/c++/13/functional:859:12:   required from ‘struct std::_Bind_helper<false, void (right_arm::RobotAdmittanceControl::*)(const std::shared_ptr<rclcpp_action::ClientGoalHandle<robot_msgs::action::Screw> >&, const std::shared_ptr<robot_msgs::action::Screw_Feedback_<std::allocator<void> > >&), right_arm::RobotAdmittanceControl*, const std::_Placeholder<1>&>’
/usr/include/c++/13/functional:881:5:   required by substitution of ‘template<class _Func, class ... _BoundArgs> typename std::_Bind_helper<std::__is_socketlike<_Func>::value, _Func, _BoundArgs ...>::type std::bind(_Func&&, _BoundArgs&& ...) [with _Func = void (right_arm::RobotAdmittanceControl::*)(const std::shared_ptr<rclcpp_action::ClientGoalHandle<robot_msgs::action::Screw> >&, const std::shared_ptr<robot_msgs::action::Screw_Feedback_<std::allocator<void> > >&); _BoundArgs = {right_arm::RobotAdmittanceControl*, const std::_Placeholder<1>&}]’
/home/yanji/robot_screwing/src/screw_robot_control/src/right_arm_control.cpp:619:28:   required from here
/usr/include/c++/13/functional:847:21: error: static assertion failed: Wrong number of arguments for pointer-to-member
  846 |       static_assert(_Varargs::value
      |                               ~~~~~
  847 |                     ? sizeof...(_BoundArgs) >= _Arity::value + 1
      |                     ^~~~~~~~~~~~~~~~~~~~~~~~~~~~~~~~~~~~~~~~~~~~
  848 |                     : sizeof...(_BoundArgs) == _Arity::value + 1,
      |                     ~~~~~~~~~~~~~~~~~~~~~~~~~~~~~~~~~~~~~~~~~~~~
/usr/include/c++/13/functional:847:21: note: ‘(false ? (2 >= (((long unsigned int)std::integral_constant<long unsigned int, 2>::value) + 1)) : (2 == (((long unsigned int)std::integral_constant<long unsigned int, 2>::value) + 1)))’ evaluates to false
/home/yanji/robot_screwing/src/screw_robot_control/src/right_arm_control.cpp:621:10: error: ‘ros’ has not been declared
  621 |   while (ros::ok()){
      |          ^~~
/home/yanji/robot_screwing/src/screw_robot_control/src/right_arm_control.cpp:622:7: error: ‘ros’ has not been declared
  622 |       ros::spinOnce(); //处理一下上面的回调函数
      |       ^~~
/home/yanji/robot_screwing/src/screw_robot_control/src/right_arm_control.cpp:623:11: error: ‘screw_execute_status’ was not declared in this scope; did you mean ‘screw_execute_status_’?
  623 |       if (screw_execute_status == 0){
      |           ^~~~~~~~~~~~~~~~~~~~
      |           screw_execute_status_
/home/yanji/robot_screwing/src/screw_robot_control/src/right_arm_control.cpp:624:11: error: ‘cout’ was not declared in this scope; did you mean ‘std::cout’?
  624 |           cout<<"the obj is grasped"<<endl; break;}}
      |           ^~~~
      |           std::cout
/usr/include/c++/13/iostream:63:18: note: ‘std::cout’ declared here
   63 |   extern ostream cout;          ///< Linked to standard output
      |                  ^~~~
/home/yanji/robot_screwing/src/screw_robot_control/src/right_arm_control.cpp:624:39: error: ‘endl’ was not declared in this scope; did you mean ‘std::endl’?
  624 |           cout<<"the obj is grasped"<<endl; break;}}
      |                                       ^~~~
      |                                       std::endl
/usr/include/c++/13/ostream:735:5: note: ‘std::endl’ declared here
  735 |     endl(basic_ostream<_CharT, _Traits>& __os)
      |     ^~~~
/home/yanji/robot_screwing/src/screw_robot_control/src/right_arm_control.cpp: In member function ‘void right_arm::RobotAdmittanceControl::robot_finish()’:
/home/yanji/robot_screwing/src/screw_robot_control/src/right_arm_control.cpp:628:3: error: ‘real_robot_control’ has not been declared
  628 |   real_robot_control::screwGoal goal;
      |   ^~~~~~~~~~~~~~~~~~
/home/yanji/robot_screwing/src/screw_robot_control/src/right_arm_control.cpp:643:3: error: ‘goal’ was not declared in this scope
  643 |   goal.num = 4;
      |   ^~~~
/home/yanji/robot_screwing/src/screw_robot_control/src/right_arm_control.cpp:644:3: error: ‘client’ was not declared in this scope; did you mean ‘client_’?
  644 |   client.sendGoal(goal,
      |   ^~~~~~
      |   client_
/home/yanji/robot_screwing/src/screw_robot_control/src/right_arm_control.cpp:648:10: error: ‘ros’ has not been declared
  648 |   while (ros::ok()){
      |          ^~~
/home/yanji/robot_screwing/src/screw_robot_control/src/right_arm_control.cpp:649:7: error: ‘ros’ has not been declared
  649 |       ros::spinOnce(); //处理一下上面的回调函数
      |       ^~~
/home/yanji/robot_screwing/src/screw_robot_control/src/right_arm_control.cpp:650:11: error: ‘screw_execute_result’ was not declared in this scope; did you mean ‘screw_execute_result_’?
  650 |       if (screw_execute_result == 4){
      |           ^~~~~~~~~~~~~~~~~~~~
      |           screw_execute_result_
/home/yanji/robot_screwing/src/screw_robot_control/src/right_arm_control.cpp: In member function ‘void right_arm::RobotAdmittanceControl::go_to_pose(char)’:
/home/yanji/robot_screwing/src/screw_robot_control/src/right_arm_control.cpp:775:7: error: ‘cout’ was not declared in this scope; did you mean ‘std::cout’?
  775 |       cout << new_pos.tran.x <<" "<< new_pos.tran.y <<" "<< new_pos.tran.z << endl;
      |       ^~~~
      |       std::cout
/usr/include/c++/13/iostream:63:18: note: ‘std::cout’ declared here
   63 |   extern ostream cout;          ///< Linked to standard output
      |                  ^~~~
/home/yanji/robot_screwing/src/screw_robot_control/src/right_arm_control.cpp:775:79: error: ‘endl’ was not declared in this scope; did you mean ‘std::endl’?
  775 |       cout << new_pos.tran.x <<" "<< new_pos.tran.y <<" "<< new_pos.tran.z << endl;
      |                                                                               ^~~~
      |                                                                               std::endl
/usr/include/c++/13/ostream:735:5: note: ‘std::endl’ declared here
  735 |     endl(basic_ostream<_CharT, _Traits>& __os)
      |     ^~~~
/home/yanji/robot_screwing/src/screw_robot_control/src/right_arm_control.cpp: In member function ‘void right_arm::RobotAdmittanceControl::reset()’:
/home/yanji/robot_screwing/src/screw_robot_control/src/right_arm_control.cpp:783:3: error: ‘cout’ was not declared in this scope; did you mean ‘std::cout’?
  783 |   cout<< "reset the robot"<<endl;
      |   ^~~~
      |   std::cout
/usr/include/c++/13/iostream:63:18: note: ‘std::cout’ declared here
   63 |   extern ostream cout;          ///< Linked to standard output
      |                  ^~~~
/home/yanji/robot_screwing/src/screw_robot_control/src/right_arm_control.cpp:783:29: error: ‘endl’ was not declared in this scope; did you mean ‘std::endl’?
  783 |   cout<< "reset the robot"<<endl;
      |                             ^~~~
      |                             std::endl
/usr/include/c++/13/ostream:735:5: note: ‘std::endl’ declared here
  735 |     endl(basic_ostream<_CharT, _Traits>& __os)
      |     ^~~~
make[2]: *** [CMakeFiles/right_arm_control.dir/build.make:63：CMakeFiles/right_arm_control.dir/src/right_arm_control.cpp.o] 错误 1
make[1]: *** [CMakeFiles/Makefile2:78：CMakeFiles/right_arm_control.dir/all] 错误 2
make: *** [Makefile:141：all] 错误 2
