[0.027s] Invoking command in '/home/yanji/robot_screwing/src/build/rosbag2_performance_benchmarking_msgs': CMAKE_PREFIX_PATH=${CMAKE_PREFIX_PATH}:/home/yanji/robot_screwing/install/real_robot:/home/yanji/robot_screwing/install/mj_sim:/opt/ros/foxy CONDA_PROMPT_MODIFIER=(screwrobot) /usr/bin/cmake /home/yanji/robot_screwing/src/rosbag2/rosbag2_performance/rosbag2_performance_benchmarking_msgs -DCMAKE_INSTALL_PREFIX=/home/yanji/robot_screwing/src/install/rosbag2_performance_benchmarking_msgs
[0.279s] -- The C compiler identification is GNU 9.4.0
[0.279s] -- The CXX compiler identification is GNU 13.1.0
[0.279s] -- Check for working C compiler: /usr/lib/ccache/cc
[0.279s] -- Check for working C compiler: /usr/lib/ccache/cc -- works
[0.279s] -- Detecting C compiler ABI info
[0.279s] -- Detecting C compiler ABI info - done
[0.280s] -- Detecting C compile features
[0.280s] -- Detecting C compile features - done
[0.280s] -- Check for working CXX compiler: /usr/lib/ccache/c++
[0.280s] -- Check for working CXX compiler: /usr/lib/ccache/c++ -- works
[0.280s] -- Detecting CXX compiler ABI info
[0.285s] -- Detecting CXX compiler ABI info - done
[0.292s] -- Detecting CXX compile features
[0.292s] -- Detecting CXX compile features - done
[0.292s] -- Configuring done
[0.293s] -- Generating done
[0.293s] -- Build files have been written to: /home/yanji/robot_screwing/src/build/rosbag2_performance_benchmarking_msgs
[0.295s] Invoked command in '/home/yanji/robot_screwing/src/build/rosbag2_performance_benchmarking_msgs' returned '0': CMAKE_PREFIX_PATH=${CMAKE_PREFIX_PATH}:/home/yanji/robot_screwing/install/real_robot:/home/yanji/robot_screwing/install/mj_sim:/opt/ros/foxy CONDA_PROMPT_MODIFIER=(screwrobot) /usr/bin/cmake /home/yanji/robot_screwing/src/rosbag2/rosbag2_performance/rosbag2_performance_benchmarking_msgs -DCMAKE_INSTALL_PREFIX=/home/yanji/robot_screwing/src/install/rosbag2_performance_benchmarking_msgs
[0.297s] Invoking command in '/home/yanji/robot_screwing/src/build/rosbag2_performance_benchmarking_msgs': CMAKE_PREFIX_PATH=${CMAKE_PREFIX_PATH}:/home/yanji/robot_screwing/install/real_robot:/home/yanji/robot_screwing/install/mj_sim:/opt/ros/foxy CONDA_PROMPT_MODIFIER=(screwrobot) /usr/bin/cmake --build /home/yanji/robot_screwing/src/build/rosbag2_performance_benchmarking_msgs -- -j24 -l24
[0.314s] Invoked command in '/home/yanji/robot_screwing/src/build/rosbag2_performance_benchmarking_msgs' returned '0': CMAKE_PREFIX_PATH=${CMAKE_PREFIX_PATH}:/home/yanji/robot_screwing/install/real_robot:/home/yanji/robot_screwing/install/mj_sim:/opt/ros/foxy CONDA_PROMPT_MODIFIER=(screwrobot) /usr/bin/cmake --build /home/yanji/robot_screwing/src/build/rosbag2_performance_benchmarking_msgs -- -j24 -l24
