[0.007s] Invoking command in '/home/yanji/robot_screwing/build/screw_robot_control': CMAKE_PREFIX_PATH=/home/yanji/robot_screwing/install/robot_msgs:/home/yanji/robot_screwing/install/screw_robot_control:/home/yanji/robot_screwing/install/real_robot:/home/yanji/robot_screwing/install/mj_sim:/opt/ros/foxy CONDA_PROMPT_MODIFIER=(screwrobot) LD_LIBRARY_PATH=/home/yanji/robot_screwing/install/robot_msgs/lib:/lib/x86_64-linux-gnu:/usr/lib/x86_64-linux-gnu:/home/yanji/robot_screwing/install/screw_robot_control/lib:/opt/ros/foxy/opt/yaml_cpp_vendor/lib:/opt/ros/foxy/opt/rviz_ogre_vendor/lib:/opt/ros/foxy/lib/x86_64-linux-gnu:/opt/ros/foxy/lib:/lib/x86_64-linux-gnu:/usr/lib/x86_64-linux-gnu:/usr/local/cuda/lib64:/usr/local/cuda/lib64 /usr/bin/cmake --build /home/yanji/robot_screwing/build/screw_robot_control -- -j24 -l24
[0.031s] [ 25%] Built target SERVO_MOTOR
[0.045s] [ 50%] Built target SCREWING_TOOL
[0.050s] [35m[1mScanning dependencies of target right_arm_control[0m
[0.061s] [ 75%] Built target task_control_screw
[0.074s] [ 87%] [32mBuilding CXX object CMakeFiles/right_arm_control.dir/src/right_arm_control.cpp.o[0m
[2.999s] /home/yanji/robot_screwing/src/screw_robot_control/src/right_arm_control.cpp: In member function ‘void right_arm::RobotAdmittanceControl::passive_fine()’:
[2.999s] /home/yanji/robot_screwing/src/screw_robot_control/src/right_arm_control.cpp:528:115: error: no match for ‘operator=’ (operand types are ‘rclcpp_action::Client<robot_msgs::action::Screw>::FeedbackCallback’ {aka ‘std::function<void(std::shared_ptr<rclcpp_action::ClientGoalHandle<robot_msgs::action::Screw> >, std::shared_ptr<const robot_msgs::action::Screw_Feedback_<std::allocator<void> > >)>’} and ‘std::_Bind_helper<false, void (right_arm::RobotAdmittanceControl::*)(const std::shared_ptr<rclcpp_action::ClientGoalHandle<robot_msgs::action::Screw> >&, const std::shared_ptr<robot_msgs::action::Screw_Feedback_<std::allocator<void> > >&), right_arm::RobotAdmittanceControl*, const std::_Placeholder<1>&, const std::_Placeholder<2>&>::type’)
[2.999s]   528 |                 std::bind(&RobotAdmittanceControl::feedback_cb, this, std::placeholders::_1, std::placeholders::_2);
[2.999s]       |                                                                                                                   ^
[2.999s] In file included from /usr/include/c++/13/functional:59,
[2.999s]                  from /home/yanji/anaconda3/envs/screwrobot/include/eigen3/Eigen/Core:85,
[2.999s]                  from /home/yanji/anaconda3/envs/screwrobot/include/eigen3/Eigen/Dense:1,
[3.000s]                  from /home/yanji/robot_screwing/src/screw_robot_control/include/screw_robot_control/jaka/right_arm_control.hpp:5,
[3.000s]                  from /home/yanji/robot_screwing/src/screw_robot_control/src/right_arm_control.cpp:1:
[3.000s] /usr/include/c++/13/bits/std_function.h:531:9: note: candidate: ‘template<class _Functor> std::function<_Res(_ArgTypes ...)>::_Requires<std::function<_Res(_ArgTypes ...)>::_Callable<_Functor>, std::function<_Res(_ArgTypes ...)>&> std::function<_Res(_ArgTypes ...)>::operator=(_Functor&&) [with _Res = void; _ArgTypes = {std::shared_ptr<rclcpp_action::ClientGoalHandle<robot_msgs::action::Screw> >, std::shared_ptr<const robot_msgs::action::Screw_Feedback_<std::allocator<void> > >}]’
[3.000s]   531 |         operator=(_Functor&& __f)
[3.000s]       |         ^~~~~~~~
[3.000s] /usr/include/c++/13/bits/std_function.h:531:9: note:   template argument deduction/substitution failed:
[3.000s] In file included from /usr/include/c++/13/bits/stl_pair.h:60,
[3.000s]                  from /usr/include/c++/13/bits/stl_algobase.h:64,
[3.000s]                  from /usr/include/c++/13/vector:62,
[3.000s]                  from /home/yanji/robot_screwing/src/screw_robot_control/include/screw_robot_control/jaka/right_arm_control.hpp:1:
[3.000s] /usr/include/c++/13/type_traits: In substitution of ‘template<bool _Cond, class _Tp> using std::__enable_if_t = typename std::enable_if::type [with bool _Cond = false; _Tp = std::function<void(std::shared_ptr<rclcpp_action::ClientGoalHandle<robot_msgs::action::Screw> >, std::shared_ptr<const robot_msgs::action::Screw_Feedback_<std::allocator<void> > >)>&]’:
[3.000s] /usr/include/c++/13/bits/std_function.h:353:8:   required by substitution of ‘template<class _Res, class ... _ArgTypes> template<class _Cond, class _Tp> using std::function<_Res(_ArgTypes ...)>::_Requires = std::__enable_if_t<_Cond::value, _Tp> [with _Cond = std::function<void(std::shared_ptr<rclcpp_action::ClientGoalHandle<robot_msgs::action::Screw> >, std::shared_ptr<const robot_msgs::action::Screw_Feedback_<std::allocator<void> > >)>::_Callable<std::_Bind<void (right_arm::RobotAdmittanceControl::*(right_arm::RobotAdmittanceControl*, std::_Placeholder<1>, std::_Placeholder<2>))(const std::shared_ptr<rclcpp_action::ClientGoalHandle<robot_msgs::action::Screw> >&, const std::shared_ptr<robot_msgs::action::Screw_Feedback_<std::allocator<void> > >&)>, std::_Bind<void (right_arm::RobotAdmittanceControl::*(right_arm::RobotAdmittanceControl*, std::_Placeholder<1>, std::_Placeholder<2>))(const std::shared_ptr<rclcpp_action::ClientGoalHandle<robot_msgs::action::Screw> >&, const std::shared_ptr<robot_msgs::action::Screw_Feedback_<std::allocator<void> > >&)>, std::__invoke_result<std::_Bind<void (right_arm::RobotAdmittanceControl::*(right_arm::RobotAdmittanceControl*, std::_Placeholder<1>, std::_Placeholder<2>))(const std::shared_ptr<rclcpp_action::ClientGoalHandle<robot_msgs::action::Screw> >&, const std::shared_ptr<robot_msgs::action::Screw_Feedback_<std::allocator<void> > >&)>&, std::shared_ptr<rclcpp_action::ClientGoalHandle<robot_msgs::action::Screw> >, std::shared_ptr<const robot_msgs::action::Screw_Feedback_<std::allocator<void> > > > >; _Tp = std::function<void(std::shared_ptr<rclcpp_action::ClientGoalHandle<robot_msgs::action::Screw> >, std::shared_ptr<const robot_msgs::action::Screw_Feedback_<std::allocator<void> > >)>&; _Res = void; _ArgTypes = {std::shared_ptr<rclcpp_action::ClientGoalHandle<robot_msgs::action::Screw> >, std::shared_ptr<const robot_msgs::action::Screw_Feedback_<std::allocator<void> > >}]’
[3.000s] /usr/include/c++/13/bits/std_function.h:531:2:   required by substitution of ‘template<class _Functor> std::function<void(std::shared_ptr<rclcpp_action::ClientGoalHandle<robot_msgs::action::Screw> >, std::shared_ptr<const robot_msgs::action::Screw_Feedback_<std::allocator<void> > >)>::_Requires<std::function<void(std::shared_ptr<rclcpp_action::ClientGoalHandle<robot_msgs::action::Screw> >, std::shared_ptr<const robot_msgs::action::Screw_Feedback_<std::allocator<void> > >)>::_Callable<_Functor, typename std::enable_if<(! std::is_same<typename std::remove_cv<typename std::remove_reference<_Tp>::type>::type, std::function<void(std::shared_ptr<rclcpp_action::ClientGoalHandle<robot_msgs::action::Screw> >, std::shared_ptr<const robot_msgs::action::Screw_Feedback_<std::allocator<void> > >)> >::value), std::decay<_Callable> >::type::type, std::__invoke_result<typename std::enable_if<(! std::is_same<typename std::remove_cv<typename std::remove_reference<_Tp>::type>::type, std::function<void(std::shared_ptr<rclcpp_action::ClientGoalHandle<robot_msgs::action::Screw> >, std::shared_ptr<const robot_msgs::action::Screw_Feedback_<std::allocator<void> > >)> >::value), std::decay<_Callable> >::type::type&, std::shared_ptr<rclcpp_action::ClientGoalHandle<robot_msgs::action::Screw> >, std::shared_ptr<const robot_msgs::action::Screw_Feedback_<std::allocator<void> > > > >, std::function<void(std::shared_ptr<rclcpp_action::ClientGoalHandle<robot_msgs::action::Screw> >, std::shared_ptr<const robot_msgs::action::Screw_Feedback_<std::allocator<void> > >)>&> std::function<void(std::shared_ptr<rclcpp_action::ClientGoalHandle<robot_msgs::action::Screw> >, std::shared_ptr<const robot_msgs::action::Screw_Feedback_<std::allocator<void> > >)>::operator=(_Functor&&) [with _Functor = std::_Bind<void (right_arm::RobotAdmittanceControl::*(right_arm::RobotAdmittanceControl*, std::_Placeholder<1>, std::_Placeholder<2>))(const std::shared_ptr<rclcpp_action::ClientGoalHandle<robot_msgs::action::Screw> >&, const std::shared_ptr<robot_msgs::action::Screw_Feedback_<std::allocator<void> > >&)>]’
[3.000s] /home/yanji/robot_screwing/src/screw_robot_control/src/right_arm_control.cpp:528:115:   required from here
[3.000s] /usr/include/c++/13/type_traits:116:11: error: no type named ‘type’ in ‘struct std::enable_if<false, std::function<void(std::shared_ptr<rclcpp_action::ClientGoalHandle<robot_msgs::action::Screw> >, std::shared_ptr<const robot_msgs::action::Screw_Feedback_<std::allocator<void> > >)>&>’
[3.000s]   116 |     using __enable_if_t = typename enable_if<_Cond, _Tp>::type;
[3.000s]       |           ^~~~~~~~~~~~~
[3.000s] /usr/include/c++/13/bits/std_function.h:541:9: note: candidate: ‘template<class _Functor> std::function<_Res(_ArgTypes ...)>& std::function<_Res(_ArgTypes ...)>::operator=(std::reference_wrapper<_Functor>) [with _Res = void; _ArgTypes = {std::shared_ptr<rclcpp_action::ClientGoalHandle<robot_msgs::action::Screw> >, std::shared_ptr<const robot_msgs::action::Screw_Feedback_<std::allocator<void> > >}]’
[3.000s]   541 |         operator=(reference_wrapper<_Functor> __f) noexcept
[3.000s]       |         ^~~~~~~~
[3.000s] /usr/include/c++/13/bits/std_function.h:541:9: note:   template argument deduction/substitution failed:
[3.000s] /home/yanji/robot_screwing/src/screw_robot_control/src/right_arm_control.cpp:528:115: note:   ‘std::_Bind<void (right_arm::RobotAdmittanceControl::*(right_arm::RobotAdmittanceControl*, std::_Placeholder<1>, std::_Placeholder<2>))(const std::shared_ptr<rclcpp_action::ClientGoalHandle<robot_msgs::action::Screw> >&, const std::shared_ptr<robot_msgs::action::Screw_Feedback_<std::allocator<void> > >&)>’ is not derived from ‘std::reference_wrapper<_Tp>’
[3.000s]   528 |                 std::bind(&RobotAdmittanceControl::feedback_cb, this, std::placeholders::_1, std::placeholders::_2);
[3.000s]       |                                                                                                                   ^
[3.000s] /usr/include/c++/13/bits/std_function.h:469:7: note: candidate: ‘std::function<_Res(_ArgTypes ...)>& std::function<_Res(_ArgTypes ...)>::operator=(const std::function<_Res(_ArgTypes ...)>&) [with _Res = void; _ArgTypes = {std::shared_ptr<rclcpp_action::ClientGoalHandle<robot_msgs::action::Screw> >, std::shared_ptr<const robot_msgs::action::Screw_Feedback_<std::allocator<void> > >}]’
[3.000s]   469 |       operator=(const function& __x)
[3.000s]       |       ^~~~~~~~
[3.000s] /usr/include/c++/13/bits/std_function.h:469:33: note:   no known conversion for argument 1 from ‘std::_Bind_helper<false, void (right_arm::RobotAdmittanceControl::*)(const std::shared_ptr<rclcpp_action::ClientGoalHandle<robot_msgs::action::Screw> >&, const std::shared_ptr<robot_msgs::action::Screw_Feedback_<std::allocator<void> > >&), right_arm::RobotAdmittanceControl*, const std::_Placeholder<1>&, const std::_Placeholder<2>&>::type’ to ‘const std::function<void(std::shared_ptr<rclcpp_action::ClientGoalHandle<robot_msgs::action::Screw> >, std::shared_ptr<const robot_msgs::action::Screw_Feedback_<std::allocator<void> > >)>&’
[3.000s]   469 |       operator=(const function& __x)
[3.000s]       |                 ~~~~~~~~~~~~~~~~^~~
[3.000s] /usr/include/c++/13/bits/std_function.h:487:7: note: candidate: ‘std::function<_Res(_ArgTypes ...)>& std::function<_Res(_ArgTypes ...)>::operator=(std::function<_Res(_ArgTypes ...)>&&) [with _Res = void; _ArgTypes = {std::shared_ptr<rclcpp_action::ClientGoalHandle<robot_msgs::action::Screw> >, std::shared_ptr<const robot_msgs::action::Screw_Feedback_<std::allocator<void> > >}]’
[3.000s]   487 |       operator=(function&& __x) noexcept
[3.000s]       |       ^~~~~~~~
[3.000s] /usr/include/c++/13/bits/std_function.h:487:28: note:   no known conversion for argument 1 from ‘std::_Bind_helper<false, void (right_arm::RobotAdmittanceControl::*)(const std::shared_ptr<rclcpp_action::ClientGoalHandle<robot_msgs::action::Screw> >&, const std::shared_ptr<robot_msgs::action::Screw_Feedback_<std::allocator<void> > >&), right_arm::RobotAdmittanceControl*, const std::_Placeholder<1>&, const std::_Placeholder<2>&>::type’ to ‘std::function<void(std::shared_ptr<rclcpp_action::ClientGoalHandle<robot_msgs::action::Screw> >, std::shared_ptr<const robot_msgs::action::Screw_Feedback_<std::allocator<void> > >)>&&’
[3.000s]   487 |       operator=(function&& __x) noexcept
[3.000s]       |                 ~~~~~~~~~~~^~~
[3.000s] /usr/include/c++/13/bits/std_function.h:501:7: note: candidate: ‘std::function<_Res(_ArgTypes ...)>& std::function<_Res(_ArgTypes ...)>::operator=(std::nullptr_t) [with _Res = void; _ArgTypes = {std::shared_ptr<rclcpp_action::ClientGoalHandle<robot_msgs::action::Screw> >, std::shared_ptr<const robot_msgs::action::Screw_Feedback_<std::allocator<void> > >}; std::nullptr_t = std::nullptr_t]’
[3.000s]   501 |       operator=(nullptr_t) noexcept
[3.000s]       |       ^~~~~~~~
[3.000s] /usr/include/c++/13/bits/std_function.h:501:17: note:   no known conversion for argument 1 from ‘std::_Bind_helper<false, void (right_arm::RobotAdmittanceControl::*)(const std::shared_ptr<rclcpp_action::ClientGoalHandle<robot_msgs::action::Screw> >&, const std::shared_ptr<robot_msgs::action::Screw_Feedback_<std::allocator<void> > >&), right_arm::RobotAdmittanceControl*, const std::_Placeholder<1>&, const std::_Placeholder<2>&>::type’ to ‘std::nullptr_t’
[3.000s]   501 |       operator=(nullptr_t) noexcept
[3.001s]       |                 ^~~~~~~~~
[3.001s] /usr/include/c++/13/functional: In instantiation of ‘struct std::_Bind_check_arity<void (right_arm::RobotAdmittanceControl::*)(const rclcpp_action::ClientGoalHandle<robot_msgs::action::Screw>::WrappedResult&), right_arm::RobotAdmittanceControl*, const std::_Placeholder<1>&, const std::_Placeholder<2>&>’:
[3.001s] /usr/include/c++/13/functional:859:12:   required from ‘struct std::_Bind_helper<false, void (right_arm::RobotAdmittanceControl::*)(const rclcpp_action::ClientGoalHandle<robot_msgs::action::Screw>::WrappedResult&), right_arm::RobotAdmittanceControl*, const std::_Placeholder<1>&, const std::_Placeholder<2>&>’
[3.001s] /usr/include/c++/13/functional:881:5:   required by substitution of ‘template<class _Func, class ... _BoundArgs> typename std::_Bind_helper<std::__is_socketlike<_Func>::value, _Func, _BoundArgs ...>::type std::bind(_Func&&, _BoundArgs&& ...) [with _Func = void (right_arm::RobotAdmittanceControl::*)(const rclcpp_action::ClientGoalHandle<robot_msgs::action::Screw>::WrappedResult&); _BoundArgs = {right_arm::RobotAdmittanceControl*, const std::_Placeholder<1>&, const std::_Placeholder<2>&}]’
[3.001s] /home/yanji/robot_screwing/src/screw_robot_control/src/right_arm_control.cpp:530:26:   required from here
[3.001s] /usr/include/c++/13/functional:847:21: error: static assertion failed: Wrong number of arguments for pointer-to-member
[3.001s]   846 |       static_assert(_Varargs::value
[3.001s]       |                               ~~~~~
[3.001s]   847 |                     ? sizeof...(_BoundArgs) >= _Arity::value + 1
[3.001s]       |                     ^~~~~~~~~~~~~~~~~~~~~~~~~~~~~~~~~~~~~~~~~~~~
[3.001s]   848 |                     : sizeof...(_BoundArgs) == _Arity::value + 1,
[3.001s]       |                     ~~~~~~~~~~~~~~~~~~~~~~~~~~~~~~~~~~~~~~~~~~~~
[3.001s] /usr/include/c++/13/functional:847:21: note: ‘(false ? (3 >= (((long unsigned int)std::integral_constant<long unsigned int, 1>::value) + 1)) : (3 == (((long unsigned int)std::integral_constant<long unsigned int, 1>::value) + 1)))’ evaluates to false
[3.001s] /home/yanji/robot_screwing/src/screw_robot_control/src/right_arm_control.cpp:530:111: error: no match for ‘operator=’ (operand types are ‘rclcpp_action::Client<robot_msgs::action::Screw>::ResultCallback’ {aka ‘std::function<void(const rclcpp_action::ClientGoalHandle<robot_msgs::action::Screw>::WrappedResult&)>’} and ‘std::_Bind_helper<false, void (right_arm::RobotAdmittanceControl::*)(const rclcpp_action::ClientGoalHandle<robot_msgs::action::Screw>::WrappedResult&), right_arm::RobotAdmittanceControl*, const std::_Placeholder<1>&, const std::_Placeholder<2>&>::type’)
[3.001s]   530 |                 std::bind(&RobotAdmittanceControl::done_cb, this, std::placeholders::_1, std::placeholders::_2);
[3.001s]       |                                                                                                               ^
[3.001s] /usr/include/c++/13/bits/std_function.h:531:9: note: candidate: ‘template<class _Functor> std::function<_Res(_ArgTypes ...)>::_Requires<std::function<_Res(_ArgTypes ...)>::_Callable<_Functor>, std::function<_Res(_ArgTypes ...)>&> std::function<_Res(_ArgTypes ...)>::operator=(_Functor&&) [with _Res = void; _ArgTypes = {const rclcpp_action::ClientGoalHandle<robot_msgs::action::Screw>::WrappedResult&}]’
[3.001s]   531 |         operator=(_Functor&& __f)
[3.001s]       |         ^~~~~~~~
[3.001s] /usr/include/c++/13/bits/std_function.h:531:9: note:   template argument deduction/substitution failed:
[3.001s] /usr/include/c++/13/type_traits: In substitution of ‘template<bool _Cond, class _Tp> using std::__enable_if_t = typename std::enable_if::type [with bool _Cond = false; _Tp = std::function<void(const rclcpp_action::ClientGoalHandle<robot_msgs::action::Screw>::WrappedResult&)>&]’:
[3.001s] /usr/include/c++/13/bits/std_function.h:353:8:   required by substitution of ‘template<class _Res, class ... _ArgTypes> template<class _Cond, class _Tp> using std::function<_Res(_ArgTypes ...)>::_Requires = std::__enable_if_t<_Cond::value, _Tp> [with _Cond = std::function<void(const rclcpp_action::ClientGoalHandle<robot_msgs::action::Screw>::WrappedResult&)>::_Callable<std::_Bind<void (right_arm::RobotAdmittanceControl::*(right_arm::RobotAdmittanceControl*, std::_Placeholder<1>, std::_Placeholder<2>))(const rclcpp_action::ClientGoalHandle<robot_msgs::action::Screw>::WrappedResult&)>, std::_Bind<void (right_arm::RobotAdmittanceControl::*(right_arm::RobotAdmittanceControl*, std::_Placeholder<1>, std::_Placeholder<2>))(const rclcpp_action::ClientGoalHandle<robot_msgs::action::Screw>::WrappedResult&)>, std::__invoke_result<std::_Bind<void (right_arm::RobotAdmittanceControl::*(right_arm::RobotAdmittanceControl*, std::_Placeholder<1>, std::_Placeholder<2>))(const rclcpp_action::ClientGoalHandle<robot_msgs::action::Screw>::WrappedResult&)>&, const rclcpp_action::ClientGoalHandle<robot_msgs::action::Screw>::WrappedResult&> >; _Tp = std::function<void(const rclcpp_action::ClientGoalHandle<robot_msgs::action::Screw>::WrappedResult&)>&; _Res = void; _ArgTypes = {const rclcpp_action::ClientGoalHandle<robot_msgs::action::Screw>::WrappedResult&}]’
[3.001s] /usr/include/c++/13/bits/std_function.h:531:2:   required by substitution of ‘template<class _Functor> std::function<void(const rclcpp_action::ClientGoalHandle<robot_msgs::action::Screw>::WrappedResult&)>::_Requires<std::function<void(const rclcpp_action::ClientGoalHandle<robot_msgs::action::Screw>::WrappedResult&)>::_Callable<_Functor, typename std::enable_if<(! std::is_same<typename std::remove_cv<typename std::remove_reference<_Tp>::type>::type, std::function<void(const rclcpp_action::ClientGoalHandle<robot_msgs::action::Screw>::WrappedResult&)> >::value), std::decay<_Callable> >::type::type, std::__invoke_result<typename std::enable_if<(! std::is_same<typename std::remove_cv<typename std::remove_reference<_Tp>::type>::type, std::function<void(const rclcpp_action::ClientGoalHandle<robot_msgs::action::Screw>::WrappedResult&)> >::value), std::decay<_Callable> >::type::type&, const rclcpp_action::ClientGoalHandle<robot_msgs::action::Screw>::WrappedResult&> >, std::function<void(const rclcpp_action::ClientGoalHandle<robot_msgs::action::Screw>::WrappedResult&)>&> std::function<void(const rclcpp_action::ClientGoalHandle<robot_msgs::action::Screw>::WrappedResult&)>::operator=(_Functor&&) [with _Functor = std::_Bind<void (right_arm::RobotAdmittanceControl::*(right_arm::RobotAdmittanceControl*, std::_Placeholder<1>, std::_Placeholder<2>))(const rclcpp_action::ClientGoalHandle<robot_msgs::action::Screw>::WrappedResult&)>]’
[3.001s] /home/yanji/robot_screwing/src/screw_robot_control/src/right_arm_control.cpp:530:111:   required from here
[3.001s] /usr/include/c++/13/type_traits:116:11: error: no type named ‘type’ in ‘struct std::enable_if<false, std::function<void(const rclcpp_action::ClientGoalHandle<robot_msgs::action::Screw>::WrappedResult&)>&>’
[3.001s]   116 |     using __enable_if_t = typename enable_if<_Cond, _Tp>::type;
[3.001s]       |           ^~~~~~~~~~~~~
[3.001s] /usr/include/c++/13/bits/std_function.h:541:9: note: candidate: ‘template<class _Functor> std::function<_Res(_ArgTypes ...)>& std::function<_Res(_ArgTypes ...)>::operator=(std::reference_wrapper<_Functor>) [with _Res = void; _ArgTypes = {const rclcpp_action::ClientGoalHandle<robot_msgs::action::Screw>::WrappedResult&}]’
[3.001s]   541 |         operator=(reference_wrapper<_Functor> __f) noexcept
[3.002s]       |         ^~~~~~~~
[3.002s] /usr/include/c++/13/bits/std_function.h:541:9: note:   template argument deduction/substitution failed:
[3.002s] /home/yanji/robot_screwing/src/screw_robot_control/src/right_arm_control.cpp:530:111: note:   ‘std::_Bind<void (right_arm::RobotAdmittanceControl::*(right_arm::RobotAdmittanceControl*, std::_Placeholder<1>, std::_Placeholder<2>))(const rclcpp_action::ClientGoalHandle<robot_msgs::action::Screw>::WrappedResult&)>’ is not derived from ‘std::reference_wrapper<_Tp>’
[3.002s]   530 |                 std::bind(&RobotAdmittanceControl::done_cb, this, std::placeholders::_1, std::placeholders::_2);
[3.002s]       |                                                                                                               ^
[3.002s] /usr/include/c++/13/bits/std_function.h:469:7: note: candidate: ‘std::function<_Res(_ArgTypes ...)>& std::function<_Res(_ArgTypes ...)>::operator=(const std::function<_Res(_ArgTypes ...)>&) [with _Res = void; _ArgTypes = {const rclcpp_action::ClientGoalHandle<robot_msgs::action::Screw>::WrappedResult&}]’
[3.002s]   469 |       operator=(const function& __x)
[3.002s]       |       ^~~~~~~~
[3.002s] /usr/include/c++/13/bits/std_function.h:469:33: note:   no known conversion for argument 1 from ‘std::_Bind_helper<false, void (right_arm::RobotAdmittanceControl::*)(const rclcpp_action::ClientGoalHandle<robot_msgs::action::Screw>::WrappedResult&), right_arm::RobotAdmittanceControl*, const std::_Placeholder<1>&, const std::_Placeholder<2>&>::type’ to ‘const std::function<void(const rclcpp_action::ClientGoalHandle<robot_msgs::action::Screw>::WrappedResult&)>&’
[3.002s]   469 |       operator=(const function& __x)
[3.003s]       |                 ~~~~~~~~~~~~~~~~^~~
[3.003s] /usr/include/c++/13/bits/std_function.h:487:7: note: candidate: ‘std::function<_Res(_ArgTypes ...)>& std::function<_Res(_ArgTypes ...)>::operator=(std::function<_Res(_ArgTypes ...)>&&) [with _Res = void; _ArgTypes = {const rclcpp_action::ClientGoalHandle<robot_msgs::action::Screw>::WrappedResult&}]’
[3.003s]   487 |       operator=(function&& __x) noexcept
[3.003s]       |       ^~~~~~~~
[3.003s] /usr/include/c++/13/bits/std_function.h:487:28: note:   no known conversion for argument 1 from ‘std::_Bind_helper<false, void (right_arm::RobotAdmittanceControl::*)(const rclcpp_action::ClientGoalHandle<robot_msgs::action::Screw>::WrappedResult&), right_arm::RobotAdmittanceControl*, const std::_Placeholder<1>&, const std::_Placeholder<2>&>::type’ to ‘std::function<void(const rclcpp_action::ClientGoalHandle<robot_msgs::action::Screw>::WrappedResult&)>&&’
[3.003s]   487 |       operator=(function&& __x) noexcept
[3.003s]       |                 ~~~~~~~~~~~^~~
[3.003s] /usr/include/c++/13/bits/std_function.h:501:7: note: candidate: ‘std::function<_Res(_ArgTypes ...)>& std::function<_Res(_ArgTypes ...)>::operator=(std::nullptr_t) [with _Res = void; _ArgTypes = {const rclcpp_action::ClientGoalHandle<robot_msgs::action::Screw>::WrappedResult&}; std::nullptr_t = std::nullptr_t]’
[3.003s]   501 |       operator=(nullptr_t) noexcept
[3.003s]       |       ^~~~~~~~
[3.003s] /usr/include/c++/13/bits/std_function.h:501:17: note:   no known conversion for argument 1 from ‘std::_Bind_helper<false, void (right_arm::RobotAdmittanceControl::*)(const rclcpp_action::ClientGoalHandle<robot_msgs::action::Screw>::WrappedResult&), right_arm::RobotAdmittanceControl*, const std::_Placeholder<1>&, const std::_Placeholder<2>&>::type’ to ‘std::nullptr_t’
[3.003s]   501 |       operator=(nullptr_t) noexcept
[3.003s]       |                 ^~~~~~~~~
[3.003s] /home/yanji/robot_screwing/src/screw_robot_control/src/right_arm_control.cpp: In member function ‘void right_arm::RobotAdmittanceControl::grasp_obj()’:
[3.003s] /home/yanji/robot_screwing/src/screw_robot_control/src/right_arm_control.cpp:608:107: error: no match for ‘operator=’ (operand types are ‘rclcpp_action::Client<robot_msgs::action::Screw>::FeedbackCallback’ {aka ‘std::function<void(std::shared_ptr<rclcpp_action::ClientGoalHandle<robot_msgs::action::Screw> >, std::shared_ptr<const robot_msgs::action::Screw_Feedback_<std::allocator<void> > >)>’} and ‘std::_Bind_helper<false, void (right_arm::RobotAdmittanceControl::*)(const std::shared_ptr<rclcpp_action::ClientGoalHandle<robot_msgs::action::Screw> >&, const std::shared_ptr<robot_msgs::action::Screw_Feedback_<std::allocator<void> > >&), right_arm::RobotAdmittanceControl*, const std::_Placeholder<1>&, const std::_Placeholder<2>&>::type’)
[3.003s]   608 |         std::bind(&RobotAdmittanceControl::feedback_cb, this, std::placeholders::_1, std::placeholders::_2);
[3.003s]       |                                                                                                           ^
[3.003s] /usr/include/c++/13/bits/std_function.h:531:9: note: candidate: ‘template<class _Functor> std::function<_Res(_ArgTypes ...)>::_Requires<std::function<_Res(_ArgTypes ...)>::_Callable<_Functor>, std::function<_Res(_ArgTypes ...)>&> std::function<_Res(_ArgTypes ...)>::operator=(_Functor&&) [with _Res = void; _ArgTypes = {std::shared_ptr<rclcpp_action::ClientGoalHandle<robot_msgs::action::Screw> >, std::shared_ptr<const robot_msgs::action::Screw_Feedback_<std::allocator<void> > >}]’
[3.003s]   531 |         operator=(_Functor&& __f)
[3.003s]       |         ^~~~~~~~
[3.003s] /usr/include/c++/13/bits/std_function.h:531:9: note:   template argument deduction/substitution failed:
[3.003s] /usr/include/c++/13/bits/std_function.h:541:9: note: candidate: ‘template<class _Functor> std::function<_Res(_ArgTypes ...)>& std::function<_Res(_ArgTypes ...)>::operator=(std::reference_wrapper<_Functor>) [with _Res = void; _ArgTypes = {std::shared_ptr<rclcpp_action::ClientGoalHandle<robot_msgs::action::Screw> >, std::shared_ptr<const robot_msgs::action::Screw_Feedback_<std::allocator<void> > >}]’
[3.004s]   541 |         operator=(reference_wrapper<_Functor> __f) noexcept
[3.004s]       |         ^~~~~~~~
[3.004s] /usr/include/c++/13/bits/std_function.h:541:9: note:   template argument deduction/substitution failed:
[3.004s] /home/yanji/robot_screwing/src/screw_robot_control/src/right_arm_control.cpp:608:107: note:   ‘std::_Bind<void (right_arm::RobotAdmittanceControl::*(right_arm::RobotAdmittanceControl*, std::_Placeholder<1>, std::_Placeholder<2>))(const std::shared_ptr<rclcpp_action::ClientGoalHandle<robot_msgs::action::Screw> >&, const std::shared_ptr<robot_msgs::action::Screw_Feedback_<std::allocator<void> > >&)>’ is not derived from ‘std::reference_wrapper<_Tp>’
[3.004s]   608 |         std::bind(&RobotAdmittanceControl::feedback_cb, this, std::placeholders::_1, std::placeholders::_2);
[3.004s]       |                                                                                                           ^
[3.004s] /usr/include/c++/13/bits/std_function.h:469:7: note: candidate: ‘std::function<_Res(_ArgTypes ...)>& std::function<_Res(_ArgTypes ...)>::operator=(const std::function<_Res(_ArgTypes ...)>&) [with _Res = void; _ArgTypes = {std::shared_ptr<rclcpp_action::ClientGoalHandle<robot_msgs::action::Screw> >, std::shared_ptr<const robot_msgs::action::Screw_Feedback_<std::allocator<void> > >}]’
[3.004s]   469 |       operator=(const function& __x)
[3.004s]       |       ^~~~~~~~
[3.005s] /usr/include/c++/13/bits/std_function.h:469:33: note:   no known conversion for argument 1 from ‘std::_Bind_helper<false, void (right_arm::RobotAdmittanceControl::*)(const std::shared_ptr<rclcpp_action::ClientGoalHandle<robot_msgs::action::Screw> >&, const std::shared_ptr<robot_msgs::action::Screw_Feedback_<std::allocator<void> > >&), right_arm::RobotAdmittanceControl*, const std::_Placeholder<1>&, const std::_Placeholder<2>&>::type’ to ‘const std::function<void(std::shared_ptr<rclcpp_action::ClientGoalHandle<robot_msgs::action::Screw> >, std::shared_ptr<const robot_msgs::action::Screw_Feedback_<std::allocator<void> > >)>&’
[3.005s]   469 |       operator=(const function& __x)
[3.005s]       |                 ~~~~~~~~~~~~~~~~^~~
[3.005s] /usr/include/c++/13/bits/std_function.h:487:7: note: candidate: ‘std::function<_Res(_ArgTypes ...)>& std::function<_Res(_ArgTypes ...)>::operator=(std::function<_Res(_ArgTypes ...)>&&) [with _Res = void; _ArgTypes = {std::shared_ptr<rclcpp_action::ClientGoalHandle<robot_msgs::action::Screw> >, std::shared_ptr<const robot_msgs::action::Screw_Feedback_<std::allocator<void> > >}]’
[3.005s]   487 |       operator=(function&& __x) noexcept
[3.005s]       |       ^~~~~~~~
[3.005s] /usr/include/c++/13/bits/std_function.h:487:28: note:   no known conversion for argument 1 from ‘std::_Bind_helper<false, void (right_arm::RobotAdmittanceControl::*)(const std::shared_ptr<rclcpp_action::ClientGoalHandle<robot_msgs::action::Screw> >&, const std::shared_ptr<robot_msgs::action::Screw_Feedback_<std::allocator<void> > >&), right_arm::RobotAdmittanceControl*, const std::_Placeholder<1>&, const std::_Placeholder<2>&>::type’ to ‘std::function<void(std::shared_ptr<rclcpp_action::ClientGoalHandle<robot_msgs::action::Screw> >, std::shared_ptr<const robot_msgs::action::Screw_Feedback_<std::allocator<void> > >)>&&’
[3.005s]   487 |       operator=(function&& __x) noexcept
[3.005s]       |                 ~~~~~~~~~~~^~~
[3.006s] /usr/include/c++/13/bits/std_function.h:501:7: note: candidate: ‘std::function<_Res(_ArgTypes ...)>& std::function<_Res(_ArgTypes ...)>::operator=(std::nullptr_t) [with _Res = void; _ArgTypes = {std::shared_ptr<rclcpp_action::ClientGoalHandle<robot_msgs::action::Screw> >, std::shared_ptr<const robot_msgs::action::Screw_Feedback_<std::allocator<void> > >}; std::nullptr_t = std::nullptr_t]’
[3.006s]   501 |       operator=(nullptr_t) noexcept
[3.006s]       |       ^~~~~~~~
[3.006s] /usr/include/c++/13/bits/std_function.h:501:17: note:   no known conversion for argument 1 from ‘std::_Bind_helper<false, void (right_arm::RobotAdmittanceControl::*)(const std::shared_ptr<rclcpp_action::ClientGoalHandle<robot_msgs::action::Screw> >&, const std::shared_ptr<robot_msgs::action::Screw_Feedback_<std::allocator<void> > >&), right_arm::RobotAdmittanceControl*, const std::_Placeholder<1>&, const std::_Placeholder<2>&>::type’ to ‘std::nullptr_t’
[3.006s]   501 |       operator=(nullptr_t) noexcept
[3.006s]       |                 ^~~~~~~~~
[3.006s] /home/yanji/robot_screwing/src/screw_robot_control/src/right_arm_control.cpp:610:103: error: no match for ‘operator=’ (operand types are ‘rclcpp_action::Client<robot_msgs::action::Screw>::ResultCallback’ {aka ‘std::function<void(const rclcpp_action::ClientGoalHandle<robot_msgs::action::Screw>::WrappedResult&)>’} and ‘std::_Bind_helper<false, void (right_arm::RobotAdmittanceControl::*)(const rclcpp_action::ClientGoalHandle<robot_msgs::action::Screw>::WrappedResult&), right_arm::RobotAdmittanceControl*, const std::_Placeholder<1>&, const std::_Placeholder<2>&>::type’)
[3.006s]   610 |         std::bind(&RobotAdmittanceControl::done_cb, this, std::placeholders::_1, std::placeholders::_2);
[3.007s]       |                                                                                                       ^
[3.007s] /usr/include/c++/13/bits/std_function.h:531:9: note: candidate: ‘template<class _Functor> std::function<_Res(_ArgTypes ...)>::_Requires<std::function<_Res(_ArgTypes ...)>::_Callable<_Functor>, std::function<_Res(_ArgTypes ...)>&> std::function<_Res(_ArgTypes ...)>::operator=(_Functor&&) [with _Res = void; _ArgTypes = {const rclcpp_action::ClientGoalHandle<robot_msgs::action::Screw>::WrappedResult&}]’
[3.007s]   531 |         operator=(_Functor&& __f)
[3.007s]       |         ^~~~~~~~
[3.007s] /usr/include/c++/13/bits/std_function.h:531:9: note:   template argument deduction/substitution failed:
[3.007s] /usr/include/c++/13/bits/std_function.h:541:9: note: candidate: ‘template<class _Functor> std::function<_Res(_ArgTypes ...)>& std::function<_Res(_ArgTypes ...)>::operator=(std::reference_wrapper<_Functor>) [with _Res = void; _ArgTypes = {const rclcpp_action::ClientGoalHandle<robot_msgs::action::Screw>::WrappedResult&}]’
[3.007s]   541 |         operator=(reference_wrapper<_Functor> __f) noexcept
[3.007s]       |         ^~~~~~~~
[3.007s] /usr/include/c++/13/bits/std_function.h:541:9: note:   template argument deduction/substitution failed:
[3.007s] /home/yanji/robot_screwing/src/screw_robot_control/src/right_arm_control.cpp:610:103: note:   ‘std::_Bind<void (right_arm::RobotAdmittanceControl::*(right_arm::RobotAdmittanceControl*, std::_Placeholder<1>, std::_Placeholder<2>))(const rclcpp_action::ClientGoalHandle<robot_msgs::action::Screw>::WrappedResult&)>’ is not derived from ‘std::reference_wrapper<_Tp>’
[3.007s]   610 |         std::bind(&RobotAdmittanceControl::done_cb, this, std::placeholders::_1, std::placeholders::_2);
[3.007s]       |                                                                                                       ^
[3.007s] /usr/include/c++/13/bits/std_function.h:469:7: note: candidate: ‘std::function<_Res(_ArgTypes ...)>& std::function<_Res(_ArgTypes ...)>::operator=(const std::function<_Res(_ArgTypes ...)>&) [with _Res = void; _ArgTypes = {const rclcpp_action::ClientGoalHandle<robot_msgs::action::Screw>::WrappedResult&}]’
[3.007s]   469 |       operator=(const function& __x)
[3.007s]       |       ^~~~~~~~
[3.007s] /usr/include/c++/13/bits/std_function.h:469:33: note:   no known conversion for argument 1 from ‘std::_Bind_helper<false, void (right_arm::RobotAdmittanceControl::*)(const rclcpp_action::ClientGoalHandle<robot_msgs::action::Screw>::WrappedResult&), right_arm::RobotAdmittanceControl*, const std::_Placeholder<1>&, const std::_Placeholder<2>&>::type’ to ‘const std::function<void(const rclcpp_action::ClientGoalHandle<robot_msgs::action::Screw>::WrappedResult&)>&’
[3.007s]   469 |       operator=(const function& __x)
[3.008s]       |                 ~~~~~~~~~~~~~~~~^~~
[3.008s] /usr/include/c++/13/bits/std_function.h:487:7: note: candidate: ‘std::function<_Res(_ArgTypes ...)>& std::function<_Res(_ArgTypes ...)>::operator=(std::function<_Res(_ArgTypes ...)>&&) [with _Res = void; _ArgTypes = {const rclcpp_action::ClientGoalHandle<robot_msgs::action::Screw>::WrappedResult&}]’
[3.008s]   487 |       operator=(function&& __x) noexcept
[3.008s]       |       ^~~~~~~~
[3.008s] /usr/include/c++/13/bits/std_function.h:487:28: note:   no known conversion for argument 1 from ‘std::_Bind_helper<false, void (right_arm::RobotAdmittanceControl::*)(const rclcpp_action::ClientGoalHandle<robot_msgs::action::Screw>::WrappedResult&), right_arm::RobotAdmittanceControl*, const std::_Placeholder<1>&, const std::_Placeholder<2>&>::type’ to ‘std::function<void(const rclcpp_action::ClientGoalHandle<robot_msgs::action::Screw>::WrappedResult&)>&&’
[3.008s]   487 |       operator=(function&& __x) noexcept
[3.008s]       |                 ~~~~~~~~~~~^~~
[3.008s] /usr/include/c++/13/bits/std_function.h:501:7: note: candidate: ‘std::function<_Res(_ArgTypes ...)>& std::function<_Res(_ArgTypes ...)>::operator=(std::nullptr_t) [with _Res = void; _ArgTypes = {const rclcpp_action::ClientGoalHandle<robot_msgs::action::Screw>::WrappedResult&}; std::nullptr_t = std::nullptr_t]’
[3.008s]   501 |       operator=(nullptr_t) noexcept
[3.008s]       |       ^~~~~~~~
[3.008s] /usr/include/c++/13/bits/std_function.h:501:17: note:   no known conversion for argument 1 from ‘std::_Bind_helper<false, void (right_arm::RobotAdmittanceControl::*)(const rclcpp_action::ClientGoalHandle<robot_msgs::action::Screw>::WrappedResult&), right_arm::RobotAdmittanceControl*, const std::_Placeholder<1>&, const std::_Placeholder<2>&>::type’ to ‘std::nullptr_t’
[3.008s]   501 |       operator=(nullptr_t) noexcept
[3.008s]       |                 ^~~~~~~~~
[3.008s] /home/yanji/robot_screwing/src/screw_robot_control/src/right_arm_control.cpp: In member function ‘void right_arm::RobotAdmittanceControl::robot_finish()’:
[3.008s] /home/yanji/robot_screwing/src/screw_robot_control/src/right_arm_control.cpp:641:107: error: no match for ‘operator=’ (operand types are ‘rclcpp_action::Client<robot_msgs::action::Screw>::FeedbackCallback’ {aka ‘std::function<void(std::shared_ptr<rclcpp_action::ClientGoalHandle<robot_msgs::action::Screw> >, std::shared_ptr<const robot_msgs::action::Screw_Feedback_<std::allocator<void> > >)>’} and ‘std::_Bind_helper<false, void (right_arm::RobotAdmittanceControl::*)(const std::shared_ptr<rclcpp_action::ClientGoalHandle<robot_msgs::action::Screw> >&, const std::shared_ptr<robot_msgs::action::Screw_Feedback_<std::allocator<void> > >&), right_arm::RobotAdmittanceControl*, const std::_Placeholder<1>&, const std::_Placeholder<2>&>::type’)
[3.008s]   641 |         std::bind(&RobotAdmittanceControl::feedback_cb, this, std::placeholders::_1, std::placeholders::_2);
[3.008s]       |                                                                                                           ^
[3.008s] /usr/include/c++/13/bits/std_function.h:531:9: note: candidate: ‘template<class _Functor> std::function<_Res(_ArgTypes ...)>::_Requires<std::function<_Res(_ArgTypes ...)>::_Callable<_Functor>, std::function<_Res(_ArgTypes ...)>&> std::function<_Res(_ArgTypes ...)>::operator=(_Functor&&) [with _Res = void; _ArgTypes = {std::shared_ptr<rclcpp_action::ClientGoalHandle<robot_msgs::action::Screw> >, std::shared_ptr<const robot_msgs::action::Screw_Feedback_<std::allocator<void> > >}]’
[3.008s]   531 |         operator=(_Functor&& __f)
[3.008s]       |         ^~~~~~~~
[3.008s] /usr/include/c++/13/bits/std_function.h:531:9: note:   template argument deduction/substitution failed:
[3.008s] /usr/include/c++/13/bits/std_function.h:541:9: note: candidate: ‘template<class _Functor> std::function<_Res(_ArgTypes ...)>& std::function<_Res(_ArgTypes ...)>::operator=(std::reference_wrapper<_Functor>) [with _Res = void; _ArgTypes = {std::shared_ptr<rclcpp_action::ClientGoalHandle<robot_msgs::action::Screw> >, std::shared_ptr<const robot_msgs::action::Screw_Feedback_<std::allocator<void> > >}]’
[3.008s]   541 |         operator=(reference_wrapper<_Functor> __f) noexcept
[3.008s]       |         ^~~~~~~~
[3.008s] /usr/include/c++/13/bits/std_function.h:541:9: note:   template argument deduction/substitution failed:
[3.008s] /home/yanji/robot_screwing/src/screw_robot_control/src/right_arm_control.cpp:641:107: note:   ‘std::_Bind<void (right_arm::RobotAdmittanceControl::*(right_arm::RobotAdmittanceControl*, std::_Placeholder<1>, std::_Placeholder<2>))(const std::shared_ptr<rclcpp_action::ClientGoalHandle<robot_msgs::action::Screw> >&, const std::shared_ptr<robot_msgs::action::Screw_Feedback_<std::allocator<void> > >&)>’ is not derived from ‘std::reference_wrapper<_Tp>’
[3.008s]   641 |         std::bind(&RobotAdmittanceControl::feedback_cb, this, std::placeholders::_1, std::placeholders::_2);
[3.008s]       |                                                                                                           ^
[3.008s] /usr/include/c++/13/bits/std_function.h:469:7: note: candidate: ‘std::function<_Res(_ArgTypes ...)>& std::function<_Res(_ArgTypes ...)>::operator=(const std::function<_Res(_ArgTypes ...)>&) [with _Res = void; _ArgTypes = {std::shared_ptr<rclcpp_action::ClientGoalHandle<robot_msgs::action::Screw> >, std::shared_ptr<const robot_msgs::action::Screw_Feedback_<std::allocator<void> > >}]’
[3.008s]   469 |       operator=(const function& __x)
[3.008s]       |       ^~~~~~~~
[3.008s] /usr/include/c++/13/bits/std_function.h:469:33: note:   no known conversion for argument 1 from ‘std::_Bind_helper<false, void (right_arm::RobotAdmittanceControl::*)(const std::shared_ptr<rclcpp_action::ClientGoalHandle<robot_msgs::action::Screw> >&, const std::shared_ptr<robot_msgs::action::Screw_Feedback_<std::allocator<void> > >&), right_arm::RobotAdmittanceControl*, const std::_Placeholder<1>&, const std::_Placeholder<2>&>::type’ to ‘const std::function<void(std::shared_ptr<rclcpp_action::ClientGoalHandle<robot_msgs::action::Screw> >, std::shared_ptr<const robot_msgs::action::Screw_Feedback_<std::allocator<void> > >)>&’
[3.008s]   469 |       operator=(const function& __x)
[3.008s]       |                 ~~~~~~~~~~~~~~~~^~~
[3.008s] /usr/include/c++/13/bits/std_function.h:487:7: note: candidate: ‘std::function<_Res(_ArgTypes ...)>& std::function<_Res(_ArgTypes ...)>::operator=(std::function<_Res(_ArgTypes ...)>&&) [with _Res = void; _ArgTypes = {std::shared_ptr<rclcpp_action::ClientGoalHandle<robot_msgs::action::Screw> >, std::shared_ptr<const robot_msgs::action::Screw_Feedback_<std::allocator<void> > >}]’
[3.008s]   487 |       operator=(function&& __x) noexcept
[3.008s]       |       ^~~~~~~~
[3.008s] /usr/include/c++/13/bits/std_function.h:487:28: note:   no known conversion for argument 1 from ‘std::_Bind_helper<false, void (right_arm::RobotAdmittanceControl::*)(const std::shared_ptr<rclcpp_action::ClientGoalHandle<robot_msgs::action::Screw> >&, const std::shared_ptr<robot_msgs::action::Screw_Feedback_<std::allocator<void> > >&), right_arm::RobotAdmittanceControl*, const std::_Placeholder<1>&, const std::_Placeholder<2>&>::type’ to ‘std::function<void(std::shared_ptr<rclcpp_action::ClientGoalHandle<robot_msgs::action::Screw> >, std::shared_ptr<const robot_msgs::action::Screw_Feedback_<std::allocator<void> > >)>&&’
[3.008s]   487 |       operator=(function&& __x) noexcept
[3.008s]       |                 ~~~~~~~~~~~^~~
[3.008s] /usr/include/c++/13/bits/std_function.h:501:7: note: candidate: ‘std::function<_Res(_ArgTypes ...)>& std::function<_Res(_ArgTypes ...)>::operator=(std::nullptr_t) [with _Res = void; _ArgTypes = {std::shared_ptr<rclcpp_action::ClientGoalHandle<robot_msgs::action::Screw> >, std::shared_ptr<const robot_msgs::action::Screw_Feedback_<std::allocator<void> > >}; std::nullptr_t = std::nullptr_t]’
[3.008s]   501 |       operator=(nullptr_t) noexcept
[3.008s]       |       ^~~~~~~~
[3.008s] /usr/include/c++/13/bits/std_function.h:501:17: note:   no known conversion for argument 1 from ‘std::_Bind_helper<false, void (right_arm::RobotAdmittanceControl::*)(const std::shared_ptr<rclcpp_action::ClientGoalHandle<robot_msgs::action::Screw> >&, const std::shared_ptr<robot_msgs::action::Screw_Feedback_<std::allocator<void> > >&), right_arm::RobotAdmittanceControl*, const std::_Placeholder<1>&, const std::_Placeholder<2>&>::type’ to ‘std::nullptr_t’
[3.008s]   501 |       operator=(nullptr_t) noexcept
[3.009s]       |                 ^~~~~~~~~
[3.009s] /home/yanji/robot_screwing/src/screw_robot_control/src/right_arm_control.cpp:643:103: error: no match for ‘operator=’ (operand types are ‘rclcpp_action::Client<robot_msgs::action::Screw>::ResultCallback’ {aka ‘std::function<void(const rclcpp_action::ClientGoalHandle<robot_msgs::action::Screw>::WrappedResult&)>’} and ‘std::_Bind_helper<false, void (right_arm::RobotAdmittanceControl::*)(const rclcpp_action::ClientGoalHandle<robot_msgs::action::Screw>::WrappedResult&), right_arm::RobotAdmittanceControl*, const std::_Placeholder<1>&, const std::_Placeholder<2>&>::type’)
[3.009s]   643 |         std::bind(&RobotAdmittanceControl::done_cb, this, std::placeholders::_1, std::placeholders::_2);
[3.009s]       |                                                                                                       ^
[3.009s] /usr/include/c++/13/bits/std_function.h:531:9: note: candidate: ‘template<class _Functor> std::function<_Res(_ArgTypes ...)>::_Requires<std::function<_Res(_ArgTypes ...)>::_Callable<_Functor>, std::function<_Res(_ArgTypes ...)>&> std::function<_Res(_ArgTypes ...)>::operator=(_Functor&&) [with _Res = void; _ArgTypes = {const rclcpp_action::ClientGoalHandle<robot_msgs::action::Screw>::WrappedResult&}]’
[3.009s]   531 |         operator=(_Functor&& __f)
[3.009s]       |         ^~~~~~~~
[3.009s] /usr/include/c++/13/bits/std_function.h:531:9: note:   template argument deduction/substitution failed:
[3.009s] /usr/include/c++/13/bits/std_function.h:541:9: note: candidate: ‘template<class _Functor> std::function<_Res(_ArgTypes ...)>& std::function<_Res(_ArgTypes ...)>::operator=(std::reference_wrapper<_Functor>) [with _Res = void; _ArgTypes = {const rclcpp_action::ClientGoalHandle<robot_msgs::action::Screw>::WrappedResult&}]’
[3.009s]   541 |         operator=(reference_wrapper<_Functor> __f) noexcept
[3.009s]       |         ^~~~~~~~
[3.009s] /usr/include/c++/13/bits/std_function.h:541:9: note:   template argument deduction/substitution failed:
[3.009s] /home/yanji/robot_screwing/src/screw_robot_control/src/right_arm_control.cpp:643:103: note:   ‘std::_Bind<void (right_arm::RobotAdmittanceControl::*(right_arm::RobotAdmittanceControl*, std::_Placeholder<1>, std::_Placeholder<2>))(const rclcpp_action::ClientGoalHandle<robot_msgs::action::Screw>::WrappedResult&)>’ is not derived from ‘std::reference_wrapper<_Tp>’
[3.009s]   643 |         std::bind(&RobotAdmittanceControl::done_cb, this, std::placeholders::_1, std::placeholders::_2);
[3.009s]       |                                                                                                       ^
[3.009s] /usr/include/c++/13/bits/std_function.h:469:7: note: candidate: ‘std::function<_Res(_ArgTypes ...)>& std::function<_Res(_ArgTypes ...)>::operator=(const std::function<_Res(_ArgTypes ...)>&) [with _Res = void; _ArgTypes = {const rclcpp_action::ClientGoalHandle<robot_msgs::action::Screw>::WrappedResult&}]’
[3.009s]   469 |       operator=(const function& __x)
[3.009s]       |       ^~~~~~~~
[3.009s] /usr/include/c++/13/bits/std_function.h:469:33: note:   no known conversion for argument 1 from ‘std::_Bind_helper<false, void (right_arm::RobotAdmittanceControl::*)(const rclcpp_action::ClientGoalHandle<robot_msgs::action::Screw>::WrappedResult&), right_arm::RobotAdmittanceControl*, const std::_Placeholder<1>&, const std::_Placeholder<2>&>::type’ to ‘const std::function<void(const rclcpp_action::ClientGoalHandle<robot_msgs::action::Screw>::WrappedResult&)>&’
[3.009s]   469 |       operator=(const function& __x)
[3.009s]       |                 ~~~~~~~~~~~~~~~~^~~
[3.009s] /usr/include/c++/13/bits/std_function.h:487:7: note: candidate: ‘std::function<_Res(_ArgTypes ...)>& std::function<_Res(_ArgTypes ...)>::operator=(std::function<_Res(_ArgTypes ...)>&&) [with _Res = void; _ArgTypes = {const rclcpp_action::ClientGoalHandle<robot_msgs::action::Screw>::WrappedResult&}]’
[3.009s]   487 |       operator=(function&& __x) noexcept
[3.009s]       |       ^~~~~~~~
[3.009s] /usr/include/c++/13/bits/std_function.h:487:28: note:   no known conversion for argument 1 from ‘std::_Bind_helper<false, void (right_arm::RobotAdmittanceControl::*)(const rclcpp_action::ClientGoalHandle<robot_msgs::action::Screw>::WrappedResult&), right_arm::RobotAdmittanceControl*, const std::_Placeholder<1>&, const std::_Placeholder<2>&>::type’ to ‘std::function<void(const rclcpp_action::ClientGoalHandle<robot_msgs::action::Screw>::WrappedResult&)>&&’
[3.009s]   487 |       operator=(function&& __x) noexcept
[3.009s]       |                 ~~~~~~~~~~~^~~
[3.009s] /usr/include/c++/13/bits/std_function.h:501:7: note: candidate: ‘std::function<_Res(_ArgTypes ...)>& std::function<_Res(_ArgTypes ...)>::operator=(std::nullptr_t) [with _Res = void; _ArgTypes = {const rclcpp_action::ClientGoalHandle<robot_msgs::action::Screw>::WrappedResult&}; std::nullptr_t = std::nullptr_t]’
[3.009s]   501 |       operator=(nullptr_t) noexcept
[3.009s]       |       ^~~~~~~~
[3.009s] /usr/include/c++/13/bits/std_function.h:501:17: note:   no known conversion for argument 1 from ‘std::_Bind_helper<false, void (right_arm::RobotAdmittanceControl::*)(const rclcpp_action::ClientGoalHandle<robot_msgs::action::Screw>::WrappedResult&), right_arm::RobotAdmittanceControl*, const std::_Placeholder<1>&, const std::_Placeholder<2>&>::type’ to ‘std::nullptr_t’
[3.009s]   501 |       operator=(nullptr_t) noexcept
[3.009s]       |                 ^~~~~~~~~
[3.009s] make[2]: *** [CMakeFiles/right_arm_control.dir/build.make:63：CMakeFiles/right_arm_control.dir/src/right_arm_control.cpp.o] 错误 1
[3.009s] make[1]: *** [CMakeFiles/Makefile2:113：CMakeFiles/right_arm_control.dir/all] 错误 2
[3.009s] make: *** [Makefile:141：all] 错误 2
[3.009s] Invoked command in '/home/yanji/robot_screwing/build/screw_robot_control' returned '2': CMAKE_PREFIX_PATH=/home/yanji/robot_screwing/install/robot_msgs:/home/yanji/robot_screwing/install/screw_robot_control:/home/yanji/robot_screwing/install/real_robot:/home/yanji/robot_screwing/install/mj_sim:/opt/ros/foxy CONDA_PROMPT_MODIFIER=(screwrobot) LD_LIBRARY_PATH=/home/yanji/robot_screwing/install/robot_msgs/lib:/lib/x86_64-linux-gnu:/usr/lib/x86_64-linux-gnu:/home/yanji/robot_screwing/install/screw_robot_control/lib:/opt/ros/foxy/opt/yaml_cpp_vendor/lib:/opt/ros/foxy/opt/rviz_ogre_vendor/lib:/opt/ros/foxy/lib/x86_64-linux-gnu:/opt/ros/foxy/lib:/lib/x86_64-linux-gnu:/usr/lib/x86_64-linux-gnu:/usr/local/cuda/lib64:/usr/local/cuda/lib64 /usr/bin/cmake --build /home/yanji/robot_screwing/build/screw_robot_control -- -j24 -l24
