[0.005s] Invoking command in '/home/yanji/robot_screwing/build/screw_robot_control': CMAKE_PREFIX_PATH=/home/yanji/robot_screwing/install/robot_msgs:/home/yanji/robot_screwing/install/screw_robot_control:/home/yanji/robot_screwing/install/real_robot:/home/yanji/robot_screwing/install/mj_sim:/opt/ros/foxy CONDA_PROMPT_MODIFIER=(screwrobot) LD_LIBRARY_PATH=/home/yanji/robot_screwing/install/robot_msgs/lib:/lib/x86_64-linux-gnu:/usr/lib/x86_64-linux-gnu:/home/yanji/robot_screwing/install/screw_robot_control/lib:/opt/ros/foxy/opt/yaml_cpp_vendor/lib:/opt/ros/foxy/opt/rviz_ogre_vendor/lib:/opt/ros/foxy/lib/x86_64-linux-gnu:/opt/ros/foxy/lib:/lib/x86_64-linux-gnu:/usr/lib/x86_64-linux-gnu:/usr/local/cuda/lib64:/usr/local/cuda/lib64 /usr/bin/cmake --build /home/yanji/robot_screwing/build/screw_robot_control -- -j24 -l24
[0.029s] [ 25%] Built target SERVO_MOTOR
[0.042s] [ 50%] Built target SCREWING_TOOL
[0.048s] [35m[1mScanning dependencies of target right_arm_control[0m
[0.056s] [ 75%] Built target task_control_screw
[0.070s] [ 87%] [32mBuilding CXX object CMakeFiles/right_arm_control.dir/src/right_arm_control.cpp.o[0m
[2.926s] In file included from /home/yanji/robot_screwing/src/screw_robot_control/src/right_arm_control.cpp:1:
[2.926s] /home/yanji/robot_screwing/src/screw_robot_control/include/screw_robot_control/jaka/right_arm_control.hpp:109:5: error: non-static data member declared with placeholder ‘auto’
[2.926s]   109 |     auto goal_msg = robot_msgs::action::Screw::Goal();
[2.926s]       |     ^~~~
[2.926s] /home/yanji/robot_screwing/src/screw_robot_control/src/right_arm_control.cpp: In member function ‘void right_arm::RobotAdmittanceControl::passive_fine()’:
[2.927s] /home/yanji/robot_screwing/src/screw_robot_control/src/right_arm_control.cpp:527:115: error: no match for ‘operator=’ (operand types are ‘rclcpp_action::Client<robot_msgs::action::Screw>::FeedbackCallback’ {aka ‘std::function<void(std::shared_ptr<rclcpp_action::ClientGoalHandle<robot_msgs::action::Screw> >, std::shared_ptr<const robot_msgs::action::Screw_Feedback_<std::allocator<void> > >)>’} and ‘std::_Bind_helper<false, void (right_arm::RobotAdmittanceControl::*)(const std::shared_ptr<rclcpp_action::ClientGoalHandle<robot_msgs::action::Screw> >&, const std::shared_ptr<robot_msgs::action::Screw_Feedback_<std::allocator<void> > >&), right_arm::RobotAdmittanceControl*, const std::_Placeholder<1>&, const std::_Placeholder<2>&>::type’)
[2.927s]   527 |                 std::bind(&RobotAdmittanceControl::feedback_cb, this, std::placeholders::_1, std::placeholders::_2);
[2.927s]       |                                                                                                                   ^
[2.927s] In file included from /usr/include/c++/13/functional:59,
[2.927s]                  from /home/yanji/anaconda3/envs/screwrobot/include/eigen3/Eigen/Core:85,
[2.927s]                  from /home/yanji/anaconda3/envs/screwrobot/include/eigen3/Eigen/Dense:1,
[2.927s]                  from /home/yanji/robot_screwing/src/screw_robot_control/include/screw_robot_control/jaka/right_arm_control.hpp:5:
[2.927s] /usr/include/c++/13/bits/std_function.h:531:9: note: candidate: ‘template<class _Functor> std::function<_Res(_ArgTypes ...)>::_Requires<std::function<_Res(_ArgTypes ...)>::_Callable<_Functor>, std::function<_Res(_ArgTypes ...)>&> std::function<_Res(_ArgTypes ...)>::operator=(_Functor&&) [with _Res = void; _ArgTypes = {std::shared_ptr<rclcpp_action::ClientGoalHandle<robot_msgs::action::Screw> >, std::shared_ptr<const robot_msgs::action::Screw_Feedback_<std::allocator<void> > >}]’
[2.927s]   531 |         operator=(_Functor&& __f)
[2.927s]       |         ^~~~~~~~
[2.927s] /usr/include/c++/13/bits/std_function.h:531:9: note:   template argument deduction/substitution failed:
[2.927s] In file included from /usr/include/c++/13/bits/stl_pair.h:60,
[2.927s]                  from /usr/include/c++/13/bits/stl_algobase.h:64,
[2.927s]                  from /usr/include/c++/13/vector:62,
[2.927s]                  from /home/yanji/robot_screwing/src/screw_robot_control/include/screw_robot_control/jaka/right_arm_control.hpp:1:
[2.927s] /usr/include/c++/13/type_traits: In substitution of ‘template<bool _Cond, class _Tp> using std::__enable_if_t = typename std::enable_if::type [with bool _Cond = false; _Tp = std::function<void(std::shared_ptr<rclcpp_action::ClientGoalHandle<robot_msgs::action::Screw> >, std::shared_ptr<const robot_msgs::action::Screw_Feedback_<std::allocator<void> > >)>&]’:
[2.927s] /usr/include/c++/13/bits/std_function.h:353:8:   required by substitution of ‘template<class _Res, class ... _ArgTypes> template<class _Cond, class _Tp> using std::function<_Res(_ArgTypes ...)>::_Requires = std::__enable_if_t<_Cond::value, _Tp> [with _Cond = std::function<void(std::shared_ptr<rclcpp_action::ClientGoalHandle<robot_msgs::action::Screw> >, std::shared_ptr<const robot_msgs::action::Screw_Feedback_<std::allocator<void> > >)>::_Callable<std::_Bind<void (right_arm::RobotAdmittanceControl::*(right_arm::RobotAdmittanceControl*, std::_Placeholder<1>, std::_Placeholder<2>))(const std::shared_ptr<rclcpp_action::ClientGoalHandle<robot_msgs::action::Screw> >&, const std::shared_ptr<robot_msgs::action::Screw_Feedback_<std::allocator<void> > >&)>, std::_Bind<void (right_arm::RobotAdmittanceControl::*(right_arm::RobotAdmittanceControl*, std::_Placeholder<1>, std::_Placeholder<2>))(const std::shared_ptr<rclcpp_action::ClientGoalHandle<robot_msgs::action::Screw> >&, const std::shared_ptr<robot_msgs::action::Screw_Feedback_<std::allocator<void> > >&)>, std::__invoke_result<std::_Bind<void (right_arm::RobotAdmittanceControl::*(right_arm::RobotAdmittanceControl*, std::_Placeholder<1>, std::_Placeholder<2>))(const std::shared_ptr<rclcpp_action::ClientGoalHandle<robot_msgs::action::Screw> >&, const std::shared_ptr<robot_msgs::action::Screw_Feedback_<std::allocator<void> > >&)>&, std::shared_ptr<rclcpp_action::ClientGoalHandle<robot_msgs::action::Screw> >, std::shared_ptr<const robot_msgs::action::Screw_Feedback_<std::allocator<void> > > > >; _Tp = std::function<void(std::shared_ptr<rclcpp_action::ClientGoalHandle<robot_msgs::action::Screw> >, std::shared_ptr<const robot_msgs::action::Screw_Feedback_<std::allocator<void> > >)>&; _Res = void; _ArgTypes = {std::shared_ptr<rclcpp_action::ClientGoalHandle<robot_msgs::action::Screw> >, std::shared_ptr<const robot_msgs::action::Screw_Feedback_<std::allocator<void> > >}]’
[2.927s] /usr/include/c++/13/bits/std_function.h:531:2:   required by substitution of ‘template<class _Functor> std::function<void(std::shared_ptr<rclcpp_action::ClientGoalHandle<robot_msgs::action::Screw> >, std::shared_ptr<const robot_msgs::action::Screw_Feedback_<std::allocator<void> > >)>::_Requires<std::function<void(std::shared_ptr<rclcpp_action::ClientGoalHandle<robot_msgs::action::Screw> >, std::shared_ptr<const robot_msgs::action::Screw_Feedback_<std::allocator<void> > >)>::_Callable<_Functor, typename std::enable_if<(! std::is_same<typename std::remove_cv<typename std::remove_reference<_Tp>::type>::type, std::function<void(std::shared_ptr<rclcpp_action::ClientGoalHandle<robot_msgs::action::Screw> >, std::shared_ptr<const robot_msgs::action::Screw_Feedback_<std::allocator<void> > >)> >::value), std::decay<_Callable> >::type::type, std::__invoke_result<typename std::enable_if<(! std::is_same<typename std::remove_cv<typename std::remove_reference<_Tp>::type>::type, std::function<void(std::shared_ptr<rclcpp_action::ClientGoalHandle<robot_msgs::action::Screw> >, std::shared_ptr<const robot_msgs::action::Screw_Feedback_<std::allocator<void> > >)> >::value), std::decay<_Callable> >::type::type&, std::shared_ptr<rclcpp_action::ClientGoalHandle<robot_msgs::action::Screw> >, std::shared_ptr<const robot_msgs::action::Screw_Feedback_<std::allocator<void> > > > >, std::function<void(std::shared_ptr<rclcpp_action::ClientGoalHandle<robot_msgs::action::Screw> >, std::shared_ptr<const robot_msgs::action::Screw_Feedback_<std::allocator<void> > >)>&> std::function<void(std::shared_ptr<rclcpp_action::ClientGoalHandle<robot_msgs::action::Screw> >, std::shared_ptr<const robot_msgs::action::Screw_Feedback_<std::allocator<void> > >)>::operator=(_Functor&&) [with _Functor = std::_Bind<void (right_arm::RobotAdmittanceControl::*(right_arm::RobotAdmittanceControl*, std::_Placeholder<1>, std::_Placeholder<2>))(const std::shared_ptr<rclcpp_action::ClientGoalHandle<robot_msgs::action::Screw> >&, const std::shared_ptr<robot_msgs::action::Screw_Feedback_<std::allocator<void> > >&)>]’
[2.927s] /home/yanji/robot_screwing/src/screw_robot_control/src/right_arm_control.cpp:527:115:   required from here
[2.927s] /usr/include/c++/13/type_traits:116:11: error: no type named ‘type’ in ‘struct std::enable_if<false, std::function<void(std::shared_ptr<rclcpp_action::ClientGoalHandle<robot_msgs::action::Screw> >, std::shared_ptr<const robot_msgs::action::Screw_Feedback_<std::allocator<void> > >)>&>’
[2.927s]   116 |     using __enable_if_t = typename enable_if<_Cond, _Tp>::type;
[2.927s]       |           ^~~~~~~~~~~~~
[2.927s] /usr/include/c++/13/bits/std_function.h:541:9: note: candidate: ‘template<class _Functor> std::function<_Res(_ArgTypes ...)>& std::function<_Res(_ArgTypes ...)>::operator=(std::reference_wrapper<_Functor>) [with _Res = void; _ArgTypes = {std::shared_ptr<rclcpp_action::ClientGoalHandle<robot_msgs::action::Screw> >, std::shared_ptr<const robot_msgs::action::Screw_Feedback_<std::allocator<void> > >}]’
[2.927s]   541 |         operator=(reference_wrapper<_Functor> __f) noexcept
[2.927s]       |         ^~~~~~~~
[2.927s] /usr/include/c++/13/bits/std_function.h:541:9: note:   template argument deduction/substitution failed:
[2.927s] /home/yanji/robot_screwing/src/screw_robot_control/src/right_arm_control.cpp:527:115: note:   ‘std::_Bind<void (right_arm::RobotAdmittanceControl::*(right_arm::RobotAdmittanceControl*, std::_Placeholder<1>, std::_Placeholder<2>))(const std::shared_ptr<rclcpp_action::ClientGoalHandle<robot_msgs::action::Screw> >&, const std::shared_ptr<robot_msgs::action::Screw_Feedback_<std::allocator<void> > >&)>’ is not derived from ‘std::reference_wrapper<_Tp>’
[2.927s]   527 |                 std::bind(&RobotAdmittanceControl::feedback_cb, this, std::placeholders::_1, std::placeholders::_2);
[2.927s]       |                                                                                                                   ^
[2.928s] /usr/include/c++/13/bits/std_function.h:469:7: note: candidate: ‘std::function<_Res(_ArgTypes ...)>& std::function<_Res(_ArgTypes ...)>::operator=(const std::function<_Res(_ArgTypes ...)>&) [with _Res = void; _ArgTypes = {std::shared_ptr<rclcpp_action::ClientGoalHandle<robot_msgs::action::Screw> >, std::shared_ptr<const robot_msgs::action::Screw_Feedback_<std::allocator<void> > >}]’
[2.928s]   469 |       operator=(const function& __x)
[2.928s]       |       ^~~~~~~~
[2.928s] /usr/include/c++/13/bits/std_function.h:469:33: note:   no known conversion for argument 1 from ‘std::_Bind_helper<false, void (right_arm::RobotAdmittanceControl::*)(const std::shared_ptr<rclcpp_action::ClientGoalHandle<robot_msgs::action::Screw> >&, const std::shared_ptr<robot_msgs::action::Screw_Feedback_<std::allocator<void> > >&), right_arm::RobotAdmittanceControl*, const std::_Placeholder<1>&, const std::_Placeholder<2>&>::type’ to ‘const std::function<void(std::shared_ptr<rclcpp_action::ClientGoalHandle<robot_msgs::action::Screw> >, std::shared_ptr<const robot_msgs::action::Screw_Feedback_<std::allocator<void> > >)>&’
[2.928s]   469 |       operator=(const function& __x)
[2.928s]       |                 ~~~~~~~~~~~~~~~~^~~
[2.928s] /usr/include/c++/13/bits/std_function.h:487:7: note: candidate: ‘std::function<_Res(_ArgTypes ...)>& std::function<_Res(_ArgTypes ...)>::operator=(std::function<_Res(_ArgTypes ...)>&&) [with _Res = void; _ArgTypes = {std::shared_ptr<rclcpp_action::ClientGoalHandle<robot_msgs::action::Screw> >, std::shared_ptr<const robot_msgs::action::Screw_Feedback_<std::allocator<void> > >}]’
[2.928s]   487 |       operator=(function&& __x) noexcept
[2.928s]       |       ^~~~~~~~
[2.928s] /usr/include/c++/13/bits/std_function.h:487:28: note:   no known conversion for argument 1 from ‘std::_Bind_helper<false, void (right_arm::RobotAdmittanceControl::*)(const std::shared_ptr<rclcpp_action::ClientGoalHandle<robot_msgs::action::Screw> >&, const std::shared_ptr<robot_msgs::action::Screw_Feedback_<std::allocator<void> > >&), right_arm::RobotAdmittanceControl*, const std::_Placeholder<1>&, const std::_Placeholder<2>&>::type’ to ‘std::function<void(std::shared_ptr<rclcpp_action::ClientGoalHandle<robot_msgs::action::Screw> >, std::shared_ptr<const robot_msgs::action::Screw_Feedback_<std::allocator<void> > >)>&&’
[2.928s]   487 |       operator=(function&& __x) noexcept
[2.928s]       |                 ~~~~~~~~~~~^~~
[2.928s] /usr/include/c++/13/bits/std_function.h:501:7: note: candidate: ‘std::function<_Res(_ArgTypes ...)>& std::function<_Res(_ArgTypes ...)>::operator=(std::nullptr_t) [with _Res = void; _ArgTypes = {std::shared_ptr<rclcpp_action::ClientGoalHandle<robot_msgs::action::Screw> >, std::shared_ptr<const robot_msgs::action::Screw_Feedback_<std::allocator<void> > >}; std::nullptr_t = std::nullptr_t]’
[2.928s]   501 |       operator=(nullptr_t) noexcept
[2.928s]       |       ^~~~~~~~
[2.928s] /usr/include/c++/13/bits/std_function.h:501:17: note:   no known conversion for argument 1 from ‘std::_Bind_helper<false, void (right_arm::RobotAdmittanceControl::*)(const std::shared_ptr<rclcpp_action::ClientGoalHandle<robot_msgs::action::Screw> >&, const std::shared_ptr<robot_msgs::action::Screw_Feedback_<std::allocator<void> > >&), right_arm::RobotAdmittanceControl*, const std::_Placeholder<1>&, const std::_Placeholder<2>&>::type’ to ‘std::nullptr_t’
[2.929s]   501 |       operator=(nullptr_t) noexcept
[2.929s]       |                 ^~~~~~~~~
[2.929s] /usr/include/c++/13/functional: In instantiation of ‘struct std::_Bind_check_arity<void (right_arm::RobotAdmittanceControl::*)(const rclcpp_action::ClientGoalHandle<robot_msgs::action::Screw>::WrappedResult&), right_arm::RobotAdmittanceControl*, const std::_Placeholder<1>&, const std::_Placeholder<2>&>’:
[2.929s] /usr/include/c++/13/functional:859:12:   required from ‘struct std::_Bind_helper<false, void (right_arm::RobotAdmittanceControl::*)(const rclcpp_action::ClientGoalHandle<robot_msgs::action::Screw>::WrappedResult&), right_arm::RobotAdmittanceControl*, const std::_Placeholder<1>&, const std::_Placeholder<2>&>’
[2.929s] /usr/include/c++/13/functional:881:5:   required by substitution of ‘template<class _Func, class ... _BoundArgs> typename std::_Bind_helper<std::__is_socketlike<_Func>::value, _Func, _BoundArgs ...>::type std::bind(_Func&&, _BoundArgs&& ...) [with _Func = void (right_arm::RobotAdmittanceControl::*)(const rclcpp_action::ClientGoalHandle<robot_msgs::action::Screw>::WrappedResult&); _BoundArgs = {right_arm::RobotAdmittanceControl*, const std::_Placeholder<1>&, const std::_Placeholder<2>&}]’
[2.929s] /home/yanji/robot_screwing/src/screw_robot_control/src/right_arm_control.cpp:529:26:   required from here
[2.929s] /usr/include/c++/13/functional:847:21: error: static assertion failed: Wrong number of arguments for pointer-to-member
[2.929s]   846 |       static_assert(_Varargs::value
[2.929s]       |                               ~~~~~
[2.929s]   847 |                     ? sizeof...(_BoundArgs) >= _Arity::value + 1
[2.929s]       |                     ^~~~~~~~~~~~~~~~~~~~~~~~~~~~~~~~~~~~~~~~~~~~
[2.930s]   848 |                     : sizeof...(_BoundArgs) == _Arity::value + 1,
[2.930s]       |                     ~~~~~~~~~~~~~~~~~~~~~~~~~~~~~~~~~~~~~~~~~~~~
[2.930s] /usr/include/c++/13/functional:847:21: note: ‘(false ? (3 >= (((long unsigned int)std::integral_constant<long unsigned int, 1>::value) + 1)) : (3 == (((long unsigned int)std::integral_constant<long unsigned int, 1>::value) + 1)))’ evaluates to false
[2.930s] /home/yanji/robot_screwing/src/screw_robot_control/src/right_arm_control.cpp:529:111: error: no match for ‘operator=’ (operand types are ‘rclcpp_action::Client<robot_msgs::action::Screw>::ResultCallback’ {aka ‘std::function<void(const rclcpp_action::ClientGoalHandle<robot_msgs::action::Screw>::WrappedResult&)>’} and ‘std::_Bind_helper<false, void (right_arm::RobotAdmittanceControl::*)(const rclcpp_action::ClientGoalHandle<robot_msgs::action::Screw>::WrappedResult&), right_arm::RobotAdmittanceControl*, const std::_Placeholder<1>&, const std::_Placeholder<2>&>::type’)
[2.930s]   529 |                 std::bind(&RobotAdmittanceControl::done_cb, this, std::placeholders::_1, std::placeholders::_2);
[2.930s]       |                                                                                                               ^
[2.930s] /usr/include/c++/13/bits/std_function.h:531:9: note: candidate: ‘template<class _Functor> std::function<_Res(_ArgTypes ...)>::_Requires<std::function<_Res(_ArgTypes ...)>::_Callable<_Functor>, std::function<_Res(_ArgTypes ...)>&> std::function<_Res(_ArgTypes ...)>::operator=(_Functor&&) [with _Res = void; _ArgTypes = {const rclcpp_action::ClientGoalHandle<robot_msgs::action::Screw>::WrappedResult&}]’
[2.930s]   531 |         operator=(_Functor&& __f)
[2.930s]       |         ^~~~~~~~
[2.930s] /usr/include/c++/13/bits/std_function.h:531:9: note:   template argument deduction/substitution failed:
[2.930s] /usr/include/c++/13/type_traits: In substitution of ‘template<bool _Cond, class _Tp> using std::__enable_if_t = typename std::enable_if::type [with bool _Cond = false; _Tp = std::function<void(const rclcpp_action::ClientGoalHandle<robot_msgs::action::Screw>::WrappedResult&)>&]’:
[2.930s] /usr/include/c++/13/bits/std_function.h:353:8:   required by substitution of ‘template<class _Res, class ... _ArgTypes> template<class _Cond, class _Tp> using std::function<_Res(_ArgTypes ...)>::_Requires = std::__enable_if_t<_Cond::value, _Tp> [with _Cond = std::function<void(const rclcpp_action::ClientGoalHandle<robot_msgs::action::Screw>::WrappedResult&)>::_Callable<std::_Bind<void (right_arm::RobotAdmittanceControl::*(right_arm::RobotAdmittanceControl*, std::_Placeholder<1>, std::_Placeholder<2>))(const rclcpp_action::ClientGoalHandle<robot_msgs::action::Screw>::WrappedResult&)>, std::_Bind<void (right_arm::RobotAdmittanceControl::*(right_arm::RobotAdmittanceControl*, std::_Placeholder<1>, std::_Placeholder<2>))(const rclcpp_action::ClientGoalHandle<robot_msgs::action::Screw>::WrappedResult&)>, std::__invoke_result<std::_Bind<void (right_arm::RobotAdmittanceControl::*(right_arm::RobotAdmittanceControl*, std::_Placeholder<1>, std::_Placeholder<2>))(const rclcpp_action::ClientGoalHandle<robot_msgs::action::Screw>::WrappedResult&)>&, const rclcpp_action::ClientGoalHandle<robot_msgs::action::Screw>::WrappedResult&> >; _Tp = std::function<void(const rclcpp_action::ClientGoalHandle<robot_msgs::action::Screw>::WrappedResult&)>&; _Res = void; _ArgTypes = {const rclcpp_action::ClientGoalHandle<robot_msgs::action::Screw>::WrappedResult&}]’
[2.930s] /usr/include/c++/13/bits/std_function.h:531:2:   required by substitution of ‘template<class _Functor> std::function<void(const rclcpp_action::ClientGoalHandle<robot_msgs::action::Screw>::WrappedResult&)>::_Requires<std::function<void(const rclcpp_action::ClientGoalHandle<robot_msgs::action::Screw>::WrappedResult&)>::_Callable<_Functor, typename std::enable_if<(! std::is_same<typename std::remove_cv<typename std::remove_reference<_Tp>::type>::type, std::function<void(const rclcpp_action::ClientGoalHandle<robot_msgs::action::Screw>::WrappedResult&)> >::value), std::decay<_Callable> >::type::type, std::__invoke_result<typename std::enable_if<(! std::is_same<typename std::remove_cv<typename std::remove_reference<_Tp>::type>::type, std::function<void(const rclcpp_action::ClientGoalHandle<robot_msgs::action::Screw>::WrappedResult&)> >::value), std::decay<_Callable> >::type::type&, const rclcpp_action::ClientGoalHandle<robot_msgs::action::Screw>::WrappedResult&> >, std::function<void(const rclcpp_action::ClientGoalHandle<robot_msgs::action::Screw>::WrappedResult&)>&> std::function<void(const rclcpp_action::ClientGoalHandle<robot_msgs::action::Screw>::WrappedResult&)>::operator=(_Functor&&) [with _Functor = std::_Bind<void (right_arm::RobotAdmittanceControl::*(right_arm::RobotAdmittanceControl*, std::_Placeholder<1>, std::_Placeholder<2>))(const rclcpp_action::ClientGoalHandle<robot_msgs::action::Screw>::WrappedResult&)>]’
[2.931s] /home/yanji/robot_screwing/src/screw_robot_control/src/right_arm_control.cpp:529:111:   required from here
[2.931s] /usr/include/c++/13/type_traits:116:11: error: no type named ‘type’ in ‘struct std::enable_if<false, std::function<void(const rclcpp_action::ClientGoalHandle<robot_msgs::action::Screw>::WrappedResult&)>&>’
[2.931s]   116 |     using __enable_if_t = typename enable_if<_Cond, _Tp>::type;
[2.931s]       |           ^~~~~~~~~~~~~
[2.931s] /usr/include/c++/13/bits/std_function.h:541:9: note: candidate: ‘template<class _Functor> std::function<_Res(_ArgTypes ...)>& std::function<_Res(_ArgTypes ...)>::operator=(std::reference_wrapper<_Functor>) [with _Res = void; _ArgTypes = {const rclcpp_action::ClientGoalHandle<robot_msgs::action::Screw>::WrappedResult&}]’
[2.931s]   541 |         operator=(reference_wrapper<_Functor> __f) noexcept
[2.931s]       |         ^~~~~~~~
[2.931s] /usr/include/c++/13/bits/std_function.h:541:9: note:   template argument deduction/substitution failed:
[2.931s] /home/yanji/robot_screwing/src/screw_robot_control/src/right_arm_control.cpp:529:111: note:   ‘std::_Bind<void (right_arm::RobotAdmittanceControl::*(right_arm::RobotAdmittanceControl*, std::_Placeholder<1>, std::_Placeholder<2>))(const rclcpp_action::ClientGoalHandle<robot_msgs::action::Screw>::WrappedResult&)>’ is not derived from ‘std::reference_wrapper<_Tp>’
[2.931s]   529 |                 std::bind(&RobotAdmittanceControl::done_cb, this, std::placeholders::_1, std::placeholders::_2);
[2.931s]       |                                                                                                               ^
[2.932s] /usr/include/c++/13/bits/std_function.h:469:7: note: candidate: ‘std::function<_Res(_ArgTypes ...)>& std::function<_Res(_ArgTypes ...)>::operator=(const std::function<_Res(_ArgTypes ...)>&) [with _Res = void; _ArgTypes = {const rclcpp_action::ClientGoalHandle<robot_msgs::action::Screw>::WrappedResult&}]’
[2.932s]   469 |       operator=(const function& __x)
[2.932s]       |       ^~~~~~~~
[2.932s] /usr/include/c++/13/bits/std_function.h:469:33: note:   no known conversion for argument 1 from ‘std::_Bind_helper<false, void (right_arm::RobotAdmittanceControl::*)(const rclcpp_action::ClientGoalHandle<robot_msgs::action::Screw>::WrappedResult&), right_arm::RobotAdmittanceControl*, const std::_Placeholder<1>&, const std::_Placeholder<2>&>::type’ to ‘const std::function<void(const rclcpp_action::ClientGoalHandle<robot_msgs::action::Screw>::WrappedResult&)>&’
[2.932s]   469 |       operator=(const function& __x)
[2.932s]       |                 ~~~~~~~~~~~~~~~~^~~
[2.932s] /usr/include/c++/13/bits/std_function.h:487:7: note: candidate: ‘std::function<_Res(_ArgTypes ...)>& std::function<_Res(_ArgTypes ...)>::operator=(std::function<_Res(_ArgTypes ...)>&&) [with _Res = void; _ArgTypes = {const rclcpp_action::ClientGoalHandle<robot_msgs::action::Screw>::WrappedResult&}]’
[2.932s]   487 |       operator=(function&& __x) noexcept
[2.932s]       |       ^~~~~~~~
[2.933s] /usr/include/c++/13/bits/std_function.h:487:28: note:   no known conversion for argument 1 from ‘std::_Bind_helper<false, void (right_arm::RobotAdmittanceControl::*)(const rclcpp_action::ClientGoalHandle<robot_msgs::action::Screw>::WrappedResult&), right_arm::RobotAdmittanceControl*, const std::_Placeholder<1>&, const std::_Placeholder<2>&>::type’ to ‘std::function<void(const rclcpp_action::ClientGoalHandle<robot_msgs::action::Screw>::WrappedResult&)>&&’
[2.933s]   487 |       operator=(function&& __x) noexcept
[2.933s]       |                 ~~~~~~~~~~~^~~
[2.933s] /usr/include/c++/13/bits/std_function.h:501:7: note: candidate: ‘std::function<_Res(_ArgTypes ...)>& std::function<_Res(_ArgTypes ...)>::operator=(std::nullptr_t) [with _Res = void; _ArgTypes = {const rclcpp_action::ClientGoalHandle<robot_msgs::action::Screw>::WrappedResult&}; std::nullptr_t = std::nullptr_t]’
[2.933s]   501 |       operator=(nullptr_t) noexcept
[2.933s]       |       ^~~~~~~~
[2.933s] /usr/include/c++/13/bits/std_function.h:501:17: note:   no known conversion for argument 1 from ‘std::_Bind_helper<false, void (right_arm::RobotAdmittanceControl::*)(const rclcpp_action::ClientGoalHandle<robot_msgs::action::Screw>::WrappedResult&), right_arm::RobotAdmittanceControl*, const std::_Placeholder<1>&, const std::_Placeholder<2>&>::type’ to ‘std::nullptr_t’
[2.933s]   501 |       operator=(nullptr_t) noexcept
[2.934s]       |                 ^~~~~~~~~
[2.934s] /home/yanji/robot_screwing/src/screw_robot_control/src/right_arm_control.cpp: In member function ‘void right_arm::RobotAdmittanceControl::grasp_obj()’:
[2.934s] /home/yanji/robot_screwing/src/screw_robot_control/src/right_arm_control.cpp:606:107: error: no match for ‘operator=’ (operand types are ‘rclcpp_action::Client<robot_msgs::action::Screw>::FeedbackCallback’ {aka ‘std::function<void(std::shared_ptr<rclcpp_action::ClientGoalHandle<robot_msgs::action::Screw> >, std::shared_ptr<const robot_msgs::action::Screw_Feedback_<std::allocator<void> > >)>’} and ‘std::_Bind_helper<false, void (right_arm::RobotAdmittanceControl::*)(const std::shared_ptr<rclcpp_action::ClientGoalHandle<robot_msgs::action::Screw> >&, const std::shared_ptr<robot_msgs::action::Screw_Feedback_<std::allocator<void> > >&), right_arm::RobotAdmittanceControl*, const std::_Placeholder<1>&, const std::_Placeholder<2>&>::type’)
[2.934s]   606 |         std::bind(&RobotAdmittanceControl::feedback_cb, this, std::placeholders::_1, std::placeholders::_2);
[2.934s]       |                                                                                                           ^
[2.934s] /usr/include/c++/13/bits/std_function.h:531:9: note: candidate: ‘template<class _Functor> std::function<_Res(_ArgTypes ...)>::_Requires<std::function<_Res(_ArgTypes ...)>::_Callable<_Functor>, std::function<_Res(_ArgTypes ...)>&> std::function<_Res(_ArgTypes ...)>::operator=(_Functor&&) [with _Res = void; _ArgTypes = {std::shared_ptr<rclcpp_action::ClientGoalHandle<robot_msgs::action::Screw> >, std::shared_ptr<const robot_msgs::action::Screw_Feedback_<std::allocator<void> > >}]’
[2.934s]   531 |         operator=(_Functor&& __f)
[2.934s]       |         ^~~~~~~~
[2.934s] /usr/include/c++/13/bits/std_function.h:531:9: note:   template argument deduction/substitution failed:
[2.934s] /usr/include/c++/13/bits/std_function.h:541:9: note: candidate: ‘template<class _Functor> std::function<_Res(_ArgTypes ...)>& std::function<_Res(_ArgTypes ...)>::operator=(std::reference_wrapper<_Functor>) [with _Res = void; _ArgTypes = {std::shared_ptr<rclcpp_action::ClientGoalHandle<robot_msgs::action::Screw> >, std::shared_ptr<const robot_msgs::action::Screw_Feedback_<std::allocator<void> > >}]’
[2.934s]   541 |         operator=(reference_wrapper<_Functor> __f) noexcept
[2.934s]       |         ^~~~~~~~
[2.934s] /usr/include/c++/13/bits/std_function.h:541:9: note:   template argument deduction/substitution failed:
[2.934s] /home/yanji/robot_screwing/src/screw_robot_control/src/right_arm_control.cpp:606:107: note:   ‘std::_Bind<void (right_arm::RobotAdmittanceControl::*(right_arm::RobotAdmittanceControl*, std::_Placeholder<1>, std::_Placeholder<2>))(const std::shared_ptr<rclcpp_action::ClientGoalHandle<robot_msgs::action::Screw> >&, const std::shared_ptr<robot_msgs::action::Screw_Feedback_<std::allocator<void> > >&)>’ is not derived from ‘std::reference_wrapper<_Tp>’
[2.935s]   606 |         std::bind(&RobotAdmittanceControl::feedback_cb, this, std::placeholders::_1, std::placeholders::_2);
[2.935s]       |                                                                                                           ^
[2.935s] /usr/include/c++/13/bits/std_function.h:469:7: note: candidate: ‘std::function<_Res(_ArgTypes ...)>& std::function<_Res(_ArgTypes ...)>::operator=(const std::function<_Res(_ArgTypes ...)>&) [with _Res = void; _ArgTypes = {std::shared_ptr<rclcpp_action::ClientGoalHandle<robot_msgs::action::Screw> >, std::shared_ptr<const robot_msgs::action::Screw_Feedback_<std::allocator<void> > >}]’
[2.935s]   469 |       operator=(const function& __x)
[2.935s]       |       ^~~~~~~~
[2.935s] /usr/include/c++/13/bits/std_function.h:469:33: note:   no known conversion for argument 1 from ‘std::_Bind_helper<false, void (right_arm::RobotAdmittanceControl::*)(const std::shared_ptr<rclcpp_action::ClientGoalHandle<robot_msgs::action::Screw> >&, const std::shared_ptr<robot_msgs::action::Screw_Feedback_<std::allocator<void> > >&), right_arm::RobotAdmittanceControl*, const std::_Placeholder<1>&, const std::_Placeholder<2>&>::type’ to ‘const std::function<void(std::shared_ptr<rclcpp_action::ClientGoalHandle<robot_msgs::action::Screw> >, std::shared_ptr<const robot_msgs::action::Screw_Feedback_<std::allocator<void> > >)>&’
[2.935s]   469 |       operator=(const function& __x)
[2.935s]       |                 ~~~~~~~~~~~~~~~~^~~
[2.935s] /usr/include/c++/13/bits/std_function.h:487:7: note: candidate: ‘std::function<_Res(_ArgTypes ...)>& std::function<_Res(_ArgTypes ...)>::operator=(std::function<_Res(_ArgTypes ...)>&&) [with _Res = void; _ArgTypes = {std::shared_ptr<rclcpp_action::ClientGoalHandle<robot_msgs::action::Screw> >, std::shared_ptr<const robot_msgs::action::Screw_Feedback_<std::allocator<void> > >}]’
[2.935s]   487 |       operator=(function&& __x) noexcept
[2.935s]       |       ^~~~~~~~
[2.935s] /usr/include/c++/13/bits/std_function.h:487:28: note:   no known conversion for argument 1 from ‘std::_Bind_helper<false, void (right_arm::RobotAdmittanceControl::*)(const std::shared_ptr<rclcpp_action::ClientGoalHandle<robot_msgs::action::Screw> >&, const std::shared_ptr<robot_msgs::action::Screw_Feedback_<std::allocator<void> > >&), right_arm::RobotAdmittanceControl*, const std::_Placeholder<1>&, const std::_Placeholder<2>&>::type’ to ‘std::function<void(std::shared_ptr<rclcpp_action::ClientGoalHandle<robot_msgs::action::Screw> >, std::shared_ptr<const robot_msgs::action::Screw_Feedback_<std::allocator<void> > >)>&&’
[2.935s]   487 |       operator=(function&& __x) noexcept
[2.935s]       |                 ~~~~~~~~~~~^~~
[2.935s] /usr/include/c++/13/bits/std_function.h:501:7: note: candidate: ‘std::function<_Res(_ArgTypes ...)>& std::function<_Res(_ArgTypes ...)>::operator=(std::nullptr_t) [with _Res = void; _ArgTypes = {std::shared_ptr<rclcpp_action::ClientGoalHandle<robot_msgs::action::Screw> >, std::shared_ptr<const robot_msgs::action::Screw_Feedback_<std::allocator<void> > >}; std::nullptr_t = std::nullptr_t]’
[2.935s]   501 |       operator=(nullptr_t) noexcept
[2.935s]       |       ^~~~~~~~
[2.935s] /usr/include/c++/13/bits/std_function.h:501:17: note:   no known conversion for argument 1 from ‘std::_Bind_helper<false, void (right_arm::RobotAdmittanceControl::*)(const std::shared_ptr<rclcpp_action::ClientGoalHandle<robot_msgs::action::Screw> >&, const std::shared_ptr<robot_msgs::action::Screw_Feedback_<std::allocator<void> > >&), right_arm::RobotAdmittanceControl*, const std::_Placeholder<1>&, const std::_Placeholder<2>&>::type’ to ‘std::nullptr_t’
[2.935s]   501 |       operator=(nullptr_t) noexcept
[2.935s]       |                 ^~~~~~~~~
[2.935s] /home/yanji/robot_screwing/src/screw_robot_control/src/right_arm_control.cpp:608:103: error: no match for ‘operator=’ (operand types are ‘rclcpp_action::Client<robot_msgs::action::Screw>::ResultCallback’ {aka ‘std::function<void(const rclcpp_action::ClientGoalHandle<robot_msgs::action::Screw>::WrappedResult&)>’} and ‘std::_Bind_helper<false, void (right_arm::RobotAdmittanceControl::*)(const rclcpp_action::ClientGoalHandle<robot_msgs::action::Screw>::WrappedResult&), right_arm::RobotAdmittanceControl*, const std::_Placeholder<1>&, const std::_Placeholder<2>&>::type’)
[2.935s]   608 |         std::bind(&RobotAdmittanceControl::done_cb, this, std::placeholders::_1, std::placeholders::_2);
[2.935s]       |                                                                                                       ^
[2.935s] /usr/include/c++/13/bits/std_function.h:531:9: note: candidate: ‘template<class _Functor> std::function<_Res(_ArgTypes ...)>::_Requires<std::function<_Res(_ArgTypes ...)>::_Callable<_Functor>, std::function<_Res(_ArgTypes ...)>&> std::function<_Res(_ArgTypes ...)>::operator=(_Functor&&) [with _Res = void; _ArgTypes = {const rclcpp_action::ClientGoalHandle<robot_msgs::action::Screw>::WrappedResult&}]’
[2.935s]   531 |         operator=(_Functor&& __f)
[2.935s]       |         ^~~~~~~~
[2.935s] /usr/include/c++/13/bits/std_function.h:531:9: note:   template argument deduction/substitution failed:
[2.935s] /usr/include/c++/13/bits/std_function.h:541:9: note: candidate: ‘template<class _Functor> std::function<_Res(_ArgTypes ...)>& std::function<_Res(_ArgTypes ...)>::operator=(std::reference_wrapper<_Functor>) [with _Res = void; _ArgTypes = {const rclcpp_action::ClientGoalHandle<robot_msgs::action::Screw>::WrappedResult&}]’
[2.935s]   541 |         operator=(reference_wrapper<_Functor> __f) noexcept
[2.935s]       |         ^~~~~~~~
[2.935s] /usr/include/c++/13/bits/std_function.h:541:9: note:   template argument deduction/substitution failed:
[2.935s] /home/yanji/robot_screwing/src/screw_robot_control/src/right_arm_control.cpp:608:103: note:   ‘std::_Bind<void (right_arm::RobotAdmittanceControl::*(right_arm::RobotAdmittanceControl*, std::_Placeholder<1>, std::_Placeholder<2>))(const rclcpp_action::ClientGoalHandle<robot_msgs::action::Screw>::WrappedResult&)>’ is not derived from ‘std::reference_wrapper<_Tp>’
[2.936s]   608 |         std::bind(&RobotAdmittanceControl::done_cb, this, std::placeholders::_1, std::placeholders::_2);
[2.936s]       |                                                                                                       ^
[2.936s] /usr/include/c++/13/bits/std_function.h:469:7: note: candidate: ‘std::function<_Res(_ArgTypes ...)>& std::function<_Res(_ArgTypes ...)>::operator=(const std::function<_Res(_ArgTypes ...)>&) [with _Res = void; _ArgTypes = {const rclcpp_action::ClientGoalHandle<robot_msgs::action::Screw>::WrappedResult&}]’
[2.936s]   469 |       operator=(const function& __x)
[2.936s]       |       ^~~~~~~~
[2.936s] /usr/include/c++/13/bits/std_function.h:469:33: note:   no known conversion for argument 1 from ‘std::_Bind_helper<false, void (right_arm::RobotAdmittanceControl::*)(const rclcpp_action::ClientGoalHandle<robot_msgs::action::Screw>::WrappedResult&), right_arm::RobotAdmittanceControl*, const std::_Placeholder<1>&, const std::_Placeholder<2>&>::type’ to ‘const std::function<void(const rclcpp_action::ClientGoalHandle<robot_msgs::action::Screw>::WrappedResult&)>&’
[2.936s]   469 |       operator=(const function& __x)
[2.936s]       |                 ~~~~~~~~~~~~~~~~^~~
[2.936s] /usr/include/c++/13/bits/std_function.h:487:7: note: candidate: ‘std::function<_Res(_ArgTypes ...)>& std::function<_Res(_ArgTypes ...)>::operator=(std::function<_Res(_ArgTypes ...)>&&) [with _Res = void; _ArgTypes = {const rclcpp_action::ClientGoalHandle<robot_msgs::action::Screw>::WrappedResult&}]’
[2.936s]   487 |       operator=(function&& __x) noexcept
[2.936s]       |       ^~~~~~~~
[2.936s] /usr/include/c++/13/bits/std_function.h:487:28: note:   no known conversion for argument 1 from ‘std::_Bind_helper<false, void (right_arm::RobotAdmittanceControl::*)(const rclcpp_action::ClientGoalHandle<robot_msgs::action::Screw>::WrappedResult&), right_arm::RobotAdmittanceControl*, const std::_Placeholder<1>&, const std::_Placeholder<2>&>::type’ to ‘std::function<void(const rclcpp_action::ClientGoalHandle<robot_msgs::action::Screw>::WrappedResult&)>&&’
[2.936s]   487 |       operator=(function&& __x) noexcept
[2.936s]       |                 ~~~~~~~~~~~^~~
[2.936s] /usr/include/c++/13/bits/std_function.h:501:7: note: candidate: ‘std::function<_Res(_ArgTypes ...)>& std::function<_Res(_ArgTypes ...)>::operator=(std::nullptr_t) [with _Res = void; _ArgTypes = {const rclcpp_action::ClientGoalHandle<robot_msgs::action::Screw>::WrappedResult&}; std::nullptr_t = std::nullptr_t]’
[2.936s]   501 |       operator=(nullptr_t) noexcept
[2.936s]       |       ^~~~~~~~
[2.936s] /usr/include/c++/13/bits/std_function.h:501:17: note:   no known conversion for argument 1 from ‘std::_Bind_helper<false, void (right_arm::RobotAdmittanceControl::*)(const rclcpp_action::ClientGoalHandle<robot_msgs::action::Screw>::WrappedResult&), right_arm::RobotAdmittanceControl*, const std::_Placeholder<1>&, const std::_Placeholder<2>&>::type’ to ‘std::nullptr_t’
[2.936s]   501 |       operator=(nullptr_t) noexcept
[2.936s]       |                 ^~~~~~~~~
[2.936s] /home/yanji/robot_screwing/src/screw_robot_control/src/right_arm_control.cpp: In member function ‘void right_arm::RobotAdmittanceControl::robot_finish()’:
[2.936s] /home/yanji/robot_screwing/src/screw_robot_control/src/right_arm_control.cpp:638:107: error: no match for ‘operator=’ (operand types are ‘rclcpp_action::Client<robot_msgs::action::Screw>::FeedbackCallback’ {aka ‘std::function<void(std::shared_ptr<rclcpp_action::ClientGoalHandle<robot_msgs::action::Screw> >, std::shared_ptr<const robot_msgs::action::Screw_Feedback_<std::allocator<void> > >)>’} and ‘std::_Bind_helper<false, void (right_arm::RobotAdmittanceControl::*)(const std::shared_ptr<rclcpp_action::ClientGoalHandle<robot_msgs::action::Screw> >&, const std::shared_ptr<robot_msgs::action::Screw_Feedback_<std::allocator<void> > >&), right_arm::RobotAdmittanceControl*, const std::_Placeholder<1>&, const std::_Placeholder<2>&>::type’)
[2.936s]   638 |         std::bind(&RobotAdmittanceControl::feedback_cb, this, std::placeholders::_1, std::placeholders::_2);
[2.936s]       |                                                                                                           ^
[2.936s] /usr/include/c++/13/bits/std_function.h:531:9: note: candidate: ‘template<class _Functor> std::function<_Res(_ArgTypes ...)>::_Requires<std::function<_Res(_ArgTypes ...)>::_Callable<_Functor>, std::function<_Res(_ArgTypes ...)>&> std::function<_Res(_ArgTypes ...)>::operator=(_Functor&&) [with _Res = void; _ArgTypes = {std::shared_ptr<rclcpp_action::ClientGoalHandle<robot_msgs::action::Screw> >, std::shared_ptr<const robot_msgs::action::Screw_Feedback_<std::allocator<void> > >}]’
[2.936s]   531 |         operator=(_Functor&& __f)
[2.936s]       |         ^~~~~~~~
[2.936s] /usr/include/c++/13/bits/std_function.h:531:9: note:   template argument deduction/substitution failed:
[2.936s] /usr/include/c++/13/bits/std_function.h:541:9: note: candidate: ‘template<class _Functor> std::function<_Res(_ArgTypes ...)>& std::function<_Res(_ArgTypes ...)>::operator=(std::reference_wrapper<_Functor>) [with _Res = void; _ArgTypes = {std::shared_ptr<rclcpp_action::ClientGoalHandle<robot_msgs::action::Screw> >, std::shared_ptr<const robot_msgs::action::Screw_Feedback_<std::allocator<void> > >}]’
[2.936s]   541 |         operator=(reference_wrapper<_Functor> __f) noexcept
[2.936s]       |         ^~~~~~~~
[2.936s] /usr/include/c++/13/bits/std_function.h:541:9: note:   template argument deduction/substitution failed:
[2.936s] /home/yanji/robot_screwing/src/screw_robot_control/src/right_arm_control.cpp:638:107: note:   ‘std::_Bind<void (right_arm::RobotAdmittanceControl::*(right_arm::RobotAdmittanceControl*, std::_Placeholder<1>, std::_Placeholder<2>))(const std::shared_ptr<rclcpp_action::ClientGoalHandle<robot_msgs::action::Screw> >&, const std::shared_ptr<robot_msgs::action::Screw_Feedback_<std::allocator<void> > >&)>’ is not derived from ‘std::reference_wrapper<_Tp>’
[2.936s]   638 |         std::bind(&RobotAdmittanceControl::feedback_cb, this, std::placeholders::_1, std::placeholders::_2);
[2.936s]       |                                                                                                           ^
[2.936s] /usr/include/c++/13/bits/std_function.h:469:7: note: candidate: ‘std::function<_Res(_ArgTypes ...)>& std::function<_Res(_ArgTypes ...)>::operator=(const std::function<_Res(_ArgTypes ...)>&) [with _Res = void; _ArgTypes = {std::shared_ptr<rclcpp_action::ClientGoalHandle<robot_msgs::action::Screw> >, std::shared_ptr<const robot_msgs::action::Screw_Feedback_<std::allocator<void> > >}]’
[2.936s]   469 |       operator=(const function& __x)
[2.936s]       |       ^~~~~~~~
[2.936s] /usr/include/c++/13/bits/std_function.h:469:33: note:   no known conversion for argument 1 from ‘std::_Bind_helper<false, void (right_arm::RobotAdmittanceControl::*)(const std::shared_ptr<rclcpp_action::ClientGoalHandle<robot_msgs::action::Screw> >&, const std::shared_ptr<robot_msgs::action::Screw_Feedback_<std::allocator<void> > >&), right_arm::RobotAdmittanceControl*, const std::_Placeholder<1>&, const std::_Placeholder<2>&>::type’ to ‘const std::function<void(std::shared_ptr<rclcpp_action::ClientGoalHandle<robot_msgs::action::Screw> >, std::shared_ptr<const robot_msgs::action::Screw_Feedback_<std::allocator<void> > >)>&’
[2.936s]   469 |       operator=(const function& __x)
[2.936s]       |                 ~~~~~~~~~~~~~~~~^~~
[2.936s] /usr/include/c++/13/bits/std_function.h:487:7: note: candidate: ‘std::function<_Res(_ArgTypes ...)>& std::function<_Res(_ArgTypes ...)>::operator=(std::function<_Res(_ArgTypes ...)>&&) [with _Res = void; _ArgTypes = {std::shared_ptr<rclcpp_action::ClientGoalHandle<robot_msgs::action::Screw> >, std::shared_ptr<const robot_msgs::action::Screw_Feedback_<std::allocator<void> > >}]’
[2.937s]   487 |       operator=(function&& __x) noexcept
[2.937s]       |       ^~~~~~~~
[2.937s] /usr/include/c++/13/bits/std_function.h:487:28: note:   no known conversion for argument 1 from ‘std::_Bind_helper<false, void (right_arm::RobotAdmittanceControl::*)(const std::shared_ptr<rclcpp_action::ClientGoalHandle<robot_msgs::action::Screw> >&, const std::shared_ptr<robot_msgs::action::Screw_Feedback_<std::allocator<void> > >&), right_arm::RobotAdmittanceControl*, const std::_Placeholder<1>&, const std::_Placeholder<2>&>::type’ to ‘std::function<void(std::shared_ptr<rclcpp_action::ClientGoalHandle<robot_msgs::action::Screw> >, std::shared_ptr<const robot_msgs::action::Screw_Feedback_<std::allocator<void> > >)>&&’
[2.937s]   487 |       operator=(function&& __x) noexcept
[2.937s]       |                 ~~~~~~~~~~~^~~
[2.937s] /usr/include/c++/13/bits/std_function.h:501:7: note: candidate: ‘std::function<_Res(_ArgTypes ...)>& std::function<_Res(_ArgTypes ...)>::operator=(std::nullptr_t) [with _Res = void; _ArgTypes = {std::shared_ptr<rclcpp_action::ClientGoalHandle<robot_msgs::action::Screw> >, std::shared_ptr<const robot_msgs::action::Screw_Feedback_<std::allocator<void> > >}; std::nullptr_t = std::nullptr_t]’
[2.937s]   501 |       operator=(nullptr_t) noexcept
[2.937s]       |       ^~~~~~~~
[2.937s] /usr/include/c++/13/bits/std_function.h:501:17: note:   no known conversion for argument 1 from ‘std::_Bind_helper<false, void (right_arm::RobotAdmittanceControl::*)(const std::shared_ptr<rclcpp_action::ClientGoalHandle<robot_msgs::action::Screw> >&, const std::shared_ptr<robot_msgs::action::Screw_Feedback_<std::allocator<void> > >&), right_arm::RobotAdmittanceControl*, const std::_Placeholder<1>&, const std::_Placeholder<2>&>::type’ to ‘std::nullptr_t’
[2.937s]   501 |       operator=(nullptr_t) noexcept
[2.937s]       |                 ^~~~~~~~~
[2.937s] /home/yanji/robot_screwing/src/screw_robot_control/src/right_arm_control.cpp:640:103: error: no match for ‘operator=’ (operand types are ‘rclcpp_action::Client<robot_msgs::action::Screw>::ResultCallback’ {aka ‘std::function<void(const rclcpp_action::ClientGoalHandle<robot_msgs::action::Screw>::WrappedResult&)>’} and ‘std::_Bind_helper<false, void (right_arm::RobotAdmittanceControl::*)(const rclcpp_action::ClientGoalHandle<robot_msgs::action::Screw>::WrappedResult&), right_arm::RobotAdmittanceControl*, const std::_Placeholder<1>&, const std::_Placeholder<2>&>::type’)
[2.937s]   640 |         std::bind(&RobotAdmittanceControl::done_cb, this, std::placeholders::_1, std::placeholders::_2);
[2.937s]       |                                                                                                       ^
[2.937s] /usr/include/c++/13/bits/std_function.h:531:9: note: candidate: ‘template<class _Functor> std::function<_Res(_ArgTypes ...)>::_Requires<std::function<_Res(_ArgTypes ...)>::_Callable<_Functor>, std::function<_Res(_ArgTypes ...)>&> std::function<_Res(_ArgTypes ...)>::operator=(_Functor&&) [with _Res = void; _ArgTypes = {const rclcpp_action::ClientGoalHandle<robot_msgs::action::Screw>::WrappedResult&}]’
[2.937s]   531 |         operator=(_Functor&& __f)
[2.937s]       |         ^~~~~~~~
[2.937s] /usr/include/c++/13/bits/std_function.h:531:9: note:   template argument deduction/substitution failed:
[2.937s] /usr/include/c++/13/bits/std_function.h:541:9: note: candidate: ‘template<class _Functor> std::function<_Res(_ArgTypes ...)>& std::function<_Res(_ArgTypes ...)>::operator=(std::reference_wrapper<_Functor>) [with _Res = void; _ArgTypes = {const rclcpp_action::ClientGoalHandle<robot_msgs::action::Screw>::WrappedResult&}]’
[2.937s]   541 |         operator=(reference_wrapper<_Functor> __f) noexcept
[2.937s]       |         ^~~~~~~~
[2.937s] /usr/include/c++/13/bits/std_function.h:541:9: note:   template argument deduction/substitution failed:
[2.937s] /home/yanji/robot_screwing/src/screw_robot_control/src/right_arm_control.cpp:640:103: note:   ‘std::_Bind<void (right_arm::RobotAdmittanceControl::*(right_arm::RobotAdmittanceControl*, std::_Placeholder<1>, std::_Placeholder<2>))(const rclcpp_action::ClientGoalHandle<robot_msgs::action::Screw>::WrappedResult&)>’ is not derived from ‘std::reference_wrapper<_Tp>’
[2.937s]   640 |         std::bind(&RobotAdmittanceControl::done_cb, this, std::placeholders::_1, std::placeholders::_2);
[2.937s]       |                                                                                                       ^
[2.937s] /usr/include/c++/13/bits/std_function.h:469:7: note: candidate: ‘std::function<_Res(_ArgTypes ...)>& std::function<_Res(_ArgTypes ...)>::operator=(const std::function<_Res(_ArgTypes ...)>&) [with _Res = void; _ArgTypes = {const rclcpp_action::ClientGoalHandle<robot_msgs::action::Screw>::WrappedResult&}]’
[2.937s]   469 |       operator=(const function& __x)
[2.937s]       |       ^~~~~~~~
[2.937s] /usr/include/c++/13/bits/std_function.h:469:33: note:   no known conversion for argument 1 from ‘std::_Bind_helper<false, void (right_arm::RobotAdmittanceControl::*)(const rclcpp_action::ClientGoalHandle<robot_msgs::action::Screw>::WrappedResult&), right_arm::RobotAdmittanceControl*, const std::_Placeholder<1>&, const std::_Placeholder<2>&>::type’ to ‘const std::function<void(const rclcpp_action::ClientGoalHandle<robot_msgs::action::Screw>::WrappedResult&)>&’
[2.937s]   469 |       operator=(const function& __x)
[2.937s]       |                 ~~~~~~~~~~~~~~~~^~~
[2.937s] /usr/include/c++/13/bits/std_function.h:487:7: note: candidate: ‘std::function<_Res(_ArgTypes ...)>& std::function<_Res(_ArgTypes ...)>::operator=(std::function<_Res(_ArgTypes ...)>&&) [with _Res = void; _ArgTypes = {const rclcpp_action::ClientGoalHandle<robot_msgs::action::Screw>::WrappedResult&}]’
[2.937s]   487 |       operator=(function&& __x) noexcept
[2.937s]       |       ^~~~~~~~
[2.937s] /usr/include/c++/13/bits/std_function.h:487:28: note:   no known conversion for argument 1 from ‘std::_Bind_helper<false, void (right_arm::RobotAdmittanceControl::*)(const rclcpp_action::ClientGoalHandle<robot_msgs::action::Screw>::WrappedResult&), right_arm::RobotAdmittanceControl*, const std::_Placeholder<1>&, const std::_Placeholder<2>&>::type’ to ‘std::function<void(const rclcpp_action::ClientGoalHandle<robot_msgs::action::Screw>::WrappedResult&)>&&’
[2.937s]   487 |       operator=(function&& __x) noexcept
[2.937s]       |                 ~~~~~~~~~~~^~~
[2.937s] /usr/include/c++/13/bits/std_function.h:501:7: note: candidate: ‘std::function<_Res(_ArgTypes ...)>& std::function<_Res(_ArgTypes ...)>::operator=(std::nullptr_t) [with _Res = void; _ArgTypes = {const rclcpp_action::ClientGoalHandle<robot_msgs::action::Screw>::WrappedResult&}; std::nullptr_t = std::nullptr_t]’
[2.937s]   501 |       operator=(nullptr_t) noexcept
[2.937s]       |       ^~~~~~~~
[2.937s] /usr/include/c++/13/bits/std_function.h:501:17: note:   no known conversion for argument 1 from ‘std::_Bind_helper<false, void (right_arm::RobotAdmittanceControl::*)(const rclcpp_action::ClientGoalHandle<robot_msgs::action::Screw>::WrappedResult&), right_arm::RobotAdmittanceControl*, const std::_Placeholder<1>&, const std::_Placeholder<2>&>::type’ to ‘std::nullptr_t’
[2.937s]   501 |       operator=(nullptr_t) noexcept
[2.937s]       |                 ^~~~~~~~~
[2.938s] make[2]: *** [CMakeFiles/right_arm_control.dir/build.make:63：CMakeFiles/right_arm_control.dir/src/right_arm_control.cpp.o] 错误 1
[2.938s] make[1]: *** [CMakeFiles/Makefile2:113：CMakeFiles/right_arm_control.dir/all] 错误 2
[2.938s] make: *** [Makefile:141：all] 错误 2
[2.938s] Invoked command in '/home/yanji/robot_screwing/build/screw_robot_control' returned '2': CMAKE_PREFIX_PATH=/home/yanji/robot_screwing/install/robot_msgs:/home/yanji/robot_screwing/install/screw_robot_control:/home/yanji/robot_screwing/install/real_robot:/home/yanji/robot_screwing/install/mj_sim:/opt/ros/foxy CONDA_PROMPT_MODIFIER=(screwrobot) LD_LIBRARY_PATH=/home/yanji/robot_screwing/install/robot_msgs/lib:/lib/x86_64-linux-gnu:/usr/lib/x86_64-linux-gnu:/home/yanji/robot_screwing/install/screw_robot_control/lib:/opt/ros/foxy/opt/yaml_cpp_vendor/lib:/opt/ros/foxy/opt/rviz_ogre_vendor/lib:/opt/ros/foxy/lib/x86_64-linux-gnu:/opt/ros/foxy/lib:/lib/x86_64-linux-gnu:/usr/lib/x86_64-linux-gnu:/usr/local/cuda/lib64:/usr/local/cuda/lib64 /usr/bin/cmake --build /home/yanji/robot_screwing/build/screw_robot_control -- -j24 -l24
