[0.012s] Invoking command in '/home/yanji/robot_screwing/src/build/robot_msgs': CMAKE_PREFIX_PATH=${CMAKE_PREFIX_PATH}:/home/yanji/robot_screwing/install/real_robot:/home/yanji/robot_screwing/install/mj_sim:/opt/ros/foxy CONDA_PROMPT_MODIFIER=(screwrobot) /usr/bin/cmake --build /home/yanji/robot_screwing/src/build/robot_msgs -- -j24 -l24
[0.235s] [35m[1mScanning dependencies of target robot_msgs__cpp[0m
[0.236s] [  1%] [34m[1mGenerating C code for ROS interfaces[0m
[0.236s] [  2%] [34m[1mGenerating C++ code for ROS interfaces[0m
[0.499s] [  2%] Built target robot_msgs__cpp
[0.504s] [  5%] [34m[1mGenerating C++ type support for eProsima Fast-RTPS[0m
[0.504s] [  5%] [34m[1mGenerating C++ introspection for ROS interfaces[0m
[0.504s] [  5%] [34m[1mGenerating C++ type support dispatch for ROS interfaces[0m
[0.528s] [35m[1mScanning dependencies of target robot_msgs__rosidl_generator_c[0m
[0.535s] [  6%] [32mBuilding C object CMakeFiles/robot_msgs__rosidl_generator_c.dir/rosidl_generator_c/robot_msgs/msg/detail/ft_pub__functions.c.o[0m
[0.536s] [  7%] [32mBuilding C object CMakeFiles/robot_msgs__rosidl_generator_c.dir/rosidl_generator_c/robot_msgs/msg/detail/width_pub__functions.c.o[0m
[0.536s] [  8%] [32mBuilding C object CMakeFiles/robot_msgs__rosidl_generator_c.dir/rosidl_generator_c/robot_msgs/srv/detail/start_pose__functions.c.o[0m
[0.537s] [ 10%] [32mBuilding C object CMakeFiles/robot_msgs__rosidl_generator_c.dir/rosidl_generator_c/robot_msgs/msg/detail/control_command__functions.c.o[0m
[0.537s] [ 10%] [32mBuilding C object CMakeFiles/robot_msgs__rosidl_generator_c.dir/rosidl_generator_c/robot_msgs/msg/detail/robot_status__functions.c.o[0m
[0.537s] [ 11%] [32mBuilding C object CMakeFiles/robot_msgs__rosidl_generator_c.dir/rosidl_generator_c/robot_msgs/msg/detail/ref_status__functions.c.o[0m
[0.537s] [ 12%] [32mBuilding C object CMakeFiles/robot_msgs__rosidl_generator_c.dir/rosidl_generator_c/robot_msgs/srv/detail/start_rotation__functions.c.o[0m
[0.537s] [ 13%] [32mBuilding C object CMakeFiles/robot_msgs__rosidl_generator_c.dir/rosidl_generator_c/robot_msgs/action/detail/screw__functions.c.o[0m
[0.537s] [ 14%] [32mBuilding C object CMakeFiles/robot_msgs__rosidl_generator_c.dir/rosidl_generator_c/robot_msgs/msg/detail/current_pub__functions.c.o[0m
[0.625s] [ 15%] [32m[1mLinking C shared library librobot_msgs__rosidl_generator_c.so[0m
[0.643s] [ 15%] Built target robot_msgs__rosidl_generator_c
[0.648s] [ 17%] [34m[1mGenerating C type support dispatch for ROS interfaces[0m
[0.648s] [ 17%] [34m[1mGenerating C introspection for ROS interfaces[0m
[0.857s] [35m[1mScanning dependencies of target robot_msgs__rosidl_typesupport_cpp[0m
[0.864s] [ 18%] [32mBuilding CXX object CMakeFiles/robot_msgs__rosidl_typesupport_cpp.dir/rosidl_typesupport_cpp/robot_msgs/msg/ft_pub__type_support.cpp.o[0m
[0.867s] [ 20%] [32mBuilding CXX object CMakeFiles/robot_msgs__rosidl_typesupport_cpp.dir/rosidl_typesupport_cpp/robot_msgs/msg/robot_status__type_support.cpp.o[0m
[0.867s] [ 21%] [32mBuilding CXX object CMakeFiles/robot_msgs__rosidl_typesupport_cpp.dir/rosidl_typesupport_cpp/robot_msgs/action/screw__type_support.cpp.o[0m
[0.867s] [ 22%] [32mBuilding CXX object CMakeFiles/robot_msgs__rosidl_typesupport_cpp.dir/rosidl_typesupport_cpp/robot_msgs/msg/control_command__type_support.cpp.o[0m
[0.868s] [ 23%] [32mBuilding CXX object CMakeFiles/robot_msgs__rosidl_typesupport_cpp.dir/rosidl_typesupport_cpp/robot_msgs/msg/current_pub__type_support.cpp.o[0m
[0.869s] [ 24%] [32mBuilding CXX object CMakeFiles/robot_msgs__rosidl_typesupport_cpp.dir/rosidl_typesupport_cpp/robot_msgs/msg/ref_status__type_support.cpp.o[0m
[0.869s] [ 25%] [32mBuilding CXX object CMakeFiles/robot_msgs__rosidl_typesupport_cpp.dir/rosidl_typesupport_cpp/robot_msgs/srv/start_rotation__type_support.cpp.o[0m
[0.870s] [ 26%] [32mBuilding CXX object CMakeFiles/robot_msgs__rosidl_typesupport_cpp.dir/rosidl_typesupport_cpp/robot_msgs/srv/start_pose__type_support.cpp.o[0m
[0.871s] [ 27%] [32mBuilding CXX object CMakeFiles/robot_msgs__rosidl_typesupport_cpp.dir/rosidl_typesupport_cpp/robot_msgs/msg/width_pub__type_support.cpp.o[0m
[0.907s] [35m[1mScanning dependencies of target robot_msgs__rosidl_typesupport_introspection_cpp[0m
[0.921s] [ 29%] [32mBuilding CXX object CMakeFiles/robot_msgs__rosidl_typesupport_introspection_cpp.dir/rosidl_typesupport_introspection_cpp/robot_msgs/msg/detail/control_command__type_support.cpp.o[0m
[0.921s] [ 29%] [32mBuilding CXX object CMakeFiles/robot_msgs__rosidl_typesupport_introspection_cpp.dir/rosidl_typesupport_introspection_cpp/robot_msgs/msg/detail/ft_pub__type_support.cpp.o[0m
[0.921s] [ 30%] [32mBuilding CXX object CMakeFiles/robot_msgs__rosidl_typesupport_introspection_cpp.dir/rosidl_typesupport_introspection_cpp/robot_msgs/msg/detail/ref_status__type_support.cpp.o[0m
[0.922s] [ 31%] [32mBuilding CXX object CMakeFiles/robot_msgs__rosidl_typesupport_introspection_cpp.dir/rosidl_typesupport_introspection_cpp/robot_msgs/srv/detail/start_rotation__type_support.cpp.o[0m
[0.923s] [ 33%] [32mBuilding CXX object CMakeFiles/robot_msgs__rosidl_typesupport_introspection_cpp.dir/rosidl_typesupport_introspection_cpp/robot_msgs/srv/detail/start_pose__type_support.cpp.o[0m
[0.923s] [ 33%] [32mBuilding CXX object CMakeFiles/robot_msgs__rosidl_typesupport_introspection_cpp.dir/rosidl_typesupport_introspection_cpp/robot_msgs/msg/detail/current_pub__type_support.cpp.o[0m
[0.923s] [ 34%] [32mBuilding CXX object CMakeFiles/robot_msgs__rosidl_typesupport_introspection_cpp.dir/rosidl_typesupport_introspection_cpp/robot_msgs/msg/detail/robot_status__type_support.cpp.o[0m
[0.923s] [ 35%] [32mBuilding CXX object CMakeFiles/robot_msgs__rosidl_typesupport_introspection_cpp.dir/rosidl_typesupport_introspection_cpp/robot_msgs/msg/detail/width_pub__type_support.cpp.o[0m
[0.928s] [ 36%] [32mBuilding CXX object CMakeFiles/robot_msgs__rosidl_typesupport_introspection_cpp.dir/rosidl_typesupport_introspection_cpp/robot_msgs/action/detail/screw__type_support.cpp.o[0m
[1.004s] [35m[1mScanning dependencies of target robot_msgs__rosidl_typesupport_fastrtps_cpp[0m
[1.047s] [ 41%] [32mBuilding CXX object CMakeFiles/robot_msgs__rosidl_typesupport_fastrtps_cpp.dir/rosidl_typesupport_fastrtps_cpp/robot_msgs/msg/detail/dds_fastrtps/control_command__type_support.cpp.o[0m
[1.047s] [ 41%] [32mBuilding CXX object CMakeFiles/robot_msgs__rosidl_typesupport_fastrtps_cpp.dir/rosidl_typesupport_fastrtps_cpp/robot_msgs/msg/detail/dds_fastrtps/ref_status__type_support.cpp.o[0m
[1.047s] [ 41%] [32mBuilding CXX object CMakeFiles/robot_msgs__rosidl_typesupport_fastrtps_cpp.dir/rosidl_typesupport_fastrtps_cpp/robot_msgs/msg/detail/dds_fastrtps/ft_pub__type_support.cpp.o[0m
[1.048s] [ 41%] [32mBuilding CXX object CMakeFiles/robot_msgs__rosidl_typesupport_fastrtps_cpp.dir/rosidl_typesupport_fastrtps_cpp/robot_msgs/msg/detail/dds_fastrtps/robot_status__type_support.cpp.o[0m
[1.103s] [ 42%] [32mBuilding CXX object CMakeFiles/robot_msgs__rosidl_typesupport_fastrtps_cpp.dir/rosidl_typesupport_fastrtps_cpp/robot_msgs/srv/detail/dds_fastrtps/start_pose__type_support.cpp.o[0m
[1.120s] [ 44%] [32mBuilding CXX object CMakeFiles/robot_msgs__rosidl_typesupport_fastrtps_cpp.dir/rosidl_typesupport_fastrtps_cpp/robot_msgs/action/detail/dds_fastrtps/screw__type_support.cpp.o[0m
[1.120s] [ 44%] [32mBuilding CXX object CMakeFiles/robot_msgs__rosidl_typesupport_fastrtps_cpp.dir/rosidl_typesupport_fastrtps_cpp/robot_msgs/srv/detail/dds_fastrtps/start_rotation__type_support.cpp.o[0m
[1.159s] [ 45%] [32mBuilding CXX object CMakeFiles/robot_msgs__rosidl_typesupport_fastrtps_cpp.dir/rosidl_typesupport_fastrtps_cpp/robot_msgs/msg/detail/dds_fastrtps/current_pub__type_support.cpp.o[0m
[1.163s] [35m[1mScanning dependencies of target robot_msgs__rosidl_typesupport_c[0m
[1.173s] [ 46%] [32mBuilding CXX object CMakeFiles/robot_msgs__rosidl_typesupport_fastrtps_cpp.dir/rosidl_typesupport_fastrtps_cpp/robot_msgs/msg/detail/dds_fastrtps/width_pub__type_support.cpp.o[0m
[1.186s] [ 47%] [32mBuilding CXX object CMakeFiles/robot_msgs__rosidl_typesupport_c.dir/rosidl_typesupport_c/robot_msgs/msg/ft_pub__type_support.cpp.o[0m
[1.189s] [ 48%] [32mBuilding CXX object CMakeFiles/robot_msgs__rosidl_typesupport_c.dir/rosidl_typesupport_c/robot_msgs/msg/ref_status__type_support.cpp.o[0m
[1.189s] [ 49%] [32mBuilding CXX object CMakeFiles/robot_msgs__rosidl_typesupport_c.dir/rosidl_typesupport_c/robot_msgs/msg/robot_status__type_support.cpp.o[0m
[1.190s] [ 50%] [32mBuilding CXX object CMakeFiles/robot_msgs__rosidl_typesupport_c.dir/rosidl_typesupport_c/robot_msgs/msg/control_command__type_support.cpp.o[0m
[1.195s] [ 51%] [32mBuilding CXX object CMakeFiles/robot_msgs__rosidl_typesupport_c.dir/rosidl_typesupport_c/robot_msgs/srv/start_pose__type_support.cpp.o[0m
[1.200s] [ 52%] [32mBuilding CXX object CMakeFiles/robot_msgs__rosidl_typesupport_c.dir/rosidl_typesupport_c/robot_msgs/srv/start_rotation__type_support.cpp.o[0m
[1.207s] [35m[1mScanning dependencies of target robot_msgs__rosidl_typesupport_introspection_c[0m
[1.211s] [ 53%] [32mBuilding CXX object CMakeFiles/robot_msgs__rosidl_typesupport_c.dir/rosidl_typesupport_c/robot_msgs/action/screw__type_support.cpp.o[0m
[1.212s] [ 54%] [32mBuilding CXX object CMakeFiles/robot_msgs__rosidl_typesupport_c.dir/rosidl_typesupport_c/robot_msgs/msg/current_pub__type_support.cpp.o[0m
[1.216s] [ 55%] [32m[1mLinking CXX shared library librobot_msgs__rosidl_typesupport_cpp.so[0m
[1.218s] [ 56%] [32mBuilding CXX object CMakeFiles/robot_msgs__rosidl_typesupport_c.dir/rosidl_typesupport_c/robot_msgs/msg/width_pub__type_support.cpp.o[0m
[1.235s] [ 58%] [32mBuilding C object CMakeFiles/robot_msgs__rosidl_typesupport_introspection_c.dir/rosidl_typesupport_introspection_c/robot_msgs/srv/detail/start_rotation__type_support.c.o[0m
[1.235s] [ 61%] [32mBuilding C object CMakeFiles/robot_msgs__rosidl_typesupport_introspection_c.dir/rosidl_typesupport_introspection_c/robot_msgs/msg/detail/control_command__type_support.c.o[0m
[1.235s] [ 61%] [32mBuilding C object CMakeFiles/robot_msgs__rosidl_typesupport_introspection_c.dir/rosidl_typesupport_introspection_c/robot_msgs/msg/detail/ft_pub__type_support.c.o[0m
[1.235s] [ 61%] [32mBuilding C object CMakeFiles/robot_msgs__rosidl_typesupport_introspection_c.dir/rosidl_typesupport_introspection_c/robot_msgs/msg/detail/ref_status__type_support.c.o[0m
[1.236s] [ 62%] [32mBuilding C object CMakeFiles/robot_msgs__rosidl_typesupport_introspection_c.dir/rosidl_typesupport_introspection_c/robot_msgs/msg/detail/robot_status__type_support.c.o[0m
[1.237s] [ 63%] [32mBuilding C object CMakeFiles/robot_msgs__rosidl_typesupport_introspection_c.dir/rosidl_typesupport_introspection_c/robot_msgs/action/detail/screw__type_support.c.o[0m
[1.239s] [ 64%] [32mBuilding C object CMakeFiles/robot_msgs__rosidl_typesupport_introspection_c.dir/rosidl_typesupport_introspection_c/robot_msgs/srv/detail/start_pose__type_support.c.o[0m
[1.246s] [ 65%] [32mBuilding C object CMakeFiles/robot_msgs__rosidl_typesupport_introspection_c.dir/rosidl_typesupport_introspection_c/robot_msgs/msg/detail/current_pub__type_support.c.o[0m
[1.248s] [ 66%] [32mBuilding C object CMakeFiles/robot_msgs__rosidl_typesupport_introspection_c.dir/rosidl_typesupport_introspection_c/robot_msgs/msg/detail/width_pub__type_support.c.o[0m
[1.248s] [ 66%] Built target robot_msgs__rosidl_typesupport_cpp
[1.256s] [ 67%] [32m[1mLinking CXX shared library librobot_msgs__rosidl_typesupport_c.so[0m
[1.279s] [ 67%] Built target robot_msgs__rosidl_typesupport_c
[1.284s] [ 68%] [32m[1mLinking C shared library librobot_msgs__rosidl_typesupport_introspection_c.so[0m
[1.292s] [ 69%] [32m[1mLinking CXX shared library librobot_msgs__rosidl_typesupport_introspection_cpp.so[0m
[1.310s] [ 69%] Built target robot_msgs__rosidl_typesupport_introspection_c
[1.330s] [ 69%] Built target robot_msgs__rosidl_typesupport_introspection_cpp
[1.482s] [ 70%] [32m[1mLinking CXX shared library librobot_msgs__rosidl_typesupport_fastrtps_cpp.so[0m
[1.524s] [ 70%] Built target robot_msgs__rosidl_typesupport_fastrtps_cpp
[1.528s] [ 71%] [34m[1mGenerating C type support for eProsima Fast-RTPS[0m
[1.943s] [35m[1mScanning dependencies of target robot_msgs__rosidl_typesupport_fastrtps_c[0m
[1.956s] [ 73%] [32mBuilding CXX object CMakeFiles/robot_msgs__rosidl_typesupport_fastrtps_c.dir/rosidl_typesupport_fastrtps_c/robot_msgs/msg/detail/robot_status__type_support_c.cpp.o[0m
[1.956s] [ 73%] [32mBuilding CXX object CMakeFiles/robot_msgs__rosidl_typesupport_fastrtps_c.dir/rosidl_typesupport_fastrtps_c/robot_msgs/msg/detail/ft_pub__type_support_c.cpp.o[0m
[1.956s] [ 74%] [32mBuilding CXX object CMakeFiles/robot_msgs__rosidl_typesupport_fastrtps_c.dir/rosidl_typesupport_fastrtps_c/robot_msgs/msg/detail/control_command__type_support_c.cpp.o[0m
[1.956s] [ 75%] [32mBuilding CXX object CMakeFiles/robot_msgs__rosidl_typesupport_fastrtps_c.dir/rosidl_typesupport_fastrtps_c/robot_msgs/msg/detail/ref_status__type_support_c.cpp.o[0m
[1.957s] [ 76%] [32mBuilding CXX object CMakeFiles/robot_msgs__rosidl_typesupport_fastrtps_c.dir/rosidl_typesupport_fastrtps_c/robot_msgs/srv/detail/start_pose__type_support_c.cpp.o[0m
[1.957s] [ 77%] [32mBuilding CXX object CMakeFiles/robot_msgs__rosidl_typesupport_fastrtps_c.dir/rosidl_typesupport_fastrtps_c/robot_msgs/srv/detail/start_rotation__type_support_c.cpp.o[0m
[1.959s] [ 78%] [32mBuilding CXX object CMakeFiles/robot_msgs__rosidl_typesupport_fastrtps_c.dir/rosidl_typesupport_fastrtps_c/robot_msgs/action/detail/screw__type_support_c.cpp.o[0m
[1.959s] [ 81%] [32mBuilding CXX object CMakeFiles/robot_msgs__rosidl_typesupport_fastrtps_c.dir/rosidl_typesupport_fastrtps_c/robot_msgs/msg/detail/width_pub__type_support_c.cpp.o[0m
[1.959s] [ 81%] [32mBuilding CXX object CMakeFiles/robot_msgs__rosidl_typesupport_fastrtps_c.dir/rosidl_typesupport_fastrtps_c/robot_msgs/msg/detail/current_pub__type_support_c.cpp.o[0m
[2.264s] [ 82%] [32m[1mLinking CXX shared library librobot_msgs__rosidl_typesupport_fastrtps_c.so[0m
[2.305s] [ 82%] Built target robot_msgs__rosidl_typesupport_fastrtps_c
[2.309s] [35m[1mScanning dependencies of target robot_msgs[0m
[2.313s] [ 82%] Built target robot_msgs
[2.317s] [35m[1mScanning dependencies of target robot_msgs__py[0m
[2.322s] [ 83%] [34m[1mGenerating Python code for ROS interfaces[0m
[3.274s] [ 83%] Built target robot_msgs__py
[3.278s] [35m[1mScanning dependencies of target robot_msgs__python[0m
[3.294s] [ 84%] [32mBuilding C object CMakeFiles/robot_msgs__python.dir/rosidl_generator_py/robot_msgs/msg/_ft_pub_s.c.o[0m
[3.295s] [ 85%] [32mBuilding C object CMakeFiles/robot_msgs__python.dir/rosidl_generator_py/robot_msgs/msg/_robot_status_s.c.o[0m
[3.295s] [ 86%] [32mBuilding C object CMakeFiles/robot_msgs__python.dir/rosidl_generator_py/robot_msgs/msg/_control_command_s.c.o[0m
[3.295s] [ 87%] [32mBuilding C object CMakeFiles/robot_msgs__python.dir/rosidl_generator_py/robot_msgs/msg/_ref_status_s.c.o[0m
[3.295s] [ 88%] [32mBuilding C object CMakeFiles/robot_msgs__python.dir/rosidl_generator_py/robot_msgs/srv/_start_pose_s.c.o[0m
[3.295s] [ 89%] [32mBuilding C object CMakeFiles/robot_msgs__python.dir/rosidl_generator_py/robot_msgs/srv/_start_rotation_s.c.o[0m
[3.296s] [ 90%] [32mBuilding C object CMakeFiles/robot_msgs__python.dir/rosidl_generator_py/robot_msgs/msg/_width_pub_s.c.o[0m
[3.297s] [ 91%] [32mBuilding C object CMakeFiles/robot_msgs__python.dir/rosidl_generator_py/robot_msgs/msg/_current_pub_s.c.o[0m
[3.298s] [ 92%] [32mBuilding C object CMakeFiles/robot_msgs__python.dir/rosidl_generator_py/robot_msgs/action/_screw_s.c.o[0m
[3.399s] [ 93%] [32m[1mLinking C shared library rosidl_generator_py/robot_msgs/librobot_msgs__python.so[0m
[3.419s] [ 93%] Built target robot_msgs__python
[3.423s] [35m[1mScanning dependencies of target robot_msgs__rosidl_typesupport_introspection_c__pyext[0m
[3.423s] [35m[1mScanning dependencies of target robot_msgs__rosidl_typesupport_c__pyext[0m
[3.423s] [35m[1mScanning dependencies of target robot_msgs__rosidl_typesupport_fastrtps_c__pyext[0m
[3.432s] [ 95%] [32mBuilding C object CMakeFiles/robot_msgs__rosidl_typesupport_c__pyext.dir/rosidl_generator_py/robot_msgs/_robot_msgs_s.ep.rosidl_typesupport_c.c.o[0m
[3.432s] [ 95%] [32mBuilding C object CMakeFiles/robot_msgs__rosidl_typesupport_fastrtps_c__pyext.dir/rosidl_generator_py/robot_msgs/_robot_msgs_s.ep.rosidl_typesupport_fastrtps_c.c.o[0m
[3.432s] [ 96%] [32mBuilding C object CMakeFiles/robot_msgs__rosidl_typesupport_introspection_c__pyext.dir/rosidl_generator_py/robot_msgs/_robot_msgs_s.ep.rosidl_typesupport_introspection_c.c.o[0m
[3.518s] [ 98%] [32m[1mLinking C shared library rosidl_generator_py/robot_msgs/robot_msgs_s__rosidl_typesupport_introspection_c.cpython-38-x86_64-linux-gnu.so[0m
[3.518s] [ 98%] [32m[1mLinking CXX shared library rosidl_generator_py/robot_msgs/robot_msgs_s__rosidl_typesupport_fastrtps_c.cpython-38-x86_64-linux-gnu.so[0m
[3.518s] [100%] [32m[1mLinking C shared library rosidl_generator_py/robot_msgs/robot_msgs_s__rosidl_typesupport_c.cpython-38-x86_64-linux-gnu.so[0m
[3.536s] [100%] Built target robot_msgs__rosidl_typesupport_c__pyext
[3.536s] [100%] Built target robot_msgs__rosidl_typesupport_introspection_c__pyext
[3.550s] [100%] Built target robot_msgs__rosidl_typesupport_fastrtps_c__pyext
[3.556s] Invoked command in '/home/yanji/robot_screwing/src/build/robot_msgs' returned '0': CMAKE_PREFIX_PATH=${CMAKE_PREFIX_PATH}:/home/yanji/robot_screwing/install/real_robot:/home/yanji/robot_screwing/install/mj_sim:/opt/ros/foxy CONDA_PROMPT_MODIFIER=(screwrobot) /usr/bin/cmake --build /home/yanji/robot_screwing/src/build/robot_msgs -- -j24 -l24
[3.562s] Invoking command in '/home/yanji/robot_screwing/src/build/robot_msgs': CMAKE_PREFIX_PATH=${CMAKE_PREFIX_PATH}:/home/yanji/robot_screwing/install/real_robot:/home/yanji/robot_screwing/install/mj_sim:/opt/ros/foxy CONDA_PROMPT_MODIFIER=(screwrobot) /usr/bin/cmake --install /home/yanji/robot_screwing/src/build/robot_msgs
[3.565s] -- Install configuration: ""
[3.565s] -- Installing: /home/yanji/robot_screwing/src/install/robot_msgs/share/ament_index/resource_index/rosidl_interfaces/robot_msgs
[3.565s] -- Installing: /home/yanji/robot_screwing/src/install/robot_msgs/include/robot_msgs
[3.565s] -- Installing: /home/yanji/robot_screwing/src/install/robot_msgs/include/robot_msgs/srv
[3.565s] -- Installing: /home/yanji/robot_screwing/src/install/robot_msgs/include/robot_msgs/srv/detail
[3.565s] -- Installing: /home/yanji/robot_screwing/src/install/robot_msgs/include/robot_msgs/srv/detail/start_rotation__functions.c
[3.565s] -- Installing: /home/yanji/robot_screwing/src/install/robot_msgs/include/robot_msgs/srv/detail/start_pose__type_support.h
[3.565s] -- Installing: /home/yanji/robot_screwing/src/install/robot_msgs/include/robot_msgs/srv/detail/start_rotation__struct.h
[3.565s] -- Installing: /home/yanji/robot_screwing/src/install/robot_msgs/include/robot_msgs/srv/detail/start_pose__functions.h
[3.565s] -- Installing: /home/yanji/robot_screwing/src/install/robot_msgs/include/robot_msgs/srv/detail/start_pose__struct.h
[3.566s] -- Installing: /home/yanji/robot_screwing/src/install/robot_msgs/include/robot_msgs/srv/detail/start_pose__functions.c
[3.566s] -- Installing: /home/yanji/robot_screwing/src/install/robot_msgs/include/robot_msgs/srv/detail/start_rotation__functions.h
[3.566s] -- Installing: /home/yanji/robot_screwing/src/install/robot_msgs/include/robot_msgs/srv/detail/start_rotation__type_support.h
[3.566s] -- Installing: /home/yanji/robot_screwing/src/install/robot_msgs/include/robot_msgs/srv/start_pose.h
[3.566s] -- Installing: /home/yanji/robot_screwing/src/install/robot_msgs/include/robot_msgs/srv/start_rotation.h
[3.566s] -- Installing: /home/yanji/robot_screwing/src/install/robot_msgs/include/robot_msgs/action
[3.566s] -- Installing: /home/yanji/robot_screwing/src/install/robot_msgs/include/robot_msgs/action/detail
[3.566s] -- Installing: /home/yanji/robot_screwing/src/install/robot_msgs/include/robot_msgs/action/detail/screw__struct.h
[3.566s] -- Installing: /home/yanji/robot_screwing/src/install/robot_msgs/include/robot_msgs/action/detail/screw__functions.c
[3.566s] -- Installing: /home/yanji/robot_screwing/src/install/robot_msgs/include/robot_msgs/action/detail/screw__functions.h
[3.566s] -- Installing: /home/yanji/robot_screwing/src/install/robot_msgs/include/robot_msgs/action/detail/screw__type_support.h
[3.566s] -- Installing: /home/yanji/robot_screwing/src/install/robot_msgs/include/robot_msgs/action/screw.h
[3.566s] -- Installing: /home/yanji/robot_screwing/src/install/robot_msgs/include/robot_msgs/msg
[3.567s] -- Installing: /home/yanji/robot_screwing/src/install/robot_msgs/include/robot_msgs/msg/detail
[3.567s] -- Installing: /home/yanji/robot_screwing/src/install/robot_msgs/include/robot_msgs/msg/detail/current_pub__struct.h
[3.567s] -- Installing: /home/yanji/robot_screwing/src/install/robot_msgs/include/robot_msgs/msg/detail/current_pub__functions.h
[3.567s] -- Installing: /home/yanji/robot_screwing/src/install/robot_msgs/include/robot_msgs/msg/detail/robot_status__functions.h
[3.567s] -- Installing: /home/yanji/robot_screwing/src/install/robot_msgs/include/robot_msgs/msg/detail/ft_pub__functions.h
[3.567s] -- Installing: /home/yanji/robot_screwing/src/install/robot_msgs/include/robot_msgs/msg/detail/ref_status__functions.h
[3.567s] -- Installing: /home/yanji/robot_screwing/src/install/robot_msgs/include/robot_msgs/msg/detail/width_pub__type_support.h
[3.567s] -- Installing: /home/yanji/robot_screwing/src/install/robot_msgs/include/robot_msgs/msg/detail/control_command__type_support.h
[3.567s] -- Installing: /home/yanji/robot_screwing/src/install/robot_msgs/include/robot_msgs/msg/detail/control_command__functions.h
[3.567s] -- Installing: /home/yanji/robot_screwing/src/install/robot_msgs/include/robot_msgs/msg/detail/ft_pub__functions.c
[3.567s] -- Installing: /home/yanji/robot_screwing/src/install/robot_msgs/include/robot_msgs/msg/detail/width_pub__struct.h
[3.567s] -- Installing: /home/yanji/robot_screwing/src/install/robot_msgs/include/robot_msgs/msg/detail/control_command__functions.c
[3.567s] -- Installing: /home/yanji/robot_screwing/src/install/robot_msgs/include/robot_msgs/msg/detail/control_command__struct.h
[3.567s] -- Installing: /home/yanji/robot_screwing/src/install/robot_msgs/include/robot_msgs/msg/detail/robot_status__struct.h
[3.567s] -- Installing: /home/yanji/robot_screwing/src/install/robot_msgs/include/robot_msgs/msg/detail/width_pub__functions.h
[3.567s] -- Installing: /home/yanji/robot_screwing/src/install/robot_msgs/include/robot_msgs/msg/detail/robot_status__type_support.h
[3.567s] -- Installing: /home/yanji/robot_screwing/src/install/robot_msgs/include/robot_msgs/msg/detail/ft_pub__type_support.h
[3.567s] -- Installing: /home/yanji/robot_screwing/src/install/robot_msgs/include/robot_msgs/msg/detail/ref_status__type_support.h
[3.567s] -- Installing: /home/yanji/robot_screwing/src/install/robot_msgs/include/robot_msgs/msg/detail/current_pub__functions.c
[3.567s] -- Installing: /home/yanji/robot_screwing/src/install/robot_msgs/include/robot_msgs/msg/detail/current_pub__type_support.h
[3.567s] -- Installing: /home/yanji/robot_screwing/src/install/robot_msgs/include/robot_msgs/msg/detail/robot_status__functions.c
[3.567s] -- Installing: /home/yanji/robot_screwing/src/install/robot_msgs/include/robot_msgs/msg/detail/width_pub__functions.c
[3.567s] -- Installing: /home/yanji/robot_screwing/src/install/robot_msgs/include/robot_msgs/msg/detail/ft_pub__struct.h
[3.567s] -- Installing: /home/yanji/robot_screwing/src/install/robot_msgs/include/robot_msgs/msg/detail/ref_status__functions.c
[3.567s] -- Installing: /home/yanji/robot_screwing/src/install/robot_msgs/include/robot_msgs/msg/detail/ref_status__struct.h
[3.567s] -- Installing: /home/yanji/robot_screwing/src/install/robot_msgs/include/robot_msgs/msg/robot_status.h
[3.567s] -- Installing: /home/yanji/robot_screwing/src/install/robot_msgs/include/robot_msgs/msg/control_command.h
[3.567s] -- Installing: /home/yanji/robot_screwing/src/install/robot_msgs/include/robot_msgs/msg/rosidl_generator_c__visibility_control.h
[3.567s] -- Installing: /home/yanji/robot_screwing/src/install/robot_msgs/include/robot_msgs/msg/current_pub.h
[3.567s] -- Installing: /home/yanji/robot_screwing/src/install/robot_msgs/include/robot_msgs/msg/width_pub.h
[3.567s] -- Installing: /home/yanji/robot_screwing/src/install/robot_msgs/include/robot_msgs/msg/ref_status.h
[3.567s] -- Installing: /home/yanji/robot_screwing/src/install/robot_msgs/include/robot_msgs/msg/ft_pub.h
[3.567s] -- Installing: /home/yanji/robot_screwing/src/install/robot_msgs/share/robot_msgs/environment/library_path.sh
[3.568s] -- Installing: /home/yanji/robot_screwing/src/install/robot_msgs/share/robot_msgs/environment/library_path.dsv
[3.568s] -- Installing: /home/yanji/robot_screwing/src/install/robot_msgs/lib/librobot_msgs__rosidl_generator_c.so
[3.568s] -- Set runtime path of "/home/yanji/robot_screwing/src/install/robot_msgs/lib/librobot_msgs__rosidl_generator_c.so" to ""
[3.568s] -- Up-to-date: /home/yanji/robot_screwing/src/install/robot_msgs/include/robot_msgs
[3.568s] -- Up-to-date: /home/yanji/robot_screwing/src/install/robot_msgs/include/robot_msgs/srv
[3.568s] -- Up-to-date: /home/yanji/robot_screwing/src/install/robot_msgs/include/robot_msgs/srv/detail
[3.568s] -- Installing: /home/yanji/robot_screwing/src/install/robot_msgs/include/robot_msgs/srv/detail/start_rotation__rosidl_typesupport_fastrtps_c.h
[3.568s] -- Installing: /home/yanji/robot_screwing/src/install/robot_msgs/include/robot_msgs/srv/detail/start_pose__rosidl_typesupport_fastrtps_c.h
[3.568s] -- Up-to-date: /home/yanji/robot_screwing/src/install/robot_msgs/include/robot_msgs/action
[3.568s] -- Up-to-date: /home/yanji/robot_screwing/src/install/robot_msgs/include/robot_msgs/action/detail
[3.568s] -- Installing: /home/yanji/robot_screwing/src/install/robot_msgs/include/robot_msgs/action/detail/screw__rosidl_typesupport_fastrtps_c.h
[3.568s] -- Up-to-date: /home/yanji/robot_screwing/src/install/robot_msgs/include/robot_msgs/msg
[3.568s] -- Up-to-date: /home/yanji/robot_screwing/src/install/robot_msgs/include/robot_msgs/msg/detail
[3.568s] -- Installing: /home/yanji/robot_screwing/src/install/robot_msgs/include/robot_msgs/msg/detail/current_pub__rosidl_typesupport_fastrtps_c.h
[3.568s] -- Installing: /home/yanji/robot_screwing/src/install/robot_msgs/include/robot_msgs/msg/detail/control_command__rosidl_typesupport_fastrtps_c.h
[3.568s] -- Installing: /home/yanji/robot_screwing/src/install/robot_msgs/include/robot_msgs/msg/detail/width_pub__rosidl_typesupport_fastrtps_c.h
[3.568s] -- Installing: /home/yanji/robot_screwing/src/install/robot_msgs/include/robot_msgs/msg/detail/ref_status__rosidl_typesupport_fastrtps_c.h
[3.568s] -- Installing: /home/yanji/robot_screwing/src/install/robot_msgs/include/robot_msgs/msg/detail/ft_pub__rosidl_typesupport_fastrtps_c.h
[3.568s] -- Installing: /home/yanji/robot_screwing/src/install/robot_msgs/include/robot_msgs/msg/detail/robot_status__rosidl_typesupport_fastrtps_c.h
[3.568s] -- Installing: /home/yanji/robot_screwing/src/install/robot_msgs/include/robot_msgs/msg/rosidl_typesupport_fastrtps_c__visibility_control.h
[3.568s] -- Installing: /home/yanji/robot_screwing/src/install/robot_msgs/lib/librobot_msgs__rosidl_typesupport_fastrtps_c.so
[3.568s] -- Set runtime path of "/home/yanji/robot_screwing/src/install/robot_msgs/lib/librobot_msgs__rosidl_typesupport_fastrtps_c.so" to ""
[3.568s] -- Up-to-date: /home/yanji/robot_screwing/src/install/robot_msgs/include/robot_msgs
[3.568s] -- Up-to-date: /home/yanji/robot_screwing/src/install/robot_msgs/include/robot_msgs/srv
[3.568s] -- Up-to-date: /home/yanji/robot_screwing/src/install/robot_msgs/include/robot_msgs/srv/detail
[3.568s] -- Installing: /home/yanji/robot_screwing/src/install/robot_msgs/include/robot_msgs/srv/detail/dds_fastrtps
[3.568s] -- Installing: /home/yanji/robot_screwing/src/install/robot_msgs/include/robot_msgs/srv/detail/start_pose__rosidl_typesupport_fastrtps_cpp.hpp
[3.568s] -- Installing: /home/yanji/robot_screwing/src/install/robot_msgs/include/robot_msgs/srv/detail/start_rotation__rosidl_typesupport_fastrtps_cpp.hpp
[3.568s] -- Up-to-date: /home/yanji/robot_screwing/src/install/robot_msgs/include/robot_msgs/action
[3.568s] -- Up-to-date: /home/yanji/robot_screwing/src/install/robot_msgs/include/robot_msgs/action/detail
[3.568s] -- Installing: /home/yanji/robot_screwing/src/install/robot_msgs/include/robot_msgs/action/detail/dds_fastrtps
[3.568s] -- Installing: /home/yanji/robot_screwing/src/install/robot_msgs/include/robot_msgs/action/detail/screw__rosidl_typesupport_fastrtps_cpp.hpp
[3.568s] -- Up-to-date: /home/yanji/robot_screwing/src/install/robot_msgs/include/robot_msgs/msg
[3.569s] -- Up-to-date: /home/yanji/robot_screwing/src/install/robot_msgs/include/robot_msgs/msg/detail
[3.569s] -- Installing: /home/yanji/robot_screwing/src/install/robot_msgs/include/robot_msgs/msg/detail/control_command__rosidl_typesupport_fastrtps_cpp.hpp
[3.569s] -- Installing: /home/yanji/robot_screwing/src/install/robot_msgs/include/robot_msgs/msg/detail/width_pub__rosidl_typesupport_fastrtps_cpp.hpp
[3.569s] -- Installing: /home/yanji/robot_screwing/src/install/robot_msgs/include/robot_msgs/msg/detail/dds_fastrtps
[3.569s] -- Installing: /home/yanji/robot_screwing/src/install/robot_msgs/include/robot_msgs/msg/detail/ft_pub__rosidl_typesupport_fastrtps_cpp.hpp
[3.569s] -- Installing: /home/yanji/robot_screwing/src/install/robot_msgs/include/robot_msgs/msg/detail/robot_status__rosidl_typesupport_fastrtps_cpp.hpp
[3.569s] -- Installing: /home/yanji/robot_screwing/src/install/robot_msgs/include/robot_msgs/msg/detail/current_pub__rosidl_typesupport_fastrtps_cpp.hpp
[3.569s] -- Installing: /home/yanji/robot_screwing/src/install/robot_msgs/include/robot_msgs/msg/detail/ref_status__rosidl_typesupport_fastrtps_cpp.hpp
[3.569s] -- Installing: /home/yanji/robot_screwing/src/install/robot_msgs/include/robot_msgs/msg/rosidl_typesupport_fastrtps_cpp__visibility_control.h
[3.569s] -- Installing: /home/yanji/robot_screwing/src/install/robot_msgs/lib/librobot_msgs__rosidl_typesupport_fastrtps_cpp.so
[3.569s] -- Set runtime path of "/home/yanji/robot_screwing/src/install/robot_msgs/lib/librobot_msgs__rosidl_typesupport_fastrtps_cpp.so" to ""
[3.569s] -- Up-to-date: /home/yanji/robot_screwing/src/install/robot_msgs/include/robot_msgs
[3.569s] -- Up-to-date: /home/yanji/robot_screwing/src/install/robot_msgs/include/robot_msgs/srv
[3.569s] -- Up-to-date: /home/yanji/robot_screwing/src/install/robot_msgs/include/robot_msgs/srv/detail
[3.569s] -- Installing: /home/yanji/robot_screwing/src/install/robot_msgs/include/robot_msgs/srv/detail/start_rotation__type_support.c
[3.569s] -- Installing: /home/yanji/robot_screwing/src/install/robot_msgs/include/robot_msgs/srv/detail/start_pose__type_support.c
[3.569s] -- Installing: /home/yanji/robot_screwing/src/install/robot_msgs/include/robot_msgs/srv/detail/start_rotation__rosidl_typesupport_introspection_c.h
[3.569s] -- Installing: /home/yanji/robot_screwing/src/install/robot_msgs/include/robot_msgs/srv/detail/start_pose__rosidl_typesupport_introspection_c.h
[3.569s] -- Up-to-date: /home/yanji/robot_screwing/src/install/robot_msgs/include/robot_msgs/action
[3.569s] -- Up-to-date: /home/yanji/robot_screwing/src/install/robot_msgs/include/robot_msgs/action/detail
[3.569s] -- Installing: /home/yanji/robot_screwing/src/install/robot_msgs/include/robot_msgs/action/detail/screw__type_support.c
[3.569s] -- Installing: /home/yanji/robot_screwing/src/install/robot_msgs/include/robot_msgs/action/detail/screw__rosidl_typesupport_introspection_c.h
[3.569s] -- Up-to-date: /home/yanji/robot_screwing/src/install/robot_msgs/include/robot_msgs/msg
[3.569s] -- Up-to-date: /home/yanji/robot_screwing/src/install/robot_msgs/include/robot_msgs/msg/detail
[3.569s] -- Installing: /home/yanji/robot_screwing/src/install/robot_msgs/include/robot_msgs/msg/detail/current_pub__rosidl_typesupport_introspection_c.h
[3.569s] -- Installing: /home/yanji/robot_screwing/src/install/robot_msgs/include/robot_msgs/msg/detail/ref_status__type_support.c
[3.569s] -- Installing: /home/yanji/robot_screwing/src/install/robot_msgs/include/robot_msgs/msg/detail/ref_status__rosidl_typesupport_introspection_c.h
[3.569s] -- Installing: /home/yanji/robot_screwing/src/install/robot_msgs/include/robot_msgs/msg/detail/current_pub__type_support.c
[3.569s] -- Installing: /home/yanji/robot_screwing/src/install/robot_msgs/include/robot_msgs/msg/detail/robot_status__type_support.c
[3.569s] -- Installing: /home/yanji/robot_screwing/src/install/robot_msgs/include/robot_msgs/msg/detail/control_command__rosidl_typesupport_introspection_c.h
[3.569s] -- Installing: /home/yanji/robot_screwing/src/install/robot_msgs/include/robot_msgs/msg/detail/ft_pub__rosidl_typesupport_introspection_c.h
[3.569s] -- Installing: /home/yanji/robot_screwing/src/install/robot_msgs/include/robot_msgs/msg/detail/control_command__type_support.c
[3.569s] -- Installing: /home/yanji/robot_screwing/src/install/robot_msgs/include/robot_msgs/msg/detail/ft_pub__type_support.c
[3.569s] -- Installing: /home/yanji/robot_screwing/src/install/robot_msgs/include/robot_msgs/msg/detail/width_pub__type_support.c
[3.570s] -- Installing: /home/yanji/robot_screwing/src/install/robot_msgs/include/robot_msgs/msg/detail/width_pub__rosidl_typesupport_introspection_c.h
[3.570s] -- Installing: /home/yanji/robot_screwing/src/install/robot_msgs/include/robot_msgs/msg/detail/robot_status__rosidl_typesupport_introspection_c.h
[3.570s] -- Installing: /home/yanji/robot_screwing/src/install/robot_msgs/include/robot_msgs/msg/rosidl_typesupport_introspection_c__visibility_control.h
[3.570s] -- Installing: /home/yanji/robot_screwing/src/install/robot_msgs/lib/librobot_msgs__rosidl_typesupport_introspection_c.so
[3.570s] -- Set runtime path of "/home/yanji/robot_screwing/src/install/robot_msgs/lib/librobot_msgs__rosidl_typesupport_introspection_c.so" to ""
[3.570s] -- Installing: /home/yanji/robot_screwing/src/install/robot_msgs/lib/librobot_msgs__rosidl_typesupport_c.so
[3.570s] -- Set runtime path of "/home/yanji/robot_screwing/src/install/robot_msgs/lib/librobot_msgs__rosidl_typesupport_c.so" to ""
[3.570s] -- Up-to-date: /home/yanji/robot_screwing/src/install/robot_msgs/include/robot_msgs
[3.570s] -- Up-to-date: /home/yanji/robot_screwing/src/install/robot_msgs/include/robot_msgs/srv
[3.570s] -- Up-to-date: /home/yanji/robot_screwing/src/install/robot_msgs/include/robot_msgs/srv/detail
[3.570s] -- Installing: /home/yanji/robot_screwing/src/install/robot_msgs/include/robot_msgs/srv/detail/start_rotation__type_support.hpp
[3.570s] -- Installing: /home/yanji/robot_screwing/src/install/robot_msgs/include/robot_msgs/srv/detail/start_rotation__struct.hpp
[3.570s] -- Installing: /home/yanji/robot_screwing/src/install/robot_msgs/include/robot_msgs/srv/detail/start_pose__builder.hpp
[3.570s] -- Installing: /home/yanji/robot_screwing/src/install/robot_msgs/include/robot_msgs/srv/detail/start_rotation__traits.hpp
[3.570s] -- Installing: /home/yanji/robot_screwing/src/install/robot_msgs/include/robot_msgs/srv/detail/start_pose__type_support.hpp
[3.570s] -- Installing: /home/yanji/robot_screwing/src/install/robot_msgs/include/robot_msgs/srv/detail/start_rotation__builder.hpp
[3.570s] -- Installing: /home/yanji/robot_screwing/src/install/robot_msgs/include/robot_msgs/srv/detail/start_pose__traits.hpp
[3.570s] -- Installing: /home/yanji/robot_screwing/src/install/robot_msgs/include/robot_msgs/srv/detail/start_pose__struct.hpp
[3.570s] -- Installing: /home/yanji/robot_screwing/src/install/robot_msgs/include/robot_msgs/srv/start_pose.hpp
[3.570s] -- Installing: /home/yanji/robot_screwing/src/install/robot_msgs/include/robot_msgs/srv/start_rotation.hpp
[3.570s] -- Up-to-date: /home/yanji/robot_screwing/src/install/robot_msgs/include/robot_msgs/action
[3.570s] -- Up-to-date: /home/yanji/robot_screwing/src/install/robot_msgs/include/robot_msgs/action/detail
[3.570s] -- Installing: /home/yanji/robot_screwing/src/install/robot_msgs/include/robot_msgs/action/detail/screw__type_support.hpp
[3.570s] -- Installing: /home/yanji/robot_screwing/src/install/robot_msgs/include/robot_msgs/action/detail/screw__struct.hpp
[3.571s] -- Installing: /home/yanji/robot_screwing/src/install/robot_msgs/include/robot_msgs/action/detail/screw__builder.hpp
[3.572s] -- Installing: /home/yanji/robot_screwing/src/install/robot_msgs/include/robot_msgs/action/detail/screw__traits.hpp
[3.572s] -- Installing: /home/yanji/robot_screwing/src/install/robot_msgs/include/robot_msgs/action/screw.hpp
[3.572s] -- Up-to-date: /home/yanji/robot_screwing/src/install/robot_msgs/include/robot_msgs/msg
[3.572s] -- Up-to-date: /home/yanji/robot_screwing/src/install/robot_msgs/include/robot_msgs/msg/detail
[3.572s] -- Installing: /home/yanji/robot_screwing/src/install/robot_msgs/include/robot_msgs/msg/detail/ref_status__struct.hpp
[3.572s] -- Installing: /home/yanji/robot_screwing/src/install/robot_msgs/include/robot_msgs/msg/detail/ref_status__traits.hpp
[3.572s] -- Installing: /home/yanji/robot_screwing/src/install/robot_msgs/include/robot_msgs/msg/detail/ft_pub__builder.hpp
[3.572s] -- Installing: /home/yanji/robot_screwing/src/install/robot_msgs/include/robot_msgs/msg/detail/width_pub__builder.hpp
[3.572s] -- Installing: /home/yanji/robot_screwing/src/install/robot_msgs/include/robot_msgs/msg/detail/control_command__traits.hpp
[3.572s] -- Installing: /home/yanji/robot_screwing/src/install/robot_msgs/include/robot_msgs/msg/detail/ref_status__type_support.hpp
[3.572s] -- Installing: /home/yanji/robot_screwing/src/install/robot_msgs/include/robot_msgs/msg/detail/robot_status__type_support.hpp
[3.572s] -- Installing: /home/yanji/robot_screwing/src/install/robot_msgs/include/robot_msgs/msg/detail/robot_status__struct.hpp
[3.572s] -- Installing: /home/yanji/robot_screwing/src/install/robot_msgs/include/robot_msgs/msg/detail/ref_status__builder.hpp
[3.572s] -- Installing: /home/yanji/robot_screwing/src/install/robot_msgs/include/robot_msgs/msg/detail/current_pub__traits.hpp
[3.572s] -- Installing: /home/yanji/robot_screwing/src/install/robot_msgs/include/robot_msgs/msg/detail/current_pub__builder.hpp
[3.572s] -- Installing: /home/yanji/robot_screwing/src/install/robot_msgs/include/robot_msgs/msg/detail/width_pub__struct.hpp
[3.572s] -- Installing: /home/yanji/robot_screwing/src/install/robot_msgs/include/robot_msgs/msg/detail/current_pub__type_support.hpp
[3.572s] -- Installing: /home/yanji/robot_screwing/src/install/robot_msgs/include/robot_msgs/msg/detail/width_pub__type_support.hpp
[3.572s] -- Installing: /home/yanji/robot_screwing/src/install/robot_msgs/include/robot_msgs/msg/detail/control_command__type_support.hpp
[3.572s] -- Installing: /home/yanji/robot_screwing/src/install/robot_msgs/include/robot_msgs/msg/detail/width_pub__traits.hpp
[3.572s] -- Installing: /home/yanji/robot_screwing/src/install/robot_msgs/include/robot_msgs/msg/detail/ft_pub__struct.hpp
[3.572s] -- Installing: /home/yanji/robot_screwing/src/install/robot_msgs/include/robot_msgs/msg/detail/control_command__builder.hpp
[3.572s] -- Installing: /home/yanji/robot_screwing/src/install/robot_msgs/include/robot_msgs/msg/detail/current_pub__struct.hpp
[3.572s] -- Installing: /home/yanji/robot_screwing/src/install/robot_msgs/include/robot_msgs/msg/detail/ft_pub__traits.hpp
[3.572s] -- Installing: /home/yanji/robot_screwing/src/install/robot_msgs/include/robot_msgs/msg/detail/robot_status__traits.hpp
[3.572s] -- Installing: /home/yanji/robot_screwing/src/install/robot_msgs/include/robot_msgs/msg/detail/ft_pub__type_support.hpp
[3.572s] -- Installing: /home/yanji/robot_screwing/src/install/robot_msgs/include/robot_msgs/msg/detail/control_command__struct.hpp
[3.572s] -- Installing: /home/yanji/robot_screwing/src/install/robot_msgs/include/robot_msgs/msg/detail/robot_status__builder.hpp
[3.572s] -- Installing: /home/yanji/robot_screwing/src/install/robot_msgs/include/robot_msgs/msg/ref_status.hpp
[3.572s] -- Installing: /home/yanji/robot_screwing/src/install/robot_msgs/include/robot_msgs/msg/rosidl_generator_cpp__visibility_control.hpp
[3.572s] -- Installing: /home/yanji/robot_screwing/src/install/robot_msgs/include/robot_msgs/msg/control_command.hpp
[3.572s] -- Installing: /home/yanji/robot_screwing/src/install/robot_msgs/include/robot_msgs/msg/width_pub.hpp
[3.572s] -- Installing: /home/yanji/robot_screwing/src/install/robot_msgs/include/robot_msgs/msg/ft_pub.hpp
[3.572s] -- Installing: /home/yanji/robot_screwing/src/install/robot_msgs/include/robot_msgs/msg/robot_status.hpp
[3.573s] -- Installing: /home/yanji/robot_screwing/src/install/robot_msgs/include/robot_msgs/msg/current_pub.hpp
[3.573s] -- Up-to-date: /home/yanji/robot_screwing/src/install/robot_msgs/include/robot_msgs
[3.573s] -- Up-to-date: /home/yanji/robot_screwing/src/install/robot_msgs/include/robot_msgs/srv
[3.573s] -- Up-to-date: /home/yanji/robot_screwing/src/install/robot_msgs/include/robot_msgs/srv/detail
[3.573s] -- Installing: /home/yanji/robot_screwing/src/install/robot_msgs/include/robot_msgs/srv/detail/start_pose__rosidl_typesupport_introspection_cpp.hpp
[3.573s] -- Installing: /home/yanji/robot_screwing/src/install/robot_msgs/include/robot_msgs/srv/detail/start_pose__type_support.cpp
[3.573s] -- Installing: /home/yanji/robot_screwing/src/install/robot_msgs/include/robot_msgs/srv/detail/start_rotation__rosidl_typesupport_introspection_cpp.hpp
[3.573s] -- Installing: /home/yanji/robot_screwing/src/install/robot_msgs/include/robot_msgs/srv/detail/start_rotation__type_support.cpp
[3.573s] -- Up-to-date: /home/yanji/robot_screwing/src/install/robot_msgs/include/robot_msgs/action
[3.573s] -- Up-to-date: /home/yanji/robot_screwing/src/install/robot_msgs/include/robot_msgs/action/detail
[3.573s] -- Installing: /home/yanji/robot_screwing/src/install/robot_msgs/include/robot_msgs/action/detail/screw__type_support.cpp
[3.573s] -- Installing: /home/yanji/robot_screwing/src/install/robot_msgs/include/robot_msgs/action/detail/screw__rosidl_typesupport_introspection_cpp.hpp
[3.573s] -- Up-to-date: /home/yanji/robot_screwing/src/install/robot_msgs/include/robot_msgs/msg
[3.573s] -- Up-to-date: /home/yanji/robot_screwing/src/install/robot_msgs/include/robot_msgs/msg/detail
[3.573s] -- Installing: /home/yanji/robot_screwing/src/install/robot_msgs/include/robot_msgs/msg/detail/width_pub__rosidl_typesupport_introspection_cpp.hpp
[3.573s] -- Installing: /home/yanji/robot_screwing/src/install/robot_msgs/include/robot_msgs/msg/detail/ft_pub__rosidl_typesupport_introspection_cpp.hpp
[3.573s] -- Installing: /home/yanji/robot_screwing/src/install/robot_msgs/include/robot_msgs/msg/detail/width_pub__type_support.cpp
[3.573s] -- Installing: /home/yanji/robot_screwing/src/install/robot_msgs/include/robot_msgs/msg/detail/ft_pub__type_support.cpp
[3.573s] -- Installing: /home/yanji/robot_screwing/src/install/robot_msgs/include/robot_msgs/msg/detail/control_command__rosidl_typesupport_introspection_cpp.hpp
[3.573s] -- Installing: /home/yanji/robot_screwing/src/install/robot_msgs/include/robot_msgs/msg/detail/robot_status__type_support.cpp
[3.573s] -- Installing: /home/yanji/robot_screwing/src/install/robot_msgs/include/robot_msgs/msg/detail/ref_status__rosidl_typesupport_introspection_cpp.hpp
[3.573s] -- Installing: /home/yanji/robot_screwing/src/install/robot_msgs/include/robot_msgs/msg/detail/current_pub__type_support.cpp
[3.573s] -- Installing: /home/yanji/robot_screwing/src/install/robot_msgs/include/robot_msgs/msg/detail/current_pub__rosidl_typesupport_introspection_cpp.hpp
[3.573s] -- Installing: /home/yanji/robot_screwing/src/install/robot_msgs/include/robot_msgs/msg/detail/ref_status__type_support.cpp
[3.573s] -- Installing: /home/yanji/robot_screwing/src/install/robot_msgs/include/robot_msgs/msg/detail/control_command__type_support.cpp
[3.573s] -- Installing: /home/yanji/robot_screwing/src/install/robot_msgs/include/robot_msgs/msg/detail/robot_status__rosidl_typesupport_introspection_cpp.hpp
[3.573s] -- Installing: /home/yanji/robot_screwing/src/install/robot_msgs/lib/librobot_msgs__rosidl_typesupport_introspection_cpp.so
[3.573s] -- Set runtime path of "/home/yanji/robot_screwing/src/install/robot_msgs/lib/librobot_msgs__rosidl_typesupport_introspection_cpp.so" to ""
[3.573s] -- Installing: /home/yanji/robot_screwing/src/install/robot_msgs/lib/librobot_msgs__rosidl_typesupport_cpp.so
[3.573s] -- Set runtime path of "/home/yanji/robot_screwing/src/install/robot_msgs/lib/librobot_msgs__rosidl_typesupport_cpp.so" to ""
[3.573s] -- Installing: /home/yanji/robot_screwing/src/install/robot_msgs/share/robot_msgs/environment/pythonpath.sh
[3.573s] -- Installing: /home/yanji/robot_screwing/src/install/robot_msgs/share/robot_msgs/environment/pythonpath.dsv
[3.573s] -- Installing: /home/yanji/robot_screwing/src/install/robot_msgs/lib/python3.8/site-packages/robot_msgs/__init__.py
[3.587s] Compiling '/home/yanji/robot_screwing/src/install/robot_msgs/lib/python3.8/site-packages/robot_msgs/__init__.py'...
[3.589s] -- Installing: /home/yanji/robot_screwing/src/install/robot_msgs/lib/python3.8/site-packages/robot_msgs/msg
[3.589s] -- Installing: /home/yanji/robot_screwing/src/install/robot_msgs/lib/python3.8/site-packages/robot_msgs/msg/_robot_status_s.c
[3.589s] -- Installing: /home/yanji/robot_screwing/src/install/robot_msgs/lib/python3.8/site-packages/robot_msgs/msg/_width_pub_s.c
[3.589s] -- Installing: /home/yanji/robot_screwing/src/install/robot_msgs/lib/python3.8/site-packages/robot_msgs/msg/__init__.py
[3.589s] -- Installing: /home/yanji/robot_screwing/src/install/robot_msgs/lib/python3.8/site-packages/robot_msgs/msg/_control_command.py
[3.589s] -- Installing: /home/yanji/robot_screwing/src/install/robot_msgs/lib/python3.8/site-packages/robot_msgs/msg/_ref_status.py
[3.589s] -- Installing: /home/yanji/robot_screwing/src/install/robot_msgs/lib/python3.8/site-packages/robot_msgs/msg/_robot_status.py
[3.589s] -- Installing: /home/yanji/robot_screwing/src/install/robot_msgs/lib/python3.8/site-packages/robot_msgs/msg/_ft_pub_s.c
[3.589s] -- Installing: /home/yanji/robot_screwing/src/install/robot_msgs/lib/python3.8/site-packages/robot_msgs/msg/_ref_status_s.c
[3.589s] -- Installing: /home/yanji/robot_screwing/src/install/robot_msgs/lib/python3.8/site-packages/robot_msgs/msg/_current_pub.py
[3.589s] -- Installing: /home/yanji/robot_screwing/src/install/robot_msgs/lib/python3.8/site-packages/robot_msgs/msg/_control_command_s.c
[3.589s] -- Installing: /home/yanji/robot_screwing/src/install/robot_msgs/lib/python3.8/site-packages/robot_msgs/msg/_current_pub_s.c
[3.589s] -- Installing: /home/yanji/robot_screwing/src/install/robot_msgs/lib/python3.8/site-packages/robot_msgs/msg/_width_pub.py
[3.589s] -- Installing: /home/yanji/robot_screwing/src/install/robot_msgs/lib/python3.8/site-packages/robot_msgs/msg/_ft_pub.py
[3.590s] -- Installing: /home/yanji/robot_screwing/src/install/robot_msgs/lib/python3.8/site-packages/robot_msgs/srv
[3.590s] -- Installing: /home/yanji/robot_screwing/src/install/robot_msgs/lib/python3.8/site-packages/robot_msgs/srv/__init__.py
[3.590s] -- Installing: /home/yanji/robot_screwing/src/install/robot_msgs/lib/python3.8/site-packages/robot_msgs/srv/_start_pose_s.c
[3.590s] -- Installing: /home/yanji/robot_screwing/src/install/robot_msgs/lib/python3.8/site-packages/robot_msgs/srv/_start_rotation.py
[3.590s] -- Installing: /home/yanji/robot_screwing/src/install/robot_msgs/lib/python3.8/site-packages/robot_msgs/srv/_start_rotation_s.c
[3.590s] -- Installing: /home/yanji/robot_screwing/src/install/robot_msgs/lib/python3.8/site-packages/robot_msgs/srv/_start_pose.py
[3.590s] -- Installing: /home/yanji/robot_screwing/src/install/robot_msgs/lib/python3.8/site-packages/robot_msgs/action
[3.590s] -- Installing: /home/yanji/robot_screwing/src/install/robot_msgs/lib/python3.8/site-packages/robot_msgs/action/__init__.py
[3.590s] -- Installing: /home/yanji/robot_screwing/src/install/robot_msgs/lib/python3.8/site-packages/robot_msgs/action/_screw.py
[3.590s] -- Installing: /home/yanji/robot_screwing/src/install/robot_msgs/lib/python3.8/site-packages/robot_msgs/action/_screw_s.c
[3.590s] -- Installing: /home/yanji/robot_screwing/src/install/robot_msgs/lib/python3.8/site-packages/robot_msgs/robot_msgs_s__rosidl_typesupport_fastrtps_c.cpython-38-x86_64-linux-gnu.so
[3.590s] -- Set runtime path of "/home/yanji/robot_screwing/src/install/robot_msgs/lib/python3.8/site-packages/robot_msgs/robot_msgs_s__rosidl_typesupport_fastrtps_c.cpython-38-x86_64-linux-gnu.so" to ""
[3.590s] -- Installing: /home/yanji/robot_screwing/src/install/robot_msgs/lib/python3.8/site-packages/robot_msgs/robot_msgs_s__rosidl_typesupport_introspection_c.cpython-38-x86_64-linux-gnu.so
[3.591s] -- Set runtime path of "/home/yanji/robot_screwing/src/install/robot_msgs/lib/python3.8/site-packages/robot_msgs/robot_msgs_s__rosidl_typesupport_introspection_c.cpython-38-x86_64-linux-gnu.so" to ""
[3.591s] -- Installing: /home/yanji/robot_screwing/src/install/robot_msgs/lib/python3.8/site-packages/robot_msgs/robot_msgs_s__rosidl_typesupport_c.cpython-38-x86_64-linux-gnu.so
[3.591s] -- Set runtime path of "/home/yanji/robot_screwing/src/install/robot_msgs/lib/python3.8/site-packages/robot_msgs/robot_msgs_s__rosidl_typesupport_c.cpython-38-x86_64-linux-gnu.so" to ""
[3.591s] -- Installing: /home/yanji/robot_screwing/src/install/robot_msgs/lib/librobot_msgs__python.so
[3.591s] -- Set runtime path of "/home/yanji/robot_screwing/src/install/robot_msgs/lib/librobot_msgs__python.so" to ""
[3.591s] -- Installing: /home/yanji/robot_screwing/src/install/robot_msgs/share/robot_msgs/msg/FtPub.idl
[3.591s] -- Installing: /home/yanji/robot_screwing/src/install/robot_msgs/share/robot_msgs/msg/RobotStatus.idl
[3.591s] -- Installing: /home/yanji/robot_screwing/src/install/robot_msgs/share/robot_msgs/msg/ControlCommand.idl
[3.591s] -- Installing: /home/yanji/robot_screwing/src/install/robot_msgs/share/robot_msgs/msg/RefStatus.idl
[3.591s] -- Installing: /home/yanji/robot_screwing/src/install/robot_msgs/share/robot_msgs/srv/StartPose.idl
[3.591s] -- Installing: /home/yanji/robot_screwing/src/install/robot_msgs/share/robot_msgs/srv/StartRotation.idl
[3.592s] -- Installing: /home/yanji/robot_screwing/src/install/robot_msgs/share/robot_msgs/action/Screw.idl
[3.592s] -- Installing: /home/yanji/robot_screwing/src/install/robot_msgs/share/robot_msgs/msg/CurrentPub.idl
[3.592s] -- Installing: /home/yanji/robot_screwing/src/install/robot_msgs/share/robot_msgs/msg/WidthPub.idl
[3.592s] -- Installing: /home/yanji/robot_screwing/src/install/robot_msgs/share/robot_msgs/msg/FtPub.msg
[3.592s] -- Installing: /home/yanji/robot_screwing/src/install/robot_msgs/share/robot_msgs/msg/RobotStatus.msg
[3.592s] -- Installing: /home/yanji/robot_screwing/src/install/robot_msgs/share/robot_msgs/msg/ControlCommand.msg
[3.592s] -- Installing: /home/yanji/robot_screwing/src/install/robot_msgs/share/robot_msgs/msg/RefStatus.msg
[3.592s] -- Installing: /home/yanji/robot_screwing/src/install/robot_msgs/share/robot_msgs/srv/StartPose.srv
[3.592s] -- Installing: /home/yanji/robot_screwing/src/install/robot_msgs/share/robot_msgs/srv/StartPose_Request.msg
[3.592s] -- Installing: /home/yanji/robot_screwing/src/install/robot_msgs/share/robot_msgs/srv/StartPose_Response.msg
[3.592s] -- Installing: /home/yanji/robot_screwing/src/install/robot_msgs/share/robot_msgs/srv/StartRotation.srv
[3.592s] -- Installing: /home/yanji/robot_screwing/src/install/robot_msgs/share/robot_msgs/srv/StartRotation_Request.msg
[3.592s] -- Installing: /home/yanji/robot_screwing/src/install/robot_msgs/share/robot_msgs/srv/StartRotation_Response.msg
[3.592s] -- Installing: /home/yanji/robot_screwing/src/install/robot_msgs/share/robot_msgs/action/Screw.action
[3.592s] -- Installing: /home/yanji/robot_screwing/src/install/robot_msgs/share/robot_msgs/msg/CurrentPub.msg
[3.592s] -- Installing: /home/yanji/robot_screwing/src/install/robot_msgs/share/robot_msgs/msg/WidthPub.msg
[3.592s] -- Installing: /home/yanji/robot_screwing/src/install/robot_msgs/share/ament_index/resource_index/package_run_dependencies/robot_msgs
[3.592s] -- Installing: /home/yanji/robot_screwing/src/install/robot_msgs/share/ament_index/resource_index/parent_prefix_path/robot_msgs
[3.592s] -- Installing: /home/yanji/robot_screwing/src/install/robot_msgs/share/robot_msgs/environment/ament_prefix_path.sh
[3.592s] -- Installing: /home/yanji/robot_screwing/src/install/robot_msgs/share/robot_msgs/environment/ament_prefix_path.dsv
[3.593s] -- Installing: /home/yanji/robot_screwing/src/install/robot_msgs/share/robot_msgs/environment/path.sh
[3.593s] -- Installing: /home/yanji/robot_screwing/src/install/robot_msgs/share/robot_msgs/environment/path.dsv
[3.593s] -- Installing: /home/yanji/robot_screwing/src/install/robot_msgs/share/robot_msgs/local_setup.bash
[3.593s] -- Installing: /home/yanji/robot_screwing/src/install/robot_msgs/share/robot_msgs/local_setup.sh
[3.593s] -- Installing: /home/yanji/robot_screwing/src/install/robot_msgs/share/robot_msgs/local_setup.zsh
[3.593s] -- Installing: /home/yanji/robot_screwing/src/install/robot_msgs/share/robot_msgs/local_setup.dsv
[3.593s] -- Installing: /home/yanji/robot_screwing/src/install/robot_msgs/share/robot_msgs/package.dsv
[3.593s] -- Installing: /home/yanji/robot_screwing/src/install/robot_msgs/share/ament_index/resource_index/packages/robot_msgs
[3.593s] -- Installing: /home/yanji/robot_screwing/src/install/robot_msgs/share/robot_msgs/cmake/robot_msgs__rosidl_generator_cExport.cmake
[3.593s] -- Installing: /home/yanji/robot_screwing/src/install/robot_msgs/share/robot_msgs/cmake/robot_msgs__rosidl_generator_cExport-noconfig.cmake
[3.593s] -- Installing: /home/yanji/robot_screwing/src/install/robot_msgs/share/robot_msgs/cmake/robot_msgs__rosidl_typesupport_introspection_cExport.cmake
[3.593s] -- Installing: /home/yanji/robot_screwing/src/install/robot_msgs/share/robot_msgs/cmake/robot_msgs__rosidl_typesupport_introspection_cExport-noconfig.cmake
[3.593s] -- Installing: /home/yanji/robot_screwing/src/install/robot_msgs/share/robot_msgs/cmake/robot_msgs__rosidl_typesupport_cExport.cmake
[3.593s] -- Installing: /home/yanji/robot_screwing/src/install/robot_msgs/share/robot_msgs/cmake/robot_msgs__rosidl_typesupport_cExport-noconfig.cmake
[3.593s] -- Installing: /home/yanji/robot_screwing/src/install/robot_msgs/share/robot_msgs/cmake/robot_msgs__rosidl_generator_cppExport.cmake
[3.593s] -- Installing: /home/yanji/robot_screwing/src/install/robot_msgs/share/robot_msgs/cmake/robot_msgs__rosidl_typesupport_introspection_cppExport.cmake
[3.593s] -- Installing: /home/yanji/robot_screwing/src/install/robot_msgs/share/robot_msgs/cmake/robot_msgs__rosidl_typesupport_introspection_cppExport-noconfig.cmake
[3.593s] -- Installing: /home/yanji/robot_screwing/src/install/robot_msgs/share/robot_msgs/cmake/robot_msgs__rosidl_typesupport_cppExport.cmake
[3.594s] -- Installing: /home/yanji/robot_screwing/src/install/robot_msgs/share/robot_msgs/cmake/robot_msgs__rosidl_typesupport_cppExport-noconfig.cmake
[3.594s] -- Installing: /home/yanji/robot_screwing/src/install/robot_msgs/share/robot_msgs/cmake/rosidl_cmake-extras.cmake
[3.594s] -- Installing: /home/yanji/robot_screwing/src/install/robot_msgs/share/robot_msgs/cmake/ament_cmake_export_dependencies-extras.cmake
[3.594s] -- Installing: /home/yanji/robot_screwing/src/install/robot_msgs/share/robot_msgs/cmake/ament_cmake_export_libraries-extras.cmake
[3.594s] -- Installing: /home/yanji/robot_screwing/src/install/robot_msgs/share/robot_msgs/cmake/ament_cmake_export_targets-extras.cmake
[3.594s] -- Installing: /home/yanji/robot_screwing/src/install/robot_msgs/share/robot_msgs/cmake/ament_cmake_export_include_directories-extras.cmake
[3.594s] -- Installing: /home/yanji/robot_screwing/src/install/robot_msgs/share/robot_msgs/cmake/rosidl_cmake_export_typesupport_libraries-extras.cmake
[3.594s] -- Installing: /home/yanji/robot_screwing/src/install/robot_msgs/share/robot_msgs/cmake/rosidl_cmake_export_typesupport_targets-extras.cmake
[3.594s] -- Installing: /home/yanji/robot_screwing/src/install/robot_msgs/share/robot_msgs/cmake/robot_msgsConfig.cmake
[3.594s] -- Installing: /home/yanji/robot_screwing/src/install/robot_msgs/share/robot_msgs/cmake/robot_msgsConfig-version.cmake
[3.594s] -- Installing: /home/yanji/robot_screwing/src/install/robot_msgs/share/robot_msgs/package.xml
[3.595s] Invoked command in '/home/yanji/robot_screwing/src/build/robot_msgs' returned '0': CMAKE_PREFIX_PATH=${CMAKE_PREFIX_PATH}:/home/yanji/robot_screwing/install/real_robot:/home/yanji/robot_screwing/install/mj_sim:/opt/ros/foxy CONDA_PROMPT_MODIFIER=(screwrobot) /usr/bin/cmake --install /home/yanji/robot_screwing/src/build/robot_msgs
