-- Found ament_cmake: 0.9.12 (/opt/ros/foxy/share/ament_cmake/cmake)
-- Using PYTHON_EXECUTABLE: /home/yanji/anaconda3/envs/screwrobot/bin/python3
-- Found rclcpp: 2.4.3 (/opt/ros/foxy/share/rclcpp/cmake)
-- Using all available rosidl_typesupport_c: rosidl_typesupport_fastrtps_c;rosidl_typesupport_introspection_c
-- Found rosidl_adapter: 1.3.1 (/opt/ros/foxy/share/rosidl_adapter/cmake)
-- Using all available rosidl_typesupport_cpp: rosidl_typesupport_fastrtps_cpp;rosidl_typesupport_introspection_cpp
-- Found rmw_implementation_cmake: 1.0.4 (/opt/ros/foxy/share/rmw_implementation_cmake/cmake)
-- Using RMW implementation 'rmw_fastrtps_cpp' as default
-- Found geometry_msgs: 2.0.5 (/opt/ros/foxy/share/geometry_msgs/cmake)
-- Found robot_msgs: 0.0.0 (/home/yanji/robot_screwing/install/robot_msgs/share/robot_msgs/cmake)
-- Found rclcpp_action: 2.4.3 (/opt/ros/foxy/share/rclcpp_action/cmake)
-- Found ament_lint_auto: 0.9.8 (/opt/ros/foxy/share/ament_lint_auto/cmake)
-- Added test 'copyright' to check source files copyright and LICENSE
-- Added test 'cppcheck' to perform static code analysis on C / C++ code
-- Configured cppcheck include dirs: /home/yanji/robot_screwing/src/screw_robot_control/include;/home/yanji/robot_screwing/src/screw_robot_control/include/screw_robot_control
-- Configured cppcheck exclude dirs and/or files: 
-- Added test 'cpplint' to check C / C++ code against the Google style
-- Configured cpplint exclude dirs and/or files: 
-- Added test 'lint_cmake' to check CMake code style
-- Added test 'uncrustify' to check C / C++ code style
-- Configured uncrustify additional arguments: 
-- Added test 'xmllint' to check XML markup files
-- Configuring done
-- Generating done
-- Build files have been written to: /home/yanji/robot_screwing/build/screw_robot_control
[35m[1mScanning dependencies of target SERVO_MOTOR[0m
[ 12%] [32mBuilding CXX object CMakeFiles/SERVO_MOTOR.dir/src/servo_motor_function.cpp.o[0m
In file included from [01m[K/home/yanji/robot_screwing/src/screw_robot_control/src/servo_motor_function.cpp:1[m[K:
[01m[K/home/yanji/robot_screwing/src/screw_robot_control/include/screw_robot_control/jaka/servo_motor_function.hpp:4:10:[m[K [01;31m[Kfatal error: [m[Kdynamixel_sdk.h: 没有那个文件或目录
    4 | #include [01;31m[K"dynamixel_sdk.h"[m[K
      |          [01;31m[K^~~~~~~~~~~~~~~~~[m[K
compilation terminated.
make[2]: *** [CMakeFiles/SERVO_MOTOR.dir/build.make:63：CMakeFiles/SERVO_MOTOR.dir/src/servo_motor_function.cpp.o] 错误 1
make[1]: *** [CMakeFiles/Makefile2:167：CMakeFiles/SERVO_MOTOR.dir/all] 错误 2
make: *** [Makefile:141：all] 错误 2
