[0.005s] Invoking command in '/home/yanji/robot_screwing/build/screw_robot_control': CMAKE_PREFIX_PATH=/home/yanji/robot_screwing/install/robot_msgs:/home/yanji/robot_screwing/install/screw_robot_control:/home/yanji/robot_screwing/install/real_robot:/home/yanji/robot_screwing/install/mj_sim:/opt/ros/foxy CONDA_PROMPT_MODIFIER=(screwrobot) LD_LIBRARY_PATH=/home/yanji/robot_screwing/install/robot_msgs/lib:/lib/x86_64-linux-gnu:/usr/lib/x86_64-linux-gnu:/home/yanji/robot_screwing/install/screw_robot_control/lib:/opt/ros/foxy/opt/yaml_cpp_vendor/lib:/opt/ros/foxy/opt/rviz_ogre_vendor/lib:/opt/ros/foxy/lib/x86_64-linux-gnu:/opt/ros/foxy/lib:/lib/x86_64-linux-gnu:/usr/lib/x86_64-linux-gnu:/usr/local/cuda/lib64:/usr/local/cuda/lib64 /usr/bin/cmake --build /home/yanji/robot_screwing/build/screw_robot_control -- -j24 -l24
[0.017s] -- Found ament_cmake: 0.9.12 (/opt/ros/foxy/share/ament_cmake/cmake)
[0.028s] -- Using PYTHON_EXECUTABLE: /home/yanji/anaconda3/envs/screwrobot/bin/python3
[0.101s] -- Found rclcpp: 2.4.3 (/opt/ros/foxy/share/rclcpp/cmake)
[0.118s] -- Using all available rosidl_typesupport_c: rosidl_typesupport_fastrtps_c;rosidl_typesupport_introspection_c
[0.119s] -- Found rosidl_adapter: 1.3.1 (/opt/ros/foxy/share/rosidl_adapter/cmake)
[0.185s] -- Using all available rosidl_typesupport_cpp: rosidl_typesupport_fastrtps_cpp;rosidl_typesupport_introspection_cpp
[0.208s] -- Found rmw_implementation_cmake: 1.0.4 (/opt/ros/foxy/share/rmw_implementation_cmake/cmake)
[0.208s] -- Using RMW implementation 'rmw_fastrtps_cpp' as default
[0.275s] -- Found geometry_msgs: 2.0.5 (/opt/ros/foxy/share/geometry_msgs/cmake)
[0.291s] -- Found robot_msgs: 0.0.0 (/home/yanji/robot_screwing/install/robot_msgs/share/robot_msgs/cmake)
[0.351s] -- Found rclcpp_action: 2.4.3 (/opt/ros/foxy/share/rclcpp_action/cmake)
[0.367s] -- Found ament_lint_auto: 0.9.8 (/opt/ros/foxy/share/ament_lint_auto/cmake)
[0.407s] -- Added test 'copyright' to check source files copyright and LICENSE
[0.407s] -- Added test 'cppcheck' to perform static code analysis on C / C++ code
[0.408s] -- Configured cppcheck include dirs: /home/yanji/robot_screwing/src/screw_robot_control/include;/home/yanji/robot_screwing/src/screw_robot_control/include/screw_robot_control
[0.408s] -- Configured cppcheck exclude dirs and/or files: 
[0.408s] -- Added test 'cpplint' to check C / C++ code against the Google style
[0.408s] -- Configured cpplint exclude dirs and/or files: 
[0.409s] -- Added test 'lint_cmake' to check CMake code style
[0.410s] -- Added test 'uncrustify' to check C / C++ code style
[0.410s] -- Configured uncrustify additional arguments: 
[0.410s] -- Added test 'xmllint' to check XML markup files
[0.411s] -- Configuring done
[0.422s] -- Generating done
[0.427s] -- Build files have been written to: /home/yanji/robot_screwing/build/screw_robot_control
[0.439s] [35m[1mScanning dependencies of target SERVO_MOTOR[0m
[0.444s] [ 12%] [32mBuilding CXX object CMakeFiles/SERVO_MOTOR.dir/src/servo_motor_function.cpp.o[0m
[0.452s] In file included from [01m[K/home/yanji/robot_screwing/src/screw_robot_control/src/servo_motor_function.cpp:1[m[K:
[0.452s] [01m[K/home/yanji/robot_screwing/src/screw_robot_control/include/screw_robot_control/jaka/servo_motor_function.hpp:4:10:[m[K [01;31m[Kfatal error: [m[Kdynamixel_sdk.h: 没有那个文件或目录
[0.452s]     4 | #include [01;31m[K"dynamixel_sdk.h"[m[K
[0.452s]       |          [01;31m[K^~~~~~~~~~~~~~~~~[m[K
[0.452s] compilation terminated.
[0.452s] make[2]: *** [CMakeFiles/SERVO_MOTOR.dir/build.make:63：CMakeFiles/SERVO_MOTOR.dir/src/servo_motor_function.cpp.o] 错误 1
[0.453s] make[1]: *** [CMakeFiles/Makefile2:167：CMakeFiles/SERVO_MOTOR.dir/all] 错误 2
[0.453s] make: *** [Makefile:141：all] 错误 2
[0.454s] Invoked command in '/home/yanji/robot_screwing/build/screw_robot_control' returned '2': CMAKE_PREFIX_PATH=/home/yanji/robot_screwing/install/robot_msgs:/home/yanji/robot_screwing/install/screw_robot_control:/home/yanji/robot_screwing/install/real_robot:/home/yanji/robot_screwing/install/mj_sim:/opt/ros/foxy CONDA_PROMPT_MODIFIER=(screwrobot) LD_LIBRARY_PATH=/home/yanji/robot_screwing/install/robot_msgs/lib:/lib/x86_64-linux-gnu:/usr/lib/x86_64-linux-gnu:/home/yanji/robot_screwing/install/screw_robot_control/lib:/opt/ros/foxy/opt/yaml_cpp_vendor/lib:/opt/ros/foxy/opt/rviz_ogre_vendor/lib:/opt/ros/foxy/lib/x86_64-linux-gnu:/opt/ros/foxy/lib:/lib/x86_64-linux-gnu:/usr/lib/x86_64-linux-gnu:/usr/local/cuda/lib64:/usr/local/cuda/lib64 /usr/bin/cmake --build /home/yanji/robot_screwing/build/screw_robot_control -- -j24 -l24
