[0.006s] Invoking command in '/home/yanji/robot_screwing/build/screw_robot_control': CMAKE_PREFIX_PATH=/home/yanji/robot_screwing/install/robot_msgs:/home/yanji/robot_screwing/install/screw_robot_control:/home/yanji/robot_screwing/install/real_robot:/home/yanji/robot_screwing/install/mj_sim:/opt/ros/foxy CONDA_PROMPT_MODIFIER=(screwrobot) LD_LIBRARY_PATH=/home/yanji/robot_screwing/install/robot_msgs/lib:/lib/x86_64-linux-gnu:/usr/lib/x86_64-linux-gnu:/home/yanji/robot_screwing/install/screw_robot_control/lib:/opt/ros/foxy/opt/yaml_cpp_vendor/lib:/opt/ros/foxy/opt/rviz_ogre_vendor/lib:/opt/ros/foxy/lib/x86_64-linux-gnu:/opt/ros/foxy/lib:/lib/x86_64-linux-gnu:/usr/lib/x86_64-linux-gnu:/usr/local/cuda/lib64:/usr/local/cuda/lib64 /usr/bin/cmake --build /home/yanji/robot_screwing/build/screw_robot_control -- -j24 -l24
[0.017s] -- Found ament_cmake: 0.9.12 (/opt/ros/foxy/share/ament_cmake/cmake)
[0.028s] -- Using PYTHON_EXECUTABLE: /home/yanji/anaconda3/envs/screwrobot/bin/python3
[0.135s] -- Found rclcpp: 2.4.3 (/opt/ros/foxy/share/rclcpp/cmake)
[0.152s] -- Using all available rosidl_typesupport_c: rosidl_typesupport_fastrtps_c;rosidl_typesupport_introspection_c
[0.153s] -- Found rosidl_adapter: 1.3.1 (/opt/ros/foxy/share/rosidl_adapter/cmake)
[0.228s] -- Using all available rosidl_typesupport_cpp: rosidl_typesupport_fastrtps_cpp;rosidl_typesupport_introspection_cpp
[0.251s] -- Found rmw_implementation_cmake: 1.0.4 (/opt/ros/foxy/share/rmw_implementation_cmake/cmake)
[0.252s] -- Using RMW implementation 'rmw_fastrtps_cpp' as default
[0.319s] -- Found geometry_msgs: 2.0.5 (/opt/ros/foxy/share/geometry_msgs/cmake)
[0.335s] -- Found robot_msgs: 0.0.0 (/home/yanji/robot_screwing/install/robot_msgs/share/robot_msgs/cmake)
[0.395s] -- Found rclcpp_action: 2.4.3 (/opt/ros/foxy/share/rclcpp_action/cmake)
[0.413s] -- Found ament_lint_auto: 0.9.8 (/opt/ros/foxy/share/ament_lint_auto/cmake)
[0.452s] -- Added test 'copyright' to check source files copyright and LICENSE
[0.453s] -- Added test 'cppcheck' to perform static code analysis on C / C++ code
[0.453s] -- Configured cppcheck include dirs: /home/yanji/robot_screwing/src/screw_robot_control/include;/home/yanji/robot_screwing/src/screw_robot_control/include/screw_robot_control
[0.453s] -- Configured cppcheck exclude dirs and/or files: 
[0.454s] -- Added test 'cpplint' to check C / C++ code against the Google style
[0.454s] -- Configured cpplint exclude dirs and/or files: 
[0.454s] -- Added test 'flake8' to check Python code syntax and style conventions
[0.455s] -- Added test 'lint_cmake' to check CMake code style
[0.455s] -- Added test 'pep257' to check Python code against some of the style conventions in PEP 257
[0.456s] -- Added test 'uncrustify' to check C / C++ code style
[0.456s] -- Configured uncrustify additional arguments: 
[0.456s] -- Added test 'xmllint' to check XML markup files
[0.457s] -- Configuring done
[0.473s] -- Generating done
[0.479s] -- Build files have been written to: /home/yanji/robot_screwing/build/screw_robot_control
[0.496s] [ 20%] Built target SERVO_MOTOR
[0.510s] [ 40%] Built target SCREWING_TOOL
[0.514s] [35m[1mScanning dependencies of target right_arm_control_tcp[0m
[0.523s] [ 60%] Built target task_control_screw
[0.526s] [ 80%] Built target right_arm_control
[0.532s] [ 90%] [32mBuilding CXX object CMakeFiles/right_arm_control_tcp.dir/src/right_arm_control_tcp.cpp.o[0m
[0.541s] [01m[K/home/yanji/robot_screwing/src/screw_robot_control/src/right_arm_control_tcp.cpp:1:10:[m[K [01;31m[Kfatal error: [m[Kjaka/right_arm_control_test.hpp: 没有那个文件或目录
[0.541s]     1 | #include [01;31m[K"jaka/right_arm_control_test.hpp"[m[K
[0.541s]       |          [01;31m[K^~~~~~~~~~~~~~~~~~~~~~~~~~~~~~~~~[m[K
[0.541s] compilation terminated.
[0.541s] make[2]: *** [CMakeFiles/right_arm_control_tcp.dir/build.make:63：CMakeFiles/right_arm_control_tcp.dir/src/right_arm_control_tcp.cpp.o] 错误 1
[0.541s] make[1]: *** [CMakeFiles/Makefile2:223：CMakeFiles/right_arm_control_tcp.dir/all] 错误 2
[0.541s] make: *** [Makefile:141：all] 错误 2
[0.543s] Invoked command in '/home/yanji/robot_screwing/build/screw_robot_control' returned '2': CMAKE_PREFIX_PATH=/home/yanji/robot_screwing/install/robot_msgs:/home/yanji/robot_screwing/install/screw_robot_control:/home/yanji/robot_screwing/install/real_robot:/home/yanji/robot_screwing/install/mj_sim:/opt/ros/foxy CONDA_PROMPT_MODIFIER=(screwrobot) LD_LIBRARY_PATH=/home/yanji/robot_screwing/install/robot_msgs/lib:/lib/x86_64-linux-gnu:/usr/lib/x86_64-linux-gnu:/home/yanji/robot_screwing/install/screw_robot_control/lib:/opt/ros/foxy/opt/yaml_cpp_vendor/lib:/opt/ros/foxy/opt/rviz_ogre_vendor/lib:/opt/ros/foxy/lib/x86_64-linux-gnu:/opt/ros/foxy/lib:/lib/x86_64-linux-gnu:/usr/lib/x86_64-linux-gnu:/usr/local/cuda/lib64:/usr/local/cuda/lib64 /usr/bin/cmake --build /home/yanji/robot_screwing/build/screw_robot_control -- -j24 -l24
