-- The C compiler identification is GNU 9.4.0
-- The CXX compiler identification is GNU 13.1.0
-- Check for working C compiler: /usr/lib/ccache/cc
-- Check for working C compiler: /usr/lib/ccache/cc -- works
-- Detecting C compiler ABI info
-- Detecting C compiler ABI info - done
-- Detecting C compile features
-- Detecting C compile features - done
-- Check for working CXX compiler: /usr/lib/ccache/c++
-- Check for working CXX compiler: /usr/lib/ccache/c++ -- works
-- Detecting CXX compiler ABI info
-- Detecting CXX compiler ABI info - done
-- Detecting CXX compile features
-- Detecting CXX compile features - done
-- Found ament_cmake: 0.9.12 (/opt/ros/foxy/share/ament_cmake/cmake)
-- Found PythonInterp: /home/yanji/anaconda3/envs/screwrobot/bin/python3 (found suitable version "3.8.20", minimum required is "3") 
-- Using PYTHON_EXECUTABLE: /home/yanji/anaconda3/envs/screwrobot/bin/python3
-- Found rclcpp: 2.4.3 (/opt/ros/foxy/share/rclcpp/cmake)
-- Using all available rosidl_typesupport_c: rosidl_typesupport_fastrtps_c;rosidl_typesupport_introspection_c
-- Found rosidl_adapter: 1.3.1 (/opt/ros/foxy/share/rosidl_adapter/cmake)
-- Found OpenSSL: /usr/lib/x86_64-linux-gnu/libcrypto.so (found version "1.1.1f")  
-- Found FastRTPS: /opt/ros/foxy/include  
-- Using all available rosidl_typesupport_cpp: rosidl_typesupport_fastrtps_cpp;rosidl_typesupport_introspection_cpp
-- Found rmw_implementation_cmake: 1.0.4 (/opt/ros/foxy/share/rmw_implementation_cmake/cmake)
-- Using RMW implementation 'rmw_fastrtps_cpp' as default
-- Looking for pthread.h
-- Looking for pthread.h - found
-- Performing Test CMAKE_HAVE_LIBC_PTHREAD
-- Performing Test CMAKE_HAVE_LIBC_PTHREAD - Failed
-- Looking for pthread_create in pthreads
-- Looking for pthread_create in pthreads - not found
-- Looking for pthread_create in pthread
-- Looking for pthread_create in pthread - found
-- Found Threads: TRUE  
-- Found geometry_msgs: 2.0.5 (/opt/ros/foxy/share/geometry_msgs/cmake)
-- Found robot_msgs: 0.0.0 (/home/yanji/robot_screwing/install/robot_msgs/share/robot_msgs/cmake)
-- Found rclcpp_action: 2.4.3 (/opt/ros/foxy/share/rclcpp_action/cmake)
-- Found ament_lint_auto: 0.9.8 (/opt/ros/foxy/share/ament_lint_auto/cmake)
-- Added test 'copyright' to check source files copyright and LICENSE
-- Added test 'cppcheck' to perform static code analysis on C / C++ code
-- Configured cppcheck include dirs: /home/yanji/robot_screwing/src/screw_robot_control/include;/home/yanji/robot_screwing/src/screw_robot_control/include/screw_robot_control
-- Configured cppcheck exclude dirs and/or files: 
-- Added test 'cpplint' to check C / C++ code against the Google style
-- Configured cpplint exclude dirs and/or files: 
-- Added test 'flake8' to check Python code syntax and style conventions
-- Added test 'lint_cmake' to check CMake code style
-- Added test 'pep257' to check Python code against some of the style conventions in PEP 257
-- Added test 'uncrustify' to check C / C++ code style
-- Configured uncrustify additional arguments: 
-- Added test 'xmllint' to check XML markup files
-- Configuring done
-- Generating done
-- Build files have been written to: /home/yanji/robot_screwing/build/screw_robot_control
[35m[1mScanning dependencies of target SERVO_MOTOR[0m
[ 10%] [32mBuilding CXX object CMakeFiles/SERVO_MOTOR.dir/src/servo_motor_function.cpp.o[0m
[ 20%] [32m[1mLinking CXX shared library libSERVO_MOTOR.so[0m
[ 20%] Built target SERVO_MOTOR
[35m[1mScanning dependencies of target SCREWING_TOOL[0m
[ 30%] [32mBuilding CXX object CMakeFiles/SCREWING_TOOL.dir/src/screwing_tool.cpp.o[0m
[ 40%] [32m[1mLinking CXX shared library libSCREWING_TOOL.so[0m
[ 40%] Built target SCREWING_TOOL
[35m[1mScanning dependencies of target task_control_screw[0m
[35m[1mScanning dependencies of target right_arm_control[0m
[35m[1mScanning dependencies of target right_arm_control_tcp[0m
[ 50%] [32mBuilding CXX object CMakeFiles/task_control_screw.dir/src/task_control_screw.cpp.o[0m
[ 60%] [32mBuilding CXX object CMakeFiles/right_arm_control.dir/src/right_arm_control.cpp.o[0m
[ 70%] [32mBuilding CXX object CMakeFiles/right_arm_control_tcp.dir/src/right_arm_control_tcp.cpp.o[0m
[ 80%] [32m[1mLinking CXX executable right_arm_control[0m
[ 90%] [32m[1mLinking CXX executable task_control_screw[0m
[100%] [32m[1mLinking CXX executable right_arm_control_tcp[0m
[100%] Built target task_control_screw
[100%] Built target right_arm_control
[100%] Built target right_arm_control_tcp
-- Install configuration: ""
-- Installing: /home/yanji/robot_screwing/install/screw_robot_control/lib/libSERVO_MOTOR.so
-- Set runtime path of "/home/yanji/robot_screwing/install/screw_robot_control/lib/libSERVO_MOTOR.so" to ""
-- Installing: /home/yanji/robot_screwing/install/screw_robot_control/lib/libSCREWING_TOOL.so
-- Set runtime path of "/home/yanji/robot_screwing/install/screw_robot_control/lib/libSCREWING_TOOL.so" to ""
-- Installing: /home/yanji/robot_screwing/install/screw_robot_control/lib/screw_robot_control/right_arm_control
-- Set runtime path of "/home/yanji/robot_screwing/install/screw_robot_control/lib/screw_robot_control/right_arm_control" to ""
-- Installing: /home/yanji/robot_screwing/install/screw_robot_control/lib/screw_robot_control/task_control_screw
-- Set runtime path of "/home/yanji/robot_screwing/install/screw_robot_control/lib/screw_robot_control/task_control_screw" to ""
-- Installing: /home/yanji/robot_screwing/install/screw_robot_control/lib/screw_robot_control/right_arm_control_tcp
-- Set runtime path of "/home/yanji/robot_screwing/install/screw_robot_control/lib/screw_robot_control/right_arm_control_tcp" to ""
-- Installing: /home/yanji/robot_screwing/install/screw_robot_control/lib/libjakaAPI.so
-- Installing: /home/yanji/robot_screwing/install/screw_robot_control/lib/libdxl_x64_cpp.so
-- Installing: /home/yanji/robot_screwing/install/screw_robot_control/include
-- Installing: /home/yanji/robot_screwing/install/screw_robot_control/include/screw_robot_control
-- Installing: /home/yanji/robot_screwing/install/screw_robot_control/include/screw_robot_control/dynamixel
-- Installing: /home/yanji/robot_screwing/install/screw_robot_control/include/screw_robot_control/dynamixel/dynamixel_sdk.h
-- Installing: /home/yanji/robot_screwing/install/screw_robot_control/include/screw_robot_control/dynamixel/port_handler.h
-- Installing: /home/yanji/robot_screwing/install/screw_robot_control/include/screw_robot_control/dynamixel/packet_handler.h
-- Installing: /home/yanji/robot_screwing/install/screw_robot_control/include/screw_robot_control/dynamixel/group_bulk_read.h
-- Installing: /home/yanji/robot_screwing/install/screw_robot_control/include/screw_robot_control/dynamixel/protocol1_packet_handler.h
-- Installing: /home/yanji/robot_screwing/install/screw_robot_control/include/screw_robot_control/dynamixel/port_handler_arduino.h
-- Installing: /home/yanji/robot_screwing/install/screw_robot_control/include/screw_robot_control/dynamixel/group_sync_write.h
-- Installing: /home/yanji/robot_screwing/install/screw_robot_control/include/screw_robot_control/dynamixel/port_handler_linux.h
-- Installing: /home/yanji/robot_screwing/install/screw_robot_control/include/screw_robot_control/dynamixel/port_handler_windows.h
-- Installing: /home/yanji/robot_screwing/install/screw_robot_control/include/screw_robot_control/dynamixel/protocol2_packet_handler.h
-- Installing: /home/yanji/robot_screwing/install/screw_robot_control/include/screw_robot_control/dynamixel/port_handler_mac.h
-- Installing: /home/yanji/robot_screwing/install/screw_robot_control/include/screw_robot_control/dynamixel/group_sync_read.h
-- Installing: /home/yanji/robot_screwing/install/screw_robot_control/include/screw_robot_control/dynamixel/group_bulk_write.h
-- Installing: /home/yanji/robot_screwing/install/screw_robot_control/include/screw_robot_control/jaka
-- Installing: /home/yanji/robot_screwing/install/screw_robot_control/include/screw_robot_control/jaka/right_arm_control.hpp
-- Installing: /home/yanji/robot_screwing/install/screw_robot_control/include/screw_robot_control/jaka/servo_motor_function.hpp
-- Installing: /home/yanji/robot_screwing/install/screw_robot_control/include/screw_robot_control/jaka/JAKAZuRobot.h
-- Installing: /home/yanji/robot_screwing/install/screw_robot_control/include/screw_robot_control/jaka/jktypes.h
-- Installing: /home/yanji/robot_screwing/install/screw_robot_control/include/screw_robot_control/jaka/task_control_screw.hpp
-- Installing: /home/yanji/robot_screwing/install/screw_robot_control/include/screw_robot_control/jaka/jkerr.h
-- Installing: /home/yanji/robot_screwing/install/screw_robot_control/include/screw_robot_control/jaka/right_arm_control_tcp.hpp
-- Installing: /home/yanji/robot_screwing/install/screw_robot_control/include/screw_robot_control/jaka/screwing_tool.hpp
-- Installing: /home/yanji/robot_screwing/install/screw_robot_control/share/screw_robot_control/launch
-- Installing: /home/yanji/robot_screwing/install/screw_robot_control/share/screw_robot_control/launch/server_mpc.launch.py
-- Installing: /home/yanji/robot_screwing/install/screw_robot_control/share/ament_index/resource_index/package_run_dependencies/screw_robot_control
-- Installing: /home/yanji/robot_screwing/install/screw_robot_control/share/ament_index/resource_index/parent_prefix_path/screw_robot_control
-- Installing: /home/yanji/robot_screwing/install/screw_robot_control/share/screw_robot_control/environment/ament_prefix_path.sh
-- Installing: /home/yanji/robot_screwing/install/screw_robot_control/share/screw_robot_control/environment/ament_prefix_path.dsv
-- Installing: /home/yanji/robot_screwing/install/screw_robot_control/share/screw_robot_control/environment/path.sh
-- Installing: /home/yanji/robot_screwing/install/screw_robot_control/share/screw_robot_control/environment/path.dsv
-- Installing: /home/yanji/robot_screwing/install/screw_robot_control/share/screw_robot_control/local_setup.bash
-- Installing: /home/yanji/robot_screwing/install/screw_robot_control/share/screw_robot_control/local_setup.sh
-- Installing: /home/yanji/robot_screwing/install/screw_robot_control/share/screw_robot_control/local_setup.zsh
-- Installing: /home/yanji/robot_screwing/install/screw_robot_control/share/screw_robot_control/local_setup.dsv
-- Installing: /home/yanji/robot_screwing/install/screw_robot_control/share/screw_robot_control/package.dsv
-- Installing: /home/yanji/robot_screwing/install/screw_robot_control/share/ament_index/resource_index/packages/screw_robot_control
-- Installing: /home/yanji/robot_screwing/install/screw_robot_control/share/screw_robot_control/cmake/screw_robot_controlConfig.cmake
-- Installing: /home/yanji/robot_screwing/install/screw_robot_control/share/screw_robot_control/cmake/screw_robot_controlConfig-version.cmake
-- Installing: /home/yanji/robot_screwing/install/screw_robot_control/share/screw_robot_control/package.xml
