[0.006s] Invoking command in '/home/yanji/robot_screwing/build/screw_robot_control': CMAKE_PREFIX_PATH=/home/yanji/robot_screwing/install/robot_msgs:/home/yanji/robot_screwing/install/screw_robot_control:/home/yanji/robot_screwing/install/real_robot:/home/yanji/robot_screwing/install/mj_sim:/opt/ros/foxy CONDA_PROMPT_MODIFIER=(screwrobot) LD_LIBRARY_PATH=/home/yanji/robot_screwing/install/robot_msgs/lib:/lib/x86_64-linux-gnu:/usr/lib/x86_64-linux-gnu:/home/yanji/robot_screwing/install/screw_robot_control/lib:/opt/ros/foxy/opt/yaml_cpp_vendor/lib:/opt/ros/foxy/opt/rviz_ogre_vendor/lib:/opt/ros/foxy/lib/x86_64-linux-gnu:/opt/ros/foxy/lib:/lib/x86_64-linux-gnu:/usr/lib/x86_64-linux-gnu:/usr/local/cuda/lib64:/usr/local/cuda/lib64 /usr/bin/cmake --build /home/yanji/robot_screwing/build/screw_robot_control -- -j24 -l24
[0.029s] [ 25%] Built target SERVO_MOTOR
[0.035s] [35m[1mScanning dependencies of target SCREWING_TOOL[0m
[0.049s] [ 37%] [32mBuilding CXX object CMakeFiles/SCREWING_TOOL.dir/src/screwing_tool.cpp.o[0m
[1.047s] /home/yanji/robot_screwing/src/screw_robot_control/src/screwing_tool.cpp: In member function ‘int endeffector::screwing_s1(int, float, rclcpp::Publisher<robot_msgs::msg::CurrentPub_<std::allocator<void> > >::SharedPtr, robot_msgs::msg::CurrentPub&)’:
[1.047s] /home/yanji/robot_screwing/src/screw_robot_control/src/screwing_tool.cpp:530:21: warning: unused variable ‘pre_velo’ [-Wunused-variable]
[1.047s]   530 |                 int pre_velo = this->get_presentvelocity(0);
[1.047s]       |                     ^~~~~~~~
[1.051s] [ 50%] [32m[1mLinking CXX shared library libSCREWING_TOOL.so[0m
[1.094s] [ 50%] Built target SCREWING_TOOL
[1.098s] [35m[1mScanning dependencies of target task_control_screw[0m
[1.099s] [35m[1mScanning dependencies of target right_arm_control[0m
[1.119s] [ 62%] [32mBuilding CXX object CMakeFiles/task_control_screw.dir/src/task_control_screw.cpp.o[0m
[1.121s] [ 75%] [32mBuilding CXX object CMakeFiles/right_arm_control.dir/src/right_arm_control.cpp.o[0m
[1.262s] In file included from [01m[K/home/yanji/robot_screwing/src/screw_robot_control/src/task_control_screw.cpp:1[m[K:
[1.262s] [01m[K/home/yanji/robot_screwing/src/screw_robot_control/include/screw_robot_control/jaka/task_control_screw.hpp:40:2:[m[K [01;31m[Kerror: [m[K#endif without #if
[1.262s]    40 | #[01;31m[Kendif[m[K // SCREW_CONTROL_SERVER_HPP
[1.262s]       |  [01;31m[K^~~~~[m[K
[1.853s] [01m[K/home/yanji/robot_screwing/src/screw_robot_control/include/screw_robot_control/jaka/task_control_screw.hpp:24:3:[m[K [01;31m[Kerror: [m[K‘[01m[Kscrew_robot_control[m[K’ does not name a type
[1.854s]    24 |   [01;31m[Kscrew_robot_control[m[K::Endeffector ef_;
[1.854s]       |   [01;31m[K^~~~~~~~~~~~~~~~~~~[m[K
[1.858s] [01m[K/home/yanji/robot_screwing/src/screw_robot_control/src/task_control_screw.cpp:[m[K In constructor ‘[01m[Kscrew_control::ScrewControlServer::[01;32m[KScrewControlServer[m[K()[m[K’:
[1.858s] [01m[K/home/yanji/robot_screwing/src/screw_robot_control/src/task_control_screw.cpp:23:9:[m[K [01;31m[Kerror: [m[K‘[01m[Kef_[m[K’ was not declared in this scope
[1.858s]    23 |         [01;31m[Kef_[m[K.screwing_s1(200, 1.4, *current_pub_, current_msg_);
[1.858s]       |         [01;31m[K^~~[m[K
[1.875s] [01m[K/home/yanji/robot_screwing/src/screw_robot_control/src/task_control_screw.cpp:[m[K In member function ‘[01m[Kvoid screw_control::ScrewControlServer::[01;32m[Kexecute[m[K(std::shared_ptr<rclcpp_action::ServerGoalHandle<robot_msgs::action::Screw> >)[m[K’:
[1.875s] [01m[K/home/yanji/robot_screwing/src/screw_robot_control/src/task_control_screw.cpp:91:14:[m[K [01;31m[Kerror: [m[K‘[01m[Kef_[m[K’ was not declared in this scope
[1.876s]    91 |     result = [01;31m[Kef_[m[K.screwing_s2(210, *current_pub_, current_msg_);
[1.876s]       |              [01;31m[K^~~[m[K
[1.878s] [01m[K/home/yanji/robot_screwing/src/screw_robot_control/src/task_control_screw.cpp:101:14:[m[K [01;31m[Kerror: [m[K‘[01m[Kef_[m[K’ was not declared in this scope
[1.878s]   101 |     result = [01;31m[Kef_[m[K.screwing_s1(200, 1, *current_pub_, current_msg_);
[1.878s]       |              [01;31m[K^~~[m[K
[1.880s] [01m[K/home/yanji/robot_screwing/src/screw_robot_control/src/task_control_screw.cpp:110:14:[m[K [01;31m[Kerror: [m[K‘[01m[Kef_[m[K’ was not declared in this scope
[1.880s]   110 |     result = [01;31m[Kef_[m[K.unscrew_to_zero(200);
[1.880s]       |              [01;31m[K^~~[m[K
[1.882s] [01m[K/home/yanji/robot_screwing/src/screw_robot_control/src/task_control_screw.cpp:118:14:[m[K [01;31m[Kerror: [m[K‘[01m[Kef_[m[K’ was not declared in this scope
[1.882s]   118 |     result = [01;31m[Kef_[m[K.width_recovery();
[1.882s]       |              [01;31m[K^~~[m[K
[1.883s] [01m[K/home/yanji/robot_screwing/src/screw_robot_control/src/task_control_screw.cpp:127:5:[m[K [01;31m[Kerror: [m[K‘[01m[Kef_[m[K’ was not declared in this scope
[1.884s]   127 |     [01;31m[Kef_[m[K.screw_to_zero();
[1.884s]       |     [01;31m[K^~~[m[K
[1.885s] [01m[K/home/yanji/robot_screwing/src/screw_robot_control/src/task_control_screw.cpp:136:14:[m[K [01;31m[Kerror: [m[K‘[01m[Kef_[m[K’ was not declared in this scope
[1.885s]   136 |     result = [01;31m[Kef_[m[K.width_reduce_full_for_handover(*current_pub_, current_msg_, *width_pub_, width_msg_);
[1.885s]       |              [01;31m[K^~~[m[K
[1.887s] [01m[K/home/yanji/robot_screwing/src/screw_robot_control/src/task_control_screw.cpp:144:5:[m[K [01;31m[Kerror: [m[K‘[01m[Kef_[m[K’ was not declared in this scope
[1.887s]   144 |     [01;31m[Kef_[m[K.width_increase(6, *current_pub_, current_msg_, *width_pub_, width_msg_);
[1.887s]       |     [01;31m[K^~~[m[K
[2.417s] make[2]: *** [CMakeFiles/task_control_screw.dir/build.make:63：CMakeFiles/task_control_screw.dir/src/task_control_screw.cpp.o] 错误 1
[2.417s] make[1]: *** [CMakeFiles/Makefile2:85：CMakeFiles/task_control_screw.dir/all] 错误 2
[2.417s] make[1]: *** 正在等待未完成的任务....
[4.006s] /home/yanji/robot_screwing/src/screw_robot_control/src/right_arm_control.cpp: In constructor ‘right_arm::RobotAdmittanceControl::RobotAdmittanceControl()’:
[4.006s] /home/yanji/robot_screwing/src/screw_robot_control/src/right_arm_control.cpp:71:5: error: ‘sleep’ was not declared in this scope
[4.006s]    71 |     sleep(1);
[4.006s]       |     ^~~~~
[4.006s] In file included from /opt/ros/foxy/include/rclcpp/client.hpp:40,
[4.006s]                  from /opt/ros/foxy/include/rclcpp/callback_group.hpp:23,
[4.006s]                  from /opt/ros/foxy/include/rclcpp/any_executable.hpp:20,
[4.006s]                  from /opt/ros/foxy/include/rclcpp/memory_strategy.hpp:24,
[4.006s]                  from /opt/ros/foxy/include/rclcpp/memory_strategies.hpp:18,
[4.006s]                  from /opt/ros/foxy/include/rclcpp/executor_options.hpp:20,
[4.006s]                  from /opt/ros/foxy/include/rclcpp/executor.hpp:33,
[4.006s]                  from /opt/ros/foxy/include/rclcpp/executors/multi_threaded_executor.hpp:26,
[4.006s]                  from /opt/ros/foxy/include/rclcpp/executors.hpp:21,
[4.006s]                  from /opt/ros/foxy/include/rclcpp/rclcpp.hpp:146,
[4.006s]                  from /home/yanji/robot_screwing/src/screw_robot_control/src/right_arm_control.cpp:1:
[4.006s] /home/yanji/robot_screwing/src/screw_robot_control/src/right_arm_control.cpp: In member function ‘void right_arm::RobotAdmittanceControl::command_callback(robot_msgs::msg::ControlCommand_<std::allocator<void> >::SharedPtr)’:
[4.006s] /home/yanji/robot_screwing/src/screw_robot_control/src/right_arm_control.cpp:124:89: error: ‘adm_k_’ was not declared in this scope; did you mean ‘adm_k’?
[4.006s]   124 |     RCLCPP_INFO(this->get_logger(), "Received control command: k_size=%ld, d_size=%ld", adm_k_.size(), adm_d_.size());
[4.006s]       |                                                                                         ^~~~~~
[4.006s] /home/yanji/robot_screwing/src/screw_robot_control/src/right_arm_control.cpp:124:104: error: ‘adm_d_’ was not declared in this scope; did you mean ‘adm_d’?
[4.006s]   124 |     RCLCPP_INFO(this->get_logger(), "Received control command: k_size=%ld, d_size=%ld", adm_k_.size(), adm_d_.size());
[4.006s]       |                                                                                                        ^~~~~~
[4.006s] /home/yanji/robot_screwing/src/screw_robot_control/src/right_arm_control.cpp: In member function ‘void right_arm::RobotAdmittanceControl::ready_callback(std::shared_ptr<robot_msgs::srv::StartPose_Request_<std::allocator<void> > >, std::shared_ptr<robot_msgs::srv::StartPose_Response_<std::allocator<void> > >)’:
[4.006s] /home/yanji/robot_screwing/src/screw_robot_control/src/right_arm_control.cpp:139:26: error: no match for ‘operator=’ (operand types are ‘robot_msgs::srv::StartPose_Response_<std::allocator<void> >::_pos_para_type’ {aka ‘std::array<double, 3>’} and ‘std::vector<double, std::allocator<double> >’)
[4.006s]   139 |     response->pos_para = pos_para_;
[4.006s]       |                          ^~~~~~~~~
[4.007s] In file included from /usr/include/c++/13/functional:65,
[4.007s]                  from /opt/ros/foxy/include/rclcpp/context.hpp:19,
[4.007s]                  from /opt/ros/foxy/include/rclcpp/contexts/default_context.hpp:18,
[4.007s]                  from /opt/ros/foxy/include/rclcpp/executor.hpp:32:
[4.007s] /usr/include/c++/13/array:94:12: note: candidate: ‘constexpr std::array<double, 3>& std::array<double, 3>::operator=(const std::array<double, 3>&)’
[4.007s]    94 |     struct array
[4.007s]       |            ^~~~~
[4.007s] /usr/include/c++/13/array:94:12: note:   no known conversion for argument 1 from ‘std::vector<double, std::allocator<double> >’ to ‘const std::array<double, 3>&’
[4.007s] /usr/include/c++/13/array:94:12: note: candidate: ‘constexpr std::array<double, 3>& std::array<double, 3>::operator=(std::array<double, 3>&&)’
[4.007s] /usr/include/c++/13/array:94:12: note:   no known conversion for argument 1 from ‘std::vector<double, std::allocator<double> >’ to ‘std::array<double, 3>&&’
[4.007s] /home/yanji/robot_screwing/src/screw_robot_control/src/right_arm_control.cpp:140:26: error: no match for ‘operator=’ (operand types are ‘robot_msgs::srv::StartPose_Response_<std::allocator<void> >::_ori_para_type’ {aka ‘std::array<double, 9>’} and ‘std::vector<double, std::allocator<double> >’)
[4.007s]   140 |     response->ori_para = ori_para_;
[4.007s]       |                          ^~~~~~~~~
[4.007s] /usr/include/c++/13/array:94:12: note: candidate: ‘constexpr std::array<double, 9>& std::array<double, 9>::operator=(const std::array<double, 9>&)’
[4.007s]    94 |     struct array
[4.007s]       |            ^~~~~
[4.007s] /usr/include/c++/13/array:94:12: note:   no known conversion for argument 1 from ‘std::vector<double, std::allocator<double> >’ to ‘const std::array<double, 9>&’
[4.007s] /usr/include/c++/13/array:94:12: note: candidate: ‘constexpr std::array<double, 9>& std::array<double, 9>::operator=(std::array<double, 9>&&)’
[4.007s] /usr/include/c++/13/array:94:12: note:   no known conversion for argument 1 from ‘std::vector<double, std::allocator<double> >’ to ‘std::array<double, 9>&&’
[4.007s] /home/yanji/robot_screwing/src/screw_robot_control/src/right_arm_control.cpp: In member function ‘void right_arm::RobotAdmittanceControl::tcp_admittance_run()’:
[4.007s] /home/yanji/robot_screwing/src/screw_robot_control/src/right_arm_control.cpp:299:29: error: ‘ros’ has not been declared
[4.007s]   299 |   while ((item < 7000) &&  (ros::ok()))
[4.007s]       |                             ^~~
[4.007s] /home/yanji/robot_screwing/src/screw_robot_control/src/right_arm_control.cpp: In member function ‘void right_arm::RobotAdmittanceControl::linear_search(char)’:
[4.007s] /home/yanji/robot_screwing/src/screw_robot_control/src/right_arm_control.cpp:401:28: error: ‘ros’ has not been declared
[4.007s]   401 |   while ((item < 7000) && (ros::ok()))
[4.007s]       |                            ^~~
[4.007s] /home/yanji/robot_screwing/src/screw_robot_control/src/right_arm_control.cpp:420:7: error: ‘pose_p’ was not declared in this scope
[4.007s]   420 |       pose_p.X = eef_pos[0];
[4.007s]       |       ^~~~~~
[4.007s] /home/yanji/robot_screwing/src/screw_robot_control/src/right_arm_control.cpp:430:7: error: ‘pos_pub_6’ was not declared in this scope
[4.008s]   430 |       pos_pub_6.publish(pose_p);
[4.008s]       |       ^~~~~~~~~
[4.008s] /home/yanji/robot_screwing/src/screw_robot_control/src/right_arm_control.cpp: In member function ‘void right_arm::RobotAdmittanceControl::passive_fine()’:
[4.008s] /home/yanji/robot_screwing/src/screw_robot_control/src/right_arm_control.cpp:481:3: error: ‘screw_execute_status’ was not declared in this scope; did you mean ‘screw_execute_status_’?
[4.008s]   481 |   screw_execute_status = 2; //初始化，肯定是未运行的；
[4.008s]       |   ^~~~~~~~~~~~~~~~~~~~
[4.008s]       |   screw_execute_status_
[4.008s] /home/yanji/robot_screwing/src/screw_robot_control/src/right_arm_control.cpp:484:3: error: ‘screw_execute_result’ was not declared in this scope; did you mean ‘screw_execute_result_’?
[4.008s]   484 |   screw_execute_result = 9; //不需要对其进行初始化，一开始他没有结果
[4.008s]       |   ^~~~~~~~~~~~~~~~~~~~
[4.009s]       |   screw_execute_result_
[4.009s] /home/yanji/robot_screwing/src/screw_robot_control/src/right_arm_control.cpp:485:3: error: ‘real_robot_control’ has not been declared
[4.009s]   485 |   real_robot_control::screwGoal goal;
[4.009s]       |   ^~~~~~~~~~~~~~~~~~
[4.009s] /home/yanji/robot_screwing/src/screw_robot_control/src/right_arm_control.cpp:490:10: error: ‘ros’ has not been declared
[4.009s]   490 |   while (ros::ok()){
[4.009s]       |          ^~~
[4.009s] /home/yanji/robot_screwing/src/screw_robot_control/src/right_arm_control.cpp:529:32: error: ‘ros’ has not been declared
[4.009s]   529 |       while ((item < 5000)&&  (ros::ok()))
[4.009s]       |                                ^~~
[4.009s] /home/yanji/robot_screwing/src/screw_robot_control/src/right_arm_control.cpp:537:13: error: ‘goal_msg’ was not declared in this scope
[4.009s]   537 |             goal_msg.num = flag; // 0 直接运行后续装配过程 1 运行第一阶段，接着搜索 2 出现错误，回退
[4.010s]       |             ^~~~~~~~
[4.010s] /home/yanji/robot_screwing/src/screw_robot_control/src/right_arm_control.cpp:542:115: error: no match for ‘operator=’ (operand types are ‘rclcpp_action::Client<robot_msgs::action::Screw>::FeedbackCallback’ {aka ‘std::function<void(std::shared_ptr<rclcpp_action::ClientGoalHandle<robot_msgs::action::Screw> >, std::shared_ptr<const robot_msgs::action::Screw_Feedback_<std::allocator<void> > >)>’} and ‘std::_Bind_helper<false, void (right_arm::RobotAdmittanceControl::*)(const std::shared_ptr<rclcpp_action::ClientGoalHandle<robot_msgs::action::Screw> >&, const std::shared_ptr<robot_msgs::action::Screw_Feedback_<std::allocator<void> > >&), right_arm::RobotAdmittanceControl*, const std::_Placeholder<1>&, const std::_Placeholder<2>&>::type’)
[4.010s]   542 |                 std::bind(&RobotAdmittanceControl::feedback_cb, this, std::placeholders::_1, std::placeholders::_2);
[4.010s]       |                                                                                                                   ^
[4.010s] In file included from /usr/include/c++/13/future:50,
[4.010s]                  from /opt/ros/foxy/include/rclcpp/executors.hpp:18:
[4.010s] /usr/include/c++/13/bits/std_function.h:531:9: note: candidate: ‘template<class _Functor> std::function<_Res(_ArgTypes ...)>::_Requires<std::function<_Res(_ArgTypes ...)>::_Callable<_Functor>, std::function<_Res(_ArgTypes ...)>&> std::function<_Res(_ArgTypes ...)>::operator=(_Functor&&) [with _Res = void; _ArgTypes = {std::shared_ptr<rclcpp_action::ClientGoalHandle<robot_msgs::action::Screw> >, std::shared_ptr<const robot_msgs::action::Screw_Feedback_<std::allocator<void> > >}]’
[4.010s]   531 |         operator=(_Functor&& __f)
[4.010s]       |         ^~~~~~~~
[4.010s] /usr/include/c++/13/bits/std_function.h:531:9: note:   template argument deduction/substitution failed:
[4.010s] In file included from /usr/include/c++/13/bits/move.h:37,
[4.010s]                  from /usr/include/c++/13/bits/new_allocator.h:36,
[4.010s]                  from /usr/include/x86_64-linux-gnu/c++/13/bits/c++allocator.h:33,
[4.010s]                  from /usr/include/c++/13/bits/allocator.h:46,
[4.010s]                  from /usr/include/c++/13/memory:65,
[4.010s]                  from /opt/ros/foxy/include/rclcpp/rclcpp.hpp:144:
[4.010s] /usr/include/c++/13/type_traits: In substitution of ‘template<bool _Cond, class _Tp> using std::__enable_if_t = typename std::enable_if::type [with bool _Cond = false; _Tp = std::function<void(std::shared_ptr<rclcpp_action::ClientGoalHandle<robot_msgs::action::Screw> >, std::shared_ptr<const robot_msgs::action::Screw_Feedback_<std::allocator<void> > >)>&]’:
[4.010s] /usr/include/c++/13/bits/std_function.h:353:8:   required by substitution of ‘template<class _Res, class ... _ArgTypes> template<class _Cond, class _Tp> using std::function<_Res(_ArgTypes ...)>::_Requires = std::__enable_if_t<_Cond::value, _Tp> [with _Cond = std::function<void(std::shared_ptr<rclcpp_action::ClientGoalHandle<robot_msgs::action::Screw> >, std::shared_ptr<const robot_msgs::action::Screw_Feedback_<std::allocator<void> > >)>::_Callable<std::_Bind<void (right_arm::RobotAdmittanceControl::*(right_arm::RobotAdmittanceControl*, std::_Placeholder<1>, std::_Placeholder<2>))(const std::shared_ptr<rclcpp_action::ClientGoalHandle<robot_msgs::action::Screw> >&, const std::shared_ptr<robot_msgs::action::Screw_Feedback_<std::allocator<void> > >&)>, std::_Bind<void (right_arm::RobotAdmittanceControl::*(right_arm::RobotAdmittanceControl*, std::_Placeholder<1>, std::_Placeholder<2>))(const std::shared_ptr<rclcpp_action::ClientGoalHandle<robot_msgs::action::Screw> >&, const std::shared_ptr<robot_msgs::action::Screw_Feedback_<std::allocator<void> > >&)>, std::__invoke_result<std::_Bind<void (right_arm::RobotAdmittanceControl::*(right_arm::RobotAdmittanceControl*, std::_Placeholder<1>, std::_Placeholder<2>))(const std::shared_ptr<rclcpp_action::ClientGoalHandle<robot_msgs::action::Screw> >&, const std::shared_ptr<robot_msgs::action::Screw_Feedback_<std::allocator<void> > >&)>&, std::shared_ptr<rclcpp_action::ClientGoalHandle<robot_msgs::action::Screw> >, std::shared_ptr<const robot_msgs::action::Screw_Feedback_<std::allocator<void> > > > >; _Tp = std::function<void(std::shared_ptr<rclcpp_action::ClientGoalHandle<robot_msgs::action::Screw> >, std::shared_ptr<const robot_msgs::action::Screw_Feedback_<std::allocator<void> > >)>&; _Res = void; _ArgTypes = {std::shared_ptr<rclcpp_action::ClientGoalHandle<robot_msgs::action::Screw> >, std::shared_ptr<const robot_msgs::action::Screw_Feedback_<std::allocator<void> > >}]’
[4.010s] /usr/include/c++/13/bits/std_function.h:531:2:   required by substitution of ‘template<class _Functor> std::function<void(std::shared_ptr<rclcpp_action::ClientGoalHandle<robot_msgs::action::Screw> >, std::shared_ptr<const robot_msgs::action::Screw_Feedback_<std::allocator<void> > >)>::_Requires<std::function<void(std::shared_ptr<rclcpp_action::ClientGoalHandle<robot_msgs::action::Screw> >, std::shared_ptr<const robot_msgs::action::Screw_Feedback_<std::allocator<void> > >)>::_Callable<_Functor, typename std::enable_if<(! std::is_same<typename std::remove_cv<typename std::remove_reference<_Tp>::type>::type, std::function<void(std::shared_ptr<rclcpp_action::ClientGoalHandle<robot_msgs::action::Screw> >, std::shared_ptr<const robot_msgs::action::Screw_Feedback_<std::allocator<void> > >)> >::value), std::decay<_Ex> >::type::type, std::__invoke_result<typename std::enable_if<(! std::is_same<typename std::remove_cv<typename std::remove_reference<_Tp>::type>::type, std::function<void(std::shared_ptr<rclcpp_action::ClientGoalHandle<robot_msgs::action::Screw> >, std::shared_ptr<const robot_msgs::action::Screw_Feedback_<std::allocator<void> > >)> >::value), std::decay<_Ex> >::type::type&, std::shared_ptr<rclcpp_action::ClientGoalHandle<robot_msgs::action::Screw> >, std::shared_ptr<const robot_msgs::action::Screw_Feedback_<std::allocator<void> > > > >, std::function<void(std::shared_ptr<rclcpp_action::ClientGoalHandle<robot_msgs::action::Screw> >, std::shared_ptr<const robot_msgs::action::Screw_Feedback_<std::allocator<void> > >)>&> std::function<void(std::shared_ptr<rclcpp_action::ClientGoalHandle<robot_msgs::action::Screw> >, std::shared_ptr<const robot_msgs::action::Screw_Feedback_<std::allocator<void> > >)>::operator=(_Functor&&) [with _Functor = std::_Bind<void (right_arm::RobotAdmittanceControl::*(right_arm::RobotAdmittanceControl*, std::_Placeholder<1>, std::_Placeholder<2>))(const std::shared_ptr<rclcpp_action::ClientGoalHandle<robot_msgs::action::Screw> >&, const std::shared_ptr<robot_msgs::action::Screw_Feedback_<std::allocator<void> > >&)>]’
[4.010s] /home/yanji/robot_screwing/src/screw_robot_control/src/right_arm_control.cpp:542:115:   required from here
[4.010s] /usr/include/c++/13/type_traits:116:11: error: no type named ‘type’ in ‘struct std::enable_if<false, std::function<void(std::shared_ptr<rclcpp_action::ClientGoalHandle<robot_msgs::action::Screw> >, std::shared_ptr<const robot_msgs::action::Screw_Feedback_<std::allocator<void> > >)>&>’
[4.011s]   116 |     using __enable_if_t = typename enable_if<_Cond, _Tp>::type;
[4.011s]       |           ^~~~~~~~~~~~~
[4.011s] /usr/include/c++/13/bits/std_function.h:541:9: note: candidate: ‘template<class _Functor> std::function<_Res(_ArgTypes ...)>& std::function<_Res(_ArgTypes ...)>::operator=(std::reference_wrapper<_Functor>) [with _Res = void; _ArgTypes = {std::shared_ptr<rclcpp_action::ClientGoalHandle<robot_msgs::action::Screw> >, std::shared_ptr<const robot_msgs::action::Screw_Feedback_<std::allocator<void> > >}]’
[4.011s]   541 |         operator=(reference_wrapper<_Functor> __f) noexcept
[4.011s]       |         ^~~~~~~~
[4.011s] /usr/include/c++/13/bits/std_function.h:541:9: note:   template argument deduction/substitution failed:
[4.011s] /home/yanji/robot_screwing/src/screw_robot_control/src/right_arm_control.cpp:542:115: note:   ‘std::_Bind<void (right_arm::RobotAdmittanceControl::*(right_arm::RobotAdmittanceControl*, std::_Placeholder<1>, std::_Placeholder<2>))(const std::shared_ptr<rclcpp_action::ClientGoalHandle<robot_msgs::action::Screw> >&, const std::shared_ptr<robot_msgs::action::Screw_Feedback_<std::allocator<void> > >&)>’ is not derived from ‘std::reference_wrapper<_Tp>’
[4.011s]   542 |                 std::bind(&RobotAdmittanceControl::feedback_cb, this, std::placeholders::_1, std::placeholders::_2);
[4.011s]       |                                                                                                                   ^
[4.011s] /usr/include/c++/13/bits/std_function.h:469:7: note: candidate: ‘std::function<_Res(_ArgTypes ...)>& std::function<_Res(_ArgTypes ...)>::operator=(const std::function<_Res(_ArgTypes ...)>&) [with _Res = void; _ArgTypes = {std::shared_ptr<rclcpp_action::ClientGoalHandle<robot_msgs::action::Screw> >, std::shared_ptr<const robot_msgs::action::Screw_Feedback_<std::allocator<void> > >}]’
[4.011s]   469 |       operator=(const function& __x)
[4.011s]       |       ^~~~~~~~
[4.012s] /usr/include/c++/13/bits/std_function.h:469:33: note:   no known conversion for argument 1 from ‘std::_Bind_helper<false, void (right_arm::RobotAdmittanceControl::*)(const std::shared_ptr<rclcpp_action::ClientGoalHandle<robot_msgs::action::Screw> >&, const std::shared_ptr<robot_msgs::action::Screw_Feedback_<std::allocator<void> > >&), right_arm::RobotAdmittanceControl*, const std::_Placeholder<1>&, const std::_Placeholder<2>&>::type’ to ‘const std::function<void(std::shared_ptr<rclcpp_action::ClientGoalHandle<robot_msgs::action::Screw> >, std::shared_ptr<const robot_msgs::action::Screw_Feedback_<std::allocator<void> > >)>&’
[4.012s]   469 |       operator=(const function& __x)
[4.012s]       |                 ~~~~~~~~~~~~~~~~^~~
[4.012s] /usr/include/c++/13/bits/std_function.h:487:7: note: candidate: ‘std::function<_Res(_ArgTypes ...)>& std::function<_Res(_ArgTypes ...)>::operator=(std::function<_Res(_ArgTypes ...)>&&) [with _Res = void; _ArgTypes = {std::shared_ptr<rclcpp_action::ClientGoalHandle<robot_msgs::action::Screw> >, std::shared_ptr<const robot_msgs::action::Screw_Feedback_<std::allocator<void> > >}]’
[4.012s]   487 |       operator=(function&& __x) noexcept
[4.012s]       |       ^~~~~~~~
[4.012s] /usr/include/c++/13/bits/std_function.h:487:28: note:   no known conversion for argument 1 from ‘std::_Bind_helper<false, void (right_arm::RobotAdmittanceControl::*)(const std::shared_ptr<rclcpp_action::ClientGoalHandle<robot_msgs::action::Screw> >&, const std::shared_ptr<robot_msgs::action::Screw_Feedback_<std::allocator<void> > >&), right_arm::RobotAdmittanceControl*, const std::_Placeholder<1>&, const std::_Placeholder<2>&>::type’ to ‘std::function<void(std::shared_ptr<rclcpp_action::ClientGoalHandle<robot_msgs::action::Screw> >, std::shared_ptr<const robot_msgs::action::Screw_Feedback_<std::allocator<void> > >)>&&’
[4.012s]   487 |       operator=(function&& __x) noexcept
[4.012s]       |                 ~~~~~~~~~~~^~~
[4.012s] /usr/include/c++/13/bits/std_function.h:501:7: note: candidate: ‘std::function<_Res(_ArgTypes ...)>& std::function<_Res(_ArgTypes ...)>::operator=(std::nullptr_t) [with _Res = void; _ArgTypes = {std::shared_ptr<rclcpp_action::ClientGoalHandle<robot_msgs::action::Screw> >, std::shared_ptr<const robot_msgs::action::Screw_Feedback_<std::allocator<void> > >}; std::nullptr_t = std::nullptr_t]’
[4.013s]   501 |       operator=(nullptr_t) noexcept
[4.013s]       |       ^~~~~~~~
[4.013s] /usr/include/c++/13/bits/std_function.h:501:17: note:   no known conversion for argument 1 from ‘std::_Bind_helper<false, void (right_arm::RobotAdmittanceControl::*)(const std::shared_ptr<rclcpp_action::ClientGoalHandle<robot_msgs::action::Screw> >&, const std::shared_ptr<robot_msgs::action::Screw_Feedback_<std::allocator<void> > >&), right_arm::RobotAdmittanceControl*, const std::_Placeholder<1>&, const std::_Placeholder<2>&>::type’ to ‘std::nullptr_t’
[4.013s]   501 |       operator=(nullptr_t) noexcept
[4.013s]       |                 ^~~~~~~~~
[4.013s] /home/yanji/robot_screwing/src/screw_robot_control/src/right_arm_control.cpp:544:111: error: no match for ‘operator=’ (operand types are ‘rclcpp_action::Client<robot_msgs::action::Screw>::ResultCallback’ {aka ‘std::function<void(const rclcpp_action::ClientGoalHandle<robot_msgs::action::Screw>::WrappedResult&)>’} and ‘std::_Bind_helper<false, void (right_arm::RobotAdmittanceControl::*)(const std::shared_ptr<rclcpp_action::ClientGoalHandle<robot_msgs::action::Screw> >&, const std::shared_ptr<robot_msgs::action::Screw_Result_<std::allocator<void> > >&), right_arm::RobotAdmittanceControl*, const std::_Placeholder<1>&, const std::_Placeholder<2>&>::type’)
[4.013s]   544 |                 std::bind(&RobotAdmittanceControl::done_cb, this, std::placeholders::_1, std::placeholders::_2);
[4.013s]       |                                                                                                               ^
[4.014s] /usr/include/c++/13/bits/std_function.h:531:9: note: candidate: ‘template<class _Functor> std::function<_Res(_ArgTypes ...)>::_Requires<std::function<_Res(_ArgTypes ...)>::_Callable<_Functor>, std::function<_Res(_ArgTypes ...)>&> std::function<_Res(_ArgTypes ...)>::operator=(_Functor&&) [with _Res = void; _ArgTypes = {const rclcpp_action::ClientGoalHandle<robot_msgs::action::Screw>::WrappedResult&}]’
[4.014s]   531 |         operator=(_Functor&& __f)
[4.014s]       |         ^~~~~~~~
[4.014s] /usr/include/c++/13/bits/std_function.h:531:9: note:   template argument deduction/substitution failed:
[4.014s] /usr/include/c++/13/type_traits: In substitution of ‘template<bool _Cond, class _Tp> using std::__enable_if_t = typename std::enable_if::type [with bool _Cond = false; _Tp = std::function<void(const rclcpp_action::ClientGoalHandle<robot_msgs::action::Screw>::WrappedResult&)>&]’:
[4.014s] /usr/include/c++/13/bits/std_function.h:353:8:   required by substitution of ‘template<class _Res, class ... _ArgTypes> template<class _Cond, class _Tp> using std::function<_Res(_ArgTypes ...)>::_Requires = std::__enable_if_t<_Cond::value, _Tp> [with _Cond = std::function<void(const rclcpp_action::ClientGoalHandle<robot_msgs::action::Screw>::WrappedResult&)>::_Callable<std::_Bind<void (right_arm::RobotAdmittanceControl::*(right_arm::RobotAdmittanceControl*, std::_Placeholder<1>, std::_Placeholder<2>))(const std::shared_ptr<rclcpp_action::ClientGoalHandle<robot_msgs::action::Screw> >&, const std::shared_ptr<robot_msgs::action::Screw_Result_<std::allocator<void> > >&)>, std::_Bind<void (right_arm::RobotAdmittanceControl::*(right_arm::RobotAdmittanceControl*, std::_Placeholder<1>, std::_Placeholder<2>))(const std::shared_ptr<rclcpp_action::ClientGoalHandle<robot_msgs::action::Screw> >&, const std::shared_ptr<robot_msgs::action::Screw_Result_<std::allocator<void> > >&)>, std::__invoke_result<std::_Bind<void (right_arm::RobotAdmittanceControl::*(right_arm::RobotAdmittanceControl*, std::_Placeholder<1>, std::_Placeholder<2>))(const std::shared_ptr<rclcpp_action::ClientGoalHandle<robot_msgs::action::Screw> >&, const std::shared_ptr<robot_msgs::action::Screw_Result_<std::allocator<void> > >&)>&, const rclcpp_action::ClientGoalHandle<robot_msgs::action::Screw>::WrappedResult&> >; _Tp = std::function<void(const rclcpp_action::ClientGoalHandle<robot_msgs::action::Screw>::WrappedResult&)>&; _Res = void; _ArgTypes = {const rclcpp_action::ClientGoalHandle<robot_msgs::action::Screw>::WrappedResult&}]’
[4.014s] /usr/include/c++/13/bits/std_function.h:531:2:   required by substitution of ‘template<class _Functor> std::function<void(const rclcpp_action::ClientGoalHandle<robot_msgs::action::Screw>::WrappedResult&)>::_Requires<std::function<void(const rclcpp_action::ClientGoalHandle<robot_msgs::action::Screw>::WrappedResult&)>::_Callable<_Functor, typename std::enable_if<(! std::is_same<typename std::remove_cv<typename std::remove_reference<_Tp>::type>::type, std::function<void(const rclcpp_action::ClientGoalHandle<robot_msgs::action::Screw>::WrappedResult&)> >::value), std::decay<_Ex> >::type::type, std::__invoke_result<typename std::enable_if<(! std::is_same<typename std::remove_cv<typename std::remove_reference<_Tp>::type>::type, std::function<void(const rclcpp_action::ClientGoalHandle<robot_msgs::action::Screw>::WrappedResult&)> >::value), std::decay<_Ex> >::type::type&, const rclcpp_action::ClientGoalHandle<robot_msgs::action::Screw>::WrappedResult&> >, std::function<void(const rclcpp_action::ClientGoalHandle<robot_msgs::action::Screw>::WrappedResult&)>&> std::function<void(const rclcpp_action::ClientGoalHandle<robot_msgs::action::Screw>::WrappedResult&)>::operator=(_Functor&&) [with _Functor = std::_Bind<void (right_arm::RobotAdmittanceControl::*(right_arm::RobotAdmittanceControl*, std::_Placeholder<1>, std::_Placeholder<2>))(const std::shared_ptr<rclcpp_action::ClientGoalHandle<robot_msgs::action::Screw> >&, const std::shared_ptr<robot_msgs::action::Screw_Result_<std::allocator<void> > >&)>]’
[4.014s] /home/yanji/robot_screwing/src/screw_robot_control/src/right_arm_control.cpp:544:111:   required from here
[4.015s] /usr/include/c++/13/type_traits:116:11: error: no type named ‘type’ in ‘struct std::enable_if<false, std::function<void(const rclcpp_action::ClientGoalHandle<robot_msgs::action::Screw>::WrappedResult&)>&>’
[4.015s]   116 |     using __enable_if_t = typename enable_if<_Cond, _Tp>::type;
[4.015s]       |           ^~~~~~~~~~~~~
[4.015s] /usr/include/c++/13/bits/std_function.h:541:9: note: candidate: ‘template<class _Functor> std::function<_Res(_ArgTypes ...)>& std::function<_Res(_ArgTypes ...)>::operator=(std::reference_wrapper<_Functor>) [with _Res = void; _ArgTypes = {const rclcpp_action::ClientGoalHandle<robot_msgs::action::Screw>::WrappedResult&}]’
[4.015s]   541 |         operator=(reference_wrapper<_Functor> __f) noexcept
[4.015s]       |         ^~~~~~~~
[4.015s] /usr/include/c++/13/bits/std_function.h:541:9: note:   template argument deduction/substitution failed:
[4.015s] /home/yanji/robot_screwing/src/screw_robot_control/src/right_arm_control.cpp:544:111: note:   ‘std::_Bind<void (right_arm::RobotAdmittanceControl::*(right_arm::RobotAdmittanceControl*, std::_Placeholder<1>, std::_Placeholder<2>))(const std::shared_ptr<rclcpp_action::ClientGoalHandle<robot_msgs::action::Screw> >&, const std::shared_ptr<robot_msgs::action::Screw_Result_<std::allocator<void> > >&)>’ is not derived from ‘std::reference_wrapper<_Tp>’
[4.015s]   544 |                 std::bind(&RobotAdmittanceControl::done_cb, this, std::placeholders::_1, std::placeholders::_2);
[4.015s]       |                                                                                                               ^
[4.015s] /usr/include/c++/13/bits/std_function.h:469:7: note: candidate: ‘std::function<_Res(_ArgTypes ...)>& std::function<_Res(_ArgTypes ...)>::operator=(const std::function<_Res(_ArgTypes ...)>&) [with _Res = void; _ArgTypes = {const rclcpp_action::ClientGoalHandle<robot_msgs::action::Screw>::WrappedResult&}]’
[4.015s]   469 |       operator=(const function& __x)
[4.015s]       |       ^~~~~~~~
[4.015s] /usr/include/c++/13/bits/std_function.h:469:33: note:   no known conversion for argument 1 from ‘std::_Bind_helper<false, void (right_arm::RobotAdmittanceControl::*)(const std::shared_ptr<rclcpp_action::ClientGoalHandle<robot_msgs::action::Screw> >&, const std::shared_ptr<robot_msgs::action::Screw_Result_<std::allocator<void> > >&), right_arm::RobotAdmittanceControl*, const std::_Placeholder<1>&, const std::_Placeholder<2>&>::type’ to ‘const std::function<void(const rclcpp_action::ClientGoalHandle<robot_msgs::action::Screw>::WrappedResult&)>&’
[4.015s]   469 |       operator=(const function& __x)
[4.015s]       |                 ~~~~~~~~~~~~~~~~^~~
[4.015s] /usr/include/c++/13/bits/std_function.h:487:7: note: candidate: ‘std::function<_Res(_ArgTypes ...)>& std::function<_Res(_ArgTypes ...)>::operator=(std::function<_Res(_ArgTypes ...)>&&) [with _Res = void; _ArgTypes = {const rclcpp_action::ClientGoalHandle<robot_msgs::action::Screw>::WrappedResult&}]’
[4.015s]   487 |       operator=(function&& __x) noexcept
[4.015s]       |       ^~~~~~~~
[4.015s] /usr/include/c++/13/bits/std_function.h:487:28: note:   no known conversion for argument 1 from ‘std::_Bind_helper<false, void (right_arm::RobotAdmittanceControl::*)(const std::shared_ptr<rclcpp_action::ClientGoalHandle<robot_msgs::action::Screw> >&, const std::shared_ptr<robot_msgs::action::Screw_Result_<std::allocator<void> > >&), right_arm::RobotAdmittanceControl*, const std::_Placeholder<1>&, const std::_Placeholder<2>&>::type’ to ‘std::function<void(const rclcpp_action::ClientGoalHandle<robot_msgs::action::Screw>::WrappedResult&)>&&’
[4.015s]   487 |       operator=(function&& __x) noexcept
[4.015s]       |                 ~~~~~~~~~~~^~~
[4.015s] /usr/include/c++/13/bits/std_function.h:501:7: note: candidate: ‘std::function<_Res(_ArgTypes ...)>& std::function<_Res(_ArgTypes ...)>::operator=(std::nullptr_t) [with _Res = void; _ArgTypes = {const rclcpp_action::ClientGoalHandle<robot_msgs::action::Screw>::WrappedResult&}; std::nullptr_t = std::nullptr_t]’
[4.015s]   501 |       operator=(nullptr_t) noexcept
[4.015s]       |       ^~~~~~~~
[4.015s] /usr/include/c++/13/bits/std_function.h:501:17: note:   no known conversion for argument 1 from ‘std::_Bind_helper<false, void (right_arm::RobotAdmittanceControl::*)(const std::shared_ptr<rclcpp_action::ClientGoalHandle<robot_msgs::action::Screw> >&, const std::shared_ptr<robot_msgs::action::Screw_Result_<std::allocator<void> > >&), right_arm::RobotAdmittanceControl*, const std::_Placeholder<1>&, const std::_Placeholder<2>&>::type’ to ‘std::nullptr_t’
[4.015s]   501 |       operator=(nullptr_t) noexcept
[4.015s]       |                 ^~~~~~~~~
[4.015s] /home/yanji/robot_screwing/src/screw_robot_control/src/right_arm_control.cpp:573:11: error: ‘pose_p’ was not declared in this scope
[4.015s]   573 |           pose_p.X = eef_pos[0];
[4.015s]       |           ^~~~~~
[4.015s] /home/yanji/robot_screwing/src/screw_robot_control/src/right_arm_control.cpp:583:11: error: ‘pos_pub_6’ was not declared in this scope
[4.015s]   583 |           pos_pub_6.publish(pose_p);
[4.015s]       |           ^~~~~~~~~
[4.015s] /home/yanji/robot_screwing/src/screw_robot_control/src/right_arm_control.cpp:610:11: error: ‘ros’ has not been declared
[4.015s]   610 |           ros::spinOnce();
[4.015s]       |           ^~~
[4.015s] /home/yanji/robot_screwing/src/screw_robot_control/src/right_arm_control.cpp: In member function ‘void right_arm::RobotAdmittanceControl::grasp_obj()’:
[4.015s] /home/yanji/robot_screwing/src/screw_robot_control/src/right_arm_control.cpp:616:3: error: ‘real_robot_control’ has not been declared
[4.016s]   616 |   real_robot_control::screwGoal goal;
[4.016s]       |   ^~~~~~~~~~~~~~~~~~
[4.016s] /home/yanji/robot_screwing/src/screw_robot_control/src/right_arm_control.cpp:618:3: error: ‘goal’ was not declared in this scope
[4.016s]   618 |   goal.num = 5;
[4.016s]       |   ^~~~
[4.016s] /home/yanji/robot_screwing/src/screw_robot_control/src/right_arm_control.cpp:619:3: error: ‘client’ was not declared in this scope; did you mean ‘client_’?
[4.016s]   619 |   client.sendGoal(goal,
[4.016s]       |   ^~~~~~
[4.016s]       |   client_
[4.016s] /usr/include/c++/13/functional: In instantiation of ‘struct std::_Bind_check_arity<void (right_arm::RobotAdmittanceControl::*)(const std::shared_ptr<rclcpp_action::ClientGoalHandle<robot_msgs::action::Screw> >&, const std::shared_ptr<robot_msgs::action::Screw_Feedback_<std::allocator<void> > >&), right_arm::RobotAdmittanceControl*, const std::_Placeholder<1>&>’:
[4.016s] /usr/include/c++/13/functional:859:12:   required from ‘struct std::_Bind_helper<false, void (right_arm::RobotAdmittanceControl::*)(const std::shared_ptr<rclcpp_action::ClientGoalHandle<robot_msgs::action::Screw> >&, const std::shared_ptr<robot_msgs::action::Screw_Feedback_<std::allocator<void> > >&), right_arm::RobotAdmittanceControl*, const std::_Placeholder<1>&>’
[4.016s] /usr/include/c++/13/functional:881:5:   required by substitution of ‘template<class _Func, class ... _BoundArgs> typename std::_Bind_helper<std::__is_socketlike<_Func>::value, _Func, _BoundArgs ...>::type std::bind(_Func&&, _BoundArgs&& ...) [with _Func = void (right_arm::RobotAdmittanceControl::*)(const std::shared_ptr<rclcpp_action::ClientGoalHandle<robot_msgs::action::Screw> >&, const std::shared_ptr<robot_msgs::action::Screw_Feedback_<std::allocator<void> > >&); _BoundArgs = {right_arm::RobotAdmittanceControl*, const std::_Placeholder<1>&}]’
[4.016s] /home/yanji/robot_screwing/src/screw_robot_control/src/right_arm_control.cpp:622:28:   required from here
[4.016s] /usr/include/c++/13/functional:847:21: error: static assertion failed: Wrong number of arguments for pointer-to-member
[4.016s]   846 |       static_assert(_Varargs::value
[4.016s]       |                               ~~~~~
[4.016s]   847 |                     ? sizeof...(_BoundArgs) >= _Arity::value + 1
[4.016s]       |                     ^~~~~~~~~~~~~~~~~~~~~~~~~~~~~~~~~~~~~~~~~~~~
[4.016s]   848 |                     : sizeof...(_BoundArgs) == _Arity::value + 1,
[4.016s]       |                     ~~~~~~~~~~~~~~~~~~~~~~~~~~~~~~~~~~~~~~~~~~~~
[4.016s] /usr/include/c++/13/functional:847:21: note: ‘(false ? (2 >= (((long unsigned int)std::integral_constant<long unsigned int, 2>::value) + 1)) : (2 == (((long unsigned int)std::integral_constant<long unsigned int, 2>::value) + 1)))’ evaluates to false
[4.016s] /home/yanji/robot_screwing/src/screw_robot_control/src/right_arm_control.cpp:624:10: error: ‘ros’ has not been declared
[4.016s]   624 |   while (ros::ok()){
[4.016s]       |          ^~~
[4.016s] /home/yanji/robot_screwing/src/screw_robot_control/src/right_arm_control.cpp:625:7: error: ‘ros’ has not been declared
[4.016s]   625 |       ros::spinOnce(); //处理一下上面的回调函数
[4.016s]       |       ^~~
[4.016s] /home/yanji/robot_screwing/src/screw_robot_control/src/right_arm_control.cpp:626:11: error: ‘screw_execute_status’ was not declared in this scope; did you mean ‘screw_execute_status_’?
[4.016s]   626 |       if (screw_execute_status == 0){
[4.016s]       |           ^~~~~~~~~~~~~~~~~~~~
[4.016s]       |           screw_execute_status_
[4.016s] /home/yanji/robot_screwing/src/screw_robot_control/src/right_arm_control.cpp: In member function ‘void right_arm::RobotAdmittanceControl::robot_finish()’:
[4.016s] /home/yanji/robot_screwing/src/screw_robot_control/src/right_arm_control.cpp:631:3: error: ‘real_robot_control’ has not been declared
[4.016s]   631 |   real_robot_control::screwGoal goal;
[4.016s]       |   ^~~~~~~~~~~~~~~~~~
[4.016s] /home/yanji/robot_screwing/src/screw_robot_control/src/right_arm_control.cpp:646:3: error: ‘goal’ was not declared in this scope
[4.016s]   646 |   goal.num = 4;
[4.016s]       |   ^~~~
[4.016s] /home/yanji/robot_screwing/src/screw_robot_control/src/right_arm_control.cpp:647:3: error: ‘client’ was not declared in this scope; did you mean ‘client_’?
[4.016s]   647 |   client.sendGoal(goal,
[4.016s]       |   ^~~~~~
[4.016s]       |   client_
[4.016s] /home/yanji/robot_screwing/src/screw_robot_control/src/right_arm_control.cpp:651:10: error: ‘ros’ has not been declared
[4.017s]   651 |   while (ros::ok()){
[4.017s]       |          ^~~
[4.017s] /home/yanji/robot_screwing/src/screw_robot_control/src/right_arm_control.cpp:652:7: error: ‘ros’ has not been declared
[4.017s]   652 |       ros::spinOnce(); //处理一下上面的回调函数
[4.017s]       |       ^~~
[4.017s] /home/yanji/robot_screwing/src/screw_robot_control/src/right_arm_control.cpp:653:11: error: ‘screw_execute_result’ was not declared in this scope; did you mean ‘screw_execute_result_’?
[4.017s]   653 |       if (screw_execute_result == 4){
[4.017s]       |           ^~~~~~~~~~~~~~~~~~~~
[4.017s]       |           screw_execute_result_
[4.017s] make[2]: *** [CMakeFiles/right_arm_control.dir/build.make:63：CMakeFiles/right_arm_control.dir/src/right_arm_control.cpp.o] 错误 1
[4.017s] make[1]: *** [CMakeFiles/Makefile2:113：CMakeFiles/right_arm_control.dir/all] 错误 2
[4.017s] make: *** [Makefile:141：all] 错误 2
[4.017s] Invoked command in '/home/yanji/robot_screwing/build/screw_robot_control' returned '2': CMAKE_PREFIX_PATH=/home/yanji/robot_screwing/install/robot_msgs:/home/yanji/robot_screwing/install/screw_robot_control:/home/yanji/robot_screwing/install/real_robot:/home/yanji/robot_screwing/install/mj_sim:/opt/ros/foxy CONDA_PROMPT_MODIFIER=(screwrobot) LD_LIBRARY_PATH=/home/yanji/robot_screwing/install/robot_msgs/lib:/lib/x86_64-linux-gnu:/usr/lib/x86_64-linux-gnu:/home/yanji/robot_screwing/install/screw_robot_control/lib:/opt/ros/foxy/opt/yaml_cpp_vendor/lib:/opt/ros/foxy/opt/rviz_ogre_vendor/lib:/opt/ros/foxy/lib/x86_64-linux-gnu:/opt/ros/foxy/lib:/lib/x86_64-linux-gnu:/usr/lib/x86_64-linux-gnu:/usr/local/cuda/lib64:/usr/local/cuda/lib64 /usr/bin/cmake --build /home/yanji/robot_screwing/build/screw_robot_control -- -j24 -l24
