[0.477s] Invoking command in '/home/yanji/robot_screwing/src/mj_sim': CONDA_PROMPT_MODIFIER=(screwrobot) PYTHONPATH=/home/yanji/robot_screwing/build/mj_sim/prefix_override:/usr/lib/python3/dist-packages/colcon_core/task/python/colcon_distutils_commands:/home/yanji/robot_screwing/install/mj_sim/lib/python3.8/site-packages:${PYTHONPATH} /usr/bin/python3 -W ignore:setup.py install is deprecated -W ignore:easy_install command is deprecated setup.py egg_info --egg-base ../../build/mj_sim build --build-base /home/yanji/robot_screwing/build/mj_sim/build install --record /home/yanji/robot_screwing/build/mj_sim/install.log --install-scripts $base/lib/mj_sim --single-version-externally-managed install_data
[0.574s] running egg_info
[0.574s] writing ../../build/mj_sim/mj_sim.egg-info/PKG-INFO
[0.574s] writing dependency_links to ../../build/mj_sim/mj_sim.egg-info/dependency_links.txt
[0.574s] writing entry points to ../../build/mj_sim/mj_sim.egg-info/entry_points.txt
[0.574s] writing requirements to ../../build/mj_sim/mj_sim.egg-info/requires.txt
[0.574s] writing top-level names to ../../build/mj_sim/mj_sim.egg-info/top_level.txt
[0.590s] reading manifest file '../../build/mj_sim/mj_sim.egg-info/SOURCES.txt'
[0.590s] writing manifest file '../../build/mj_sim/mj_sim.egg-info/SOURCES.txt'
[0.590s] running build
[0.590s] running build_py
[0.591s] copying mj_sim/results_plots_force.py -> /home/yanji/robot_screwing/build/mj_sim/build/lib/mj_sim
[0.591s] copying mj_sim/mpc_optimizer_withgp.py -> /home/yanji/robot_screwing/build/mj_sim/build/lib/mj_sim
[0.591s] copying mj_sim/mpc_node_withgp.py -> /home/yanji/robot_screwing/build/mj_sim/build/lib/mj_sim
[0.591s] copying mj_sim/train.py -> /home/yanji/robot_screwing/build/mj_sim/build/lib/mj_sim
[0.591s] copying mj_sim/mpc_optimizer.py -> /home/yanji/robot_screwing/build/mj_sim/build/lib/mj_sim
[0.591s] copying mj_sim/mpc_node.py -> /home/yanji/robot_screwing/build/mj_sim/build/lib/mj_sim
[0.591s] copying mj_sim/test.py -> /home/yanji/robot_screwing/build/mj_sim/build/lib/mj_sim
[0.591s] copying mj_sim/robot_sim_env.py -> /home/yanji/robot_screwing/build/mj_sim/build/lib/mj_sim
[0.592s] running install
[0.592s] running install_lib
[0.592s] copying /home/yanji/robot_screwing/build/mj_sim/build/lib/mj_sim/results_plots_force.py -> /home/yanji/robot_screwing/install/mj_sim/lib/python3.8/site-packages/mj_sim
[0.592s] copying /home/yanji/robot_screwing/build/mj_sim/build/lib/mj_sim/mpc_optimizer_withgp.py -> /home/yanji/robot_screwing/install/mj_sim/lib/python3.8/site-packages/mj_sim
[0.592s] copying /home/yanji/robot_screwing/build/mj_sim/build/lib/mj_sim/mpc_node_withgp.py -> /home/yanji/robot_screwing/install/mj_sim/lib/python3.8/site-packages/mj_sim
[0.592s] copying /home/yanji/robot_screwing/build/mj_sim/build/lib/mj_sim/train.py -> /home/yanji/robot_screwing/install/mj_sim/lib/python3.8/site-packages/mj_sim
[0.593s] copying /home/yanji/robot_screwing/build/mj_sim/build/lib/mj_sim/mpc_optimizer.py -> /home/yanji/robot_screwing/install/mj_sim/lib/python3.8/site-packages/mj_sim
[0.593s] copying /home/yanji/robot_screwing/build/mj_sim/build/lib/mj_sim/mpc_node.py -> /home/yanji/robot_screwing/install/mj_sim/lib/python3.8/site-packages/mj_sim
[0.593s] copying /home/yanji/robot_screwing/build/mj_sim/build/lib/mj_sim/test.py -> /home/yanji/robot_screwing/install/mj_sim/lib/python3.8/site-packages/mj_sim
[0.593s] copying /home/yanji/robot_screwing/build/mj_sim/build/lib/mj_sim/robot_sim_env.py -> /home/yanji/robot_screwing/install/mj_sim/lib/python3.8/site-packages/mj_sim
[0.593s] byte-compiling /home/yanji/robot_screwing/install/mj_sim/lib/python3.8/site-packages/mj_sim/results_plots_force.py to results_plots_force.cpython-38.pyc
[0.594s] byte-compiling /home/yanji/robot_screwing/install/mj_sim/lib/python3.8/site-packages/mj_sim/mpc_optimizer_withgp.py to mpc_optimizer_withgp.cpython-38.pyc
[0.595s] byte-compiling /home/yanji/robot_screwing/install/mj_sim/lib/python3.8/site-packages/mj_sim/mpc_node_withgp.py to mpc_node_withgp.cpython-38.pyc
[0.596s] byte-compiling /home/yanji/robot_screwing/install/mj_sim/lib/python3.8/site-packages/mj_sim/train.py to train.cpython-38.pyc
[0.597s] byte-compiling /home/yanji/robot_screwing/install/mj_sim/lib/python3.8/site-packages/mj_sim/mpc_optimizer.py to mpc_optimizer.cpython-38.pyc
[0.598s] byte-compiling /home/yanji/robot_screwing/install/mj_sim/lib/python3.8/site-packages/mj_sim/mpc_node.py to mpc_node.cpython-38.pyc
[0.599s] byte-compiling /home/yanji/robot_screwing/install/mj_sim/lib/python3.8/site-packages/mj_sim/test.py to test.cpython-38.pyc
[0.599s] byte-compiling /home/yanji/robot_screwing/install/mj_sim/lib/python3.8/site-packages/mj_sim/robot_sim_env.py to robot_sim_env.cpython-38.pyc
[0.601s] running install_data
[0.601s] running install_egg_info
[0.602s] removing '/home/yanji/robot_screwing/install/mj_sim/lib/python3.8/site-packages/mj_sim-0.0.0-py3.8.egg-info' (and everything under it)
[0.602s] Copying ../../build/mj_sim/mj_sim.egg-info to /home/yanji/robot_screwing/install/mj_sim/lib/python3.8/site-packages/mj_sim-0.0.0-py3.8.egg-info
[0.603s] running install_scripts
[0.610s] Installing mpc_node script to /home/yanji/robot_screwing/install/mj_sim/lib/mj_sim
[0.610s] Installing pose_mpc_node script to /home/yanji/robot_screwing/install/mj_sim/lib/mj_sim
[0.610s] Installing robot_sim_env script to /home/yanji/robot_screwing/install/mj_sim/lib/mj_sim
[0.611s] writing list of installed files to '/home/yanji/robot_screwing/build/mj_sim/install.log'
[0.621s] Invoked command in '/home/yanji/robot_screwing/src/mj_sim' returned '0': CONDA_PROMPT_MODIFIER=(screwrobot) PYTHONPATH=/home/yanji/robot_screwing/build/mj_sim/prefix_override:/usr/lib/python3/dist-packages/colcon_core/task/python/colcon_distutils_commands:/home/yanji/robot_screwing/install/mj_sim/lib/python3.8/site-packages:${PYTHONPATH} /usr/bin/python3 -W ignore:setup.py install is deprecated -W ignore:easy_install command is deprecated setup.py egg_info --egg-base ../../build/mj_sim build --build-base /home/yanji/robot_screwing/build/mj_sim/build install --record /home/yanji/robot_screwing/build/mj_sim/install.log --install-scripts $base/lib/mj_sim --single-version-externally-managed install_data
