/home/yanji/robot_screwing/src/screw_robot_control/src/screwing_tool.cpp: In member function ‘void endeffector::width_reduce(int, rclcpp::Publisher<robot_msgs::msg::CurrentPub_<std::allocator<void> > >::SharedPtr, robot_msgs::msg::CurrentPub&)’:
/home/yanji/robot_screwing/src/screw_robot_control/src/screwing_tool.cpp:105:21: error: ‘put_time’ is not a member of ‘std’
  105 |         oss << std::put_time(&time_info, "%Y-%m-%d_%H-%M-%S"); // 格式化时间 YYYY-MM-DD_HH-MM-SS
      |                     ^~~~~~~~
/home/yanji/robot_screwing/src/screw_robot_control/src/screwing_tool.cpp:4:1: note: ‘std::put_time’ is defined in header ‘<iomanip>’; did you forget to ‘#include <iomanip>’?
    3 | #include <unistd.h>
  +++ |+#include <iomanip>
    4 | #include <thread>
/home/yanji/robot_screwing/src/screw_robot_control/src/screwing_tool.cpp: In member function ‘int endeffector::width_reduce_or_increase_full(int)’:
/home/yanji/robot_screwing/src/screw_robot_control/src/screwing_tool.cpp:252:13: warning: unused variable ‘fin_position’ [-Wunused-variable]
  252 |         int fin_position;
      |             ^~~~~~~~~~~~
/home/yanji/robot_screwing/src/screw_robot_control/src/screwing_tool.cpp: In member function ‘int endeffector::width_reduce_full_for_handover(rclcpp::Publisher<robot_msgs::msg::CurrentPub_<std::allocator<void> > >::SharedPtr, robot_msgs::msg::CurrentPub&, rclcpp::Publisher<robot_msgs::msg::WidthPub_<std::allocator<void> > >::SharedPtr, robot_msgs::msg::WidthPub&)’:
/home/yanji/robot_screwing/src/screw_robot_control/src/screwing_tool.cpp:394:25: error: ‘ros’ has not been declared
  394 |                         ros::param::set("present_width", delta_position);
      |                         ^~~
/home/yanji/robot_screwing/src/screw_robot_control/src/screwing_tool.cpp: In member function ‘int endeffector::screwing_s1(int, float, rclcpp::Publisher<robot_msgs::msg::CurrentPub_<std::allocator<void> > >::SharedPtr, robot_msgs::msg::CurrentPub&)’:
/home/yanji/robot_screwing/src/screw_robot_control/src/screwing_tool.cpp:533:21: warning: unused variable ‘pre_velo’ [-Wunused-variable]
  533 |                 int pre_velo = this->get_presentvelocity(0);
      |                     ^~~~~~~~
/home/yanji/robot_screwing/src/screw_robot_control/src/screwing_tool.cpp: In member function ‘int endeffector::unscrewing_s1(int, int)’:
/home/yanji/robot_screwing/src/screw_robot_control/src/screwing_tool.cpp:788:1: warning: no return statement in function returning non-void [-Wreturn-type]
  788 | }
      | ^
make[2]: *** [CMakeFiles/SCREWING_TOOL.dir/build.make:63：CMakeFiles/SCREWING_TOOL.dir/src/screwing_tool.cpp.o] 错误 1
make[1]: *** [CMakeFiles/Makefile2:140：CMakeFiles/SCREWING_TOOL.dir/all] 错误 2
make: *** [Makefile:141：all] 错误 2
