[0.006s] Invoking command in '/home/yanji/robot_screwing/build/screw_robot_control': CMAKE_PREFIX_PATH=/home/yanji/robot_screwing/install/robot_msgs:/home/yanji/robot_screwing/install/screw_robot_control:/home/yanji/robot_screwing/install/real_robot:/home/yanji/robot_screwing/install/mj_sim:/opt/ros/foxy CONDA_PROMPT_MODIFIER=(screwrobot) LD_LIBRARY_PATH=/home/yanji/robot_screwing/install/robot_msgs/lib:/lib/x86_64-linux-gnu:/usr/lib/x86_64-linux-gnu:/home/yanji/robot_screwing/install/screw_robot_control/lib:/opt/ros/foxy/opt/yaml_cpp_vendor/lib:/opt/ros/foxy/opt/rviz_ogre_vendor/lib:/opt/ros/foxy/lib/x86_64-linux-gnu:/opt/ros/foxy/lib:/lib/x86_64-linux-gnu:/usr/lib/x86_64-linux-gnu:/usr/local/cuda/lib64:/usr/local/cuda/lib64 /usr/bin/cmake --build /home/yanji/robot_screwing/build/screw_robot_control -- -j24 -l24
[0.030s] [ 25%] Built target SERVO_MOTOR
[0.035s] [35m[1mScanning dependencies of target SCREWING_TOOL[0m
[0.049s] [ 37%] [32mBuilding CXX object CMakeFiles/SCREWING_TOOL.dir/src/screwing_tool.cpp.o[0m
[0.958s] /home/yanji/robot_screwing/src/screw_robot_control/src/screwing_tool.cpp: In member function ‘void endeffector::width_reduce(int, rclcpp::Publisher<robot_msgs::msg::CurrentPub_<std::allocator<void> > >::SharedPtr, robot_msgs::msg::CurrentPub&)’:
[0.958s] /home/yanji/robot_screwing/src/screw_robot_control/src/screwing_tool.cpp:105:21: error: ‘put_time’ is not a member of ‘std’
[0.958s]   105 |         oss << std::put_time(&time_info, "%Y-%m-%d_%H-%M-%S"); // 格式化时间 YYYY-MM-DD_HH-MM-SS
[0.958s]       |                     ^~~~~~~~
[0.958s] /home/yanji/robot_screwing/src/screw_robot_control/src/screwing_tool.cpp:4:1: note: ‘std::put_time’ is defined in header ‘<iomanip>’; did you forget to ‘#include <iomanip>’?
[0.958s]     3 | #include <unistd.h>
[0.958s]   +++ |+#include <iomanip>
[0.958s]     4 | #include <thread>
[0.958s] /home/yanji/robot_screwing/src/screw_robot_control/src/screwing_tool.cpp: In member function ‘int endeffector::width_reduce_or_increase_full(int)’:
[0.958s] /home/yanji/robot_screwing/src/screw_robot_control/src/screwing_tool.cpp:252:13: warning: unused variable ‘fin_position’ [-Wunused-variable]
[0.958s]   252 |         int fin_position;
[0.958s]       |             ^~~~~~~~~~~~
[0.958s] /home/yanji/robot_screwing/src/screw_robot_control/src/screwing_tool.cpp: In member function ‘int endeffector::width_reduce_full_for_handover(rclcpp::Publisher<robot_msgs::msg::CurrentPub_<std::allocator<void> > >::SharedPtr, robot_msgs::msg::CurrentPub&, rclcpp::Publisher<robot_msgs::msg::WidthPub_<std::allocator<void> > >::SharedPtr, robot_msgs::msg::WidthPub&)’:
[0.958s] /home/yanji/robot_screwing/src/screw_robot_control/src/screwing_tool.cpp:394:25: error: ‘ros’ has not been declared
[0.958s]   394 |                         ros::param::set("present_width", delta_position);
[0.959s]       |                         ^~~
[0.959s] /home/yanji/robot_screwing/src/screw_robot_control/src/screwing_tool.cpp: In member function ‘int endeffector::screwing_s1(int, float, rclcpp::Publisher<robot_msgs::msg::CurrentPub_<std::allocator<void> > >::SharedPtr, robot_msgs::msg::CurrentPub&)’:
[0.959s] /home/yanji/robot_screwing/src/screw_robot_control/src/screwing_tool.cpp:533:21: warning: unused variable ‘pre_velo’ [-Wunused-variable]
[0.959s]   533 |                 int pre_velo = this->get_presentvelocity(0);
[0.959s]       |                     ^~~~~~~~
[0.959s] /home/yanji/robot_screwing/src/screw_robot_control/src/screwing_tool.cpp: In member function ‘int endeffector::unscrewing_s1(int, int)’:
[0.959s] /home/yanji/robot_screwing/src/screw_robot_control/src/screwing_tool.cpp:788:1: warning: no return statement in function returning non-void [-Wreturn-type]
[0.959s]   788 | }
[0.959s]       | ^
[0.959s] make[2]: *** [CMakeFiles/SCREWING_TOOL.dir/build.make:63：CMakeFiles/SCREWING_TOOL.dir/src/screwing_tool.cpp.o] 错误 1
[0.959s] make[1]: *** [CMakeFiles/Makefile2:140：CMakeFiles/SCREWING_TOOL.dir/all] 错误 2
[0.959s] make: *** [Makefile:141：all] 错误 2
[0.960s] Invoked command in '/home/yanji/robot_screwing/build/screw_robot_control' returned '2': CMAKE_PREFIX_PATH=/home/yanji/robot_screwing/install/robot_msgs:/home/yanji/robot_screwing/install/screw_robot_control:/home/yanji/robot_screwing/install/real_robot:/home/yanji/robot_screwing/install/mj_sim:/opt/ros/foxy CONDA_PROMPT_MODIFIER=(screwrobot) LD_LIBRARY_PATH=/home/yanji/robot_screwing/install/robot_msgs/lib:/lib/x86_64-linux-gnu:/usr/lib/x86_64-linux-gnu:/home/yanji/robot_screwing/install/screw_robot_control/lib:/opt/ros/foxy/opt/yaml_cpp_vendor/lib:/opt/ros/foxy/opt/rviz_ogre_vendor/lib:/opt/ros/foxy/lib/x86_64-linux-gnu:/opt/ros/foxy/lib:/lib/x86_64-linux-gnu:/usr/lib/x86_64-linux-gnu:/usr/local/cuda/lib64:/usr/local/cuda/lib64 /usr/bin/cmake --build /home/yanji/robot_screwing/build/screw_robot_control -- -j24 -l24
