[0.006s] Invoking command in '/home/yanji/robot_screwing/build/screw_robot_control': CMAKE_PREFIX_PATH=/home/yanji/robot_screwing/install/robot_msgs:/home/yanji/robot_screwing/install/screw_robot_control:/home/yanji/robot_screwing/install/real_robot:/home/yanji/robot_screwing/install/mj_sim:/opt/ros/foxy CONDA_PROMPT_MODIFIER=(screwrobot) LD_LIBRARY_PATH=/home/yanji/robot_screwing/install/robot_msgs/lib:/lib/x86_64-linux-gnu:/usr/lib/x86_64-linux-gnu:/home/yanji/robot_screwing/install/screw_robot_control/lib:/opt/ros/foxy/opt/yaml_cpp_vendor/lib:/opt/ros/foxy/opt/rviz_ogre_vendor/lib:/opt/ros/foxy/lib/x86_64-linux-gnu:/opt/ros/foxy/lib:/lib/x86_64-linux-gnu:/usr/lib/x86_64-linux-gnu:/usr/local/cuda/lib64:/usr/local/cuda/lib64 /usr/bin/cmake --build /home/yanji/robot_screwing/build/screw_robot_control -- -j24 -l24
[0.030s] [ 20%] Built target SERVO_MOTOR
[0.044s] [ 40%] Built target SCREWING_TOOL
[0.050s] [35m[1mScanning dependencies of target right_arm_control_tcp[0m
[0.059s] [ 60%] Built target task_control_screw
[0.061s] [ 80%] Built target right_arm_control
[0.072s] [ 90%] [32mBuilding CXX object CMakeFiles/right_arm_control_tcp.dir/src/right_arm_control_tcp.cpp.o[0m
[2.994s] /home/yanji/robot_screwing/src/screw_robot_control/src/right_arm_control_tcp.cpp: In member function ‘void right_arm_test::RobotAdmittanceControl::status_publish()’:
[2.994s] /home/yanji/robot_screwing/src/screw_robot_control/src/right_arm_control_tcp.cpp:146:31: error: ‘using robot_msgs::msg::RobotStatus_<std::allocator<void> >::_ft_vector_type = struct std::array<double, 6>’ {aka ‘struct std::array<double, 6>’} has no member named ‘resize’; did you mean ‘size’?
[2.994s]   146 |         status_msg_.ft_vector.resize(tcp_force.size());
[2.994s]       |                               ^~~~~~
[2.994s]       |                               size
[2.994s] /home/yanji/robot_screwing/src/screw_robot_control/src/right_arm_control_tcp.cpp:153:37: error: ‘using robot_msgs::msg::RobotStatus_<std::allocator<void> >::_rotation_matrix_type = struct std::array<double, 9>’ {aka ‘struct std::array<double, 9>’} has no member named ‘resize’; did you mean ‘size’?
[2.994s]   153 |         status_msg_.rotation_matrix.resize(9);
[2.994s]       |                                     ^~~~~~
[2.994s]       |                                     size
[2.994s] /home/yanji/robot_screwing/src/screw_robot_control/src/right_arm_control_tcp.cpp:161:32: error: ‘using robot_msgs::msg::RobotStatus_<std::allocator<void> >::_vel_vector_type = struct std::array<double, 6>’ {aka ‘struct std::array<double, 6>’} has no member named ‘resize’; did you mean ‘size’?
[2.994s]   161 |         status_msg_.vel_vector.resize(eef_vel.size());
[2.994s]       |                                ^~~~~~
[2.994s]       |                                size
[2.994s] /home/yanji/robot_screwing/src/screw_robot_control/src/right_arm_control_tcp.cpp: In member function ‘void right_arm_test::RobotAdmittanceControl::updata_rotation(const Eigen::Matrix3d&, const Eigen::Vector3d&, Eigen::Matrix3d&)’:
[2.994s] /home/yanji/robot_screwing/src/screw_robot_control/src/right_arm_control_tcp.cpp:204:106: warning: unused parameter ‘angluar_disp’ [-Wunused-parameter]
[2.994s]   204 | void RobotAdmittanceControl::updata_rotation(const Eigen::Matrix3d& current_rotm, const Eigen::Vector3d& angluar_disp, Eigen::Matrix3d& new_orientation){
[2.994s]       |                                                                                   ~~~~~~~~~~~~~~~~~~~~~~~^~~~~~~~~~~~
[2.994s] make[2]: *** [CMakeFiles/right_arm_control_tcp.dir/build.make:63：CMakeFiles/right_arm_control_tcp.dir/src/right_arm_control_tcp.cpp.o] 错误 1
[2.995s] make[1]: *** [CMakeFiles/Makefile2:223：CMakeFiles/right_arm_control_tcp.dir/all] 错误 2
[2.995s] make: *** [Makefile:141：all] 错误 2
[2.996s] Invoked command in '/home/yanji/robot_screwing/build/screw_robot_control' returned '2': CMAKE_PREFIX_PATH=/home/yanji/robot_screwing/install/robot_msgs:/home/yanji/robot_screwing/install/screw_robot_control:/home/yanji/robot_screwing/install/real_robot:/home/yanji/robot_screwing/install/mj_sim:/opt/ros/foxy CONDA_PROMPT_MODIFIER=(screwrobot) LD_LIBRARY_PATH=/home/yanji/robot_screwing/install/robot_msgs/lib:/lib/x86_64-linux-gnu:/usr/lib/x86_64-linux-gnu:/home/yanji/robot_screwing/install/screw_robot_control/lib:/opt/ros/foxy/opt/yaml_cpp_vendor/lib:/opt/ros/foxy/opt/rviz_ogre_vendor/lib:/opt/ros/foxy/lib/x86_64-linux-gnu:/opt/ros/foxy/lib:/lib/x86_64-linux-gnu:/usr/lib/x86_64-linux-gnu:/usr/local/cuda/lib64:/usr/local/cuda/lib64 /usr/bin/cmake --build /home/yanji/robot_screwing/build/screw_robot_control -- -j24 -l24
