/home/yanji/robot_screwing/src/screw_robot_control/src/servo_motor_function.cpp: In member function ‘void motors::open_port()’:
/home/yanji/robot_screwing/src/screw_robot_control/src/servo_motor_function.cpp:13:23: warning: format not a string literal and no format arguments [-Wformat-security]
   13 |                 printf(a);
      |                 ~~~~~~^~~
In file included from /home/yanji/robot_screwing/src/screw_robot_control/src/servo_motor_function.cpp:1:
/home/yanji/robot_screwing/src/screw_robot_control/include/screw_robot_control/jaka/servo_motor_function.hpp: In constructor ‘motors::motors()’:
/home/yanji/robot_screwing/src/screw_robot_control/include/screw_robot_control/jaka/servo_motor_function.hpp:59:33: warning: ‘motors::portHandler’ will be initialized after [-Wreorder]
   59 |         dynamixel::PortHandler* portHandler;
      |                                 ^~~~~~~~~~~
/home/yanji/robot_screwing/src/screw_robot_control/include/screw_robot_control/jaka/servo_motor_function.hpp:58:35: warning:   ‘dynamixel::PacketHandler* motors::packetHandler’ [-Wreorder]
   58 |         dynamixel::PacketHandler* packetHandler;  //抽象类
      |                                   ^~~~~~~~~~~~~
/home/yanji/robot_screwing/src/screw_robot_control/src/servo_motor_function.cpp:161:1: warning:   when initialized here [-Wreorder]
  161 | motors::motors(): portHandler(dynamixel::PortHandler::getPortHandler(device_port)),
      | ^~~~~~
/home/yanji/robot_screwing/src/screw_robot_control/src/screwing_tool.cpp: In member function ‘void endeffector::width_reduce(int, rclcpp::Publisher<robot_msgs::msg::CurrentPub_<std::allocator<void> > >::SharedPtr, robot_msgs::msg::CurrentPub&)’:
/home/yanji/robot_screwing/src/screw_robot_control/src/screwing_tool.cpp:105:21: error: ‘put_time’ is not a member of ‘std’
  105 |         oss << std::put_time(&time_info, "%Y-%m-%d_%H-%M-%S"); // 格式化时间 YYYY-MM-DD_HH-MM-SS
      |                     ^~~~~~~~
/home/yanji/robot_screwing/src/screw_robot_control/src/screwing_tool.cpp:4:1: note: ‘std::put_time’ is defined in header ‘<iomanip>’; did you forget to ‘#include <iomanip>’?
    3 | #include <unistd.h>
  +++ |+#include <iomanip>
    4 | #include <thread>
/home/yanji/robot_screwing/src/screw_robot_control/src/screwing_tool.cpp: In member function ‘int endeffector::width_reduce_or_increase_full(int)’:
/home/yanji/robot_screwing/src/screw_robot_control/src/screwing_tool.cpp:252:13: warning: unused variable ‘fin_position’ [-Wunused-variable]
  252 |         int fin_position;
      |             ^~~~~~~~~~~~
/home/yanji/robot_screwing/src/screw_robot_control/src/screwing_tool.cpp: In member function ‘int endeffector::width_reduce_full_for_handover(rclcpp::Publisher<robot_msgs::msg::CurrentPub_<std::allocator<void> > >::SharedPtr, robot_msgs::msg::CurrentPub&, rclcpp::Publisher<robot_msgs::msg::WidthPub_<std::allocator<void> > >::SharedPtr, robot_msgs::msg::WidthPub&)’:
/home/yanji/robot_screwing/src/screw_robot_control/src/screwing_tool.cpp:395:25: error: ‘ros’ has not been declared
  395 |                         ros::param::set("present_width", delta_position);
      |                         ^~~
/home/yanji/robot_screwing/src/screw_robot_control/src/screwing_tool.cpp:355:13: warning: unused variable ‘fin_position’ [-Wunused-variable]
  355 |         int fin_position;
      |             ^~~~~~~~~~~~
/home/yanji/robot_screwing/src/screw_robot_control/src/screwing_tool.cpp: In member function ‘int endeffector::screwing_s1(int, float, rclcpp::Publisher<robot_msgs::msg::CurrentPub_<std::allocator<void> > >::SharedPtr, robot_msgs::msg::CurrentPub&)’:
/home/yanji/robot_screwing/src/screw_robot_control/src/screwing_tool.cpp:534:21: warning: unused variable ‘pre_velo’ [-Wunused-variable]
  534 |                 int pre_velo = this->get_presentvelocity(0);
      |                     ^~~~~~~~
/home/yanji/robot_screwing/src/screw_robot_control/src/screwing_tool.cpp: In member function ‘int endeffector::screwing_s3(int, int)’:
/home/yanji/robot_screwing/src/screw_robot_control/src/screwing_tool.cpp:671:13: warning: unused variable ‘start_position’ [-Wunused-variable]
  671 |         int start_position = this->get_presentposition(0);
      |             ^~~~~~~~~~~~~~
/home/yanji/robot_screwing/src/screw_robot_control/src/screwing_tool.cpp:685:13: warning: unused variable ‘num’ [-Wunused-variable]
  685 |         int num = 0;
      |             ^~~
/home/yanji/robot_screwing/src/screw_robot_control/src/screwing_tool.cpp: In member function ‘int endeffector::unscrewing_s1(int, int)’:
/home/yanji/robot_screwing/src/screw_robot_control/src/screwing_tool.cpp:789:1: warning: no return statement in function returning non-void [-Wreturn-type]
  789 | }
      | ^
make[2]: *** [CMakeFiles/SCREWING_TOOL.dir/build.make:63：CMakeFiles/SCREWING_TOOL.dir/src/screwing_tool.cpp.o] 错误 1
make[1]: *** [CMakeFiles/Makefile2:140：CMakeFiles/SCREWING_TOOL.dir/all] 错误 2
make: *** [Makefile:141：all] 错误 2
