[ 25%] Built target SERVO_MOTOR
[ 50%] Built target SCREWING_TOOL
[35m[1mScanning dependencies of target task_control_screw[0m
[ 62%] [32mBuilding CXX object CMakeFiles/right_arm_control.dir/src/right_arm_control.cpp.o[0m
[ 75%] [32mBuilding CXX object CMakeFiles/task_control_screw.dir/src/task_control_screw.cpp.o[0m
/home/yanji/robot_screwing/src/screw_robot_control/src/task_control_screw.cpp: In constructor ‘screw_control::ScrewControlServer::ScrewControlServer()’:
/home/yanji/robot_screwing/src/screw_robot_control/src/task_control_screw.cpp:23:35: error: cannot convert ‘std::__shared_ptr_access<rclcpp::Publisher<robot_msgs::msg::CurrentPub_<std::allocator<void> > >, __gnu_cxx::_S_atomic, false, false>::element_type’ {aka ‘rclcpp::Publisher<robot_msgs::msg::CurrentPub_<std::allocator<void> > >’} to ‘rclcpp::Publisher<robot_msgs::msg::CurrentPub_<std::allocator<void> > >::SharedPtr’ {aka ‘std::shared_ptr<rclcpp::Publisher<robot_msgs::msg::CurrentPub_<std::allocator<void> > > >’}
   23 |         ef_.screwing_s1(200, 1.4, *current_pub_, current_msg_);
      |                                   ^~~~~~~~~~~~~
      |                                   |
      |                                   std::__shared_ptr_access<rclcpp::Publisher<robot_msgs::msg::CurrentPub_<std::allocator<void> > >, __gnu_cxx::_S_atomic, false, false>::element_type {aka rclcpp::Publisher<robot_msgs::msg::CurrentPub_<std::allocator<void> > >}
In file included from /home/yanji/robot_screwing/src/screw_robot_control/include/screw_robot_control/jaka/task_control_screw.hpp:6,
                 from /home/yanji/robot_screwing/src/screw_robot_control/src/task_control_screw.cpp:1:
/home/yanji/robot_screwing/src/screw_robot_control/include/screw_robot_control/jaka/screwing_tool.hpp:37:108: note:   initializing argument 3 of ‘int endeffector::screwing_s1(int, float, rclcpp::Publisher<robot_msgs::msg::CurrentPub_<std::allocator<void> > >::SharedPtr, robot_msgs::msg::CurrentPub&)’
   37 |         int screwing_s1(int speed, float circle, rclcpp::Publisher<robot_msgs::msg::CurrentPub>::SharedPtr pub,
      |                                                  ~~~~~~~~~~~~~~~~~~~~~~~~~~~~~~~~~~~~~~~~~~~~~~~~~~~~~~~~~~^~~
/home/yanji/robot_screwing/src/screw_robot_control/src/task_control_screw.cpp:31:44: error: cannot convert ‘std::__shared_ptr_access<rclcpp::Publisher<robot_msgs::msg::CurrentPub_<std::allocator<void> > >, __gnu_cxx::_S_atomic, false, false>::element_type’ {aka ‘rclcpp::Publisher<robot_msgs::msg::CurrentPub_<std::allocator<void> > >’} to ‘rclcpp::Publisher<robot_msgs::msg::CurrentPub_<std::allocator<void> > >::SharedPtr’ {aka ‘std::shared_ptr<rclcpp::Publisher<robot_msgs::msg::CurrentPub_<std::allocator<void> > > >’}
   31 |         ef_.width_reduce_full_for_handover(*current_pub_, current_msg_, *width_pub_, width_msg_);
      |                                            ^~~~~~~~~~~~~
      |                                            |
      |                                            std::__shared_ptr_access<rclcpp::Publisher<robot_msgs::msg::CurrentPub_<std::allocator<void> > >, __gnu_cxx::_S_atomic, false, false>::element_type {aka rclcpp::Publisher<robot_msgs::msg::CurrentPub_<std::allocator<void> > >}
/home/yanji/robot_screwing/src/screw_robot_control/include/screw_robot_control/jaka/screwing_tool.hpp:26:102: note:   initializing argument 1 of ‘int endeffector::width_reduce_full_for_handover(rclcpp::Publisher<robot_msgs::msg::CurrentPub_<std::allocator<void> > >::SharedPtr, robot_msgs::msg::CurrentPub&, rclcpp::Publisher<robot_msgs::msg::WidthPub_<std::allocator<void> > >::SharedPtr, robot_msgs::msg::WidthPub&)’
   26 |         int width_reduce_full_for_handover(rclcpp::Publisher<robot_msgs::msg::CurrentPub>::SharedPtr pub,
      |                                            ~~~~~~~~~~~~~~~~~~~~~~~~~~~~~~~~~~~~~~~~~~~~~~~~~~~~~~~~~~^~~
/home/yanji/robot_screwing/src/screw_robot_control/src/task_control_screw.cpp: In member function ‘void screw_control::ScrewControlServer::execute(std::shared_ptr<rclcpp_action::ServerGoalHandle<robot_msgs::action::Screw> >)’:
/home/yanji/robot_screwing/src/screw_robot_control/src/task_control_screw.cpp:91:35: error: cannot convert ‘std::__shared_ptr_access<rclcpp::Publisher<robot_msgs::msg::CurrentPub_<std::allocator<void> > >, __gnu_cxx::_S_atomic, false, false>::element_type’ {aka ‘rclcpp::Publisher<robot_msgs::msg::CurrentPub_<std::allocator<void> > >’} to ‘rclcpp::Publisher<robot_msgs::msg::CurrentPub_<std::allocator<void> > >::SharedPtr’ {aka ‘std::shared_ptr<rclcpp::Publisher<robot_msgs::msg::CurrentPub_<std::allocator<void> > > >’}
   91 |     result = ef_.screwing_s2(210, *current_pub_, current_msg_);
      |                                   ^~~~~~~~~~~~~
      |                                   |
      |                                   std::__shared_ptr_access<rclcpp::Publisher<robot_msgs::msg::CurrentPub_<std::allocator<void> > >, __gnu_cxx::_S_atomic, false, false>::element_type {aka rclcpp::Publisher<robot_msgs::msg::CurrentPub_<std::allocator<void> > >}
/home/yanji/robot_screwing/src/screw_robot_control/include/screw_robot_control/jaka/screwing_tool.hpp:39:94: note:   initializing argument 2 of ‘int endeffector::screwing_s2(int, rclcpp::Publisher<robot_msgs::msg::CurrentPub_<std::allocator<void> > >::SharedPtr, robot_msgs::msg::CurrentPub&)’
   39 |         int screwing_s2(int speed, rclcpp::Publisher<robot_msgs::msg::CurrentPub>::SharedPtr pub,
      |                                    ~~~~~~~~~~~~~~~~~~~~~~~~~~~~~~~~~~~~~~~~~~~~~~~~~~~~~~~~~~^~~
/home/yanji/robot_screwing/src/screw_robot_control/src/task_control_screw.cpp:101:38: error: cannot convert ‘std::__shared_ptr_access<rclcpp::Publisher<robot_msgs::msg::CurrentPub_<std::allocator<void> > >, __gnu_cxx::_S_atomic, false, false>::element_type’ {aka ‘rclcpp::Publisher<robot_msgs::msg::CurrentPub_<std::allocator<void> > >’} to ‘rclcpp::Publisher<robot_msgs::msg::CurrentPub_<std::allocator<void> > >::SharedPtr’ {aka ‘std::shared_ptr<rclcpp::Publisher<robot_msgs::msg::CurrentPub_<std::allocator<void> > > >’}
  101 |     result = ef_.screwing_s1(200, 1, *current_pub_, current_msg_);
      |                                      ^~~~~~~~~~~~~
      |                                      |
      |                                      std::__shared_ptr_access<rclcpp::Publisher<robot_msgs::msg::CurrentPub_<std::allocator<void> > >, __gnu_cxx::_S_atomic, false, false>::element_type {aka rclcpp::Publisher<robot_msgs::msg::CurrentPub_<std::allocator<void> > >}
/home/yanji/robot_screwing/src/screw_robot_control/include/screw_robot_control/jaka/screwing_tool.hpp:37:108: note:   initializing argument 3 of ‘int endeffector::screwing_s1(int, float, rclcpp::Publisher<robot_msgs::msg::CurrentPub_<std::allocator<void> > >::SharedPtr, robot_msgs::msg::CurrentPub&)’
   37 |         int screwing_s1(int speed, float circle, rclcpp::Publisher<robot_msgs::msg::CurrentPub>::SharedPtr pub,
      |                                                  ~~~~~~~~~~~~~~~~~~~~~~~~~~~~~~~~~~~~~~~~~~~~~~~~~~~~~~~~~~^~~
/home/yanji/robot_screwing/src/screw_robot_control/src/task_control_screw.cpp:136:49: error: cannot convert ‘std::__shared_ptr_access<rclcpp::Publisher<robot_msgs::msg::CurrentPub_<std::allocator<void> > >, __gnu_cxx::_S_atomic, false, false>::element_type’ {aka ‘rclcpp::Publisher<robot_msgs::msg::CurrentPub_<std::allocator<void> > >’} to ‘rclcpp::Publisher<robot_msgs::msg::CurrentPub_<std::allocator<void> > >::SharedPtr’ {aka ‘std::shared_ptr<rclcpp::Publisher<robot_msgs::msg::CurrentPub_<std::allocator<void> > > >’}
  136 |     result = ef_.width_reduce_full_for_handover(*current_pub_, current_msg_, *width_pub_, width_msg_);
      |                                                 ^~~~~~~~~~~~~
      |                                                 |
      |                                                 std::__shared_ptr_access<rclcpp::Publisher<robot_msgs::msg::CurrentPub_<std::allocator<void> > >, __gnu_cxx::_S_atomic, false, false>::element_type {aka rclcpp::Publisher<robot_msgs::msg::CurrentPub_<std::allocator<void> > >}
/home/yanji/robot_screwing/src/screw_robot_control/include/screw_robot_control/jaka/screwing_tool.hpp:26:102: note:   initializing argument 1 of ‘int endeffector::width_reduce_full_for_handover(rclcpp::Publisher<robot_msgs::msg::CurrentPub_<std::allocator<void> > >::SharedPtr, robot_msgs::msg::CurrentPub&, rclcpp::Publisher<robot_msgs::msg::WidthPub_<std::allocator<void> > >::SharedPtr, robot_msgs::msg::WidthPub&)’
   26 |         int width_reduce_full_for_handover(rclcpp::Publisher<robot_msgs::msg::CurrentPub>::SharedPtr pub,
      |                                            ~~~~~~~~~~~~~~~~~~~~~~~~~~~~~~~~~~~~~~~~~~~~~~~~~~~~~~~~~~^~~
/home/yanji/robot_screwing/src/screw_robot_control/src/task_control_screw.cpp:144:27: error: cannot convert ‘std::__shared_ptr_access<rclcpp::Publisher<robot_msgs::msg::CurrentPub_<std::allocator<void> > >, __gnu_cxx::_S_atomic, false, false>::element_type’ {aka ‘rclcpp::Publisher<robot_msgs::msg::CurrentPub_<std::allocator<void> > >’} to ‘rclcpp::Publisher<robot_msgs::msg::CurrentPub_<std::allocator<void> > >::SharedPtr’ {aka ‘std::shared_ptr<rclcpp::Publisher<robot_msgs::msg::CurrentPub_<std::allocator<void> > > >’}
  144 |     ef_.width_increase(6, *current_pub_, current_msg_, *width_pub_, width_msg_);
      |                           ^~~~~~~~~~~~~
      |                           |
      |                           std::__shared_ptr_access<rclcpp::Publisher<robot_msgs::msg::CurrentPub_<std::allocator<void> > >, __gnu_cxx::_S_atomic, false, false>::element_type {aka rclcpp::Publisher<robot_msgs::msg::CurrentPub_<std::allocator<void> > >}
/home/yanji/robot_screwing/src/screw_robot_control/include/screw_robot_control/jaka/screwing_tool.hpp:21:101: note:   initializing argument 2 of ‘void endeffector::width_increase(int, rclcpp::Publisher<robot_msgs::msg::CurrentPub_<std::allocator<void> > >::SharedPtr, robot_msgs::msg::CurrentPub&, rclcpp::Publisher<robot_msgs::msg::WidthPub_<std::allocator<void> > >::SharedPtr, robot_msgs::msg::WidthPub&)’
   21 |         void width_increase(int distance, rclcpp::Publisher<robot_msgs::msg::CurrentPub>::SharedPtr pub,
      |                                           ~~~~~~~~~~~~~~~~~~~~~~~~~~~~~~~~~~~~~~~~~~~~~~~~~~~~~~~~~~^~~
make[2]: *** [CMakeFiles/task_control_screw.dir/build.make:63：CMakeFiles/task_control_screw.dir/src/task_control_screw.cpp.o] 错误 1
make[1]: *** [CMakeFiles/Makefile2:85：CMakeFiles/task_control_screw.dir/all] 错误 2
make[1]: *** 正在等待未完成的任务....
/home/yanji/robot_screwing/src/screw_robot_control/src/right_arm_control.cpp: In constructor ‘right_arm::RobotAdmittanceControl::RobotAdmittanceControl()’:
/home/yanji/robot_screwing/src/screw_robot_control/src/right_arm_control.cpp:71:5: error: ‘sleep’ was not declared in this scope
   71 |     sleep(1);
      |     ^~~~~
In file included from /opt/ros/foxy/include/rclcpp/client.hpp:40,
                 from /opt/ros/foxy/include/rclcpp/callback_group.hpp:23,
                 from /opt/ros/foxy/include/rclcpp/any_executable.hpp:20,
                 from /opt/ros/foxy/include/rclcpp/memory_strategy.hpp:24,
                 from /opt/ros/foxy/include/rclcpp/memory_strategies.hpp:18,
                 from /opt/ros/foxy/include/rclcpp/executor_options.hpp:20,
                 from /opt/ros/foxy/include/rclcpp/executor.hpp:33,
                 from /opt/ros/foxy/include/rclcpp/executors/multi_threaded_executor.hpp:26,
                 from /opt/ros/foxy/include/rclcpp/executors.hpp:21,
                 from /opt/ros/foxy/include/rclcpp/rclcpp.hpp:146,
                 from /home/yanji/robot_screwing/src/screw_robot_control/src/right_arm_control.cpp:1:
/home/yanji/robot_screwing/src/screw_robot_control/src/right_arm_control.cpp: In member function ‘void right_arm::RobotAdmittanceControl::command_callback(robot_msgs::msg::ControlCommand_<std::allocator<void> >::SharedPtr)’:
/home/yanji/robot_screwing/src/screw_robot_control/src/right_arm_control.cpp:124:89: error: ‘adm_k_’ was not declared in this scope; did you mean ‘adm_k’?
  124 |     RCLCPP_INFO(this->get_logger(), "Received control command: k_size=%ld, d_size=%ld", adm_k_.size(), adm_d_.size());
      |                                                                                         ^~~~~~
/home/yanji/robot_screwing/src/screw_robot_control/src/right_arm_control.cpp:124:104: error: ‘adm_d_’ was not declared in this scope; did you mean ‘adm_d’?
  124 |     RCLCPP_INFO(this->get_logger(), "Received control command: k_size=%ld, d_size=%ld", adm_k_.size(), adm_d_.size());
      |                                                                                                        ^~~~~~
/home/yanji/robot_screwing/src/screw_robot_control/src/right_arm_control.cpp: In member function ‘void right_arm::RobotAdmittanceControl::ready_callback(std::shared_ptr<robot_msgs::srv::StartPose_Request_<std::allocator<void> > >, std::shared_ptr<robot_msgs::srv::StartPose_Response_<std::allocator<void> > >)’:
/home/yanji/robot_screwing/src/screw_robot_control/src/right_arm_control.cpp:139:26: error: no match for ‘operator=’ (operand types are ‘robot_msgs::srv::StartPose_Response_<std::allocator<void> >::_pos_para_type’ {aka ‘std::array<double, 3>’} and ‘std::vector<double, std::allocator<double> >’)
  139 |     response->pos_para = pos_para_;
      |                          ^~~~~~~~~
In file included from /usr/include/c++/13/functional:65,
                 from /opt/ros/foxy/include/rclcpp/context.hpp:19,
                 from /opt/ros/foxy/include/rclcpp/contexts/default_context.hpp:18,
                 from /opt/ros/foxy/include/rclcpp/executor.hpp:32:
/usr/include/c++/13/array:94:12: note: candidate: ‘constexpr std::array<double, 3>& std::array<double, 3>::operator=(const std::array<double, 3>&)’
   94 |     struct array
      |            ^~~~~
/usr/include/c++/13/array:94:12: note:   no known conversion for argument 1 from ‘std::vector<double, std::allocator<double> >’ to ‘const std::array<double, 3>&’
/usr/include/c++/13/array:94:12: note: candidate: ‘constexpr std::array<double, 3>& std::array<double, 3>::operator=(std::array<double, 3>&&)’
/usr/include/c++/13/array:94:12: note:   no known conversion for argument 1 from ‘std::vector<double, std::allocator<double> >’ to ‘std::array<double, 3>&&’
/home/yanji/robot_screwing/src/screw_robot_control/src/right_arm_control.cpp:140:26: error: no match for ‘operator=’ (operand types are ‘robot_msgs::srv::StartPose_Response_<std::allocator<void> >::_ori_para_type’ {aka ‘std::array<double, 9>’} and ‘std::vector<double, std::allocator<double> >’)
  140 |     response->ori_para = ori_para_;
      |                          ^~~~~~~~~
/usr/include/c++/13/array:94:12: note: candidate: ‘constexpr std::array<double, 9>& std::array<double, 9>::operator=(const std::array<double, 9>&)’
   94 |     struct array
      |            ^~~~~
/usr/include/c++/13/array:94:12: note:   no known conversion for argument 1 from ‘std::vector<double, std::allocator<double> >’ to ‘const std::array<double, 9>&’
/usr/include/c++/13/array:94:12: note: candidate: ‘constexpr std::array<double, 9>& std::array<double, 9>::operator=(std::array<double, 9>&&)’
/usr/include/c++/13/array:94:12: note:   no known conversion for argument 1 from ‘std::vector<double, std::allocator<double> >’ to ‘std::array<double, 9>&&’
/home/yanji/robot_screwing/src/screw_robot_control/src/right_arm_control.cpp: In member function ‘void right_arm::RobotAdmittanceControl::passive_fine()’:
/home/yanji/robot_screwing/src/screw_robot_control/src/right_arm_control.cpp:481:3: error: ‘screw_execute_status’ was not declared in this scope; did you mean ‘screw_execute_status_’?
  481 |   screw_execute_status = 2; //初始化，肯定是未运行的；
      |   ^~~~~~~~~~~~~~~~~~~~
      |   screw_execute_status_
/home/yanji/robot_screwing/src/screw_robot_control/src/right_arm_control.cpp:484:3: error: ‘screw_execute_result’ was not declared in this scope; did you mean ‘screw_execute_result_’?
  484 |   screw_execute_result = 9; //不需要对其进行初始化，一开始他没有结果
      |   ^~~~~~~~~~~~~~~~~~~~
      |   screw_execute_result_
/home/yanji/robot_screwing/src/screw_robot_control/src/right_arm_control.cpp:485:3: error: ‘real_robot_control’ has not been declared
  485 |   real_robot_control::screwGoal goal;
      |   ^~~~~~~~~~~~~~~~~~
/home/yanji/robot_screwing/src/screw_robot_control/src/right_arm_control.cpp:490:10: error: ‘ros’ has not been declared
  490 |   while (ros::ok()){
      |          ^~~
/home/yanji/robot_screwing/src/screw_robot_control/src/right_arm_control.cpp:537:13: error: ‘goal_msg’ was not declared in this scope
  537 |             goal_msg.num = flag; // 0 直接运行后续装配过程 1 运行第一阶段，接着搜索 2 出现错误，回退
      |             ^~~~~~~~
/home/yanji/robot_screwing/src/screw_robot_control/src/right_arm_control.cpp:542:115: error: no match for ‘operator=’ (operand types are ‘rclcpp_action::Client<robot_msgs::action::Screw>::FeedbackCallback’ {aka ‘std::function<void(std::shared_ptr<rclcpp_action::ClientGoalHandle<robot_msgs::action::Screw> >, std::shared_ptr<const robot_msgs::action::Screw_Feedback_<std::allocator<void> > >)>’} and ‘std::_Bind_helper<false, void (right_arm::RobotAdmittanceControl::*)(const std::shared_ptr<rclcpp_action::ClientGoalHandle<robot_msgs::action::Screw> >&, const std::shared_ptr<robot_msgs::action::Screw_Feedback_<std::allocator<void> > >&), right_arm::RobotAdmittanceControl*, const std::_Placeholder<1>&, const std::_Placeholder<2>&>::type’)
  542 |                 std::bind(&RobotAdmittanceControl::feedback_cb, this, std::placeholders::_1, std::placeholders::_2);
      |                                                                                                                   ^
In file included from /usr/include/c++/13/future:50,
                 from /opt/ros/foxy/include/rclcpp/executors.hpp:18:
/usr/include/c++/13/bits/std_function.h:531:9: note: candidate: ‘template<class _Functor> std::function<_Res(_ArgTypes ...)>::_Requires<std::function<_Res(_ArgTypes ...)>::_Callable<_Functor>, std::function<_Res(_ArgTypes ...)>&> std::function<_Res(_ArgTypes ...)>::operator=(_Functor&&) [with _Res = void; _ArgTypes = {std::shared_ptr<rclcpp_action::ClientGoalHandle<robot_msgs::action::Screw> >, std::shared_ptr<const robot_msgs::action::Screw_Feedback_<std::allocator<void> > >}]’
  531 |         operator=(_Functor&& __f)
      |         ^~~~~~~~
/usr/include/c++/13/bits/std_function.h:531:9: note:   template argument deduction/substitution failed:
In file included from /usr/include/c++/13/bits/move.h:37,
                 from /usr/include/c++/13/bits/new_allocator.h:36,
                 from /usr/include/x86_64-linux-gnu/c++/13/bits/c++allocator.h:33,
                 from /usr/include/c++/13/bits/allocator.h:46,
                 from /usr/include/c++/13/memory:65,
                 from /opt/ros/foxy/include/rclcpp/rclcpp.hpp:144:
/usr/include/c++/13/type_traits: In substitution of ‘template<bool _Cond, class _Tp> using std::__enable_if_t = typename std::enable_if::type [with bool _Cond = false; _Tp = std::function<void(std::shared_ptr<rclcpp_action::ClientGoalHandle<robot_msgs::action::Screw> >, std::shared_ptr<const robot_msgs::action::Screw_Feedback_<std::allocator<void> > >)>&]’:
/usr/include/c++/13/bits/std_function.h:353:8:   required by substitution of ‘template<class _Res, class ... _ArgTypes> template<class _Cond, class _Tp> using std::function<_Res(_ArgTypes ...)>::_Requires = std::__enable_if_t<_Cond::value, _Tp> [with _Cond = std::function<void(std::shared_ptr<rclcpp_action::ClientGoalHandle<robot_msgs::action::Screw> >, std::shared_ptr<const robot_msgs::action::Screw_Feedback_<std::allocator<void> > >)>::_Callable<std::_Bind<void (right_arm::RobotAdmittanceControl::*(right_arm::RobotAdmittanceControl*, std::_Placeholder<1>, std::_Placeholder<2>))(const std::shared_ptr<rclcpp_action::ClientGoalHandle<robot_msgs::action::Screw> >&, const std::shared_ptr<robot_msgs::action::Screw_Feedback_<std::allocator<void> > >&)>, std::_Bind<void (right_arm::RobotAdmittanceControl::*(right_arm::RobotAdmittanceControl*, std::_Placeholder<1>, std::_Placeholder<2>))(const std::shared_ptr<rclcpp_action::ClientGoalHandle<robot_msgs::action::Screw> >&, const std::shared_ptr<robot_msgs::action::Screw_Feedback_<std::allocator<void> > >&)>, std::__invoke_result<std::_Bind<void (right_arm::RobotAdmittanceControl::*(right_arm::RobotAdmittanceControl*, std::_Placeholder<1>, std::_Placeholder<2>))(const std::shared_ptr<rclcpp_action::ClientGoalHandle<robot_msgs::action::Screw> >&, const std::shared_ptr<robot_msgs::action::Screw_Feedback_<std::allocator<void> > >&)>&, std::shared_ptr<rclcpp_action::ClientGoalHandle<robot_msgs::action::Screw> >, std::shared_ptr<const robot_msgs::action::Screw_Feedback_<std::allocator<void> > > > >; _Tp = std::function<void(std::shared_ptr<rclcpp_action::ClientGoalHandle<robot_msgs::action::Screw> >, std::shared_ptr<const robot_msgs::action::Screw_Feedback_<std::allocator<void> > >)>&; _Res = void; _ArgTypes = {std::shared_ptr<rclcpp_action::ClientGoalHandle<robot_msgs::action::Screw> >, std::shared_ptr<const robot_msgs::action::Screw_Feedback_<std::allocator<void> > >}]’
/usr/include/c++/13/bits/std_function.h:531:2:   required by substitution of ‘template<class _Functor> std::function<void(std::shared_ptr<rclcpp_action::ClientGoalHandle<robot_msgs::action::Screw> >, std::shared_ptr<const robot_msgs::action::Screw_Feedback_<std::allocator<void> > >)>::_Requires<std::function<void(std::shared_ptr<rclcpp_action::ClientGoalHandle<robot_msgs::action::Screw> >, std::shared_ptr<const robot_msgs::action::Screw_Feedback_<std::allocator<void> > >)>::_Callable<_Functor, typename std::enable_if<(! std::is_same<typename std::remove_cv<typename std::remove_reference<_Tp>::type>::type, std::function<void(std::shared_ptr<rclcpp_action::ClientGoalHandle<robot_msgs::action::Screw> >, std::shared_ptr<const robot_msgs::action::Screw_Feedback_<std::allocator<void> > >)> >::value), std::decay<_Ex> >::type::type, std::__invoke_result<typename std::enable_if<(! std::is_same<typename std::remove_cv<typename std::remove_reference<_Tp>::type>::type, std::function<void(std::shared_ptr<rclcpp_action::ClientGoalHandle<robot_msgs::action::Screw> >, std::shared_ptr<const robot_msgs::action::Screw_Feedback_<std::allocator<void> > >)> >::value), std::decay<_Ex> >::type::type&, std::shared_ptr<rclcpp_action::ClientGoalHandle<robot_msgs::action::Screw> >, std::shared_ptr<const robot_msgs::action::Screw_Feedback_<std::allocator<void> > > > >, std::function<void(std::shared_ptr<rclcpp_action::ClientGoalHandle<robot_msgs::action::Screw> >, std::shared_ptr<const robot_msgs::action::Screw_Feedback_<std::allocator<void> > >)>&> std::function<void(std::shared_ptr<rclcpp_action::ClientGoalHandle<robot_msgs::action::Screw> >, std::shared_ptr<const robot_msgs::action::Screw_Feedback_<std::allocator<void> > >)>::operator=(_Functor&&) [with _Functor = std::_Bind<void (right_arm::RobotAdmittanceControl::*(right_arm::RobotAdmittanceControl*, std::_Placeholder<1>, std::_Placeholder<2>))(const std::shared_ptr<rclcpp_action::ClientGoalHandle<robot_msgs::action::Screw> >&, const std::shared_ptr<robot_msgs::action::Screw_Feedback_<std::allocator<void> > >&)>]’
/home/yanji/robot_screwing/src/screw_robot_control/src/right_arm_control.cpp:542:115:   required from here
/usr/include/c++/13/type_traits:116:11: error: no type named ‘type’ in ‘struct std::enable_if<false, std::function<void(std::shared_ptr<rclcpp_action::ClientGoalHandle<robot_msgs::action::Screw> >, std::shared_ptr<const robot_msgs::action::Screw_Feedback_<std::allocator<void> > >)>&>’
  116 |     using __enable_if_t = typename enable_if<_Cond, _Tp>::type;
      |           ^~~~~~~~~~~~~
/usr/include/c++/13/bits/std_function.h:541:9: note: candidate: ‘template<class _Functor> std::function<_Res(_ArgTypes ...)>& std::function<_Res(_ArgTypes ...)>::operator=(std::reference_wrapper<_Functor>) [with _Res = void; _ArgTypes = {std::shared_ptr<rclcpp_action::ClientGoalHandle<robot_msgs::action::Screw> >, std::shared_ptr<const robot_msgs::action::Screw_Feedback_<std::allocator<void> > >}]’
  541 |         operator=(reference_wrapper<_Functor> __f) noexcept
      |         ^~~~~~~~
/usr/include/c++/13/bits/std_function.h:541:9: note:   template argument deduction/substitution failed:
/home/yanji/robot_screwing/src/screw_robot_control/src/right_arm_control.cpp:542:115: note:   ‘std::_Bind<void (right_arm::RobotAdmittanceControl::*(right_arm::RobotAdmittanceControl*, std::_Placeholder<1>, std::_Placeholder<2>))(const std::shared_ptr<rclcpp_action::ClientGoalHandle<robot_msgs::action::Screw> >&, const std::shared_ptr<robot_msgs::action::Screw_Feedback_<std::allocator<void> > >&)>’ is not derived from ‘std::reference_wrapper<_Tp>’
  542 |                 std::bind(&RobotAdmittanceControl::feedback_cb, this, std::placeholders::_1, std::placeholders::_2);
      |                                                                                                                   ^
/usr/include/c++/13/bits/std_function.h:469:7: note: candidate: ‘std::function<_Res(_ArgTypes ...)>& std::function<_Res(_ArgTypes ...)>::operator=(const std::function<_Res(_ArgTypes ...)>&) [with _Res = void; _ArgTypes = {std::shared_ptr<rclcpp_action::ClientGoalHandle<robot_msgs::action::Screw> >, std::shared_ptr<const robot_msgs::action::Screw_Feedback_<std::allocator<void> > >}]’
  469 |       operator=(const function& __x)
      |       ^~~~~~~~
/usr/include/c++/13/bits/std_function.h:469:33: note:   no known conversion for argument 1 from ‘std::_Bind_helper<false, void (right_arm::RobotAdmittanceControl::*)(const std::shared_ptr<rclcpp_action::ClientGoalHandle<robot_msgs::action::Screw> >&, const std::shared_ptr<robot_msgs::action::Screw_Feedback_<std::allocator<void> > >&), right_arm::RobotAdmittanceControl*, const std::_Placeholder<1>&, const std::_Placeholder<2>&>::type’ to ‘const std::function<void(std::shared_ptr<rclcpp_action::ClientGoalHandle<robot_msgs::action::Screw> >, std::shared_ptr<const robot_msgs::action::Screw_Feedback_<std::allocator<void> > >)>&’
  469 |       operator=(const function& __x)
      |                 ~~~~~~~~~~~~~~~~^~~
/usr/include/c++/13/bits/std_function.h:487:7: note: candidate: ‘std::function<_Res(_ArgTypes ...)>& std::function<_Res(_ArgTypes ...)>::operator=(std::function<_Res(_ArgTypes ...)>&&) [with _Res = void; _ArgTypes = {std::shared_ptr<rclcpp_action::ClientGoalHandle<robot_msgs::action::Screw> >, std::shared_ptr<const robot_msgs::action::Screw_Feedback_<std::allocator<void> > >}]’
  487 |       operator=(function&& __x) noexcept
      |       ^~~~~~~~
/usr/include/c++/13/bits/std_function.h:487:28: note:   no known conversion for argument 1 from ‘std::_Bind_helper<false, void (right_arm::RobotAdmittanceControl::*)(const std::shared_ptr<rclcpp_action::ClientGoalHandle<robot_msgs::action::Screw> >&, const std::shared_ptr<robot_msgs::action::Screw_Feedback_<std::allocator<void> > >&), right_arm::RobotAdmittanceControl*, const std::_Placeholder<1>&, const std::_Placeholder<2>&>::type’ to ‘std::function<void(std::shared_ptr<rclcpp_action::ClientGoalHandle<robot_msgs::action::Screw> >, std::shared_ptr<const robot_msgs::action::Screw_Feedback_<std::allocator<void> > >)>&&’
  487 |       operator=(function&& __x) noexcept
      |                 ~~~~~~~~~~~^~~
/usr/include/c++/13/bits/std_function.h:501:7: note: candidate: ‘std::function<_Res(_ArgTypes ...)>& std::function<_Res(_ArgTypes ...)>::operator=(std::nullptr_t) [with _Res = void; _ArgTypes = {std::shared_ptr<rclcpp_action::ClientGoalHandle<robot_msgs::action::Screw> >, std::shared_ptr<const robot_msgs::action::Screw_Feedback_<std::allocator<void> > >}; std::nullptr_t = std::nullptr_t]’
  501 |       operator=(nullptr_t) noexcept
      |       ^~~~~~~~
/usr/include/c++/13/bits/std_function.h:501:17: note:   no known conversion for argument 1 from ‘std::_Bind_helper<false, void (right_arm::RobotAdmittanceControl::*)(const std::shared_ptr<rclcpp_action::ClientGoalHandle<robot_msgs::action::Screw> >&, const std::shared_ptr<robot_msgs::action::Screw_Feedback_<std::allocator<void> > >&), right_arm::RobotAdmittanceControl*, const std::_Placeholder<1>&, const std::_Placeholder<2>&>::type’ to ‘std::nullptr_t’
  501 |       operator=(nullptr_t) noexcept
      |                 ^~~~~~~~~
/home/yanji/robot_screwing/src/screw_robot_control/src/right_arm_control.cpp:544:111: error: no match for ‘operator=’ (operand types are ‘rclcpp_action::Client<robot_msgs::action::Screw>::ResultCallback’ {aka ‘std::function<void(const rclcpp_action::ClientGoalHandle<robot_msgs::action::Screw>::WrappedResult&)>’} and ‘std::_Bind_helper<false, void (right_arm::RobotAdmittanceControl::*)(const std::shared_ptr<rclcpp_action::ClientGoalHandle<robot_msgs::action::Screw> >&, const std::shared_ptr<robot_msgs::action::Screw_Result_<std::allocator<void> > >&), right_arm::RobotAdmittanceControl*, const std::_Placeholder<1>&, const std::_Placeholder<2>&>::type’)
  544 |                 std::bind(&RobotAdmittanceControl::done_cb, this, std::placeholders::_1, std::placeholders::_2);
      |                                                                                                               ^
/usr/include/c++/13/bits/std_function.h:531:9: note: candidate: ‘template<class _Functor> std::function<_Res(_ArgTypes ...)>::_Requires<std::function<_Res(_ArgTypes ...)>::_Callable<_Functor>, std::function<_Res(_ArgTypes ...)>&> std::function<_Res(_ArgTypes ...)>::operator=(_Functor&&) [with _Res = void; _ArgTypes = {const rclcpp_action::ClientGoalHandle<robot_msgs::action::Screw>::WrappedResult&}]’
  531 |         operator=(_Functor&& __f)
      |         ^~~~~~~~
/usr/include/c++/13/bits/std_function.h:531:9: note:   template argument deduction/substitution failed:
/usr/include/c++/13/type_traits: In substitution of ‘template<bool _Cond, class _Tp> using std::__enable_if_t = typename std::enable_if::type [with bool _Cond = false; _Tp = std::function<void(const rclcpp_action::ClientGoalHandle<robot_msgs::action::Screw>::WrappedResult&)>&]’:
/usr/include/c++/13/bits/std_function.h:353:8:   required by substitution of ‘template<class _Res, class ... _ArgTypes> template<class _Cond, class _Tp> using std::function<_Res(_ArgTypes ...)>::_Requires = std::__enable_if_t<_Cond::value, _Tp> [with _Cond = std::function<void(const rclcpp_action::ClientGoalHandle<robot_msgs::action::Screw>::WrappedResult&)>::_Callable<std::_Bind<void (right_arm::RobotAdmittanceControl::*(right_arm::RobotAdmittanceControl*, std::_Placeholder<1>, std::_Placeholder<2>))(const std::shared_ptr<rclcpp_action::ClientGoalHandle<robot_msgs::action::Screw> >&, const std::shared_ptr<robot_msgs::action::Screw_Result_<std::allocator<void> > >&)>, std::_Bind<void (right_arm::RobotAdmittanceControl::*(right_arm::RobotAdmittanceControl*, std::_Placeholder<1>, std::_Placeholder<2>))(const std::shared_ptr<rclcpp_action::ClientGoalHandle<robot_msgs::action::Screw> >&, const std::shared_ptr<robot_msgs::action::Screw_Result_<std::allocator<void> > >&)>, std::__invoke_result<std::_Bind<void (right_arm::RobotAdmittanceControl::*(right_arm::RobotAdmittanceControl*, std::_Placeholder<1>, std::_Placeholder<2>))(const std::shared_ptr<rclcpp_action::ClientGoalHandle<robot_msgs::action::Screw> >&, const std::shared_ptr<robot_msgs::action::Screw_Result_<std::allocator<void> > >&)>&, const rclcpp_action::ClientGoalHandle<robot_msgs::action::Screw>::WrappedResult&> >; _Tp = std::function<void(const rclcpp_action::ClientGoalHandle<robot_msgs::action::Screw>::WrappedResult&)>&; _Res = void; _ArgTypes = {const rclcpp_action::ClientGoalHandle<robot_msgs::action::Screw>::WrappedResult&}]’
/usr/include/c++/13/bits/std_function.h:531:2:   required by substitution of ‘template<class _Functor> std::function<void(const rclcpp_action::ClientGoalHandle<robot_msgs::action::Screw>::WrappedResult&)>::_Requires<std::function<void(const rclcpp_action::ClientGoalHandle<robot_msgs::action::Screw>::WrappedResult&)>::_Callable<_Functor, typename std::enable_if<(! std::is_same<typename std::remove_cv<typename std::remove_reference<_Tp>::type>::type, std::function<void(const rclcpp_action::ClientGoalHandle<robot_msgs::action::Screw>::WrappedResult&)> >::value), std::decay<_Ex> >::type::type, std::__invoke_result<typename std::enable_if<(! std::is_same<typename std::remove_cv<typename std::remove_reference<_Tp>::type>::type, std::function<void(const rclcpp_action::ClientGoalHandle<robot_msgs::action::Screw>::WrappedResult&)> >::value), std::decay<_Ex> >::type::type&, const rclcpp_action::ClientGoalHandle<robot_msgs::action::Screw>::WrappedResult&> >, std::function<void(const rclcpp_action::ClientGoalHandle<robot_msgs::action::Screw>::WrappedResult&)>&> std::function<void(const rclcpp_action::ClientGoalHandle<robot_msgs::action::Screw>::WrappedResult&)>::operator=(_Functor&&) [with _Functor = std::_Bind<void (right_arm::RobotAdmittanceControl::*(right_arm::RobotAdmittanceControl*, std::_Placeholder<1>, std::_Placeholder<2>))(const std::shared_ptr<rclcpp_action::ClientGoalHandle<robot_msgs::action::Screw> >&, const std::shared_ptr<robot_msgs::action::Screw_Result_<std::allocator<void> > >&)>]’
/home/yanji/robot_screwing/src/screw_robot_control/src/right_arm_control.cpp:544:111:   required from here
/usr/include/c++/13/type_traits:116:11: error: no type named ‘type’ in ‘struct std::enable_if<false, std::function<void(const rclcpp_action::ClientGoalHandle<robot_msgs::action::Screw>::WrappedResult&)>&>’
  116 |     using __enable_if_t = typename enable_if<_Cond, _Tp>::type;
      |           ^~~~~~~~~~~~~
/usr/include/c++/13/bits/std_function.h:541:9: note: candidate: ‘template<class _Functor> std::function<_Res(_ArgTypes ...)>& std::function<_Res(_ArgTypes ...)>::operator=(std::reference_wrapper<_Functor>) [with _Res = void; _ArgTypes = {const rclcpp_action::ClientGoalHandle<robot_msgs::action::Screw>::WrappedResult&}]’
  541 |         operator=(reference_wrapper<_Functor> __f) noexcept
      |         ^~~~~~~~
/usr/include/c++/13/bits/std_function.h:541:9: note:   template argument deduction/substitution failed:
/home/yanji/robot_screwing/src/screw_robot_control/src/right_arm_control.cpp:544:111: note:   ‘std::_Bind<void (right_arm::RobotAdmittanceControl::*(right_arm::RobotAdmittanceControl*, std::_Placeholder<1>, std::_Placeholder<2>))(const std::shared_ptr<rclcpp_action::ClientGoalHandle<robot_msgs::action::Screw> >&, const std::shared_ptr<robot_msgs::action::Screw_Result_<std::allocator<void> > >&)>’ is not derived from ‘std::reference_wrapper<_Tp>’
  544 |                 std::bind(&RobotAdmittanceControl::done_cb, this, std::placeholders::_1, std::placeholders::_2);
      |                                                                                                               ^
/usr/include/c++/13/bits/std_function.h:469:7: note: candidate: ‘std::function<_Res(_ArgTypes ...)>& std::function<_Res(_ArgTypes ...)>::operator=(const std::function<_Res(_ArgTypes ...)>&) [with _Res = void; _ArgTypes = {const rclcpp_action::ClientGoalHandle<robot_msgs::action::Screw>::WrappedResult&}]’
  469 |       operator=(const function& __x)
      |       ^~~~~~~~
/usr/include/c++/13/bits/std_function.h:469:33: note:   no known conversion for argument 1 from ‘std::_Bind_helper<false, void (right_arm::RobotAdmittanceControl::*)(const std::shared_ptr<rclcpp_action::ClientGoalHandle<robot_msgs::action::Screw> >&, const std::shared_ptr<robot_msgs::action::Screw_Result_<std::allocator<void> > >&), right_arm::RobotAdmittanceControl*, const std::_Placeholder<1>&, const std::_Placeholder<2>&>::type’ to ‘const std::function<void(const rclcpp_action::ClientGoalHandle<robot_msgs::action::Screw>::WrappedResult&)>&’
  469 |       operator=(const function& __x)
      |                 ~~~~~~~~~~~~~~~~^~~
/usr/include/c++/13/bits/std_function.h:487:7: note: candidate: ‘std::function<_Res(_ArgTypes ...)>& std::function<_Res(_ArgTypes ...)>::operator=(std::function<_Res(_ArgTypes ...)>&&) [with _Res = void; _ArgTypes = {const rclcpp_action::ClientGoalHandle<robot_msgs::action::Screw>::WrappedResult&}]’
  487 |       operator=(function&& __x) noexcept
      |       ^~~~~~~~
/usr/include/c++/13/bits/std_function.h:487:28: note:   no known conversion for argument 1 from ‘std::_Bind_helper<false, void (right_arm::RobotAdmittanceControl::*)(const std::shared_ptr<rclcpp_action::ClientGoalHandle<robot_msgs::action::Screw> >&, const std::shared_ptr<robot_msgs::action::Screw_Result_<std::allocator<void> > >&), right_arm::RobotAdmittanceControl*, const std::_Placeholder<1>&, const std::_Placeholder<2>&>::type’ to ‘std::function<void(const rclcpp_action::ClientGoalHandle<robot_msgs::action::Screw>::WrappedResult&)>&&’
  487 |       operator=(function&& __x) noexcept
      |                 ~~~~~~~~~~~^~~
/usr/include/c++/13/bits/std_function.h:501:7: note: candidate: ‘std::function<_Res(_ArgTypes ...)>& std::function<_Res(_ArgTypes ...)>::operator=(std::nullptr_t) [with _Res = void; _ArgTypes = {const rclcpp_action::ClientGoalHandle<robot_msgs::action::Screw>::WrappedResult&}; std::nullptr_t = std::nullptr_t]’
  501 |       operator=(nullptr_t) noexcept
      |       ^~~~~~~~
/usr/include/c++/13/bits/std_function.h:501:17: note:   no known conversion for argument 1 from ‘std::_Bind_helper<false, void (right_arm::RobotAdmittanceControl::*)(const std::shared_ptr<rclcpp_action::ClientGoalHandle<robot_msgs::action::Screw> >&, const std::shared_ptr<robot_msgs::action::Screw_Result_<std::allocator<void> > >&), right_arm::RobotAdmittanceControl*, const std::_Placeholder<1>&, const std::_Placeholder<2>&>::type’ to ‘std::nullptr_t’
  501 |       operator=(nullptr_t) noexcept
      |                 ^~~~~~~~~
/home/yanji/robot_screwing/src/screw_robot_control/src/right_arm_control.cpp: In member function ‘void right_arm::RobotAdmittanceControl::grasp_obj()’:
/home/yanji/robot_screwing/src/screw_robot_control/src/right_arm_control.cpp:616:5: error: ‘real_robot_control’ has not been declared
  616 |     real_robot_control::screwGoal goal;
      |     ^~~~~~~~~~~~~~~~~~
/home/yanji/robot_screwing/src/screw_robot_control/src/right_arm_control.cpp:617:5: error: ‘goal_msg’ was not declared in this scope
  617 |     goal_msg.num = 5;
      |     ^~~~~~~~
/home/yanji/robot_screwing/src/screw_robot_control/src/right_arm_control.cpp:622:107: error: no match for ‘operator=’ (operand types are ‘rclcpp_action::Client<robot_msgs::action::Screw>::FeedbackCallback’ {aka ‘std::function<void(std::shared_ptr<rclcpp_action::ClientGoalHandle<robot_msgs::action::Screw> >, std::shared_ptr<const robot_msgs::action::Screw_Feedback_<std::allocator<void> > >)>’} and ‘std::_Bind_helper<false, void (right_arm::RobotAdmittanceControl::*)(const std::shared_ptr<rclcpp_action::ClientGoalHandle<robot_msgs::action::Screw> >&, const std::shared_ptr<robot_msgs::action::Screw_Feedback_<std::allocator<void> > >&), right_arm::RobotAdmittanceControl*, const std::_Placeholder<1>&, const std::_Placeholder<2>&>::type’)
  622 |         std::bind(&RobotAdmittanceControl::feedback_cb, this, std::placeholders::_1, std::placeholders::_2);
      |                                                                                                           ^
/usr/include/c++/13/bits/std_function.h:531:9: note: candidate: ‘template<class _Functor> std::function<_Res(_ArgTypes ...)>::_Requires<std::function<_Res(_ArgTypes ...)>::_Callable<_Functor>, std::function<_Res(_ArgTypes ...)>&> std::function<_Res(_ArgTypes ...)>::operator=(_Functor&&) [with _Res = void; _ArgTypes = {std::shared_ptr<rclcpp_action::ClientGoalHandle<robot_msgs::action::Screw> >, std::shared_ptr<const robot_msgs::action::Screw_Feedback_<std::allocator<void> > >}]’
  531 |         operator=(_Functor&& __f)
      |         ^~~~~~~~
/usr/include/c++/13/bits/std_function.h:531:9: note:   template argument deduction/substitution failed:
/usr/include/c++/13/bits/std_function.h:541:9: note: candidate: ‘template<class _Functor> std::function<_Res(_ArgTypes ...)>& std::function<_Res(_ArgTypes ...)>::operator=(std::reference_wrapper<_Functor>) [with _Res = void; _ArgTypes = {std::shared_ptr<rclcpp_action::ClientGoalHandle<robot_msgs::action::Screw> >, std::shared_ptr<const robot_msgs::action::Screw_Feedback_<std::allocator<void> > >}]’
  541 |         operator=(reference_wrapper<_Functor> __f) noexcept
      |         ^~~~~~~~
/usr/include/c++/13/bits/std_function.h:541:9: note:   template argument deduction/substitution failed:
/home/yanji/robot_screwing/src/screw_robot_control/src/right_arm_control.cpp:622:107: note:   ‘std::_Bind<void (right_arm::RobotAdmittanceControl::*(right_arm::RobotAdmittanceControl*, std::_Placeholder<1>, std::_Placeholder<2>))(const std::shared_ptr<rclcpp_action::ClientGoalHandle<robot_msgs::action::Screw> >&, const std::shared_ptr<robot_msgs::action::Screw_Feedback_<std::allocator<void> > >&)>’ is not derived from ‘std::reference_wrapper<_Tp>’
  622 |         std::bind(&RobotAdmittanceControl::feedback_cb, this, std::placeholders::_1, std::placeholders::_2);
      |                                                                                                           ^
/usr/include/c++/13/bits/std_function.h:469:7: note: candidate: ‘std::function<_Res(_ArgTypes ...)>& std::function<_Res(_ArgTypes ...)>::operator=(const std::function<_Res(_ArgTypes ...)>&) [with _Res = void; _ArgTypes = {std::shared_ptr<rclcpp_action::ClientGoalHandle<robot_msgs::action::Screw> >, std::shared_ptr<const robot_msgs::action::Screw_Feedback_<std::allocator<void> > >}]’
  469 |       operator=(const function& __x)
      |       ^~~~~~~~
/usr/include/c++/13/bits/std_function.h:469:33: note:   no known conversion for argument 1 from ‘std::_Bind_helper<false, void (right_arm::RobotAdmittanceControl::*)(const std::shared_ptr<rclcpp_action::ClientGoalHandle<robot_msgs::action::Screw> >&, const std::shared_ptr<robot_msgs::action::Screw_Feedback_<std::allocator<void> > >&), right_arm::RobotAdmittanceControl*, const std::_Placeholder<1>&, const std::_Placeholder<2>&>::type’ to ‘const std::function<void(std::shared_ptr<rclcpp_action::ClientGoalHandle<robot_msgs::action::Screw> >, std::shared_ptr<const robot_msgs::action::Screw_Feedback_<std::allocator<void> > >)>&’
  469 |       operator=(const function& __x)
      |                 ~~~~~~~~~~~~~~~~^~~
/usr/include/c++/13/bits/std_function.h:487:7: note: candidate: ‘std::function<_Res(_ArgTypes ...)>& std::function<_Res(_ArgTypes ...)>::operator=(std::function<_Res(_ArgTypes ...)>&&) [with _Res = void; _ArgTypes = {std::shared_ptr<rclcpp_action::ClientGoalHandle<robot_msgs::action::Screw> >, std::shared_ptr<const robot_msgs::action::Screw_Feedback_<std::allocator<void> > >}]’
  487 |       operator=(function&& __x) noexcept
      |       ^~~~~~~~
/usr/include/c++/13/bits/std_function.h:487:28: note:   no known conversion for argument 1 from ‘std::_Bind_helper<false, void (right_arm::RobotAdmittanceControl::*)(const std::shared_ptr<rclcpp_action::ClientGoalHandle<robot_msgs::action::Screw> >&, const std::shared_ptr<robot_msgs::action::Screw_Feedback_<std::allocator<void> > >&), right_arm::RobotAdmittanceControl*, const std::_Placeholder<1>&, const std::_Placeholder<2>&>::type’ to ‘std::function<void(std::shared_ptr<rclcpp_action::ClientGoalHandle<robot_msgs::action::Screw> >, std::shared_ptr<const robot_msgs::action::Screw_Feedback_<std::allocator<void> > >)>&&’
  487 |       operator=(function&& __x) noexcept
      |                 ~~~~~~~~~~~^~~
/usr/include/c++/13/bits/std_function.h:501:7: note: candidate: ‘std::function<_Res(_ArgTypes ...)>& std::function<_Res(_ArgTypes ...)>::operator=(std::nullptr_t) [with _Res = void; _ArgTypes = {std::shared_ptr<rclcpp_action::ClientGoalHandle<robot_msgs::action::Screw> >, std::shared_ptr<const robot_msgs::action::Screw_Feedback_<std::allocator<void> > >}; std::nullptr_t = std::nullptr_t]’
  501 |       operator=(nullptr_t) noexcept
      |       ^~~~~~~~
/usr/include/c++/13/bits/std_function.h:501:17: note:   no known conversion for argument 1 from ‘std::_Bind_helper<false, void (right_arm::RobotAdmittanceControl::*)(const std::shared_ptr<rclcpp_action::ClientGoalHandle<robot_msgs::action::Screw> >&, const std::shared_ptr<robot_msgs::action::Screw_Feedback_<std::allocator<void> > >&), right_arm::RobotAdmittanceControl*, const std::_Placeholder<1>&, const std::_Placeholder<2>&>::type’ to ‘std::nullptr_t’
  501 |       operator=(nullptr_t) noexcept
      |                 ^~~~~~~~~
/home/yanji/robot_screwing/src/screw_robot_control/src/right_arm_control.cpp:624:103: error: no match for ‘operator=’ (operand types are ‘rclcpp_action::Client<robot_msgs::action::Screw>::ResultCallback’ {aka ‘std::function<void(const rclcpp_action::ClientGoalHandle<robot_msgs::action::Screw>::WrappedResult&)>’} and ‘std::_Bind_helper<false, void (right_arm::RobotAdmittanceControl::*)(const std::shared_ptr<rclcpp_action::ClientGoalHandle<robot_msgs::action::Screw> >&, const std::shared_ptr<robot_msgs::action::Screw_Result_<std::allocator<void> > >&), right_arm::RobotAdmittanceControl*, const std::_Placeholder<1>&, const std::_Placeholder<2>&>::type’)
  624 |         std::bind(&RobotAdmittanceControl::done_cb, this, std::placeholders::_1, std::placeholders::_2);
      |                                                                                                       ^
/usr/include/c++/13/bits/std_function.h:531:9: note: candidate: ‘template<class _Functor> std::function<_Res(_ArgTypes ...)>::_Requires<std::function<_Res(_ArgTypes ...)>::_Callable<_Functor>, std::function<_Res(_ArgTypes ...)>&> std::function<_Res(_ArgTypes ...)>::operator=(_Functor&&) [with _Res = void; _ArgTypes = {const rclcpp_action::ClientGoalHandle<robot_msgs::action::Screw>::WrappedResult&}]’
  531 |         operator=(_Functor&& __f)
      |         ^~~~~~~~
/usr/include/c++/13/bits/std_function.h:531:9: note:   template argument deduction/substitution failed:
/usr/include/c++/13/bits/std_function.h:541:9: note: candidate: ‘template<class _Functor> std::function<_Res(_ArgTypes ...)>& std::function<_Res(_ArgTypes ...)>::operator=(std::reference_wrapper<_Functor>) [with _Res = void; _ArgTypes = {const rclcpp_action::ClientGoalHandle<robot_msgs::action::Screw>::WrappedResult&}]’
  541 |         operator=(reference_wrapper<_Functor> __f) noexcept
      |         ^~~~~~~~
/usr/include/c++/13/bits/std_function.h:541:9: note:   template argument deduction/substitution failed:
/home/yanji/robot_screwing/src/screw_robot_control/src/right_arm_control.cpp:624:103: note:   ‘std::_Bind<void (right_arm::RobotAdmittanceControl::*(right_arm::RobotAdmittanceControl*, std::_Placeholder<1>, std::_Placeholder<2>))(const std::shared_ptr<rclcpp_action::ClientGoalHandle<robot_msgs::action::Screw> >&, const std::shared_ptr<robot_msgs::action::Screw_Result_<std::allocator<void> > >&)>’ is not derived from ‘std::reference_wrapper<_Tp>’
  624 |         std::bind(&RobotAdmittanceControl::done_cb, this, std::placeholders::_1, std::placeholders::_2);
      |                                                                                                       ^
/usr/include/c++/13/bits/std_function.h:469:7: note: candidate: ‘std::function<_Res(_ArgTypes ...)>& std::function<_Res(_ArgTypes ...)>::operator=(const std::function<_Res(_ArgTypes ...)>&) [with _Res = void; _ArgTypes = {const rclcpp_action::ClientGoalHandle<robot_msgs::action::Screw>::WrappedResult&}]’
  469 |       operator=(const function& __x)
      |       ^~~~~~~~
/usr/include/c++/13/bits/std_function.h:469:33: note:   no known conversion for argument 1 from ‘std::_Bind_helper<false, void (right_arm::RobotAdmittanceControl::*)(const std::shared_ptr<rclcpp_action::ClientGoalHandle<robot_msgs::action::Screw> >&, const std::shared_ptr<robot_msgs::action::Screw_Result_<std::allocator<void> > >&), right_arm::RobotAdmittanceControl*, const std::_Placeholder<1>&, const std::_Placeholder<2>&>::type’ to ‘const std::function<void(const rclcpp_action::ClientGoalHandle<robot_msgs::action::Screw>::WrappedResult&)>&’
  469 |       operator=(const function& __x)
      |                 ~~~~~~~~~~~~~~~~^~~
/usr/include/c++/13/bits/std_function.h:487:7: note: candidate: ‘std::function<_Res(_ArgTypes ...)>& std::function<_Res(_ArgTypes ...)>::operator=(std::function<_Res(_ArgTypes ...)>&&) [with _Res = void; _ArgTypes = {const rclcpp_action::ClientGoalHandle<robot_msgs::action::Screw>::WrappedResult&}]’
  487 |       operator=(function&& __x) noexcept
      |       ^~~~~~~~
/usr/include/c++/13/bits/std_function.h:487:28: note:   no known conversion for argument 1 from ‘std::_Bind_helper<false, void (right_arm::RobotAdmittanceControl::*)(const std::shared_ptr<rclcpp_action::ClientGoalHandle<robot_msgs::action::Screw> >&, const std::shared_ptr<robot_msgs::action::Screw_Result_<std::allocator<void> > >&), right_arm::RobotAdmittanceControl*, const std::_Placeholder<1>&, const std::_Placeholder<2>&>::type’ to ‘std::function<void(const rclcpp_action::ClientGoalHandle<robot_msgs::action::Screw>::WrappedResult&)>&&’
  487 |       operator=(function&& __x) noexcept
      |                 ~~~~~~~~~~~^~~
/usr/include/c++/13/bits/std_function.h:501:7: note: candidate: ‘std::function<_Res(_ArgTypes ...)>& std::function<_Res(_ArgTypes ...)>::operator=(std::nullptr_t) [with _Res = void; _ArgTypes = {const rclcpp_action::ClientGoalHandle<robot_msgs::action::Screw>::WrappedResult&}; std::nullptr_t = std::nullptr_t]’
  501 |       operator=(nullptr_t) noexcept
      |       ^~~~~~~~
/usr/include/c++/13/bits/std_function.h:501:17: note:   no known conversion for argument 1 from ‘std::_Bind_helper<false, void (right_arm::RobotAdmittanceControl::*)(const std::shared_ptr<rclcpp_action::ClientGoalHandle<robot_msgs::action::Screw> >&, const std::shared_ptr<robot_msgs::action::Screw_Result_<std::allocator<void> > >&), right_arm::RobotAdmittanceControl*, const std::_Placeholder<1>&, const std::_Placeholder<2>&>::type’ to ‘std::nullptr_t’
  501 |       operator=(nullptr_t) noexcept
      |                 ^~~~~~~~~
/home/yanji/robot_screwing/src/screw_robot_control/src/right_arm_control.cpp: In member function ‘void right_arm::RobotAdmittanceControl::robot_finish()’:
/home/yanji/robot_screwing/src/screw_robot_control/src/right_arm_control.cpp:636:5: error: ‘real_robot_control’ has not been declared
  636 |     real_robot_control::screwGoal goal;
      |     ^~~~~~~~~~~~~~~~~~
/home/yanji/robot_screwing/src/screw_robot_control/src/right_arm_control.cpp:651:5: error: ‘goal_msg’ was not declared in this scope
  651 |     goal_msg.num = 4;
      |     ^~~~~~~~
/home/yanji/robot_screwing/src/screw_robot_control/src/right_arm_control.cpp:656:107: error: no match for ‘operator=’ (operand types are ‘rclcpp_action::Client<robot_msgs::action::Screw>::FeedbackCallback’ {aka ‘std::function<void(std::shared_ptr<rclcpp_action::ClientGoalHandle<robot_msgs::action::Screw> >, std::shared_ptr<const robot_msgs::action::Screw_Feedback_<std::allocator<void> > >)>’} and ‘std::_Bind_helper<false, void (right_arm::RobotAdmittanceControl::*)(const std::shared_ptr<rclcpp_action::ClientGoalHandle<robot_msgs::action::Screw> >&, const std::shared_ptr<robot_msgs::action::Screw_Feedback_<std::allocator<void> > >&), right_arm::RobotAdmittanceControl*, const std::_Placeholder<1>&, const std::_Placeholder<2>&>::type’)
  656 |         std::bind(&RobotAdmittanceControl::feedback_cb, this, std::placeholders::_1, std::placeholders::_2);
      |                                                                                                           ^
/usr/include/c++/13/bits/std_function.h:531:9: note: candidate: ‘template<class _Functor> std::function<_Res(_ArgTypes ...)>::_Requires<std::function<_Res(_ArgTypes ...)>::_Callable<_Functor>, std::function<_Res(_ArgTypes ...)>&> std::function<_Res(_ArgTypes ...)>::operator=(_Functor&&) [with _Res = void; _ArgTypes = {std::shared_ptr<rclcpp_action::ClientGoalHandle<robot_msgs::action::Screw> >, std::shared_ptr<const robot_msgs::action::Screw_Feedback_<std::allocator<void> > >}]’
  531 |         operator=(_Functor&& __f)
      |         ^~~~~~~~
/usr/include/c++/13/bits/std_function.h:531:9: note:   template argument deduction/substitution failed:
/usr/include/c++/13/bits/std_function.h:541:9: note: candidate: ‘template<class _Functor> std::function<_Res(_ArgTypes ...)>& std::function<_Res(_ArgTypes ...)>::operator=(std::reference_wrapper<_Functor>) [with _Res = void; _ArgTypes = {std::shared_ptr<rclcpp_action::ClientGoalHandle<robot_msgs::action::Screw> >, std::shared_ptr<const robot_msgs::action::Screw_Feedback_<std::allocator<void> > >}]’
  541 |         operator=(reference_wrapper<_Functor> __f) noexcept
      |         ^~~~~~~~
/usr/include/c++/13/bits/std_function.h:541:9: note:   template argument deduction/substitution failed:
/home/yanji/robot_screwing/src/screw_robot_control/src/right_arm_control.cpp:656:107: note:   ‘std::_Bind<void (right_arm::RobotAdmittanceControl::*(right_arm::RobotAdmittanceControl*, std::_Placeholder<1>, std::_Placeholder<2>))(const std::shared_ptr<rclcpp_action::ClientGoalHandle<robot_msgs::action::Screw> >&, const std::shared_ptr<robot_msgs::action::Screw_Feedback_<std::allocator<void> > >&)>’ is not derived from ‘std::reference_wrapper<_Tp>’
  656 |         std::bind(&RobotAdmittanceControl::feedback_cb, this, std::placeholders::_1, std::placeholders::_2);
      |                                                                                                           ^
/usr/include/c++/13/bits/std_function.h:469:7: note: candidate: ‘std::function<_Res(_ArgTypes ...)>& std::function<_Res(_ArgTypes ...)>::operator=(const std::function<_Res(_ArgTypes ...)>&) [with _Res = void; _ArgTypes = {std::shared_ptr<rclcpp_action::ClientGoalHandle<robot_msgs::action::Screw> >, std::shared_ptr<const robot_msgs::action::Screw_Feedback_<std::allocator<void> > >}]’
  469 |       operator=(const function& __x)
      |       ^~~~~~~~
/usr/include/c++/13/bits/std_function.h:469:33: note:   no known conversion for argument 1 from ‘std::_Bind_helper<false, void (right_arm::RobotAdmittanceControl::*)(const std::shared_ptr<rclcpp_action::ClientGoalHandle<robot_msgs::action::Screw> >&, const std::shared_ptr<robot_msgs::action::Screw_Feedback_<std::allocator<void> > >&), right_arm::RobotAdmittanceControl*, const std::_Placeholder<1>&, const std::_Placeholder<2>&>::type’ to ‘const std::function<void(std::shared_ptr<rclcpp_action::ClientGoalHandle<robot_msgs::action::Screw> >, std::shared_ptr<const robot_msgs::action::Screw_Feedback_<std::allocator<void> > >)>&’
  469 |       operator=(const function& __x)
      |                 ~~~~~~~~~~~~~~~~^~~
/usr/include/c++/13/bits/std_function.h:487:7: note: candidate: ‘std::function<_Res(_ArgTypes ...)>& std::function<_Res(_ArgTypes ...)>::operator=(std::function<_Res(_ArgTypes ...)>&&) [with _Res = void; _ArgTypes = {std::shared_ptr<rclcpp_action::ClientGoalHandle<robot_msgs::action::Screw> >, std::shared_ptr<const robot_msgs::action::Screw_Feedback_<std::allocator<void> > >}]’
  487 |       operator=(function&& __x) noexcept
      |       ^~~~~~~~
/usr/include/c++/13/bits/std_function.h:487:28: note:   no known conversion for argument 1 from ‘std::_Bind_helper<false, void (right_arm::RobotAdmittanceControl::*)(const std::shared_ptr<rclcpp_action::ClientGoalHandle<robot_msgs::action::Screw> >&, const std::shared_ptr<robot_msgs::action::Screw_Feedback_<std::allocator<void> > >&), right_arm::RobotAdmittanceControl*, const std::_Placeholder<1>&, const std::_Placeholder<2>&>::type’ to ‘std::function<void(std::shared_ptr<rclcpp_action::ClientGoalHandle<robot_msgs::action::Screw> >, std::shared_ptr<const robot_msgs::action::Screw_Feedback_<std::allocator<void> > >)>&&’
  487 |       operator=(function&& __x) noexcept
      |                 ~~~~~~~~~~~^~~
/usr/include/c++/13/bits/std_function.h:501:7: note: candidate: ‘std::function<_Res(_ArgTypes ...)>& std::function<_Res(_ArgTypes ...)>::operator=(std::nullptr_t) [with _Res = void; _ArgTypes = {std::shared_ptr<rclcpp_action::ClientGoalHandle<robot_msgs::action::Screw> >, std::shared_ptr<const robot_msgs::action::Screw_Feedback_<std::allocator<void> > >}; std::nullptr_t = std::nullptr_t]’
  501 |       operator=(nullptr_t) noexcept
      |       ^~~~~~~~
/usr/include/c++/13/bits/std_function.h:501:17: note:   no known conversion for argument 1 from ‘std::_Bind_helper<false, void (right_arm::RobotAdmittanceControl::*)(const std::shared_ptr<rclcpp_action::ClientGoalHandle<robot_msgs::action::Screw> >&, const std::shared_ptr<robot_msgs::action::Screw_Feedback_<std::allocator<void> > >&), right_arm::RobotAdmittanceControl*, const std::_Placeholder<1>&, const std::_Placeholder<2>&>::type’ to ‘std::nullptr_t’
  501 |       operator=(nullptr_t) noexcept
      |                 ^~~~~~~~~
/home/yanji/robot_screwing/src/screw_robot_control/src/right_arm_control.cpp:658:103: error: no match for ‘operator=’ (operand types are ‘rclcpp_action::Client<robot_msgs::action::Screw>::ResultCallback’ {aka ‘std::function<void(const rclcpp_action::ClientGoalHandle<robot_msgs::action::Screw>::WrappedResult&)>’} and ‘std::_Bind_helper<false, void (right_arm::RobotAdmittanceControl::*)(const std::shared_ptr<rclcpp_action::ClientGoalHandle<robot_msgs::action::Screw> >&, const std::shared_ptr<robot_msgs::action::Screw_Result_<std::allocator<void> > >&), right_arm::RobotAdmittanceControl*, const std::_Placeholder<1>&, const std::_Placeholder<2>&>::type’)
  658 |         std::bind(&RobotAdmittanceControl::done_cb, this, std::placeholders::_1, std::placeholders::_2);
      |                                                                                                       ^
/usr/include/c++/13/bits/std_function.h:531:9: note: candidate: ‘template<class _Functor> std::function<_Res(_ArgTypes ...)>::_Requires<std::function<_Res(_ArgTypes ...)>::_Callable<_Functor>, std::function<_Res(_ArgTypes ...)>&> std::function<_Res(_ArgTypes ...)>::operator=(_Functor&&) [with _Res = void; _ArgTypes = {const rclcpp_action::ClientGoalHandle<robot_msgs::action::Screw>::WrappedResult&}]’
  531 |         operator=(_Functor&& __f)
      |         ^~~~~~~~
/usr/include/c++/13/bits/std_function.h:531:9: note:   template argument deduction/substitution failed:
/usr/include/c++/13/bits/std_function.h:541:9: note: candidate: ‘template<class _Functor> std::function<_Res(_ArgTypes ...)>& std::function<_Res(_ArgTypes ...)>::operator=(std::reference_wrapper<_Functor>) [with _Res = void; _ArgTypes = {const rclcpp_action::ClientGoalHandle<robot_msgs::action::Screw>::WrappedResult&}]’
  541 |         operator=(reference_wrapper<_Functor> __f) noexcept
      |         ^~~~~~~~
/usr/include/c++/13/bits/std_function.h:541:9: note:   template argument deduction/substitution failed:
/home/yanji/robot_screwing/src/screw_robot_control/src/right_arm_control.cpp:658:103: note:   ‘std::_Bind<void (right_arm::RobotAdmittanceControl::*(right_arm::RobotAdmittanceControl*, std::_Placeholder<1>, std::_Placeholder<2>))(const std::shared_ptr<rclcpp_action::ClientGoalHandle<robot_msgs::action::Screw> >&, const std::shared_ptr<robot_msgs::action::Screw_Result_<std::allocator<void> > >&)>’ is not derived from ‘std::reference_wrapper<_Tp>’
  658 |         std::bind(&RobotAdmittanceControl::done_cb, this, std::placeholders::_1, std::placeholders::_2);
      |                                                                                                       ^
/usr/include/c++/13/bits/std_function.h:469:7: note: candidate: ‘std::function<_Res(_ArgTypes ...)>& std::function<_Res(_ArgTypes ...)>::operator=(const std::function<_Res(_ArgTypes ...)>&) [with _Res = void; _ArgTypes = {const rclcpp_action::ClientGoalHandle<robot_msgs::action::Screw>::WrappedResult&}]’
  469 |       operator=(const function& __x)
      |       ^~~~~~~~
/usr/include/c++/13/bits/std_function.h:469:33: note:   no known conversion for argument 1 from ‘std::_Bind_helper<false, void (right_arm::RobotAdmittanceControl::*)(const std::shared_ptr<rclcpp_action::ClientGoalHandle<robot_msgs::action::Screw> >&, const std::shared_ptr<robot_msgs::action::Screw_Result_<std::allocator<void> > >&), right_arm::RobotAdmittanceControl*, const std::_Placeholder<1>&, const std::_Placeholder<2>&>::type’ to ‘const std::function<void(const rclcpp_action::ClientGoalHandle<robot_msgs::action::Screw>::WrappedResult&)>&’
  469 |       operator=(const function& __x)
      |                 ~~~~~~~~~~~~~~~~^~~
/usr/include/c++/13/bits/std_function.h:487:7: note: candidate: ‘std::function<_Res(_ArgTypes ...)>& std::function<_Res(_ArgTypes ...)>::operator=(std::function<_Res(_ArgTypes ...)>&&) [with _Res = void; _ArgTypes = {const rclcpp_action::ClientGoalHandle<robot_msgs::action::Screw>::WrappedResult&}]’
  487 |       operator=(function&& __x) noexcept
      |       ^~~~~~~~
/usr/include/c++/13/bits/std_function.h:487:28: note:   no known conversion for argument 1 from ‘std::_Bind_helper<false, void (right_arm::RobotAdmittanceControl::*)(const std::shared_ptr<rclcpp_action::ClientGoalHandle<robot_msgs::action::Screw> >&, const std::shared_ptr<robot_msgs::action::Screw_Result_<std::allocator<void> > >&), right_arm::RobotAdmittanceControl*, const std::_Placeholder<1>&, const std::_Placeholder<2>&>::type’ to ‘std::function<void(const rclcpp_action::ClientGoalHandle<robot_msgs::action::Screw>::WrappedResult&)>&&’
  487 |       operator=(function&& __x) noexcept
      |                 ~~~~~~~~~~~^~~
/usr/include/c++/13/bits/std_function.h:501:7: note: candidate: ‘std::function<_Res(_ArgTypes ...)>& std::function<_Res(_ArgTypes ...)>::operator=(std::nullptr_t) [with _Res = void; _ArgTypes = {const rclcpp_action::ClientGoalHandle<robot_msgs::action::Screw>::WrappedResult&}; std::nullptr_t = std::nullptr_t]’
  501 |       operator=(nullptr_t) noexcept
      |       ^~~~~~~~
/usr/include/c++/13/bits/std_function.h:501:17: note:   no known conversion for argument 1 from ‘std::_Bind_helper<false, void (right_arm::RobotAdmittanceControl::*)(const std::shared_ptr<rclcpp_action::ClientGoalHandle<robot_msgs::action::Screw> >&, const std::shared_ptr<robot_msgs::action::Screw_Result_<std::allocator<void> > >&), right_arm::RobotAdmittanceControl*, const std::_Placeholder<1>&, const std::_Placeholder<2>&>::type’ to ‘std::nullptr_t’
  501 |       operator=(nullptr_t) noexcept
      |                 ^~~~~~~~~
make[2]: *** [CMakeFiles/right_arm_control.dir/build.make:63：CMakeFiles/right_arm_control.dir/src/right_arm_control.cpp.o] 错误 1
make[1]: *** [CMakeFiles/Makefile2:113：CMakeFiles/right_arm_control.dir/all] 错误 2
make: *** [Makefile:141：all] 错误 2
