[0.006s] Invoking command in '/home/yanji/robot_screwing/build/screw_robot_control': CMAKE_PREFIX_PATH=/home/yanji/robot_screwing/install/robot_msgs:/home/yanji/robot_screwing/install/screw_robot_control:/home/yanji/robot_screwing/install/real_robot:/home/yanji/robot_screwing/install/mj_sim:/opt/ros/foxy CONDA_PROMPT_MODIFIER=(screwrobot) LD_LIBRARY_PATH=/home/yanji/robot_screwing/install/robot_msgs/lib:/lib/x86_64-linux-gnu:/usr/lib/x86_64-linux-gnu:/home/yanji/robot_screwing/install/screw_robot_control/lib:/opt/ros/foxy/opt/yaml_cpp_vendor/lib:/opt/ros/foxy/opt/rviz_ogre_vendor/lib:/opt/ros/foxy/lib/x86_64-linux-gnu:/opt/ros/foxy/lib:/lib/x86_64-linux-gnu:/usr/lib/x86_64-linux-gnu:/usr/local/cuda/lib64:/usr/local/cuda/lib64 /usr/bin/cmake --build /home/yanji/robot_screwing/build/screw_robot_control -- -j24 -l24
[0.033s] [ 25%] Built target SERVO_MOTOR
[0.048s] [ 50%] Built target SCREWING_TOOL
[0.058s] [35m[1mScanning dependencies of target right_arm_control[0m
[0.063s] [ 75%] Built target task_control_screw
[0.084s] [ 87%] [32mBuilding CXX object CMakeFiles/right_arm_control.dir/src/right_arm_control.cpp.o[0m
[3.071s] /home/yanji/robot_screwing/src/screw_robot_control/src/right_arm_control.cpp: In constructor ‘right_arm::RobotAdmittanceControl::RobotAdmittanceControl()’:
[3.071s] /home/yanji/robot_screwing/src/screw_robot_control/src/right_arm_control.cpp:34:10: warning: variable ‘goal_msg’ set but not used [-Wunused-but-set-variable]
[3.071s]    34 |     auto goal_msg = robot_msgs::action::Screw::Goal();
[3.071s]       |          ^~~~~~~~
[3.071s] /home/yanji/robot_screwing/src/screw_robot_control/src/right_arm_control.cpp: In member function ‘void right_arm::RobotAdmittanceControl::done_cb(const rclcpp_action::ClientGoalHandle<robot_msgs::action::Screw>::WrappedResult&)’:
[3.072s] /home/yanji/robot_screwing/src/screw_robot_control/src/right_arm_control.cpp:91:10: error: ‘goal_handle’ was not declared in this scope
[3.072s]    91 |     if (!goal_handle) {
[3.072s]       |          ^~~~~~~~~~~
[3.072s] /home/yanji/robot_screwing/src/screw_robot_control/src/right_arm_control.cpp:96:19: error: ‘goal_handle’ was not declared in this scope
[3.072s]    96 |     auto status = goal_handle->get_status();
[3.072s]       |                   ^~~~~~~~~~~
[3.072s] /home/yanji/robot_screwing/src/screw_robot_control/src/right_arm_control.cpp:98:39: error: base operand of ‘->’ has non-pointer type ‘const rclcpp_action::ClientGoalHandle<robot_msgs::action::Screw>::WrappedResult’
[3.072s]    98 |         screw_execute_result_ = result->result;
[3.072s]       |                                       ^~
[3.072s] In file included from /opt/ros/foxy/include/rclcpp/client.hpp:40,
[3.072s]                  from /opt/ros/foxy/include/rclcpp/callback_group.hpp:23,
[3.072s]                  from /opt/ros/foxy/include/rclcpp/any_executable.hpp:20,
[3.072s]                  from /opt/ros/foxy/include/rclcpp/memory_strategy.hpp:24,
[3.072s]                  from /opt/ros/foxy/include/rclcpp/memory_strategies.hpp:18,
[3.072s]                  from /opt/ros/foxy/include/rclcpp/executor_options.hpp:20,
[3.072s]                  from /opt/ros/foxy/include/rclcpp/executor.hpp:33,
[3.072s]                  from /opt/ros/foxy/include/rclcpp/executors/multi_threaded_executor.hpp:26,
[3.072s]                  from /opt/ros/foxy/include/rclcpp/executors.hpp:21,
[3.072s]                  from /opt/ros/foxy/include/rclcpp/rclcpp.hpp:146,
[3.072s]                  from /home/yanji/robot_screwing/src/screw_robot_control/include/screw_robot_control/jaka/right_arm_control.hpp:11,
[3.072s]                  from /home/yanji/robot_screwing/src/screw_robot_control/src/right_arm_control.cpp:1:
[3.072s] /home/yanji/robot_screwing/src/screw_robot_control/src/right_arm_control.cpp:99:75: error: base operand of ‘->’ has non-pointer type ‘const rclcpp_action::ClientGoalHandle<robot_msgs::action::Screw>::WrappedResult’
[3.072s]    99 |         RCLCPP_INFO(this->get_logger(), "screw_execute_result: %d", result->result);
[3.072s]       |                                                                           ^~
[3.072s] /home/yanji/robot_screwing/src/screw_robot_control/src/right_arm_control.cpp: In member function ‘void right_arm::RobotAdmittanceControl::passive_fine()’:
[3.072s] /home/yanji/robot_screwing/src/screw_robot_control/src/right_arm_control.cpp:474:3: error: ‘screw_execute_status’ was not declared in this scope; did you mean ‘screw_execute_status_’?
[3.072s]   474 |   screw_execute_status = 2; //初始化，肯定是未运行的；
[3.072s]       |   ^~~~~~~~~~~~~~~~~~~~
[3.072s]       |   screw_execute_status_
[3.072s] /home/yanji/robot_screwing/src/screw_robot_control/src/right_arm_control.cpp:478:3: error: ‘real_robot_control’ has not been declared
[3.072s]   478 |   real_robot_control::screwGoal goal;
[3.072s]       |   ^~~~~~~~~~~~~~~~~~
[3.073s] /home/yanji/robot_screwing/src/screw_robot_control/src/right_arm_control.cpp:530:13: error: ‘goal_msg’ was not declared in this scope
[3.073s]   530 |             goal_msg.num = flag; // 0 直接运行后续装配过程 1 运行第一阶段，接着搜索 2 出现错误，回退
[3.073s]       |             ^~~~~~~~
[3.073s] /home/yanji/robot_screwing/src/screw_robot_control/src/right_arm_control.cpp:535:115: error: no match for ‘operator=’ (operand types are ‘rclcpp_action::Client<robot_msgs::action::Screw>::FeedbackCallback’ {aka ‘std::function<void(std::shared_ptr<rclcpp_action::ClientGoalHandle<robot_msgs::action::Screw> >, std::shared_ptr<const robot_msgs::action::Screw_Feedback_<std::allocator<void> > >)>’} and ‘std::_Bind_helper<false, void (right_arm::RobotAdmittanceControl::*)(const std::shared_ptr<rclcpp_action::ClientGoalHandle<robot_msgs::action::Screw> >&, const std::shared_ptr<robot_msgs::action::Screw_Feedback_<std::allocator<void> > >&), right_arm::RobotAdmittanceControl*, const std::_Placeholder<1>&, const std::_Placeholder<2>&>::type’)
[3.073s]   535 |                 std::bind(&RobotAdmittanceControl::feedback_cb, this, std::placeholders::_1, std::placeholders::_2);
[3.073s]       |                                                                                                                   ^
[3.073s] In file included from /usr/include/c++/13/functional:59,
[3.073s]                  from /home/yanji/anaconda3/envs/screwrobot/include/eigen3/Eigen/Core:85,
[3.073s]                  from /home/yanji/anaconda3/envs/screwrobot/include/eigen3/Eigen/Dense:1,
[3.073s]                  from /home/yanji/robot_screwing/src/screw_robot_control/include/screw_robot_control/jaka/right_arm_control.hpp:5:
[3.073s] /usr/include/c++/13/bits/std_function.h:531:9: note: candidate: ‘template<class _Functor> std::function<_Res(_ArgTypes ...)>::_Requires<std::function<_Res(_ArgTypes ...)>::_Callable<_Functor>, std::function<_Res(_ArgTypes ...)>&> std::function<_Res(_ArgTypes ...)>::operator=(_Functor&&) [with _Res = void; _ArgTypes = {std::shared_ptr<rclcpp_action::ClientGoalHandle<robot_msgs::action::Screw> >, std::shared_ptr<const robot_msgs::action::Screw_Feedback_<std::allocator<void> > >}]’
[3.073s]   531 |         operator=(_Functor&& __f)
[3.073s]       |         ^~~~~~~~
[3.073s] /usr/include/c++/13/bits/std_function.h:531:9: note:   template argument deduction/substitution failed:
[3.073s] In file included from /usr/include/c++/13/bits/stl_pair.h:60,
[3.073s]                  from /usr/include/c++/13/bits/stl_algobase.h:64,
[3.073s]                  from /usr/include/c++/13/vector:62,
[3.073s]                  from /home/yanji/robot_screwing/src/screw_robot_control/include/screw_robot_control/jaka/right_arm_control.hpp:1:
[3.073s] /usr/include/c++/13/type_traits: In substitution of ‘template<bool _Cond, class _Tp> using std::__enable_if_t = typename std::enable_if::type [with bool _Cond = false; _Tp = std::function<void(std::shared_ptr<rclcpp_action::ClientGoalHandle<robot_msgs::action::Screw> >, std::shared_ptr<const robot_msgs::action::Screw_Feedback_<std::allocator<void> > >)>&]’:
[3.073s] /usr/include/c++/13/bits/std_function.h:353:8:   required by substitution of ‘template<class _Res, class ... _ArgTypes> template<class _Cond, class _Tp> using std::function<_Res(_ArgTypes ...)>::_Requires = std::__enable_if_t<_Cond::value, _Tp> [with _Cond = std::function<void(std::shared_ptr<rclcpp_action::ClientGoalHandle<robot_msgs::action::Screw> >, std::shared_ptr<const robot_msgs::action::Screw_Feedback_<std::allocator<void> > >)>::_Callable<std::_Bind<void (right_arm::RobotAdmittanceControl::*(right_arm::RobotAdmittanceControl*, std::_Placeholder<1>, std::_Placeholder<2>))(const std::shared_ptr<rclcpp_action::ClientGoalHandle<robot_msgs::action::Screw> >&, const std::shared_ptr<robot_msgs::action::Screw_Feedback_<std::allocator<void> > >&)>, std::_Bind<void (right_arm::RobotAdmittanceControl::*(right_arm::RobotAdmittanceControl*, std::_Placeholder<1>, std::_Placeholder<2>))(const std::shared_ptr<rclcpp_action::ClientGoalHandle<robot_msgs::action::Screw> >&, const std::shared_ptr<robot_msgs::action::Screw_Feedback_<std::allocator<void> > >&)>, std::__invoke_result<std::_Bind<void (right_arm::RobotAdmittanceControl::*(right_arm::RobotAdmittanceControl*, std::_Placeholder<1>, std::_Placeholder<2>))(const std::shared_ptr<rclcpp_action::ClientGoalHandle<robot_msgs::action::Screw> >&, const std::shared_ptr<robot_msgs::action::Screw_Feedback_<std::allocator<void> > >&)>&, std::shared_ptr<rclcpp_action::ClientGoalHandle<robot_msgs::action::Screw> >, std::shared_ptr<const robot_msgs::action::Screw_Feedback_<std::allocator<void> > > > >; _Tp = std::function<void(std::shared_ptr<rclcpp_action::ClientGoalHandle<robot_msgs::action::Screw> >, std::shared_ptr<const robot_msgs::action::Screw_Feedback_<std::allocator<void> > >)>&; _Res = void; _ArgTypes = {std::shared_ptr<rclcpp_action::ClientGoalHandle<robot_msgs::action::Screw> >, std::shared_ptr<const robot_msgs::action::Screw_Feedback_<std::allocator<void> > >}]’
[3.073s] /usr/include/c++/13/bits/std_function.h:531:2:   required by substitution of ‘template<class _Functor> std::function<void(std::shared_ptr<rclcpp_action::ClientGoalHandle<robot_msgs::action::Screw> >, std::shared_ptr<const robot_msgs::action::Screw_Feedback_<std::allocator<void> > >)>::_Requires<std::function<void(std::shared_ptr<rclcpp_action::ClientGoalHandle<robot_msgs::action::Screw> >, std::shared_ptr<const robot_msgs::action::Screw_Feedback_<std::allocator<void> > >)>::_Callable<_Functor, typename std::enable_if<(! std::is_same<typename std::remove_cv<typename std::remove_reference<_Tp>::type>::type, std::function<void(std::shared_ptr<rclcpp_action::ClientGoalHandle<robot_msgs::action::Screw> >, std::shared_ptr<const robot_msgs::action::Screw_Feedback_<std::allocator<void> > >)> >::value), std::decay<_Callable> >::type::type, std::__invoke_result<typename std::enable_if<(! std::is_same<typename std::remove_cv<typename std::remove_reference<_Tp>::type>::type, std::function<void(std::shared_ptr<rclcpp_action::ClientGoalHandle<robot_msgs::action::Screw> >, std::shared_ptr<const robot_msgs::action::Screw_Feedback_<std::allocator<void> > >)> >::value), std::decay<_Callable> >::type::type&, std::shared_ptr<rclcpp_action::ClientGoalHandle<robot_msgs::action::Screw> >, std::shared_ptr<const robot_msgs::action::Screw_Feedback_<std::allocator<void> > > > >, std::function<void(std::shared_ptr<rclcpp_action::ClientGoalHandle<robot_msgs::action::Screw> >, std::shared_ptr<const robot_msgs::action::Screw_Feedback_<std::allocator<void> > >)>&> std::function<void(std::shared_ptr<rclcpp_action::ClientGoalHandle<robot_msgs::action::Screw> >, std::shared_ptr<const robot_msgs::action::Screw_Feedback_<std::allocator<void> > >)>::operator=(_Functor&&) [with _Functor = std::_Bind<void (right_arm::RobotAdmittanceControl::*(right_arm::RobotAdmittanceControl*, std::_Placeholder<1>, std::_Placeholder<2>))(const std::shared_ptr<rclcpp_action::ClientGoalHandle<robot_msgs::action::Screw> >&, const std::shared_ptr<robot_msgs::action::Screw_Feedback_<std::allocator<void> > >&)>]’
[3.073s] /home/yanji/robot_screwing/src/screw_robot_control/src/right_arm_control.cpp:535:115:   required from here
[3.073s] /usr/include/c++/13/type_traits:116:11: error: no type named ‘type’ in ‘struct std::enable_if<false, std::function<void(std::shared_ptr<rclcpp_action::ClientGoalHandle<robot_msgs::action::Screw> >, std::shared_ptr<const robot_msgs::action::Screw_Feedback_<std::allocator<void> > >)>&>’
[3.073s]   116 |     using __enable_if_t = typename enable_if<_Cond, _Tp>::type;
[3.073s]       |           ^~~~~~~~~~~~~
[3.073s] /usr/include/c++/13/bits/std_function.h:541:9: note: candidate: ‘template<class _Functor> std::function<_Res(_ArgTypes ...)>& std::function<_Res(_ArgTypes ...)>::operator=(std::reference_wrapper<_Functor>) [with _Res = void; _ArgTypes = {std::shared_ptr<rclcpp_action::ClientGoalHandle<robot_msgs::action::Screw> >, std::shared_ptr<const robot_msgs::action::Screw_Feedback_<std::allocator<void> > >}]’
[3.073s]   541 |         operator=(reference_wrapper<_Functor> __f) noexcept
[3.073s]       |         ^~~~~~~~
[3.073s] /usr/include/c++/13/bits/std_function.h:541:9: note:   template argument deduction/substitution failed:
[3.073s] /home/yanji/robot_screwing/src/screw_robot_control/src/right_arm_control.cpp:535:115: note:   ‘std::_Bind<void (right_arm::RobotAdmittanceControl::*(right_arm::RobotAdmittanceControl*, std::_Placeholder<1>, std::_Placeholder<2>))(const std::shared_ptr<rclcpp_action::ClientGoalHandle<robot_msgs::action::Screw> >&, const std::shared_ptr<robot_msgs::action::Screw_Feedback_<std::allocator<void> > >&)>’ is not derived from ‘std::reference_wrapper<_Tp>’
[3.073s]   535 |                 std::bind(&RobotAdmittanceControl::feedback_cb, this, std::placeholders::_1, std::placeholders::_2);
[3.073s]       |                                                                                                                   ^
[3.073s] /usr/include/c++/13/bits/std_function.h:469:7: note: candidate: ‘std::function<_Res(_ArgTypes ...)>& std::function<_Res(_ArgTypes ...)>::operator=(const std::function<_Res(_ArgTypes ...)>&) [with _Res = void; _ArgTypes = {std::shared_ptr<rclcpp_action::ClientGoalHandle<robot_msgs::action::Screw> >, std::shared_ptr<const robot_msgs::action::Screw_Feedback_<std::allocator<void> > >}]’
[3.073s]   469 |       operator=(const function& __x)
[3.073s]       |       ^~~~~~~~
[3.073s] /usr/include/c++/13/bits/std_function.h:469:33: note:   no known conversion for argument 1 from ‘std::_Bind_helper<false, void (right_arm::RobotAdmittanceControl::*)(const std::shared_ptr<rclcpp_action::ClientGoalHandle<robot_msgs::action::Screw> >&, const std::shared_ptr<robot_msgs::action::Screw_Feedback_<std::allocator<void> > >&), right_arm::RobotAdmittanceControl*, const std::_Placeholder<1>&, const std::_Placeholder<2>&>::type’ to ‘const std::function<void(std::shared_ptr<rclcpp_action::ClientGoalHandle<robot_msgs::action::Screw> >, std::shared_ptr<const robot_msgs::action::Screw_Feedback_<std::allocator<void> > >)>&’
[3.073s]   469 |       operator=(const function& __x)
[3.073s]       |                 ~~~~~~~~~~~~~~~~^~~
[3.073s] /usr/include/c++/13/bits/std_function.h:487:7: note: candidate: ‘std::function<_Res(_ArgTypes ...)>& std::function<_Res(_ArgTypes ...)>::operator=(std::function<_Res(_ArgTypes ...)>&&) [with _Res = void; _ArgTypes = {std::shared_ptr<rclcpp_action::ClientGoalHandle<robot_msgs::action::Screw> >, std::shared_ptr<const robot_msgs::action::Screw_Feedback_<std::allocator<void> > >}]’
[3.073s]   487 |       operator=(function&& __x) noexcept
[3.073s]       |       ^~~~~~~~
[3.074s] /usr/include/c++/13/bits/std_function.h:487:28: note:   no known conversion for argument 1 from ‘std::_Bind_helper<false, void (right_arm::RobotAdmittanceControl::*)(const std::shared_ptr<rclcpp_action::ClientGoalHandle<robot_msgs::action::Screw> >&, const std::shared_ptr<robot_msgs::action::Screw_Feedback_<std::allocator<void> > >&), right_arm::RobotAdmittanceControl*, const std::_Placeholder<1>&, const std::_Placeholder<2>&>::type’ to ‘std::function<void(std::shared_ptr<rclcpp_action::ClientGoalHandle<robot_msgs::action::Screw> >, std::shared_ptr<const robot_msgs::action::Screw_Feedback_<std::allocator<void> > >)>&&’
[3.074s]   487 |       operator=(function&& __x) noexcept
[3.074s]       |                 ~~~~~~~~~~~^~~
[3.074s] /usr/include/c++/13/bits/std_function.h:501:7: note: candidate: ‘std::function<_Res(_ArgTypes ...)>& std::function<_Res(_ArgTypes ...)>::operator=(std::nullptr_t) [with _Res = void; _ArgTypes = {std::shared_ptr<rclcpp_action::ClientGoalHandle<robot_msgs::action::Screw> >, std::shared_ptr<const robot_msgs::action::Screw_Feedback_<std::allocator<void> > >}; std::nullptr_t = std::nullptr_t]’
[3.074s]   501 |       operator=(nullptr_t) noexcept
[3.074s]       |       ^~~~~~~~
[3.074s] /usr/include/c++/13/bits/std_function.h:501:17: note:   no known conversion for argument 1 from ‘std::_Bind_helper<false, void (right_arm::RobotAdmittanceControl::*)(const std::shared_ptr<rclcpp_action::ClientGoalHandle<robot_msgs::action::Screw> >&, const std::shared_ptr<robot_msgs::action::Screw_Feedback_<std::allocator<void> > >&), right_arm::RobotAdmittanceControl*, const std::_Placeholder<1>&, const std::_Placeholder<2>&>::type’ to ‘std::nullptr_t’
[3.074s]   501 |       operator=(nullptr_t) noexcept
[3.074s]       |                 ^~~~~~~~~
[3.074s] /usr/include/c++/13/functional: In instantiation of ‘struct std::_Bind_check_arity<void (right_arm::RobotAdmittanceControl::*)(const rclcpp_action::ClientGoalHandle<robot_msgs::action::Screw>::WrappedResult&), right_arm::RobotAdmittanceControl*, const std::_Placeholder<1>&, const std::_Placeholder<2>&>’:
[3.074s] /usr/include/c++/13/functional:859:12:   required from ‘struct std::_Bind_helper<false, void (right_arm::RobotAdmittanceControl::*)(const rclcpp_action::ClientGoalHandle<robot_msgs::action::Screw>::WrappedResult&), right_arm::RobotAdmittanceControl*, const std::_Placeholder<1>&, const std::_Placeholder<2>&>’
[3.074s] /usr/include/c++/13/functional:881:5:   required by substitution of ‘template<class _Func, class ... _BoundArgs> typename std::_Bind_helper<std::__is_socketlike<_Func>::value, _Func, _BoundArgs ...>::type std::bind(_Func&&, _BoundArgs&& ...) [with _Func = void (right_arm::RobotAdmittanceControl::*)(const rclcpp_action::ClientGoalHandle<robot_msgs::action::Screw>::WrappedResult&); _BoundArgs = {right_arm::RobotAdmittanceControl*, const std::_Placeholder<1>&, const std::_Placeholder<2>&}]’
[3.074s] /home/yanji/robot_screwing/src/screw_robot_control/src/right_arm_control.cpp:537:26:   required from here
[3.074s] /usr/include/c++/13/functional:847:21: error: static assertion failed: Wrong number of arguments for pointer-to-member
[3.074s]   846 |       static_assert(_Varargs::value
[3.074s]       |                               ~~~~~
[3.074s]   847 |                     ? sizeof...(_BoundArgs) >= _Arity::value + 1
[3.074s]       |                     ^~~~~~~~~~~~~~~~~~~~~~~~~~~~~~~~~~~~~~~~~~~~
[3.074s]   848 |                     : sizeof...(_BoundArgs) == _Arity::value + 1,
[3.074s]       |                     ~~~~~~~~~~~~~~~~~~~~~~~~~~~~~~~~~~~~~~~~~~~~
[3.074s] /usr/include/c++/13/functional:847:21: note: ‘(false ? (3 >= (((long unsigned int)std::integral_constant<long unsigned int, 1>::value) + 1)) : (3 == (((long unsigned int)std::integral_constant<long unsigned int, 1>::value) + 1)))’ evaluates to false
[3.075s] /home/yanji/robot_screwing/src/screw_robot_control/src/right_arm_control.cpp:537:111: error: no match for ‘operator=’ (operand types are ‘rclcpp_action::Client<robot_msgs::action::Screw>::ResultCallback’ {aka ‘std::function<void(const rclcpp_action::ClientGoalHandle<robot_msgs::action::Screw>::WrappedResult&)>’} and ‘std::_Bind_helper<false, void (right_arm::RobotAdmittanceControl::*)(const rclcpp_action::ClientGoalHandle<robot_msgs::action::Screw>::WrappedResult&), right_arm::RobotAdmittanceControl*, const std::_Placeholder<1>&, const std::_Placeholder<2>&>::type’)
[3.075s]   537 |                 std::bind(&RobotAdmittanceControl::done_cb, this, std::placeholders::_1, std::placeholders::_2);
[3.075s]       |                                                                                                               ^
[3.075s] /usr/include/c++/13/bits/std_function.h:531:9: note: candidate: ‘template<class _Functor> std::function<_Res(_ArgTypes ...)>::_Requires<std::function<_Res(_ArgTypes ...)>::_Callable<_Functor>, std::function<_Res(_ArgTypes ...)>&> std::function<_Res(_ArgTypes ...)>::operator=(_Functor&&) [with _Res = void; _ArgTypes = {const rclcpp_action::ClientGoalHandle<robot_msgs::action::Screw>::WrappedResult&}]’
[3.075s]   531 |         operator=(_Functor&& __f)
[3.075s]       |         ^~~~~~~~
[3.075s] /usr/include/c++/13/bits/std_function.h:531:9: note:   template argument deduction/substitution failed:
[3.075s] /usr/include/c++/13/type_traits: In substitution of ‘template<bool _Cond, class _Tp> using std::__enable_if_t = typename std::enable_if::type [with bool _Cond = false; _Tp = std::function<void(const rclcpp_action::ClientGoalHandle<robot_msgs::action::Screw>::WrappedResult&)>&]’:
[3.075s] /usr/include/c++/13/bits/std_function.h:353:8:   required by substitution of ‘template<class _Res, class ... _ArgTypes> template<class _Cond, class _Tp> using std::function<_Res(_ArgTypes ...)>::_Requires = std::__enable_if_t<_Cond::value, _Tp> [with _Cond = std::function<void(const rclcpp_action::ClientGoalHandle<robot_msgs::action::Screw>::WrappedResult&)>::_Callable<std::_Bind<void (right_arm::RobotAdmittanceControl::*(right_arm::RobotAdmittanceControl*, std::_Placeholder<1>, std::_Placeholder<2>))(const rclcpp_action::ClientGoalHandle<robot_msgs::action::Screw>::WrappedResult&)>, std::_Bind<void (right_arm::RobotAdmittanceControl::*(right_arm::RobotAdmittanceControl*, std::_Placeholder<1>, std::_Placeholder<2>))(const rclcpp_action::ClientGoalHandle<robot_msgs::action::Screw>::WrappedResult&)>, std::__invoke_result<std::_Bind<void (right_arm::RobotAdmittanceControl::*(right_arm::RobotAdmittanceControl*, std::_Placeholder<1>, std::_Placeholder<2>))(const rclcpp_action::ClientGoalHandle<robot_msgs::action::Screw>::WrappedResult&)>&, const rclcpp_action::ClientGoalHandle<robot_msgs::action::Screw>::WrappedResult&> >; _Tp = std::function<void(const rclcpp_action::ClientGoalHandle<robot_msgs::action::Screw>::WrappedResult&)>&; _Res = void; _ArgTypes = {const rclcpp_action::ClientGoalHandle<robot_msgs::action::Screw>::WrappedResult&}]’
[3.075s] /usr/include/c++/13/bits/std_function.h:531:2:   required by substitution of ‘template<class _Functor> std::function<void(const rclcpp_action::ClientGoalHandle<robot_msgs::action::Screw>::WrappedResult&)>::_Requires<std::function<void(const rclcpp_action::ClientGoalHandle<robot_msgs::action::Screw>::WrappedResult&)>::_Callable<_Functor, typename std::enable_if<(! std::is_same<typename std::remove_cv<typename std::remove_reference<_Tp>::type>::type, std::function<void(const rclcpp_action::ClientGoalHandle<robot_msgs::action::Screw>::WrappedResult&)> >::value), std::decay<_Callable> >::type::type, std::__invoke_result<typename std::enable_if<(! std::is_same<typename std::remove_cv<typename std::remove_reference<_Tp>::type>::type, std::function<void(const rclcpp_action::ClientGoalHandle<robot_msgs::action::Screw>::WrappedResult&)> >::value), std::decay<_Callable> >::type::type&, const rclcpp_action::ClientGoalHandle<robot_msgs::action::Screw>::WrappedResult&> >, std::function<void(const rclcpp_action::ClientGoalHandle<robot_msgs::action::Screw>::WrappedResult&)>&> std::function<void(const rclcpp_action::ClientGoalHandle<robot_msgs::action::Screw>::WrappedResult&)>::operator=(_Functor&&) [with _Functor = std::_Bind<void (right_arm::RobotAdmittanceControl::*(right_arm::RobotAdmittanceControl*, std::_Placeholder<1>, std::_Placeholder<2>))(const rclcpp_action::ClientGoalHandle<robot_msgs::action::Screw>::WrappedResult&)>]’
[3.075s] /home/yanji/robot_screwing/src/screw_robot_control/src/right_arm_control.cpp:537:111:   required from here
[3.075s] /usr/include/c++/13/type_traits:116:11: error: no type named ‘type’ in ‘struct std::enable_if<false, std::function<void(const rclcpp_action::ClientGoalHandle<robot_msgs::action::Screw>::WrappedResult&)>&>’
[3.075s]   116 |     using __enable_if_t = typename enable_if<_Cond, _Tp>::type;
[3.076s]       |           ^~~~~~~~~~~~~
[3.076s] /usr/include/c++/13/bits/std_function.h:541:9: note: candidate: ‘template<class _Functor> std::function<_Res(_ArgTypes ...)>& std::function<_Res(_ArgTypes ...)>::operator=(std::reference_wrapper<_Functor>) [with _Res = void; _ArgTypes = {const rclcpp_action::ClientGoalHandle<robot_msgs::action::Screw>::WrappedResult&}]’
[3.076s]   541 |         operator=(reference_wrapper<_Functor> __f) noexcept
[3.076s]       |         ^~~~~~~~
[3.076s] /usr/include/c++/13/bits/std_function.h:541:9: note:   template argument deduction/substitution failed:
[3.076s] /home/yanji/robot_screwing/src/screw_robot_control/src/right_arm_control.cpp:537:111: note:   ‘std::_Bind<void (right_arm::RobotAdmittanceControl::*(right_arm::RobotAdmittanceControl*, std::_Placeholder<1>, std::_Placeholder<2>))(const rclcpp_action::ClientGoalHandle<robot_msgs::action::Screw>::WrappedResult&)>’ is not derived from ‘std::reference_wrapper<_Tp>’
[3.076s]   537 |                 std::bind(&RobotAdmittanceControl::done_cb, this, std::placeholders::_1, std::placeholders::_2);
[3.076s]       |                                                                                                               ^
[3.076s] /usr/include/c++/13/bits/std_function.h:469:7: note: candidate: ‘std::function<_Res(_ArgTypes ...)>& std::function<_Res(_ArgTypes ...)>::operator=(const std::function<_Res(_ArgTypes ...)>&) [with _Res = void; _ArgTypes = {const rclcpp_action::ClientGoalHandle<robot_msgs::action::Screw>::WrappedResult&}]’
[3.076s]   469 |       operator=(const function& __x)
[3.076s]       |       ^~~~~~~~
[3.076s] /usr/include/c++/13/bits/std_function.h:469:33: note:   no known conversion for argument 1 from ‘std::_Bind_helper<false, void (right_arm::RobotAdmittanceControl::*)(const rclcpp_action::ClientGoalHandle<robot_msgs::action::Screw>::WrappedResult&), right_arm::RobotAdmittanceControl*, const std::_Placeholder<1>&, const std::_Placeholder<2>&>::type’ to ‘const std::function<void(const rclcpp_action::ClientGoalHandle<robot_msgs::action::Screw>::WrappedResult&)>&’
[3.076s]   469 |       operator=(const function& __x)
[3.076s]       |                 ~~~~~~~~~~~~~~~~^~~
[3.076s] /usr/include/c++/13/bits/std_function.h:487:7: note: candidate: ‘std::function<_Res(_ArgTypes ...)>& std::function<_Res(_ArgTypes ...)>::operator=(std::function<_Res(_ArgTypes ...)>&&) [with _Res = void; _ArgTypes = {const rclcpp_action::ClientGoalHandle<robot_msgs::action::Screw>::WrappedResult&}]’
[3.076s]   487 |       operator=(function&& __x) noexcept
[3.076s]       |       ^~~~~~~~
[3.076s] /usr/include/c++/13/bits/std_function.h:487:28: note:   no known conversion for argument 1 from ‘std::_Bind_helper<false, void (right_arm::RobotAdmittanceControl::*)(const rclcpp_action::ClientGoalHandle<robot_msgs::action::Screw>::WrappedResult&), right_arm::RobotAdmittanceControl*, const std::_Placeholder<1>&, const std::_Placeholder<2>&>::type’ to ‘std::function<void(const rclcpp_action::ClientGoalHandle<robot_msgs::action::Screw>::WrappedResult&)>&&’
[3.076s]   487 |       operator=(function&& __x) noexcept
[3.076s]       |                 ~~~~~~~~~~~^~~
[3.077s] /usr/include/c++/13/bits/std_function.h:501:7: note: candidate: ‘std::function<_Res(_ArgTypes ...)>& std::function<_Res(_ArgTypes ...)>::operator=(std::nullptr_t) [with _Res = void; _ArgTypes = {const rclcpp_action::ClientGoalHandle<robot_msgs::action::Screw>::WrappedResult&}; std::nullptr_t = std::nullptr_t]’
[3.077s]   501 |       operator=(nullptr_t) noexcept
[3.077s]       |       ^~~~~~~~
[3.077s] /usr/include/c++/13/bits/std_function.h:501:17: note:   no known conversion for argument 1 from ‘std::_Bind_helper<false, void (right_arm::RobotAdmittanceControl::*)(const rclcpp_action::ClientGoalHandle<robot_msgs::action::Screw>::WrappedResult&), right_arm::RobotAdmittanceControl*, const std::_Placeholder<1>&, const std::_Placeholder<2>&>::type’ to ‘std::nullptr_t’
[3.077s]   501 |       operator=(nullptr_t) noexcept
[3.077s]       |                 ^~~~~~~~~
[3.077s] /home/yanji/robot_screwing/src/screw_robot_control/src/right_arm_control.cpp: In member function ‘void right_arm::RobotAdmittanceControl::grasp_obj()’:
[3.077s] /home/yanji/robot_screwing/src/screw_robot_control/src/right_arm_control.cpp:609:5: error: ‘goal_msg’ was not declared in this scope
[3.077s]   609 |     goal_msg.num = 5;
[3.077s]       |     ^~~~~~~~
[3.077s] /home/yanji/robot_screwing/src/screw_robot_control/src/right_arm_control.cpp:614:107: error: no match for ‘operator=’ (operand types are ‘rclcpp_action::Client<robot_msgs::action::Screw>::FeedbackCallback’ {aka ‘std::function<void(std::shared_ptr<rclcpp_action::ClientGoalHandle<robot_msgs::action::Screw> >, std::shared_ptr<const robot_msgs::action::Screw_Feedback_<std::allocator<void> > >)>’} and ‘std::_Bind_helper<false, void (right_arm::RobotAdmittanceControl::*)(const std::shared_ptr<rclcpp_action::ClientGoalHandle<robot_msgs::action::Screw> >&, const std::shared_ptr<robot_msgs::action::Screw_Feedback_<std::allocator<void> > >&), right_arm::RobotAdmittanceControl*, const std::_Placeholder<1>&, const std::_Placeholder<2>&>::type’)
[3.077s]   614 |         std::bind(&RobotAdmittanceControl::feedback_cb, this, std::placeholders::_1, std::placeholders::_2);
[3.078s]       |                                                                                                           ^
[3.078s] /usr/include/c++/13/bits/std_function.h:531:9: note: candidate: ‘template<class _Functor> std::function<_Res(_ArgTypes ...)>::_Requires<std::function<_Res(_ArgTypes ...)>::_Callable<_Functor>, std::function<_Res(_ArgTypes ...)>&> std::function<_Res(_ArgTypes ...)>::operator=(_Functor&&) [with _Res = void; _ArgTypes = {std::shared_ptr<rclcpp_action::ClientGoalHandle<robot_msgs::action::Screw> >, std::shared_ptr<const robot_msgs::action::Screw_Feedback_<std::allocator<void> > >}]’
[3.078s]   531 |         operator=(_Functor&& __f)
[3.078s]       |         ^~~~~~~~
[3.078s] /usr/include/c++/13/bits/std_function.h:531:9: note:   template argument deduction/substitution failed:
[3.078s] /usr/include/c++/13/bits/std_function.h:541:9: note: candidate: ‘template<class _Functor> std::function<_Res(_ArgTypes ...)>& std::function<_Res(_ArgTypes ...)>::operator=(std::reference_wrapper<_Functor>) [with _Res = void; _ArgTypes = {std::shared_ptr<rclcpp_action::ClientGoalHandle<robot_msgs::action::Screw> >, std::shared_ptr<const robot_msgs::action::Screw_Feedback_<std::allocator<void> > >}]’
[3.078s]   541 |         operator=(reference_wrapper<_Functor> __f) noexcept
[3.078s]       |         ^~~~~~~~
[3.078s] /usr/include/c++/13/bits/std_function.h:541:9: note:   template argument deduction/substitution failed:
[3.079s] /home/yanji/robot_screwing/src/screw_robot_control/src/right_arm_control.cpp:614:107: note:   ‘std::_Bind<void (right_arm::RobotAdmittanceControl::*(right_arm::RobotAdmittanceControl*, std::_Placeholder<1>, std::_Placeholder<2>))(const std::shared_ptr<rclcpp_action::ClientGoalHandle<robot_msgs::action::Screw> >&, const std::shared_ptr<robot_msgs::action::Screw_Feedback_<std::allocator<void> > >&)>’ is not derived from ‘std::reference_wrapper<_Tp>’
[3.079s]   614 |         std::bind(&RobotAdmittanceControl::feedback_cb, this, std::placeholders::_1, std::placeholders::_2);
[3.079s]       |                                                                                                           ^
[3.079s] /usr/include/c++/13/bits/std_function.h:469:7: note: candidate: ‘std::function<_Res(_ArgTypes ...)>& std::function<_Res(_ArgTypes ...)>::operator=(const std::function<_Res(_ArgTypes ...)>&) [with _Res = void; _ArgTypes = {std::shared_ptr<rclcpp_action::ClientGoalHandle<robot_msgs::action::Screw> >, std::shared_ptr<const robot_msgs::action::Screw_Feedback_<std::allocator<void> > >}]’
[3.079s]   469 |       operator=(const function& __x)
[3.079s]       |       ^~~~~~~~
[3.079s] /usr/include/c++/13/bits/std_function.h:469:33: note:   no known conversion for argument 1 from ‘std::_Bind_helper<false, void (right_arm::RobotAdmittanceControl::*)(const std::shared_ptr<rclcpp_action::ClientGoalHandle<robot_msgs::action::Screw> >&, const std::shared_ptr<robot_msgs::action::Screw_Feedback_<std::allocator<void> > >&), right_arm::RobotAdmittanceControl*, const std::_Placeholder<1>&, const std::_Placeholder<2>&>::type’ to ‘const std::function<void(std::shared_ptr<rclcpp_action::ClientGoalHandle<robot_msgs::action::Screw> >, std::shared_ptr<const robot_msgs::action::Screw_Feedback_<std::allocator<void> > >)>&’
[3.079s]   469 |       operator=(const function& __x)
[3.080s]       |                 ~~~~~~~~~~~~~~~~^~~
[3.080s] /usr/include/c++/13/bits/std_function.h:487:7: note: candidate: ‘std::function<_Res(_ArgTypes ...)>& std::function<_Res(_ArgTypes ...)>::operator=(std::function<_Res(_ArgTypes ...)>&&) [with _Res = void; _ArgTypes = {std::shared_ptr<rclcpp_action::ClientGoalHandle<robot_msgs::action::Screw> >, std::shared_ptr<const robot_msgs::action::Screw_Feedback_<std::allocator<void> > >}]’
[3.080s]   487 |       operator=(function&& __x) noexcept
[3.080s]       |       ^~~~~~~~
[3.080s] /usr/include/c++/13/bits/std_function.h:487:28: note:   no known conversion for argument 1 from ‘std::_Bind_helper<false, void (right_arm::RobotAdmittanceControl::*)(const std::shared_ptr<rclcpp_action::ClientGoalHandle<robot_msgs::action::Screw> >&, const std::shared_ptr<robot_msgs::action::Screw_Feedback_<std::allocator<void> > >&), right_arm::RobotAdmittanceControl*, const std::_Placeholder<1>&, const std::_Placeholder<2>&>::type’ to ‘std::function<void(std::shared_ptr<rclcpp_action::ClientGoalHandle<robot_msgs::action::Screw> >, std::shared_ptr<const robot_msgs::action::Screw_Feedback_<std::allocator<void> > >)>&&’
[3.080s]   487 |       operator=(function&& __x) noexcept
[3.080s]       |                 ~~~~~~~~~~~^~~
[3.080s] /usr/include/c++/13/bits/std_function.h:501:7: note: candidate: ‘std::function<_Res(_ArgTypes ...)>& std::function<_Res(_ArgTypes ...)>::operator=(std::nullptr_t) [with _Res = void; _ArgTypes = {std::shared_ptr<rclcpp_action::ClientGoalHandle<robot_msgs::action::Screw> >, std::shared_ptr<const robot_msgs::action::Screw_Feedback_<std::allocator<void> > >}; std::nullptr_t = std::nullptr_t]’
[3.080s]   501 |       operator=(nullptr_t) noexcept
[3.080s]       |       ^~~~~~~~
[3.080s] /usr/include/c++/13/bits/std_function.h:501:17: note:   no known conversion for argument 1 from ‘std::_Bind_helper<false, void (right_arm::RobotAdmittanceControl::*)(const std::shared_ptr<rclcpp_action::ClientGoalHandle<robot_msgs::action::Screw> >&, const std::shared_ptr<robot_msgs::action::Screw_Feedback_<std::allocator<void> > >&), right_arm::RobotAdmittanceControl*, const std::_Placeholder<1>&, const std::_Placeholder<2>&>::type’ to ‘std::nullptr_t’
[3.080s]   501 |       operator=(nullptr_t) noexcept
[3.080s]       |                 ^~~~~~~~~
[3.080s] /home/yanji/robot_screwing/src/screw_robot_control/src/right_arm_control.cpp:616:103: error: no match for ‘operator=’ (operand types are ‘rclcpp_action::Client<robot_msgs::action::Screw>::ResultCallback’ {aka ‘std::function<void(const rclcpp_action::ClientGoalHandle<robot_msgs::action::Screw>::WrappedResult&)>’} and ‘std::_Bind_helper<false, void (right_arm::RobotAdmittanceControl::*)(const rclcpp_action::ClientGoalHandle<robot_msgs::action::Screw>::WrappedResult&), right_arm::RobotAdmittanceControl*, const std::_Placeholder<1>&, const std::_Placeholder<2>&>::type’)
[3.080s]   616 |         std::bind(&RobotAdmittanceControl::done_cb, this, std::placeholders::_1, std::placeholders::_2);
[3.080s]       |                                                                                                       ^
[3.080s] /usr/include/c++/13/bits/std_function.h:531:9: note: candidate: ‘template<class _Functor> std::function<_Res(_ArgTypes ...)>::_Requires<std::function<_Res(_ArgTypes ...)>::_Callable<_Functor>, std::function<_Res(_ArgTypes ...)>&> std::function<_Res(_ArgTypes ...)>::operator=(_Functor&&) [with _Res = void; _ArgTypes = {const rclcpp_action::ClientGoalHandle<robot_msgs::action::Screw>::WrappedResult&}]’
[3.080s]   531 |         operator=(_Functor&& __f)
[3.080s]       |         ^~~~~~~~
[3.081s] /usr/include/c++/13/bits/std_function.h:531:9: note:   template argument deduction/substitution failed:
[3.081s] /usr/include/c++/13/bits/std_function.h:541:9: note: candidate: ‘template<class _Functor> std::function<_Res(_ArgTypes ...)>& std::function<_Res(_ArgTypes ...)>::operator=(std::reference_wrapper<_Functor>) [with _Res = void; _ArgTypes = {const rclcpp_action::ClientGoalHandle<robot_msgs::action::Screw>::WrappedResult&}]’
[3.081s]   541 |         operator=(reference_wrapper<_Functor> __f) noexcept
[3.081s]       |         ^~~~~~~~
[3.081s] /usr/include/c++/13/bits/std_function.h:541:9: note:   template argument deduction/substitution failed:
[3.081s] /home/yanji/robot_screwing/src/screw_robot_control/src/right_arm_control.cpp:616:103: note:   ‘std::_Bind<void (right_arm::RobotAdmittanceControl::*(right_arm::RobotAdmittanceControl*, std::_Placeholder<1>, std::_Placeholder<2>))(const rclcpp_action::ClientGoalHandle<robot_msgs::action::Screw>::WrappedResult&)>’ is not derived from ‘std::reference_wrapper<_Tp>’
[3.081s]   616 |         std::bind(&RobotAdmittanceControl::done_cb, this, std::placeholders::_1, std::placeholders::_2);
[3.081s]       |                                                                                                       ^
[3.081s] /usr/include/c++/13/bits/std_function.h:469:7: note: candidate: ‘std::function<_Res(_ArgTypes ...)>& std::function<_Res(_ArgTypes ...)>::operator=(const std::function<_Res(_ArgTypes ...)>&) [with _Res = void; _ArgTypes = {const rclcpp_action::ClientGoalHandle<robot_msgs::action::Screw>::WrappedResult&}]’
[3.081s]   469 |       operator=(const function& __x)
[3.081s]       |       ^~~~~~~~
[3.081s] /usr/include/c++/13/bits/std_function.h:469:33: note:   no known conversion for argument 1 from ‘std::_Bind_helper<false, void (right_arm::RobotAdmittanceControl::*)(const rclcpp_action::ClientGoalHandle<robot_msgs::action::Screw>::WrappedResult&), right_arm::RobotAdmittanceControl*, const std::_Placeholder<1>&, const std::_Placeholder<2>&>::type’ to ‘const std::function<void(const rclcpp_action::ClientGoalHandle<robot_msgs::action::Screw>::WrappedResult&)>&’
[3.081s]   469 |       operator=(const function& __x)
[3.081s]       |                 ~~~~~~~~~~~~~~~~^~~
[3.081s] /usr/include/c++/13/bits/std_function.h:487:7: note: candidate: ‘std::function<_Res(_ArgTypes ...)>& std::function<_Res(_ArgTypes ...)>::operator=(std::function<_Res(_ArgTypes ...)>&&) [with _Res = void; _ArgTypes = {const rclcpp_action::ClientGoalHandle<robot_msgs::action::Screw>::WrappedResult&}]’
[3.081s]   487 |       operator=(function&& __x) noexcept
[3.081s]       |       ^~~~~~~~
[3.081s] /usr/include/c++/13/bits/std_function.h:487:28: note:   no known conversion for argument 1 from ‘std::_Bind_helper<false, void (right_arm::RobotAdmittanceControl::*)(const rclcpp_action::ClientGoalHandle<robot_msgs::action::Screw>::WrappedResult&), right_arm::RobotAdmittanceControl*, const std::_Placeholder<1>&, const std::_Placeholder<2>&>::type’ to ‘std::function<void(const rclcpp_action::ClientGoalHandle<robot_msgs::action::Screw>::WrappedResult&)>&&’
[3.081s]   487 |       operator=(function&& __x) noexcept
[3.081s]       |                 ~~~~~~~~~~~^~~
[3.081s] /usr/include/c++/13/bits/std_function.h:501:7: note: candidate: ‘std::function<_Res(_ArgTypes ...)>& std::function<_Res(_ArgTypes ...)>::operator=(std::nullptr_t) [with _Res = void; _ArgTypes = {const rclcpp_action::ClientGoalHandle<robot_msgs::action::Screw>::WrappedResult&}; std::nullptr_t = std::nullptr_t]’
[3.081s]   501 |       operator=(nullptr_t) noexcept
[3.081s]       |       ^~~~~~~~
[3.081s] /usr/include/c++/13/bits/std_function.h:501:17: note:   no known conversion for argument 1 from ‘std::_Bind_helper<false, void (right_arm::RobotAdmittanceControl::*)(const rclcpp_action::ClientGoalHandle<robot_msgs::action::Screw>::WrappedResult&), right_arm::RobotAdmittanceControl*, const std::_Placeholder<1>&, const std::_Placeholder<2>&>::type’ to ‘std::nullptr_t’
[3.081s]   501 |       operator=(nullptr_t) noexcept
[3.081s]       |                 ^~~~~~~~~
[3.081s] /home/yanji/robot_screwing/src/screw_robot_control/src/right_arm_control.cpp: In member function ‘void right_arm::RobotAdmittanceControl::robot_finish()’:
[3.081s] /home/yanji/robot_screwing/src/screw_robot_control/src/right_arm_control.cpp:642:5: error: ‘goal_msg’ was not declared in this scope
[3.081s]   642 |     goal_msg.num = 4;
[3.081s]       |     ^~~~~~~~
[3.081s] /home/yanji/robot_screwing/src/screw_robot_control/src/right_arm_control.cpp:647:107: error: no match for ‘operator=’ (operand types are ‘rclcpp_action::Client<robot_msgs::action::Screw>::FeedbackCallback’ {aka ‘std::function<void(std::shared_ptr<rclcpp_action::ClientGoalHandle<robot_msgs::action::Screw> >, std::shared_ptr<const robot_msgs::action::Screw_Feedback_<std::allocator<void> > >)>’} and ‘std::_Bind_helper<false, void (right_arm::RobotAdmittanceControl::*)(const std::shared_ptr<rclcpp_action::ClientGoalHandle<robot_msgs::action::Screw> >&, const std::shared_ptr<robot_msgs::action::Screw_Feedback_<std::allocator<void> > >&), right_arm::RobotAdmittanceControl*, const std::_Placeholder<1>&, const std::_Placeholder<2>&>::type’)
[3.081s]   647 |         std::bind(&RobotAdmittanceControl::feedback_cb, this, std::placeholders::_1, std::placeholders::_2);
[3.081s]       |                                                                                                           ^
[3.081s] /usr/include/c++/13/bits/std_function.h:531:9: note: candidate: ‘template<class _Functor> std::function<_Res(_ArgTypes ...)>::_Requires<std::function<_Res(_ArgTypes ...)>::_Callable<_Functor>, std::function<_Res(_ArgTypes ...)>&> std::function<_Res(_ArgTypes ...)>::operator=(_Functor&&) [with _Res = void; _ArgTypes = {std::shared_ptr<rclcpp_action::ClientGoalHandle<robot_msgs::action::Screw> >, std::shared_ptr<const robot_msgs::action::Screw_Feedback_<std::allocator<void> > >}]’
[3.081s]   531 |         operator=(_Functor&& __f)
[3.081s]       |         ^~~~~~~~
[3.081s] /usr/include/c++/13/bits/std_function.h:531:9: note:   template argument deduction/substitution failed:
[3.081s] /usr/include/c++/13/bits/std_function.h:541:9: note: candidate: ‘template<class _Functor> std::function<_Res(_ArgTypes ...)>& std::function<_Res(_ArgTypes ...)>::operator=(std::reference_wrapper<_Functor>) [with _Res = void; _ArgTypes = {std::shared_ptr<rclcpp_action::ClientGoalHandle<robot_msgs::action::Screw> >, std::shared_ptr<const robot_msgs::action::Screw_Feedback_<std::allocator<void> > >}]’
[3.081s]   541 |         operator=(reference_wrapper<_Functor> __f) noexcept
[3.081s]       |         ^~~~~~~~
[3.081s] /usr/include/c++/13/bits/std_function.h:541:9: note:   template argument deduction/substitution failed:
[3.081s] /home/yanji/robot_screwing/src/screw_robot_control/src/right_arm_control.cpp:647:107: note:   ‘std::_Bind<void (right_arm::RobotAdmittanceControl::*(right_arm::RobotAdmittanceControl*, std::_Placeholder<1>, std::_Placeholder<2>))(const std::shared_ptr<rclcpp_action::ClientGoalHandle<robot_msgs::action::Screw> >&, const std::shared_ptr<robot_msgs::action::Screw_Feedback_<std::allocator<void> > >&)>’ is not derived from ‘std::reference_wrapper<_Tp>’
[3.081s]   647 |         std::bind(&RobotAdmittanceControl::feedback_cb, this, std::placeholders::_1, std::placeholders::_2);
[3.082s]       |                                                                                                           ^
[3.082s] /usr/include/c++/13/bits/std_function.h:469:7: note: candidate: ‘std::function<_Res(_ArgTypes ...)>& std::function<_Res(_ArgTypes ...)>::operator=(const std::function<_Res(_ArgTypes ...)>&) [with _Res = void; _ArgTypes = {std::shared_ptr<rclcpp_action::ClientGoalHandle<robot_msgs::action::Screw> >, std::shared_ptr<const robot_msgs::action::Screw_Feedback_<std::allocator<void> > >}]’
[3.082s]   469 |       operator=(const function& __x)
[3.082s]       |       ^~~~~~~~
[3.082s] /usr/include/c++/13/bits/std_function.h:469:33: note:   no known conversion for argument 1 from ‘std::_Bind_helper<false, void (right_arm::RobotAdmittanceControl::*)(const std::shared_ptr<rclcpp_action::ClientGoalHandle<robot_msgs::action::Screw> >&, const std::shared_ptr<robot_msgs::action::Screw_Feedback_<std::allocator<void> > >&), right_arm::RobotAdmittanceControl*, const std::_Placeholder<1>&, const std::_Placeholder<2>&>::type’ to ‘const std::function<void(std::shared_ptr<rclcpp_action::ClientGoalHandle<robot_msgs::action::Screw> >, std::shared_ptr<const robot_msgs::action::Screw_Feedback_<std::allocator<void> > >)>&’
[3.082s]   469 |       operator=(const function& __x)
[3.082s]       |                 ~~~~~~~~~~~~~~~~^~~
[3.082s] /usr/include/c++/13/bits/std_function.h:487:7: note: candidate: ‘std::function<_Res(_ArgTypes ...)>& std::function<_Res(_ArgTypes ...)>::operator=(std::function<_Res(_ArgTypes ...)>&&) [with _Res = void; _ArgTypes = {std::shared_ptr<rclcpp_action::ClientGoalHandle<robot_msgs::action::Screw> >, std::shared_ptr<const robot_msgs::action::Screw_Feedback_<std::allocator<void> > >}]’
[3.082s]   487 |       operator=(function&& __x) noexcept
[3.082s]       |       ^~~~~~~~
[3.082s] /usr/include/c++/13/bits/std_function.h:487:28: note:   no known conversion for argument 1 from ‘std::_Bind_helper<false, void (right_arm::RobotAdmittanceControl::*)(const std::shared_ptr<rclcpp_action::ClientGoalHandle<robot_msgs::action::Screw> >&, const std::shared_ptr<robot_msgs::action::Screw_Feedback_<std::allocator<void> > >&), right_arm::RobotAdmittanceControl*, const std::_Placeholder<1>&, const std::_Placeholder<2>&>::type’ to ‘std::function<void(std::shared_ptr<rclcpp_action::ClientGoalHandle<robot_msgs::action::Screw> >, std::shared_ptr<const robot_msgs::action::Screw_Feedback_<std::allocator<void> > >)>&&’
[3.082s]   487 |       operator=(function&& __x) noexcept
[3.082s]       |                 ~~~~~~~~~~~^~~
[3.082s] /usr/include/c++/13/bits/std_function.h:501:7: note: candidate: ‘std::function<_Res(_ArgTypes ...)>& std::function<_Res(_ArgTypes ...)>::operator=(std::nullptr_t) [with _Res = void; _ArgTypes = {std::shared_ptr<rclcpp_action::ClientGoalHandle<robot_msgs::action::Screw> >, std::shared_ptr<const robot_msgs::action::Screw_Feedback_<std::allocator<void> > >}; std::nullptr_t = std::nullptr_t]’
[3.082s]   501 |       operator=(nullptr_t) noexcept
[3.082s]       |       ^~~~~~~~
[3.082s] /usr/include/c++/13/bits/std_function.h:501:17: note:   no known conversion for argument 1 from ‘std::_Bind_helper<false, void (right_arm::RobotAdmittanceControl::*)(const std::shared_ptr<rclcpp_action::ClientGoalHandle<robot_msgs::action::Screw> >&, const std::shared_ptr<robot_msgs::action::Screw_Feedback_<std::allocator<void> > >&), right_arm::RobotAdmittanceControl*, const std::_Placeholder<1>&, const std::_Placeholder<2>&>::type’ to ‘std::nullptr_t’
[3.082s]   501 |       operator=(nullptr_t) noexcept
[3.082s]       |                 ^~~~~~~~~
[3.082s] /home/yanji/robot_screwing/src/screw_robot_control/src/right_arm_control.cpp:649:103: error: no match for ‘operator=’ (operand types are ‘rclcpp_action::Client<robot_msgs::action::Screw>::ResultCallback’ {aka ‘std::function<void(const rclcpp_action::ClientGoalHandle<robot_msgs::action::Screw>::WrappedResult&)>’} and ‘std::_Bind_helper<false, void (right_arm::RobotAdmittanceControl::*)(const rclcpp_action::ClientGoalHandle<robot_msgs::action::Screw>::WrappedResult&), right_arm::RobotAdmittanceControl*, const std::_Placeholder<1>&, const std::_Placeholder<2>&>::type’)
[3.082s]   649 |         std::bind(&RobotAdmittanceControl::done_cb, this, std::placeholders::_1, std::placeholders::_2);
[3.082s]       |                                                                                                       ^
[3.082s] /usr/include/c++/13/bits/std_function.h:531:9: note: candidate: ‘template<class _Functor> std::function<_Res(_ArgTypes ...)>::_Requires<std::function<_Res(_ArgTypes ...)>::_Callable<_Functor>, std::function<_Res(_ArgTypes ...)>&> std::function<_Res(_ArgTypes ...)>::operator=(_Functor&&) [with _Res = void; _ArgTypes = {const rclcpp_action::ClientGoalHandle<robot_msgs::action::Screw>::WrappedResult&}]’
[3.082s]   531 |         operator=(_Functor&& __f)
[3.082s]       |         ^~~~~~~~
[3.082s] /usr/include/c++/13/bits/std_function.h:531:9: note:   template argument deduction/substitution failed:
[3.082s] /usr/include/c++/13/bits/std_function.h:541:9: note: candidate: ‘template<class _Functor> std::function<_Res(_ArgTypes ...)>& std::function<_Res(_ArgTypes ...)>::operator=(std::reference_wrapper<_Functor>) [with _Res = void; _ArgTypes = {const rclcpp_action::ClientGoalHandle<robot_msgs::action::Screw>::WrappedResult&}]’
[3.082s]   541 |         operator=(reference_wrapper<_Functor> __f) noexcept
[3.082s]       |         ^~~~~~~~
[3.082s] /usr/include/c++/13/bits/std_function.h:541:9: note:   template argument deduction/substitution failed:
[3.082s] /home/yanji/robot_screwing/src/screw_robot_control/src/right_arm_control.cpp:649:103: note:   ‘std::_Bind<void (right_arm::RobotAdmittanceControl::*(right_arm::RobotAdmittanceControl*, std::_Placeholder<1>, std::_Placeholder<2>))(const rclcpp_action::ClientGoalHandle<robot_msgs::action::Screw>::WrappedResult&)>’ is not derived from ‘std::reference_wrapper<_Tp>’
[3.082s]   649 |         std::bind(&RobotAdmittanceControl::done_cb, this, std::placeholders::_1, std::placeholders::_2);
[3.082s]       |                                                                                                       ^
[3.082s] /usr/include/c++/13/bits/std_function.h:469:7: note: candidate: ‘std::function<_Res(_ArgTypes ...)>& std::function<_Res(_ArgTypes ...)>::operator=(const std::function<_Res(_ArgTypes ...)>&) [with _Res = void; _ArgTypes = {const rclcpp_action::ClientGoalHandle<robot_msgs::action::Screw>::WrappedResult&}]’
[3.082s]   469 |       operator=(const function& __x)
[3.082s]       |       ^~~~~~~~
[3.082s] /usr/include/c++/13/bits/std_function.h:469:33: note:   no known conversion for argument 1 from ‘std::_Bind_helper<false, void (right_arm::RobotAdmittanceControl::*)(const rclcpp_action::ClientGoalHandle<robot_msgs::action::Screw>::WrappedResult&), right_arm::RobotAdmittanceControl*, const std::_Placeholder<1>&, const std::_Placeholder<2>&>::type’ to ‘const std::function<void(const rclcpp_action::ClientGoalHandle<robot_msgs::action::Screw>::WrappedResult&)>&’
[3.082s]   469 |       operator=(const function& __x)
[3.082s]       |                 ~~~~~~~~~~~~~~~~^~~
[3.082s] /usr/include/c++/13/bits/std_function.h:487:7: note: candidate: ‘std::function<_Res(_ArgTypes ...)>& std::function<_Res(_ArgTypes ...)>::operator=(std::function<_Res(_ArgTypes ...)>&&) [with _Res = void; _ArgTypes = {const rclcpp_action::ClientGoalHandle<robot_msgs::action::Screw>::WrappedResult&}]’
[3.082s]   487 |       operator=(function&& __x) noexcept
[3.082s]       |       ^~~~~~~~
[3.082s] /usr/include/c++/13/bits/std_function.h:487:28: note:   no known conversion for argument 1 from ‘std::_Bind_helper<false, void (right_arm::RobotAdmittanceControl::*)(const rclcpp_action::ClientGoalHandle<robot_msgs::action::Screw>::WrappedResult&), right_arm::RobotAdmittanceControl*, const std::_Placeholder<1>&, const std::_Placeholder<2>&>::type’ to ‘std::function<void(const rclcpp_action::ClientGoalHandle<robot_msgs::action::Screw>::WrappedResult&)>&&’
[3.083s]   487 |       operator=(function&& __x) noexcept
[3.083s]       |                 ~~~~~~~~~~~^~~
[3.083s] /usr/include/c++/13/bits/std_function.h:501:7: note: candidate: ‘std::function<_Res(_ArgTypes ...)>& std::function<_Res(_ArgTypes ...)>::operator=(std::nullptr_t) [with _Res = void; _ArgTypes = {const rclcpp_action::ClientGoalHandle<robot_msgs::action::Screw>::WrappedResult&}; std::nullptr_t = std::nullptr_t]’
[3.083s]   501 |       operator=(nullptr_t) noexcept
[3.083s]       |       ^~~~~~~~
[3.083s] /usr/include/c++/13/bits/std_function.h:501:17: note:   no known conversion for argument 1 from ‘std::_Bind_helper<false, void (right_arm::RobotAdmittanceControl::*)(const rclcpp_action::ClientGoalHandle<robot_msgs::action::Screw>::WrappedResult&), right_arm::RobotAdmittanceControl*, const std::_Placeholder<1>&, const std::_Placeholder<2>&>::type’ to ‘std::nullptr_t’
[3.083s]   501 |       operator=(nullptr_t) noexcept
[3.083s]       |                 ^~~~~~~~~
[3.083s] make[2]: *** [CMakeFiles/right_arm_control.dir/build.make:63：CMakeFiles/right_arm_control.dir/src/right_arm_control.cpp.o] 错误 1
[3.083s] make[1]: *** [CMakeFiles/Makefile2:113：CMakeFiles/right_arm_control.dir/all] 错误 2
[3.083s] make: *** [Makefile:141：all] 错误 2
[3.083s] Invoked command in '/home/yanji/robot_screwing/build/screw_robot_control' returned '2': CMAKE_PREFIX_PATH=/home/yanji/robot_screwing/install/robot_msgs:/home/yanji/robot_screwing/install/screw_robot_control:/home/yanji/robot_screwing/install/real_robot:/home/yanji/robot_screwing/install/mj_sim:/opt/ros/foxy CONDA_PROMPT_MODIFIER=(screwrobot) LD_LIBRARY_PATH=/home/yanji/robot_screwing/install/robot_msgs/lib:/lib/x86_64-linux-gnu:/usr/lib/x86_64-linux-gnu:/home/yanji/robot_screwing/install/screw_robot_control/lib:/opt/ros/foxy/opt/yaml_cpp_vendor/lib:/opt/ros/foxy/opt/rviz_ogre_vendor/lib:/opt/ros/foxy/lib/x86_64-linux-gnu:/opt/ros/foxy/lib:/lib/x86_64-linux-gnu:/usr/lib/x86_64-linux-gnu:/usr/local/cuda/lib64:/usr/local/cuda/lib64 /usr/bin/cmake --build /home/yanji/robot_screwing/build/screw_robot_control -- -j24 -l24
